Running in normal mode: tests will be run in parallel.
Rerun failed tests is disabled.
Specific test to run: TestReboot
No specific package to run.
Running in normal mode: cleanup will try to remove all resources matching ID.
id is: YS0zMTE0Mi1kCg...
GITHUB_TOKEN is set
GITHUB_OWNER is set
ZONE is set
tidying...
formatting tests...
done formatting
checking tests for compile errors...
found /Users/mtrachier/terraform/github.com/rancher/terraform-null-rke2-install/test/tests/stable/stable_test.go
found /Users/mtrachier/terraform/github.com/rancher/terraform-null-rke2-install/test/tests/candidate/candidate_test.go
found /Users/mtrachier/terraform/github.com/rancher/terraform-null-rke2-install/test/tests/upgrade/upgrade_test.go
found /Users/mtrachier/terraform/github.com/rancher/terraform-null-rke2-install/test/tests/reboot/reboot_test.go
found /Users/mtrachier/terraform/github.com/rancher/terraform-null-rke2-install/test/tests/nostart/nostart_test.go
found /Users/mtrachier/terraform/github.com/rancher/terraform-null-rke2-install/test/tests/manifest/manifest_test.go
found /Users/mtrachier/terraform/github.com/rancher/terraform-null-rke2-install/test/tests/basic/basic_test.go
found /Users/mtrachier/terraform/github.com/rancher/terraform-null-rke2-install/test/tests/latest/latest_test.go
found /Users/mtrachier/terraform/github.com/rancher/terraform-null-rke2-install/test/tests/util.go
?   	command-line-arguments	[no test files]
found /Users/mtrachier/terraform/github.com/rancher/terraform-null-rke2-install/test/tests/byob/byob_test.go
found /Users/mtrachier/terraform/github.com/rancher/terraform-null-rke2-install/test/tests/cis/cis_test.go
compile checks passed...
checking tests for go lint errors...
0 issues.
lint errors complete
checking terraform configs for errors...
terraform configs valid...
starting tests...
Running command: gotestsum   --format=standard-verbose   --jsonfile "/tmp/YS0zMTE0Mi1kCg_test.log"   --post-run-command "sh /tmp/YS0zMTE0Mi1kCg_test-processor"   --packages "/Users/mtrachier/terraform/github.com/rancher/terraform-null-rke2-install/test/tests/..."   --   -count=1   -timeout=300m   -failfast            -run=TestReboot
?   	github.com/rancher/terraform-null-rke2-install/test/tests	[no test files]
testing: warning: no tests to run
PASS
ok  	github.com/rancher/terraform-null-rke2-install/test/tests/byob	0.536s [no tests to run]
testing: warning: no tests to run
PASS
ok  	github.com/rancher/terraform-null-rke2-install/test/tests/basic	0.872s [no tests to run]
testing: warning: no tests to run
PASS
ok  	github.com/rancher/terraform-null-rke2-install/test/tests/cis	1.190s [no tests to run]
testing: warning: no tests to run
PASS
ok  	github.com/rancher/terraform-null-rke2-install/test/tests/candidate	1.558s [no tests to run]
testing: warning: no tests to run
PASS
ok  	github.com/rancher/terraform-null-rke2-install/test/tests/latest	1.876s [no tests to run]
testing: warning: no tests to run
PASS
ok  	github.com/rancher/terraform-null-rke2-install/test/tests/manifest	2.178s [no tests to run]
testing: warning: no tests to run
PASS
ok  	github.com/rancher/terraform-null-rke2-install/test/tests/nostart	2.080s [no tests to run]
=== RUN   TestReboot
=== PAUSE TestReboot
=== CONT  TestReboot
TestReboot 2026-04-17T16:51:27-05:00 key_pair.go:31: Generating new public/private key of size 2048
TestReboot 2026-04-17T16:51:27-05:00 keypair.go:48: Creating new Key Pair in EC2 region us-west-2 named terraform-ci-YS0zMTE0Mi1kCg-reboot
testing: warning: no tests to run
PASS
ok  	github.com/rancher/terraform-null-rke2-install/test/tests/stable	2.722s [no tests to run]
testing: warning: no tests to run
PASS
ok  	github.com/rancher/terraform-null-rke2-install/test/tests/upgrade	2.727s [no tests to run]
TestReboot 2026-04-17T16:51:28-05:00 agent.go:115: Generating SSH Agent with given KeyPair(s)
TestReboot 2026-04-17T16:51:28-05:00 retry.go:91: terraform [init -upgrade=true -no-color]
TestReboot 2026-04-17T16:51:28-05:00 logger.go:66: Running command terraform with args [init -upgrade=true -no-color]
TestReboot 2026-04-17T16:51:28-05:00 logger.go:66: 
TestReboot 2026-04-17T16:51:28-05:00 logger.go:66: Initializing the backend...
TestReboot 2026-04-17T16:51:28-05:00 logger.go:66: Upgrading modules...
TestReboot 2026-04-17T16:51:28-05:00 logger.go:66: Downloading registry.terraform.io/rancher/access/aws 4.0.2 for access...
TestReboot 2026-04-17T16:51:29-05:00 logger.go:66: - access in .terraform/modules/access
TestReboot 2026-04-17T16:51:29-05:00 logger.go:66: - access.domain in .terraform/modules/access/modules/domain
TestReboot 2026-04-17T16:51:29-05:00 logger.go:66: - access.network_load_balancer in .terraform/modules/access/modules/network_load_balancer
TestReboot 2026-04-17T16:51:29-05:00 logger.go:66: - access.project_security_group in .terraform/modules/access/modules/security_group
TestReboot 2026-04-17T16:51:29-05:00 logger.go:66: - access.subnet in .terraform/modules/access/modules/subnet
TestReboot 2026-04-17T16:51:29-05:00 logger.go:66: - access.vpc in .terraform/modules/access/modules/vpc
TestReboot 2026-04-17T16:51:29-05:00 logger.go:66: Downloading registry.terraform.io/rancher/rke2-config/local 1.0.1 for config...
TestReboot 2026-04-17T16:51:30-05:00 logger.go:66: - config in .terraform/modules/config
TestReboot 2026-04-17T16:51:30-05:00 logger.go:66: Downloading registry.terraform.io/rancher/server/aws 2.0.0 for server...
TestReboot 2026-04-17T16:51:31-05:00 logger.go:66: - server in .terraform/modules/server
TestReboot 2026-04-17T16:51:31-05:00 logger.go:66: - server.direct_access in .terraform/modules/server/modules/direct_access
TestReboot 2026-04-17T16:51:31-05:00 logger.go:66: - server.image in .terraform/modules/server/modules/image
TestReboot 2026-04-17T16:51:31-05:00 logger.go:66: - server.indirect_access in .terraform/modules/server/modules/indirect_access
TestReboot 2026-04-17T16:51:31-05:00 logger.go:66: - server.server in .terraform/modules/server/modules/server
TestReboot 2026-04-17T16:51:31-05:00 logger.go:66: - this in ../..
TestReboot 2026-04-17T16:51:31-05:00 logger.go:66: 
TestReboot 2026-04-17T16:51:31-05:00 logger.go:66: Initializing provider plugins...
TestReboot 2026-04-17T16:51:31-05:00 logger.go:66: - terraform.io/builtin/terraform is built in to Terraform
TestReboot 2026-04-17T16:51:31-05:00 logger.go:66: - Finding hashicorp/aws versions matching ">= 5.11.0"...
TestReboot 2026-04-17T16:51:31-05:00 logger.go:66: - Finding hashicorp/random versions matching ">= 3.1.0, >= 3.5.1"...
TestReboot 2026-04-17T16:51:31-05:00 logger.go:66: - Finding hashicorp/cloudinit versions matching ">= 2.3.3"...
TestReboot 2026-04-17T16:51:31-05:00 logger.go:66: - Finding hashicorp/time versions matching ">= 0.12.0"...
TestReboot 2026-04-17T16:51:32-05:00 logger.go:66: - Finding vancluever/acme versions matching ">= 2.0.0"...
TestReboot 2026-04-17T16:51:32-05:00 logger.go:66: - Finding hashicorp/http versions matching ">= 3.4.0"...
TestReboot 2026-04-17T16:51:32-05:00 logger.go:66: - Finding hashicorp/tls versions matching "4.0.6"...
TestReboot 2026-04-17T16:51:32-05:00 logger.go:66: - Finding hashicorp/null versions matching ">= 3.1.0"...
TestReboot 2026-04-17T16:51:32-05:00 logger.go:66: - Finding hashicorp/local versions matching ">= 2.5.0"...
TestReboot 2026-04-17T16:51:32-05:00 logger.go:66: - Installing hashicorp/aws v6.41.0...
TestReboot 2026-04-17T16:51:39-05:00 logger.go:66: - Installed hashicorp/aws v6.41.0 (signed by HashiCorp)
TestReboot 2026-04-17T16:51:39-05:00 logger.go:66: - Installing hashicorp/random v3.8.1...
TestReboot 2026-04-17T16:51:39-05:00 logger.go:66: - Installed hashicorp/random v3.8.1 (signed by HashiCorp)
TestReboot 2026-04-17T16:51:40-05:00 logger.go:66: - Installing hashicorp/http v3.5.0...
TestReboot 2026-04-17T16:51:40-05:00 logger.go:66: - Installed hashicorp/http v3.5.0 (signed by HashiCorp)
TestReboot 2026-04-17T16:51:41-05:00 logger.go:66: - Installing hashicorp/null v3.2.4...
TestReboot 2026-04-17T16:51:41-05:00 logger.go:66: - Installed hashicorp/null v3.2.4 (signed by HashiCorp)
TestReboot 2026-04-17T16:51:41-05:00 logger.go:66: - Installing hashicorp/local v2.8.0...
TestReboot 2026-04-17T16:51:42-05:00 logger.go:66: - Installed hashicorp/local v2.8.0 (signed by HashiCorp)
TestReboot 2026-04-17T16:51:42-05:00 logger.go:66: - Installing hashicorp/cloudinit v2.3.7...
TestReboot 2026-04-17T16:51:43-05:00 logger.go:66: - Installed hashicorp/cloudinit v2.3.7 (signed by HashiCorp)
TestReboot 2026-04-17T16:51:43-05:00 logger.go:66: - Installing hashicorp/time v0.13.1...
TestReboot 2026-04-17T16:51:43-05:00 logger.go:66: - Installed hashicorp/time v0.13.1 (signed by HashiCorp)
TestReboot 2026-04-17T16:51:44-05:00 logger.go:66: - Installing vancluever/acme v2.47.0...
TestReboot 2026-04-17T16:51:45-05:00 logger.go:66: - Installed vancluever/acme v2.47.0 (self-signed, key ID 974239543C576C78)
TestReboot 2026-04-17T16:51:46-05:00 logger.go:66: - Installing hashicorp/tls v4.0.6...
TestReboot 2026-04-17T16:51:46-05:00 logger.go:66: - Installed hashicorp/tls v4.0.6 (signed by HashiCorp)
TestReboot 2026-04-17T16:51:46-05:00 logger.go:66: 
TestReboot 2026-04-17T16:51:46-05:00 logger.go:66: Partner and community providers are signed by their developers.
TestReboot 2026-04-17T16:51:46-05:00 logger.go:66: If you'd like to know more about provider signing, you can read about it here:
TestReboot 2026-04-17T16:51:46-05:00 logger.go:66: https://www.terraform.io/docs/cli/plugins/signing.html
TestReboot 2026-04-17T16:51:46-05:00 logger.go:66: 
TestReboot 2026-04-17T16:51:46-05:00 logger.go:66: Terraform has created a lock file .terraform.lock.hcl to record the provider
TestReboot 2026-04-17T16:51:46-05:00 logger.go:66: selections it made above. Include this file in your version control repository
TestReboot 2026-04-17T16:51:46-05:00 logger.go:66: so that Terraform can guarantee to make the same selections by default when
TestReboot 2026-04-17T16:51:46-05:00 logger.go:66: you run "terraform init" in the future.
TestReboot 2026-04-17T16:51:46-05:00 logger.go:66: 
TestReboot 2026-04-17T16:51:46-05:00 logger.go:66: Terraform has been successfully initialized!
TestReboot 2026-04-17T16:51:46-05:00 retry.go:91: terraform [apply -input=false -auto-approve -var key=ssh-rsa AAAAB3NzaC1yc2EAAAADAQABAAABAQDIFwvyVC6SzPuJyPO7uBDcStdWB5LpUx5BumP3zCpISXSN/+HSON/svklRpKQ0XulnztPHxbL4vE9dpKDEpDNP0ZLSSwhZP5oB0xMUAWID4fd/wE8xKFG/+r5Gq4M+2FST0yxNqXkbdRkqUguDwY2TOTnaesc8D+/h0hwqZ8TLKSRPfyFel24vPs/a8iVXAOJt2CXY5cd7gjNdCXnSRXhW4/eeLLcvB9OOKNdcyPoDBZrcZPHYgiqD6BIilvR59Y/xuVrtAtoOQ9QEj0gE4BC4UC+QUEmG17opvEgkxchTX2lmxMgNXtFXeshr4Qt9puAEbCn72Uv3MFvH06e9lEaT
 -var identifier=YS0zMTE0Mi1kCg-reboot -var rke2_version=stable -var key_name=terraform-ci-YS0zMTE0Mi1kCg-reboot -no-color -lock=false]
TestReboot 2026-04-17T16:51:46-05:00 logger.go:66: Running command terraform with args [apply -input=false -auto-approve -var key=ssh-rsa AAAAB3NzaC1yc2EAAAADAQABAAABAQDIFwvyVC6SzPuJyPO7uBDcStdWB5LpUx5BumP3zCpISXSN/+HSON/svklRpKQ0XulnztPHxbL4vE9dpKDEpDNP0ZLSSwhZP5oB0xMUAWID4fd/wE8xKFG/+r5Gq4M+2FST0yxNqXkbdRkqUguDwY2TOTnaesc8D+/h0hwqZ8TLKSRPfyFel24vPs/a8iVXAOJt2CXY5cd7gjNdCXnSRXhW4/eeLLcvB9OOKNdcyPoDBZrcZPHYgiqD6BIilvR59Y/xuVrtAtoOQ9QEj0gE4BC4UC+QUEmG17opvEgkxchTX2lmxMgNXtFXeshr4Qt9puAEbCn72Uv3MFvH06e9lEaT
 -var identifier=YS0zMTE0Mi1kCg-reboot -var rke2_version=stable -var key_name=terraform-ci-YS0zMTE0Mi1kCg-reboot -no-color -lock=false]
TestReboot 2026-04-17T16:52:05-05:00 logger.go:66: data.http.myip: Reading...
TestReboot 2026-04-17T16:52:05-05:00 logger.go:66: data.http.myip: Read complete after 0s [id=https://ipinfo.io/ip]
TestReboot 2026-04-17T16:52:06-05:00 logger.go:66: module.access.data.aws_availability_zones.available: Reading...
TestReboot 2026-04-17T16:52:06-05:00 logger.go:66: module.access.data.aws_availability_zones.available: Read complete after 1s [id=us-west-2]
TestReboot 2026-04-17T16:52:07-05:00 logger.go:66: 
TestReboot 2026-04-17T16:52:07-05:00 logger.go:66: Terraform used the selected providers to generate the following execution
TestReboot 2026-04-17T16:52:07-05:00 logger.go:66: plan. Resource actions are indicated with the following symbols:
TestReboot 2026-04-17T16:52:07-05:00 logger.go:66:   + create
TestReboot 2026-04-17T16:52:07-05:00 logger.go:66:  <= read (data resources)
TestReboot 2026-04-17T16:52:07-05:00 logger.go:66: 
TestReboot 2026-04-17T16:52:07-05:00 logger.go:66: Terraform will perform the following actions:
TestReboot 2026-04-17T16:52:07-05:00 logger.go:66: 
TestReboot 2026-04-17T16:52:07-05:00 logger.go:66:   # random_pet.server will be created
TestReboot 2026-04-17T16:52:07-05:00 logger.go:66:   + resource "random_pet" "server" {
TestReboot 2026-04-17T16:52:07-05:00 logger.go:66:       + id        = (known after apply)
TestReboot 2026-04-17T16:52:07-05:00 logger.go:66:       + keepers   = {
TestReboot 2026-04-17T16:52:07-05:00 logger.go:66:           + "identifier" = "YS0zMTE0Mi1kCg-reboot"
TestReboot 2026-04-17T16:52:07-05:00 logger.go:66:         }
TestReboot 2026-04-17T16:52:07-05:00 logger.go:66:       + length    = 1
TestReboot 2026-04-17T16:52:07-05:00 logger.go:66:       + separator = "-"
TestReboot 2026-04-17T16:52:07-05:00 logger.go:66:     }
TestReboot 2026-04-17T16:52:07-05:00 logger.go:66: 
TestReboot 2026-04-17T16:52:07-05:00 logger.go:66:   # module.config.null_resource.write_config["50-initial-generated-config.yaml"] will be created
TestReboot 2026-04-17T16:52:07-05:00 logger.go:66:   + resource "null_resource" "write_config" {
TestReboot 2026-04-17T16:52:07-05:00 logger.go:66:       + id       = (known after apply)
TestReboot 2026-04-17T16:52:07-05:00 logger.go:66:       + triggers = {
TestReboot 2026-04-17T16:52:07-05:00 logger.go:66:           + "config_content" = ""
TestReboot 2026-04-17T16:52:07-05:00 logger.go:66:         }
TestReboot 2026-04-17T16:52:07-05:00 logger.go:66:     }
TestReboot 2026-04-17T16:52:07-05:00 logger.go:66: 
TestReboot 2026-04-17T16:52:07-05:00 logger.go:66:   # module.this.data.local_sensitive_file.kubeconfig[0] will be read during apply
TestReboot 2026-04-17T16:52:07-05:00 logger.go:66:   # (depends on a resource or a module with changes pending)
TestReboot 2026-04-17T16:52:07-05:00 logger.go:66:  <= data "local_sensitive_file" "kubeconfig" {
TestReboot 2026-04-17T16:52:07-05:00 logger.go:66:       + content              = (sensitive value)
TestReboot 2026-04-17T16:52:07-05:00 logger.go:66:       + content_base64       = (sensitive value)
TestReboot 2026-04-17T16:52:07-05:00 logger.go:66:       + content_base64sha256 = (known after apply)
TestReboot 2026-04-17T16:52:07-05:00 logger.go:66:       + content_base64sha512 = (known after apply)
TestReboot 2026-04-17T16:52:07-05:00 logger.go:66:       + content_md5          = (known after apply)
TestReboot 2026-04-17T16:52:07-05:00 logger.go:66:       + content_sha1         = (known after apply)
TestReboot 2026-04-17T16:52:07-05:00 logger.go:66:       + content_sha256       = (known after apply)
TestReboot 2026-04-17T16:52:07-05:00 logger.go:66:       + content_sha512       = (known after apply)
TestReboot 2026-04-17T16:52:07-05:00 logger.go:66:       + filename             = "./data/YS0zMTE0Mi1kCg-reboot/kubeconfig"
TestReboot 2026-04-17T16:52:07-05:00 logger.go:66:       + id                   = (known after apply)
TestReboot 2026-04-17T16:52:07-05:00 logger.go:66:     }
TestReboot 2026-04-17T16:52:07-05:00 logger.go:66: 
TestReboot 2026-04-17T16:52:07-05:00 logger.go:66:   # module.this.terraform_data.configure will be created
TestReboot 2026-04-17T16:52:07-05:00 logger.go:66:   + resource "terraform_data" "configure" {
TestReboot 2026-04-17T16:52:07-05:00 logger.go:66:       + id               = (known after apply)
TestReboot 2026-04-17T16:52:07-05:00 logger.go:66:       + triggers_replace = {
TestReboot 2026-04-17T16:52:07-05:00 logger.go:66:           + id = (known after apply)
TestReboot 2026-04-17T16:52:07-05:00 logger.go:66:         }
TestReboot 2026-04-17T16:52:07-05:00 logger.go:66:     }
TestReboot 2026-04-17T16:52:07-05:00 logger.go:66: 
TestReboot 2026-04-17T16:52:07-05:00 logger.go:66:   # module.this.terraform_data.copy_to_remote will be created
TestReboot 2026-04-17T16:52:07-05:00 logger.go:66:   + resource "terraform_data" "copy_to_remote" {
TestReboot 2026-04-17T16:52:07-05:00 logger.go:66:       + id               = (known after apply)
TestReboot 2026-04-17T16:52:07-05:00 logger.go:66:       + triggers_replace = {
TestReboot 2026-04-17T16:52:07-05:00 logger.go:66:           + id = (known after apply)
TestReboot 2026-04-17T16:52:07-05:00 logger.go:66:         }
TestReboot 2026-04-17T16:52:07-05:00 logger.go:66:     }
TestReboot 2026-04-17T16:52:07-05:00 logger.go:66: 
TestReboot 2026-04-17T16:52:07-05:00 logger.go:66:   # module.this.terraform_data.get_kubeconfig[0] will be created
TestReboot 2026-04-17T16:52:07-05:00 logger.go:66:   + resource "terraform_data" "get_kubeconfig" {
TestReboot 2026-04-17T16:52:07-05:00 logger.go:66:       + id               = (known after apply)
TestReboot 2026-04-17T16:52:07-05:00 logger.go:66:       + triggers_replace = {
TestReboot 2026-04-17T16:52:07-05:00 logger.go:66:           + id = (known after apply)
TestReboot 2026-04-17T16:52:07-05:00 logger.go:66:         }
TestReboot 2026-04-17T16:52:07-05:00 logger.go:66:     }
TestReboot 2026-04-17T16:52:07-05:00 logger.go:66: 
TestReboot 2026-04-17T16:52:07-05:00 logger.go:66:   # module.this.terraform_data.install will be created
TestReboot 2026-04-17T16:52:07-05:00 logger.go:66:   + resource "terraform_data" "install" {
TestReboot 2026-04-17T16:52:07-05:00 logger.go:66:       + id               = (known after apply)
TestReboot 2026-04-17T16:52:07-05:00 logger.go:66:       + triggers_replace = {
TestReboot 2026-04-17T16:52:07-05:00 logger.go:66:           + id = (known after apply)
TestReboot 2026-04-17T16:52:07-05:00 logger.go:66:         }
TestReboot 2026-04-17T16:52:07-05:00 logger.go:66:     }
TestReboot 2026-04-17T16:52:07-05:00 logger.go:66: 
TestReboot 2026-04-17T16:52:07-05:00 logger.go:66:   # module.this.terraform_data.start[0] will be created
TestReboot 2026-04-17T16:52:07-05:00 logger.go:66:   + resource "terraform_data" "start" {
TestReboot 2026-04-17T16:52:07-05:00 logger.go:66:       + id               = (known after apply)
TestReboot 2026-04-17T16:52:07-05:00 logger.go:66:       + triggers_replace = {
TestReboot 2026-04-17T16:52:07-05:00 logger.go:66:           + id = (known after apply)
TestReboot 2026-04-17T16:52:07-05:00 logger.go:66:         }
TestReboot 2026-04-17T16:52:07-05:00 logger.go:66:     }
TestReboot 2026-04-17T16:52:07-05:00 logger.go:66: 
TestReboot 2026-04-17T16:52:07-05:00 logger.go:66:   # module.this.time_sleep.ten_s_after_install will be created
TestReboot 2026-04-17T16:52:07-05:00 logger.go:66:   + resource "time_sleep" "ten_s_after_install" {
TestReboot 2026-04-17T16:52:07-05:00 logger.go:66:       + create_duration = "10s"
TestReboot 2026-04-17T16:52:07-05:00 logger.go:66:       + id              = (known after apply)
TestReboot 2026-04-17T16:52:07-05:00 logger.go:66:     }
TestReboot 2026-04-17T16:52:07-05:00 logger.go:66: 
TestReboot 2026-04-17T16:52:07-05:00 logger.go:66:   # module.this.time_sleep.ten_s_before_install will be created
TestReboot 2026-04-17T16:52:07-05:00 logger.go:66:   + resource "time_sleep" "ten_s_before_install" {
TestReboot 2026-04-17T16:52:07-05:00 logger.go:66:       + create_duration = "10s"
TestReboot 2026-04-17T16:52:07-05:00 logger.go:66:       + id              = (known after apply)
TestReboot 2026-04-17T16:52:07-05:00 logger.go:66:     }
TestReboot 2026-04-17T16:52:07-05:00 logger.go:66: 
TestReboot 2026-04-17T16:52:07-05:00 logger.go:66:   # module.this.time_sleep.ten_s_before_start will be created
TestReboot 2026-04-17T16:52:07-05:00 logger.go:66:   + resource "time_sleep" "ten_s_before_start" {
TestReboot 2026-04-17T16:52:07-05:00 logger.go:66:       + create_duration = "10s"
TestReboot 2026-04-17T16:52:07-05:00 logger.go:66:       + id              = (known after apply)
TestReboot 2026-04-17T16:52:07-05:00 logger.go:66:     }
TestReboot 2026-04-17T16:52:07-05:00 logger.go:66: 
TestReboot 2026-04-17T16:52:07-05:00 logger.go:66:   # module.access.module.project_security_group[0].aws_security_group.new[0] will be created
TestReboot 2026-04-17T16:52:07-05:00 logger.go:66:   + resource "aws_security_group" "new" {
TestReboot 2026-04-17T16:52:07-05:00 logger.go:66:       + arn                    = (known after apply)
TestReboot 2026-04-17T16:52:07-05:00 logger.go:66:       + description            = "Access to egress generated by aws_access module"
TestReboot 2026-04-17T16:52:07-05:00 logger.go:66:       + egress                 = (known after apply)
TestReboot 2026-04-17T16:52:07-05:00 logger.go:66:       + id                     = (known after apply)
TestReboot 2026-04-17T16:52:07-05:00 logger.go:66:       + ingress                = (known after apply)
TestReboot 2026-04-17T16:52:07-05:00 logger.go:66:       + name                   = "tf-d0ef3-YS0zMTE0Mi1kCg-reboot-sg"
TestReboot 2026-04-17T16:52:07-05:00 logger.go:66:       + name_prefix            = (known after apply)
TestReboot 2026-04-17T16:52:07-05:00 logger.go:66:       + owner_id               = (known after apply)
TestReboot 2026-04-17T16:52:07-05:00 logger.go:66:       + region                 = "us-west-2"
TestReboot 2026-04-17T16:52:07-05:00 logger.go:66:       + revoke_rules_on_delete = false
TestReboot 2026-04-17T16:52:07-05:00 logger.go:66:       + tags                   = {
TestReboot 2026-04-17T16:52:07-05:00 logger.go:66:           + "Name" = "tf-d0ef3-YS0zMTE0Mi1kCg-reboot-sg"
TestReboot 2026-04-17T16:52:07-05:00 logger.go:66:         }
TestReboot 2026-04-17T16:52:07-05:00 logger.go:66:       + tags_all               = {
TestReboot 2026-04-17T16:52:07-05:00 logger.go:66:           + "Id"    = "YS0zMTE0Mi1kCg-reboot"
TestReboot 2026-04-17T16:52:07-05:00 logger.go:66:           + "Name"  = "tf-d0ef3-YS0zMTE0Mi1kCg-reboot-sg"
TestReboot 2026-04-17T16:52:07-05:00 logger.go:66:           + "Owner" = "terraform-ci@suse.com"
TestReboot 2026-04-17T16:52:07-05:00 logger.go:66:         }
TestReboot 2026-04-17T16:52:07-05:00 logger.go:66:       + vpc_id                 = (known after apply)
TestReboot 2026-04-17T16:52:07-05:00 logger.go:66:     }
TestReboot 2026-04-17T16:52:07-05:00 logger.go:66: 
TestReboot 2026-04-17T16:52:07-05:00 logger.go:66:   # module.access.module.project_security_group[0].aws_vpc_security_group_egress_rule.external_egress_ipv4[0] will be created
TestReboot 2026-04-17T16:52:07-05:00 logger.go:66:   + resource "aws_vpc_security_group_egress_rule" "external_egress_ipv4" {
TestReboot 2026-04-17T16:52:07-05:00 logger.go:66:       + arn                    = (known after apply)
TestReboot 2026-04-17T16:52:07-05:00 logger.go:66:       + cidr_ipv4              = "0.0.0.0/0"
TestReboot 2026-04-17T16:52:07-05:00 logger.go:66:       + id                     = (known after apply)
TestReboot 2026-04-17T16:52:07-05:00 logger.go:66:       + ip_protocol            = "-1"
TestReboot 2026-04-17T16:52:07-05:00 logger.go:66:       + region                 = "us-west-2"
TestReboot 2026-04-17T16:52:07-05:00 logger.go:66:       + security_group_id      = (known after apply)
TestReboot 2026-04-17T16:52:07-05:00 logger.go:66:       + security_group_rule_id = (known after apply)
TestReboot 2026-04-17T16:52:07-05:00 logger.go:66:       + tags_all               = {
TestReboot 2026-04-17T16:52:07-05:00 logger.go:66:           + "Id"    = "YS0zMTE0Mi1kCg-reboot"
TestReboot 2026-04-17T16:52:07-05:00 logger.go:66:           + "Owner" = "terraform-ci@suse.com"
TestReboot 2026-04-17T16:52:07-05:00 logger.go:66:         }
TestReboot 2026-04-17T16:52:07-05:00 logger.go:66:     }
TestReboot 2026-04-17T16:52:07-05:00 logger.go:66: 
TestReboot 2026-04-17T16:52:07-05:00 logger.go:66:   # module.access.module.project_security_group[0].aws_vpc_security_group_egress_rule.project_egress_ipv4[0] will be created
TestReboot 2026-04-17T16:52:07-05:00 logger.go:66:   + resource "aws_vpc_security_group_egress_rule" "project_egress_ipv4" {
TestReboot 2026-04-17T16:52:07-05:00 logger.go:66:       + arn                    = (known after apply)
TestReboot 2026-04-17T16:52:07-05:00 logger.go:66:       + cidr_ipv4              = "10.0.0.0/16"
TestReboot 2026-04-17T16:52:07-05:00 logger.go:66:       + id                     = (known after apply)
TestReboot 2026-04-17T16:52:07-05:00 logger.go:66:       + ip_protocol            = "-1"
TestReboot 2026-04-17T16:52:07-05:00 logger.go:66:       + region                 = "us-west-2"
TestReboot 2026-04-17T16:52:07-05:00 logger.go:66:       + security_group_id      = (known after apply)
TestReboot 2026-04-17T16:52:07-05:00 logger.go:66:       + security_group_rule_id = (known after apply)
TestReboot 2026-04-17T16:52:07-05:00 logger.go:66:       + tags_all               = {
TestReboot 2026-04-17T16:52:07-05:00 logger.go:66:           + "Id"    = "YS0zMTE0Mi1kCg-reboot"
TestReboot 2026-04-17T16:52:07-05:00 logger.go:66:           + "Owner" = "terraform-ci@suse.com"
TestReboot 2026-04-17T16:52:07-05:00 logger.go:66:         }
TestReboot 2026-04-17T16:52:07-05:00 logger.go:66:     }
TestReboot 2026-04-17T16:52:07-05:00 logger.go:66: 
TestReboot 2026-04-17T16:52:07-05:00 logger.go:66:   # module.access.module.project_security_group[0].aws_vpc_security_group_ingress_rule.project_ingress_ipv4[0] will be created
TestReboot 2026-04-17T16:52:07-05:00 logger.go:66:   + resource "aws_vpc_security_group_ingress_rule" "project_ingress_ipv4" {
TestReboot 2026-04-17T16:52:07-05:00 logger.go:66:       + arn                    = (known after apply)
TestReboot 2026-04-17T16:52:07-05:00 logger.go:66:       + cidr_ipv4              = "10.0.0.0/16"
TestReboot 2026-04-17T16:52:07-05:00 logger.go:66:       + id                     = (known after apply)
TestReboot 2026-04-17T16:52:07-05:00 logger.go:66:       + ip_protocol            = "-1"
TestReboot 2026-04-17T16:52:07-05:00 logger.go:66:       + region                 = "us-west-2"
TestReboot 2026-04-17T16:52:07-05:00 logger.go:66:       + security_group_id      = (known after apply)
TestReboot 2026-04-17T16:52:07-05:00 logger.go:66:       + security_group_rule_id = (known after apply)
TestReboot 2026-04-17T16:52:07-05:00 logger.go:66:       + tags_all               = {
TestReboot 2026-04-17T16:52:07-05:00 logger.go:66:           + "Id"    = "YS0zMTE0Mi1kCg-reboot"
TestReboot 2026-04-17T16:52:07-05:00 logger.go:66:           + "Owner" = "terraform-ci@suse.com"
TestReboot 2026-04-17T16:52:07-05:00 logger.go:66:         }
TestReboot 2026-04-17T16:52:07-05:00 logger.go:66:     }
TestReboot 2026-04-17T16:52:07-05:00 logger.go:66: 
TestReboot 2026-04-17T16:52:07-05:00 logger.go:66:   # module.access.module.subnet["0"].aws_subnet.created[0] will be created
TestReboot 2026-04-17T16:52:07-05:00 logger.go:66:   + resource "aws_subnet" "created" {
TestReboot 2026-04-17T16:52:07-05:00 logger.go:66:       + arn                                            = (known after apply)
TestReboot 2026-04-17T16:52:07-05:00 logger.go:66:       + assign_ipv6_address_on_creation                = false
TestReboot 2026-04-17T16:52:07-05:00 logger.go:66:       + availability_zone                              = "us-west-2a"
TestReboot 2026-04-17T16:52:07-05:00 logger.go:66:       + availability_zone_id                           = (known after apply)
TestReboot 2026-04-17T16:52:07-05:00 logger.go:66:       + cidr_block                                     = "10.0.0.0/16"
TestReboot 2026-04-17T16:52:07-05:00 logger.go:66:       + enable_dns64                                   = false
TestReboot 2026-04-17T16:52:07-05:00 logger.go:66:       + enable_resource_name_dns_a_record_on_launch    = false
TestReboot 2026-04-17T16:52:07-05:00 logger.go:66:       + enable_resource_name_dns_aaaa_record_on_launch = false
TestReboot 2026-04-17T16:52:07-05:00 logger.go:66:       + id                                             = (known after apply)
TestReboot 2026-04-17T16:52:07-05:00 logger.go:66:       + ipv6_cidr_block                                = (known after apply)
TestReboot 2026-04-17T16:52:07-05:00 logger.go:66:       + ipv6_cidr_block_association_id                 = (known after apply)
TestReboot 2026-04-17T16:52:07-05:00 logger.go:66:       + ipv6_native                                    = false
TestReboot 2026-04-17T16:52:07-05:00 logger.go:66:       + map_public_ip_on_launch                        = false
TestReboot 2026-04-17T16:52:07-05:00 logger.go:66:       + owner_id                                       = (known after apply)
TestReboot 2026-04-17T16:52:07-05:00 logger.go:66:       + private_dns_hostname_type_on_launch            = (known after apply)
TestReboot 2026-04-17T16:52:07-05:00 logger.go:66:       + region                                         = "us-west-2"
TestReboot 2026-04-17T16:52:07-05:00 logger.go:66:       + tags                                           = {
TestReboot 2026-04-17T16:52:07-05:00 logger.go:66:           + "Name" = "tf-d0ef3-YS0zMTE0Mi1kCg-reboot-vpc-us-west-2a"
TestReboot 2026-04-17T16:52:07-05:00 logger.go:66:         }
TestReboot 2026-04-17T16:52:07-05:00 logger.go:66:       + tags_all                                       = {
TestReboot 2026-04-17T16:52:07-05:00 logger.go:66:           + "Id"    = "YS0zMTE0Mi1kCg-reboot"
TestReboot 2026-04-17T16:52:07-05:00 logger.go:66:           + "Name"  = "tf-d0ef3-YS0zMTE0Mi1kCg-reboot-vpc-us-west-2a"
TestReboot 2026-04-17T16:52:07-05:00 logger.go:66:           + "Owner" = "terraform-ci@suse.com"
TestReboot 2026-04-17T16:52:07-05:00 logger.go:66:         }
TestReboot 2026-04-17T16:52:07-05:00 logger.go:66:       + vpc_id                                         = (known after apply)
TestReboot 2026-04-17T16:52:07-05:00 logger.go:66:     }
TestReboot 2026-04-17T16:52:07-05:00 logger.go:66: 
TestReboot 2026-04-17T16:52:07-05:00 logger.go:66:   # module.access.module.vpc[0].aws_internet_gateway.new[0] will be created
TestReboot 2026-04-17T16:52:07-05:00 logger.go:66:   + resource "aws_internet_gateway" "new" {
TestReboot 2026-04-17T16:52:07-05:00 logger.go:66:       + arn      = (known after apply)
TestReboot 2026-04-17T16:52:07-05:00 logger.go:66:       + id       = (known after apply)
TestReboot 2026-04-17T16:52:07-05:00 logger.go:66:       + owner_id = (known after apply)
TestReboot 2026-04-17T16:52:07-05:00 logger.go:66:       + region   = "us-west-2"
TestReboot 2026-04-17T16:52:07-05:00 logger.go:66:       + tags_all = {
TestReboot 2026-04-17T16:52:07-05:00 logger.go:66:           + "Id"    = "YS0zMTE0Mi1kCg-reboot"
TestReboot 2026-04-17T16:52:07-05:00 logger.go:66:           + "Owner" = "terraform-ci@suse.com"
TestReboot 2026-04-17T16:52:07-05:00 logger.go:66:         }
TestReboot 2026-04-17T16:52:07-05:00 logger.go:66:       + vpc_id   = (known after apply)
TestReboot 2026-04-17T16:52:07-05:00 logger.go:66:     }
TestReboot 2026-04-17T16:52:07-05:00 logger.go:66: 
TestReboot 2026-04-17T16:52:07-05:00 logger.go:66:   # module.access.module.vpc[0].aws_route.public_ipv4[0] will be created
TestReboot 2026-04-17T16:52:07-05:00 logger.go:66:   + resource "aws_route" "public_ipv4" {
TestReboot 2026-04-17T16:52:07-05:00 logger.go:66:       + destination_cidr_block = "0.0.0.0/0"
TestReboot 2026-04-17T16:52:07-05:00 logger.go:66:       + gateway_id             = (known after apply)
TestReboot 2026-04-17T16:52:07-05:00 logger.go:66:       + id                     = (known after apply)
TestReboot 2026-04-17T16:52:07-05:00 logger.go:66:       + instance_id            = (known after apply)
TestReboot 2026-04-17T16:52:07-05:00 logger.go:66:       + instance_owner_id      = (known after apply)
TestReboot 2026-04-17T16:52:07-05:00 logger.go:66:       + network_interface_id   = (known after apply)
TestReboot 2026-04-17T16:52:07-05:00 logger.go:66:       + origin                 = (known after apply)
TestReboot 2026-04-17T16:52:07-05:00 logger.go:66:       + region                 = "us-west-2"
TestReboot 2026-04-17T16:52:07-05:00 logger.go:66:       + route_table_id         = (known after apply)
TestReboot 2026-04-17T16:52:07-05:00 logger.go:66:       + state                  = (known after apply)
TestReboot 2026-04-17T16:52:07-05:00 logger.go:66:     }
TestReboot 2026-04-17T16:52:07-05:00 logger.go:66: 
TestReboot 2026-04-17T16:52:07-05:00 logger.go:66:   # module.access.module.vpc[0].aws_vpc.new[0] will be created
TestReboot 2026-04-17T16:52:07-05:00 logger.go:66:   + resource "aws_vpc" "new" {
TestReboot 2026-04-17T16:52:07-05:00 logger.go:66:       + arn                                  = (known after apply)
TestReboot 2026-04-17T16:52:07-05:00 logger.go:66:       + assign_generated_ipv6_cidr_block     = true
TestReboot 2026-04-17T16:52:07-05:00 logger.go:66:       + cidr_block                           = "10.0.0.0/16"
TestReboot 2026-04-17T16:52:07-05:00 logger.go:66:       + default_network_acl_id               = (known after apply)
TestReboot 2026-04-17T16:52:07-05:00 logger.go:66:       + default_route_table_id               = (known after apply)
TestReboot 2026-04-17T16:52:07-05:00 logger.go:66:       + default_security_group_id            = (known after apply)
TestReboot 2026-04-17T16:52:07-05:00 logger.go:66:       + dhcp_options_id                      = (known after apply)
TestReboot 2026-04-17T16:52:07-05:00 logger.go:66:       + enable_dns_hostnames                 = (known after apply)
TestReboot 2026-04-17T16:52:07-05:00 logger.go:66:       + enable_dns_support                   = true
TestReboot 2026-04-17T16:52:07-05:00 logger.go:66:       + enable_network_address_usage_metrics = (known after apply)
TestReboot 2026-04-17T16:52:07-05:00 logger.go:66:       + id                                   = (known after apply)
TestReboot 2026-04-17T16:52:07-05:00 logger.go:66:       + instance_tenancy                     = "default"
TestReboot 2026-04-17T16:52:07-05:00 logger.go:66:       + ipv6_association_id                  = (known after apply)
TestReboot 2026-04-17T16:52:07-05:00 logger.go:66:       + ipv6_cidr_block                      = (known after apply)
TestReboot 2026-04-17T16:52:07-05:00 logger.go:66:       + ipv6_cidr_block_network_border_group = (known after apply)
TestReboot 2026-04-17T16:52:07-05:00 logger.go:66:       + main_route_table_id                  = (known after apply)
TestReboot 2026-04-17T16:52:07-05:00 logger.go:66:       + owner_id                             = (known after apply)
TestReboot 2026-04-17T16:52:07-05:00 logger.go:66:       + region                               = "us-west-2"
TestReboot 2026-04-17T16:52:07-05:00 logger.go:66:       + tags                                 = {
TestReboot 2026-04-17T16:52:07-05:00 logger.go:66:           + "Name" = "tf-d0ef3-YS0zMTE0Mi1kCg-reboot-vpc"
TestReboot 2026-04-17T16:52:07-05:00 logger.go:66:         }
TestReboot 2026-04-17T16:52:07-05:00 logger.go:66:       + tags_all                             = {
TestReboot 2026-04-17T16:52:07-05:00 logger.go:66:           + "Id"    = "YS0zMTE0Mi1kCg-reboot"
TestReboot 2026-04-17T16:52:07-05:00 logger.go:66:           + "Name"  = "tf-d0ef3-YS0zMTE0Mi1kCg-reboot-vpc"
TestReboot 2026-04-17T16:52:07-05:00 logger.go:66:           + "Owner" = "terraform-ci@suse.com"
TestReboot 2026-04-17T16:52:07-05:00 logger.go:66:         }
TestReboot 2026-04-17T16:52:07-05:00 logger.go:66:     }
TestReboot 2026-04-17T16:52:07-05:00 logger.go:66: 
TestReboot 2026-04-17T16:52:07-05:00 logger.go:66:   # module.server.module.direct_access[0].data.aws_security_group.server_security_group will be read during apply
TestReboot 2026-04-17T16:52:07-05:00 logger.go:66:   # (depends on a resource or a module with changes pending)
TestReboot 2026-04-17T16:52:07-05:00 logger.go:66:  <= data "aws_security_group" "server_security_group" {
TestReboot 2026-04-17T16:52:07-05:00 logger.go:66:       + arn         = (known after apply)
TestReboot 2026-04-17T16:52:07-05:00 logger.go:66:       + description = (known after apply)
TestReboot 2026-04-17T16:52:07-05:00 logger.go:66:       + id          = (known after apply)
TestReboot 2026-04-17T16:52:07-05:00 logger.go:66:       + name        = (known after apply)
TestReboot 2026-04-17T16:52:07-05:00 logger.go:66:       + region      = (known after apply)
TestReboot 2026-04-17T16:52:07-05:00 logger.go:66:       + tags        = (known after apply)
TestReboot 2026-04-17T16:52:07-05:00 logger.go:66:       + vpc_id      = (known after apply)
TestReboot 2026-04-17T16:52:07-05:00 logger.go:66: 
TestReboot 2026-04-17T16:52:07-05:00 logger.go:66:       + filter {
TestReboot 2026-04-17T16:52:07-05:00 logger.go:66:           + name   = "tag:Name"
TestReboot 2026-04-17T16:52:07-05:00 logger.go:66:           + values = [
TestReboot 2026-04-17T16:52:07-05:00 logger.go:66:               + "tf-d0ef3-YS0zMTE0Mi1kCg-reboot-sg",
TestReboot 2026-04-17T16:52:07-05:00 logger.go:66:             ]
TestReboot 2026-04-17T16:52:07-05:00 logger.go:66:         }
TestReboot 2026-04-17T16:52:07-05:00 logger.go:66:     }
TestReboot 2026-04-17T16:52:07-05:00 logger.go:66: 
TestReboot 2026-04-17T16:52:07-05:00 logger.go:66:   # module.server.module.direct_access[0].aws_eip.created[0] will be created
TestReboot 2026-04-17T16:52:07-05:00 logger.go:66:   + resource "aws_eip" "created" {
TestReboot 2026-04-17T16:52:07-05:00 logger.go:66:       + allocation_id        = (known after apply)
TestReboot 2026-04-17T16:52:07-05:00 logger.go:66:       + arn                  = (known after apply)
TestReboot 2026-04-17T16:52:07-05:00 logger.go:66:       + association_id       = (known after apply)
TestReboot 2026-04-17T16:52:07-05:00 logger.go:66:       + carrier_ip           = (known after apply)
TestReboot 2026-04-17T16:52:07-05:00 logger.go:66:       + customer_owned_ip    = (known after apply)
TestReboot 2026-04-17T16:52:07-05:00 logger.go:66:       + domain               = "vpc"
TestReboot 2026-04-17T16:52:07-05:00 logger.go:66:       + id                   = (known after apply)
TestReboot 2026-04-17T16:52:07-05:00 logger.go:66:       + instance             = (known after apply)
TestReboot 2026-04-17T16:52:07-05:00 logger.go:66:       + ipam_pool_id         = (known after apply)
TestReboot 2026-04-17T16:52:07-05:00 logger.go:66:       + network_border_group = (known after apply)
TestReboot 2026-04-17T16:52:07-05:00 logger.go:66:       + network_interface    = (known after apply)
TestReboot 2026-04-17T16:52:07-05:00 logger.go:66:       + private_dns          = (known after apply)
TestReboot 2026-04-17T16:52:07-05:00 logger.go:66:       + private_ip           = (known after apply)
TestReboot 2026-04-17T16:52:07-05:00 logger.go:66:       + ptr_record           = (known after apply)
TestReboot 2026-04-17T16:52:07-05:00 logger.go:66:       + public_dns           = (known after apply)
TestReboot 2026-04-17T16:52:07-05:00 logger.go:66:       + public_ip            = (known after apply)
TestReboot 2026-04-17T16:52:07-05:00 logger.go:66:       + public_ipv4_pool     = (known after apply)
TestReboot 2026-04-17T16:52:07-05:00 logger.go:66:       + region               = "us-west-2"
TestReboot 2026-04-17T16:52:07-05:00 logger.go:66:       + tags_all             = {
TestReboot 2026-04-17T16:52:07-05:00 logger.go:66:           + "Id"    = "YS0zMTE0Mi1kCg-reboot"
TestReboot 2026-04-17T16:52:07-05:00 logger.go:66:           + "Owner" = "terraform-ci@suse.com"
TestReboot 2026-04-17T16:52:07-05:00 logger.go:66:         }
TestReboot 2026-04-17T16:52:07-05:00 logger.go:66:     }
TestReboot 2026-04-17T16:52:07-05:00 logger.go:66: 
TestReboot 2026-04-17T16:52:07-05:00 logger.go:66:   # module.server.module.direct_access[0].aws_eip_association.created[0] will be created
TestReboot 2026-04-17T16:52:07-05:00 logger.go:66:   + resource "aws_eip_association" "created" {
TestReboot 2026-04-17T16:52:07-05:00 logger.go:66:       + allocation_id        = (known after apply)
TestReboot 2026-04-17T16:52:07-05:00 logger.go:66:       + allow_reassociation  = true
TestReboot 2026-04-17T16:52:07-05:00 logger.go:66:       + id                   = (known after apply)
TestReboot 2026-04-17T16:52:07-05:00 logger.go:66:       + instance_id          = (known after apply)
TestReboot 2026-04-17T16:52:07-05:00 logger.go:66:       + network_interface_id = (known after apply)
TestReboot 2026-04-17T16:52:07-05:00 logger.go:66:       + private_ip_address   = (known after apply)
TestReboot 2026-04-17T16:52:07-05:00 logger.go:66:       + public_ip            = (known after apply)
TestReboot 2026-04-17T16:52:07-05:00 logger.go:66:       + region               = "us-west-2"
TestReboot 2026-04-17T16:52:07-05:00 logger.go:66:     }
TestReboot 2026-04-17T16:52:07-05:00 logger.go:66: 
TestReboot 2026-04-17T16:52:07-05:00 logger.go:66:   # module.server.module.direct_access[0].aws_network_interface_sg_attachment.server_security_group_attachment will be created
TestReboot 2026-04-17T16:52:07-05:00 logger.go:66:   + resource "aws_network_interface_sg_attachment" "server_security_group_attachment" {
TestReboot 2026-04-17T16:52:07-05:00 logger.go:66:       + id                   = (known after apply)
TestReboot 2026-04-17T16:52:07-05:00 logger.go:66:       + network_interface_id = (known after apply)
TestReboot 2026-04-17T16:52:07-05:00 logger.go:66:       + region               = "us-west-2"
TestReboot 2026-04-17T16:52:07-05:00 logger.go:66:       + security_group_id    = (known after apply)
TestReboot 2026-04-17T16:52:07-05:00 logger.go:66:     }
TestReboot 2026-04-17T16:52:07-05:00 logger.go:66: 
TestReboot 2026-04-17T16:52:07-05:00 logger.go:66:   # module.server.module.direct_access[0].aws_security_group.direct_access will be created
TestReboot 2026-04-17T16:52:07-05:00 logger.go:66:   + resource "aws_security_group" "direct_access" {
TestReboot 2026-04-17T16:52:07-05:00 logger.go:66:       + arn                    = (known after apply)
TestReboot 2026-04-17T16:52:07-05:00 logger.go:66:       + description            = (known after apply)
TestReboot 2026-04-17T16:52:07-05:00 logger.go:66:       + egress                 = (known after apply)
TestReboot 2026-04-17T16:52:07-05:00 logger.go:66:       + id                     = (known after apply)
TestReboot 2026-04-17T16:52:07-05:00 logger.go:66:       + ingress                = (known after apply)
TestReboot 2026-04-17T16:52:07-05:00 logger.go:66:       + name                   = (known after apply)
TestReboot 2026-04-17T16:52:07-05:00 logger.go:66:       + name_prefix            = (known after apply)
TestReboot 2026-04-17T16:52:07-05:00 logger.go:66:       + owner_id               = (known after apply)
TestReboot 2026-04-17T16:52:07-05:00 logger.go:66:       + region                 = "us-west-2"
TestReboot 2026-04-17T16:52:07-05:00 logger.go:66:       + revoke_rules_on_delete = false
TestReboot 2026-04-17T16:52:07-05:00 logger.go:66:       + tags                   = (known after apply)
TestReboot 2026-04-17T16:52:07-05:00 logger.go:66:       + tags_all               = (known after apply)
TestReboot 2026-04-17T16:52:07-05:00 logger.go:66:       + vpc_id                 = (known after apply)
TestReboot 2026-04-17T16:52:07-05:00 logger.go:66:     }
TestReboot 2026-04-17T16:52:07-05:00 logger.go:66: 
TestReboot 2026-04-17T16:52:07-05:00 logger.go:66:   # module.server.module.direct_access[0].aws_vpc_security_group_ingress_rule.server_direct_link will be created
TestReboot 2026-04-17T16:52:07-05:00 logger.go:66:   + resource "aws_vpc_security_group_ingress_rule" "server_direct_link" {
TestReboot 2026-04-17T16:52:07-05:00 logger.go:66:       + arn                          = (known after apply)
TestReboot 2026-04-17T16:52:07-05:00 logger.go:66:       + id                           = (known after apply)
TestReboot 2026-04-17T16:52:07-05:00 logger.go:66:       + ip_protocol                  = "-1"
TestReboot 2026-04-17T16:52:07-05:00 logger.go:66:       + referenced_security_group_id = (known after apply)
TestReboot 2026-04-17T16:52:07-05:00 logger.go:66:       + region                       = "us-west-2"
TestReboot 2026-04-17T16:52:07-05:00 logger.go:66:       + security_group_id            = (known after apply)
TestReboot 2026-04-17T16:52:07-05:00 logger.go:66:       + security_group_rule_id       = (known after apply)
TestReboot 2026-04-17T16:52:07-05:00 logger.go:66:       + tags_all                     = {
TestReboot 2026-04-17T16:52:07-05:00 logger.go:66:           + "Id"    = "YS0zMTE0Mi1kCg-reboot"
TestReboot 2026-04-17T16:52:07-05:00 logger.go:66:           + "Owner" = "terraform-ci@suse.com"
TestReboot 2026-04-17T16:52:07-05:00 logger.go:66:         }
TestReboot 2026-04-17T16:52:07-05:00 logger.go:66:     }
TestReboot 2026-04-17T16:52:07-05:00 logger.go:66: 
TestReboot 2026-04-17T16:52:07-05:00 logger.go:66:   # module.server.module.direct_access[0].aws_vpc_security_group_ingress_rule.server_ingress["runnerKube-0"] will be created
TestReboot 2026-04-17T16:52:07-05:00 logger.go:66:   + resource "aws_vpc_security_group_ingress_rule" "server_ingress" {
TestReboot 2026-04-17T16:52:07-05:00 logger.go:66:       + arn                    = (known after apply)
TestReboot 2026-04-17T16:52:07-05:00 logger.go:66:       + cidr_ipv4              = "47.161.206.84/32"
TestReboot 2026-04-17T16:52:07-05:00 logger.go:66:       + from_port              = 6443
TestReboot 2026-04-17T16:52:07-05:00 logger.go:66:       + id                     = (known after apply)
TestReboot 2026-04-17T16:52:07-05:00 logger.go:66:       + ip_protocol            = "tcp"
TestReboot 2026-04-17T16:52:07-05:00 logger.go:66:       + region                 = "us-west-2"
TestReboot 2026-04-17T16:52:07-05:00 logger.go:66:       + security_group_id      = (known after apply)
TestReboot 2026-04-17T16:52:07-05:00 logger.go:66:       + security_group_rule_id = (known after apply)
TestReboot 2026-04-17T16:52:07-05:00 logger.go:66:       + tags_all               = {
TestReboot 2026-04-17T16:52:07-05:00 logger.go:66:           + "Id"    = "YS0zMTE0Mi1kCg-reboot"
TestReboot 2026-04-17T16:52:07-05:00 logger.go:66:           + "Owner" = "terraform-ci@suse.com"
TestReboot 2026-04-17T16:52:07-05:00 logger.go:66:         }
TestReboot 2026-04-17T16:52:07-05:00 logger.go:66:       + to_port                = 6443
TestReboot 2026-04-17T16:52:07-05:00 logger.go:66:     }
TestReboot 2026-04-17T16:52:07-05:00 logger.go:66: 
TestReboot 2026-04-17T16:52:07-05:00 logger.go:66:   # module.server.module.direct_access[0].aws_vpc_security_group_ingress_rule.server_ingress["runnerSsh-0"] will be created
TestReboot 2026-04-17T16:52:07-05:00 logger.go:66:   + resource "aws_vpc_security_group_ingress_rule" "server_ingress" {
TestReboot 2026-04-17T16:52:07-05:00 logger.go:66:       + arn                    = (known after apply)
TestReboot 2026-04-17T16:52:07-05:00 logger.go:66:       + cidr_ipv4              = "47.161.206.84/32"
TestReboot 2026-04-17T16:52:07-05:00 logger.go:66:       + from_port              = 22
TestReboot 2026-04-17T16:52:07-05:00 logger.go:66:       + id                     = (known after apply)
TestReboot 2026-04-17T16:52:07-05:00 logger.go:66:       + ip_protocol            = "tcp"
TestReboot 2026-04-17T16:52:07-05:00 logger.go:66:       + region                 = "us-west-2"
TestReboot 2026-04-17T16:52:07-05:00 logger.go:66:       + security_group_id      = (known after apply)
TestReboot 2026-04-17T16:52:07-05:00 logger.go:66:       + security_group_rule_id = (known after apply)
TestReboot 2026-04-17T16:52:07-05:00 logger.go:66:       + tags_all               = {
TestReboot 2026-04-17T16:52:07-05:00 logger.go:66:           + "Id"    = "YS0zMTE0Mi1kCg-reboot"
TestReboot 2026-04-17T16:52:07-05:00 logger.go:66:           + "Owner" = "terraform-ci@suse.com"
TestReboot 2026-04-17T16:52:07-05:00 logger.go:66:         }
TestReboot 2026-04-17T16:52:07-05:00 logger.go:66:       + to_port                = 22
TestReboot 2026-04-17T16:52:07-05:00 logger.go:66:     }
TestReboot 2026-04-17T16:52:07-05:00 logger.go:66: 
TestReboot 2026-04-17T16:52:07-05:00 logger.go:66:   # module.server.module.direct_access[0].terraform_data.remove_initial_user[0] will be created
TestReboot 2026-04-17T16:52:07-05:00 logger.go:66:   + resource "terraform_data" "remove_initial_user" {
TestReboot 2026-04-17T16:52:07-05:00 logger.go:66:       + id               = (known after apply)
TestReboot 2026-04-17T16:52:07-05:00 logger.go:66:       + triggers_replace = [
TestReboot 2026-04-17T16:52:07-05:00 logger.go:66:           + (known after apply),
TestReboot 2026-04-17T16:52:07-05:00 logger.go:66:         ]
TestReboot 2026-04-17T16:52:07-05:00 logger.go:66:     }
TestReboot 2026-04-17T16:52:07-05:00 logger.go:66: 
TestReboot 2026-04-17T16:52:07-05:00 logger.go:66:   # module.server.module.direct_access[0].terraform_data.setup[0] will be created
TestReboot 2026-04-17T16:52:07-05:00 logger.go:66:   + resource "terraform_data" "setup" {
TestReboot 2026-04-17T16:52:07-05:00 logger.go:66:       + id               = (known after apply)
TestReboot 2026-04-17T16:52:07-05:00 logger.go:66:       + triggers_replace = [
TestReboot 2026-04-17T16:52:07-05:00 logger.go:66:           + (known after apply),
TestReboot 2026-04-17T16:52:07-05:00 logger.go:66:         ]
TestReboot 2026-04-17T16:52:07-05:00 logger.go:66:     }
TestReboot 2026-04-17T16:52:07-05:00 logger.go:66: 
TestReboot 2026-04-17T16:52:07-05:00 logger.go:66:   # module.server.module.image[0].data.aws_ami.search[0] will be read during apply
TestReboot 2026-04-17T16:52:07-05:00 logger.go:66:   # (depends on a resource or a module with changes pending)
TestReboot 2026-04-17T16:52:07-05:00 logger.go:66:  <= data "aws_ami" "search" {
TestReboot 2026-04-17T16:52:07-05:00 logger.go:66:       + architecture          = (known after apply)
TestReboot 2026-04-17T16:52:07-05:00 logger.go:66:       + arn                   = (known after apply)
TestReboot 2026-04-17T16:52:07-05:00 logger.go:66:       + block_device_mappings = (known after apply)
TestReboot 2026-04-17T16:52:07-05:00 logger.go:66:       + boot_mode             = (known after apply)
TestReboot 2026-04-17T16:52:07-05:00 logger.go:66:       + creation_date         = (known after apply)
TestReboot 2026-04-17T16:52:07-05:00 logger.go:66:       + deprecation_time      = (known after apply)
TestReboot 2026-04-17T16:52:07-05:00 logger.go:66:       + description           = (known after apply)
TestReboot 2026-04-17T16:52:07-05:00 logger.go:66:       + ena_support           = (known after apply)
TestReboot 2026-04-17T16:52:07-05:00 logger.go:66:       + hypervisor            = (known after apply)
TestReboot 2026-04-17T16:52:07-05:00 logger.go:66:       + id                    = (known after apply)
TestReboot 2026-04-17T16:52:07-05:00 logger.go:66:       + image_id              = (known after apply)
TestReboot 2026-04-17T16:52:07-05:00 logger.go:66:       + image_location        = (known after apply)
TestReboot 2026-04-17T16:52:07-05:00 logger.go:66:       + image_owner_alias     = (known after apply)
TestReboot 2026-04-17T16:52:07-05:00 logger.go:66:       + image_type            = (known after apply)
TestReboot 2026-04-17T16:52:07-05:00 logger.go:66:       + imds_support          = (known after apply)
TestReboot 2026-04-17T16:52:07-05:00 logger.go:66:       + kernel_id             = (known after apply)
TestReboot 2026-04-17T16:52:07-05:00 logger.go:66:       + last_launched_time    = (known after apply)
TestReboot 2026-04-17T16:52:07-05:00 logger.go:66:       + most_recent           = true
TestReboot 2026-04-17T16:52:07-05:00 logger.go:66:       + name                  = (known after apply)
TestReboot 2026-04-17T16:52:07-05:00 logger.go:66:       + name_regex            = "^suse-sle-micro-5-5-byos-v[0-9]+-hvm-ssd-x86_64$"
TestReboot 2026-04-17T16:52:07-05:00 logger.go:66:       + owner_id              = (known after apply)
TestReboot 2026-04-17T16:52:07-05:00 logger.go:66:       + owners                = [
TestReboot 2026-04-17T16:52:07-05:00 logger.go:66:           + "013907871322",
TestReboot 2026-04-17T16:52:07-05:00 logger.go:66:         ]
TestReboot 2026-04-17T16:52:07-05:00 logger.go:66:       + platform              = (known after apply)
TestReboot 2026-04-17T16:52:07-05:00 logger.go:66:       + platform_details      = (known after apply)
TestReboot 2026-04-17T16:52:07-05:00 logger.go:66:       + product_codes         = (known after apply)
TestReboot 2026-04-17T16:52:07-05:00 logger.go:66:       + public                = (known after apply)
TestReboot 2026-04-17T16:52:07-05:00 logger.go:66:       + ramdisk_id            = (known after apply)
TestReboot 2026-04-17T16:52:07-05:00 logger.go:66:       + region                = (known after apply)
TestReboot 2026-04-17T16:52:07-05:00 logger.go:66:       + root_device_name      = (known after apply)
TestReboot 2026-04-17T16:52:07-05:00 logger.go:66:       + root_device_type      = (known after apply)
TestReboot 2026-04-17T16:52:07-05:00 logger.go:66:       + root_snapshot_id      = (known after apply)
TestReboot 2026-04-17T16:52:07-05:00 logger.go:66:       + sriov_net_support     = (known after apply)
TestReboot 2026-04-17T16:52:07-05:00 logger.go:66:       + state                 = (known after apply)
TestReboot 2026-04-17T16:52:07-05:00 logger.go:66:       + state_reason          = (known after apply)
TestReboot 2026-04-17T16:52:07-05:00 logger.go:66:       + tags                  = (known after apply)
TestReboot 2026-04-17T16:52:07-05:00 logger.go:66:       + tpm_support           = (known after apply)
TestReboot 2026-04-17T16:52:07-05:00 logger.go:66:       + usage_operation       = (known after apply)
TestReboot 2026-04-17T16:52:07-05:00 logger.go:66:       + virtualization_type   = (known after apply)
TestReboot 2026-04-17T16:52:07-05:00 logger.go:66: 
TestReboot 2026-04-17T16:52:07-05:00 logger.go:66:       + filter {
TestReboot 2026-04-17T16:52:07-05:00 logger.go:66:           + name   = "architecture"
TestReboot 2026-04-17T16:52:07-05:00 logger.go:66:           + values = [
TestReboot 2026-04-17T16:52:07-05:00 logger.go:66:               + "x86_64",
TestReboot 2026-04-17T16:52:07-05:00 logger.go:66:             ]
TestReboot 2026-04-17T16:52:07-05:00 logger.go:66:         }
TestReboot 2026-04-17T16:52:07-05:00 logger.go:66:       + filter {
TestReboot 2026-04-17T16:52:07-05:00 logger.go:66:           + name   = "name"
TestReboot 2026-04-17T16:52:07-05:00 logger.go:66:           + values = [
TestReboot 2026-04-17T16:52:07-05:00 logger.go:66:               + "suse-sle-micro-5-5-byos-v*-hvm-ssd-x86_64",
TestReboot 2026-04-17T16:52:07-05:00 logger.go:66:             ]
TestReboot 2026-04-17T16:52:07-05:00 logger.go:66:         }
TestReboot 2026-04-17T16:52:07-05:00 logger.go:66:     }
TestReboot 2026-04-17T16:52:07-05:00 logger.go:66: 
TestReboot 2026-04-17T16:52:07-05:00 logger.go:66:   # module.server.module.server[0].data.aws_availability_zone.general_info_create[0] will be read during apply
TestReboot 2026-04-17T16:52:07-05:00 logger.go:66:   # (config refers to values not yet known)
TestReboot 2026-04-17T16:52:07-05:00 logger.go:66:  <= data "aws_availability_zone" "general_info_create" {
TestReboot 2026-04-17T16:52:07-05:00 logger.go:66:       + group_long_name      = (known after apply)
TestReboot 2026-04-17T16:52:07-05:00 logger.go:66:       + group_name           = (known after apply)
TestReboot 2026-04-17T16:52:07-05:00 logger.go:66:       + id                   = (known after apply)
TestReboot 2026-04-17T16:52:07-05:00 logger.go:66:       + name                 = (known after apply)
TestReboot 2026-04-17T16:52:07-05:00 logger.go:66:       + name_suffix          = (known after apply)
TestReboot 2026-04-17T16:52:07-05:00 logger.go:66:       + network_border_group = (known after apply)
TestReboot 2026-04-17T16:52:07-05:00 logger.go:66:       + opt_in_status        = (known after apply)
TestReboot 2026-04-17T16:52:07-05:00 logger.go:66:       + parent_zone_id       = (known after apply)
TestReboot 2026-04-17T16:52:07-05:00 logger.go:66:       + parent_zone_name     = (known after apply)
TestReboot 2026-04-17T16:52:07-05:00 logger.go:66:       + region               = (known after apply)
TestReboot 2026-04-17T16:52:07-05:00 logger.go:66:       + state                = (known after apply)
TestReboot 2026-04-17T16:52:07-05:00 logger.go:66:       + zone_id              = (known after apply)
TestReboot 2026-04-17T16:52:07-05:00 logger.go:66:       + zone_type            = (known after apply)
TestReboot 2026-04-17T16:52:07-05:00 logger.go:66:     }
TestReboot 2026-04-17T16:52:07-05:00 logger.go:66: 
TestReboot 2026-04-17T16:52:07-05:00 logger.go:66:   # module.server.module.server[0].data.aws_ec2_instance_type.general_info_create[0] will be read during apply
TestReboot 2026-04-17T16:52:07-05:00 logger.go:66:   # (depends on a resource or a module with changes pending)
TestReboot 2026-04-17T16:52:07-05:00 logger.go:66:  <= data "aws_ec2_instance_type" "general_info_create" {
TestReboot 2026-04-17T16:52:07-05:00 logger.go:66:       + auto_recovery_supported              = (known after apply)
TestReboot 2026-04-17T16:52:07-05:00 logger.go:66:       + bandwidth_weightings                 = (known after apply)
TestReboot 2026-04-17T16:52:07-05:00 logger.go:66:       + bare_metal                           = (known after apply)
TestReboot 2026-04-17T16:52:07-05:00 logger.go:66:       + boot_modes                           = (known after apply)
TestReboot 2026-04-17T16:52:07-05:00 logger.go:66:       + burstable_performance_supported      = (known after apply)
TestReboot 2026-04-17T16:52:07-05:00 logger.go:66:       + current_generation                   = (known after apply)
TestReboot 2026-04-17T16:52:07-05:00 logger.go:66:       + dedicated_hosts_supported            = (known after apply)
TestReboot 2026-04-17T16:52:07-05:00 logger.go:66:       + default_cores                        = (known after apply)
TestReboot 2026-04-17T16:52:07-05:00 logger.go:66:       + default_network_card_index           = (known after apply)
TestReboot 2026-04-17T16:52:07-05:00 logger.go:66:       + default_threads_per_core             = (known after apply)
TestReboot 2026-04-17T16:52:07-05:00 logger.go:66:       + default_vcpus                        = (known after apply)
TestReboot 2026-04-17T16:52:07-05:00 logger.go:66:       + ebs_encryption_support               = (known after apply)
TestReboot 2026-04-17T16:52:07-05:00 logger.go:66:       + ebs_nvme_support                     = (known after apply)
TestReboot 2026-04-17T16:52:07-05:00 logger.go:66:       + ebs_optimized_support                = (known after apply)
TestReboot 2026-04-17T16:52:07-05:00 logger.go:66:       + ebs_performance_baseline_bandwidth   = (known after apply)
TestReboot 2026-04-17T16:52:07-05:00 logger.go:66:       + ebs_performance_baseline_iops        = (known after apply)
TestReboot 2026-04-17T16:52:07-05:00 logger.go:66:       + ebs_performance_baseline_throughput  = (known after apply)
TestReboot 2026-04-17T16:52:07-05:00 logger.go:66:       + ebs_performance_maximum_bandwidth    = (known after apply)
TestReboot 2026-04-17T16:52:07-05:00 logger.go:66:       + ebs_performance_maximum_iops         = (known after apply)
TestReboot 2026-04-17T16:52:07-05:00 logger.go:66:       + ebs_performance_maximum_throughput   = (known after apply)
TestReboot 2026-04-17T16:52:07-05:00 logger.go:66:       + efa_maximum_interfaces               = (known after apply)
TestReboot 2026-04-17T16:52:07-05:00 logger.go:66:       + efa_supported                        = (known after apply)
TestReboot 2026-04-17T16:52:07-05:00 logger.go:66:       + ena_srd_supported                    = (known after apply)
TestReboot 2026-04-17T16:52:07-05:00 logger.go:66:       + ena_support                          = (known after apply)
TestReboot 2026-04-17T16:52:07-05:00 logger.go:66:       + encryption_in_transit_supported      = (known after apply)
TestReboot 2026-04-17T16:52:07-05:00 logger.go:66:       + fpgas                                = (known after apply)
TestReboot 2026-04-17T16:52:07-05:00 logger.go:66:       + free_tier_eligible                   = (known after apply)
TestReboot 2026-04-17T16:52:07-05:00 logger.go:66:       + gpus                                 = (known after apply)
TestReboot 2026-04-17T16:52:07-05:00 logger.go:66:       + hibernation_supported                = (known after apply)
TestReboot 2026-04-17T16:52:07-05:00 logger.go:66:       + hypervisor                           = (known after apply)
TestReboot 2026-04-17T16:52:07-05:00 logger.go:66:       + id                                   = (known after apply)
TestReboot 2026-04-17T16:52:07-05:00 logger.go:66:       + inference_accelerators               = (known after apply)
TestReboot 2026-04-17T16:52:07-05:00 logger.go:66:       + instance_disks                       = (known after apply)
TestReboot 2026-04-17T16:52:07-05:00 logger.go:66:       + instance_storage_supported           = (known after apply)
TestReboot 2026-04-17T16:52:07-05:00 logger.go:66:       + instance_type                        = "c8i.large"
TestReboot 2026-04-17T16:52:07-05:00 logger.go:66:       + ipv6_supported                       = (known after apply)
TestReboot 2026-04-17T16:52:07-05:00 logger.go:66:       + maximum_ipv4_addresses_per_interface = (known after apply)
TestReboot 2026-04-17T16:52:07-05:00 logger.go:66:       + maximum_ipv6_addresses_per_interface = (known after apply)
TestReboot 2026-04-17T16:52:07-05:00 logger.go:66:       + maximum_network_cards                = (known after apply)
TestReboot 2026-04-17T16:52:07-05:00 logger.go:66:       + maximum_network_interfaces           = (known after apply)
TestReboot 2026-04-17T16:52:07-05:00 logger.go:66:       + media_accelerators                   = (known after apply)
TestReboot 2026-04-17T16:52:07-05:00 logger.go:66:       + memory_size                          = (known after apply)
TestReboot 2026-04-17T16:52:07-05:00 logger.go:66:       + network_cards                        = (known after apply)
TestReboot 2026-04-17T16:52:07-05:00 logger.go:66:       + network_performance                  = (known after apply)
TestReboot 2026-04-17T16:52:07-05:00 logger.go:66:       + neuron_devices                       = (known after apply)
TestReboot 2026-04-17T16:52:07-05:00 logger.go:66:       + nitro_enclaves_support               = (known after apply)
TestReboot 2026-04-17T16:52:07-05:00 logger.go:66:       + nitro_tpm_support                    = (known after apply)
TestReboot 2026-04-17T16:52:07-05:00 logger.go:66:       + nitro_tpm_supported_versions         = (known after apply)
TestReboot 2026-04-17T16:52:07-05:00 logger.go:66:       + phc_support                          = (known after apply)
TestReboot 2026-04-17T16:52:07-05:00 logger.go:66:       + region                               = (known after apply)
TestReboot 2026-04-17T16:52:07-05:00 logger.go:66:       + supported_architectures              = (known after apply)
TestReboot 2026-04-17T16:52:07-05:00 logger.go:66:       + supported_cpu_features               = (known after apply)
TestReboot 2026-04-17T16:52:07-05:00 logger.go:66:       + supported_placement_strategies       = (known after apply)
TestReboot 2026-04-17T16:52:07-05:00 logger.go:66:       + supported_root_device_types          = (known after apply)
TestReboot 2026-04-17T16:52:07-05:00 logger.go:66:       + supported_usages_classes             = (known after apply)
TestReboot 2026-04-17T16:52:07-05:00 logger.go:66:       + supported_virtualization_types       = (known after apply)
TestReboot 2026-04-17T16:52:07-05:00 logger.go:66:       + sustained_clock_speed                = (known after apply)
TestReboot 2026-04-17T16:52:07-05:00 logger.go:66:       + total_fpga_memory                    = (known after apply)
TestReboot 2026-04-17T16:52:07-05:00 logger.go:66:       + total_gpu_memory                     = (known after apply)
TestReboot 2026-04-17T16:52:07-05:00 logger.go:66:       + total_inference_memory               = (known after apply)
TestReboot 2026-04-17T16:52:07-05:00 logger.go:66:       + total_instance_storage               = (known after apply)
TestReboot 2026-04-17T16:52:07-05:00 logger.go:66:       + total_media_memory                   = (known after apply)
TestReboot 2026-04-17T16:52:07-05:00 logger.go:66:       + total_neuron_device_memory           = (known after apply)
TestReboot 2026-04-17T16:52:07-05:00 logger.go:66:       + valid_cores                          = (known after apply)
TestReboot 2026-04-17T16:52:07-05:00 logger.go:66:       + valid_threads_per_core               = (known after apply)
TestReboot 2026-04-17T16:52:07-05:00 logger.go:66:     }
TestReboot 2026-04-17T16:52:07-05:00 logger.go:66: 
TestReboot 2026-04-17T16:52:07-05:00 logger.go:66:   # module.server.module.server[0].data.aws_key_pair.ssh_key_selected[0] will be read during apply
TestReboot 2026-04-17T16:52:07-05:00 logger.go:66:   # (depends on a resource or a module with changes pending)
TestReboot 2026-04-17T16:52:07-05:00 logger.go:66:  <= data "aws_key_pair" "ssh_key_selected" {
TestReboot 2026-04-17T16:52:07-05:00 logger.go:66:       + arn         = (known after apply)
TestReboot 2026-04-17T16:52:07-05:00 logger.go:66:       + create_time = (known after apply)
TestReboot 2026-04-17T16:52:07-05:00 logger.go:66:       + fingerprint = (known after apply)
TestReboot 2026-04-17T16:52:07-05:00 logger.go:66:       + id          = (known after apply)
TestReboot 2026-04-17T16:52:07-05:00 logger.go:66:       + key_name    = "terraform-ci-YS0zMTE0Mi1kCg-reboot"
TestReboot 2026-04-17T16:52:07-05:00 logger.go:66:       + key_type    = (known after apply)
TestReboot 2026-04-17T16:52:07-05:00 logger.go:66:       + public_key  = (known after apply)
TestReboot 2026-04-17T16:52:07-05:00 logger.go:66:       + region      = (known after apply)
TestReboot 2026-04-17T16:52:07-05:00 logger.go:66:       + tags        = (known after apply)
TestReboot 2026-04-17T16:52:07-05:00 logger.go:66:     }
TestReboot 2026-04-17T16:52:07-05:00 logger.go:66: 
TestReboot 2026-04-17T16:52:07-05:00 logger.go:66:   # module.server.module.server[0].data.aws_security_group.general_info_create[0] will be read during apply
TestReboot 2026-04-17T16:52:07-05:00 logger.go:66:   # (depends on a resource or a module with changes pending)
TestReboot 2026-04-17T16:52:07-05:00 logger.go:66:  <= data "aws_security_group" "general_info_create" {
TestReboot 2026-04-17T16:52:07-05:00 logger.go:66:       + arn         = (known after apply)
TestReboot 2026-04-17T16:52:07-05:00 logger.go:66:       + description = (known after apply)
TestReboot 2026-04-17T16:52:07-05:00 logger.go:66:       + id          = (known after apply)
TestReboot 2026-04-17T16:52:07-05:00 logger.go:66:       + name        = (known after apply)
TestReboot 2026-04-17T16:52:07-05:00 logger.go:66:       + region      = (known after apply)
TestReboot 2026-04-17T16:52:07-05:00 logger.go:66:       + tags        = (known after apply)
TestReboot 2026-04-17T16:52:07-05:00 logger.go:66:       + vpc_id      = (known after apply)
TestReboot 2026-04-17T16:52:07-05:00 logger.go:66: 
TestReboot 2026-04-17T16:52:07-05:00 logger.go:66:       + filter {
TestReboot 2026-04-17T16:52:07-05:00 logger.go:66:           + name   = "tag:Name"
TestReboot 2026-04-17T16:52:07-05:00 logger.go:66:           + values = [
TestReboot 2026-04-17T16:52:07-05:00 logger.go:66:               + "tf-d0ef3-YS0zMTE0Mi1kCg-reboot-sg",
TestReboot 2026-04-17T16:52:07-05:00 logger.go:66:             ]
TestReboot 2026-04-17T16:52:07-05:00 logger.go:66:         }
TestReboot 2026-04-17T16:52:07-05:00 logger.go:66:     }
TestReboot 2026-04-17T16:52:07-05:00 logger.go:66: 
TestReboot 2026-04-17T16:52:07-05:00 logger.go:66:   # module.server.module.server[0].data.aws_subnet.general_info_create[0] will be read during apply
TestReboot 2026-04-17T16:52:07-05:00 logger.go:66:   # (depends on a resource or a module with changes pending)
TestReboot 2026-04-17T16:52:07-05:00 logger.go:66:  <= data "aws_subnet" "general_info_create" {
TestReboot 2026-04-17T16:52:07-05:00 logger.go:66:       + arn                                            = (known after apply)
TestReboot 2026-04-17T16:52:07-05:00 logger.go:66:       + assign_ipv6_address_on_creation                = (known after apply)
TestReboot 2026-04-17T16:52:07-05:00 logger.go:66:       + availability_zone                              = (known after apply)
TestReboot 2026-04-17T16:52:07-05:00 logger.go:66:       + availability_zone_id                           = (known after apply)
TestReboot 2026-04-17T16:52:07-05:00 logger.go:66:       + available_ip_address_count                     = (known after apply)
TestReboot 2026-04-17T16:52:07-05:00 logger.go:66:       + cidr_block                                     = (known after apply)
TestReboot 2026-04-17T16:52:07-05:00 logger.go:66:       + customer_owned_ipv4_pool                       = (known after apply)
TestReboot 2026-04-17T16:52:07-05:00 logger.go:66:       + default_for_az                                 = (known after apply)
TestReboot 2026-04-17T16:52:07-05:00 logger.go:66:       + enable_dns64                                   = (known after apply)
TestReboot 2026-04-17T16:52:07-05:00 logger.go:66:       + enable_lni_at_device_index                     = (known after apply)
TestReboot 2026-04-17T16:52:07-05:00 logger.go:66:       + enable_resource_name_dns_a_record_on_launch    = (known after apply)
TestReboot 2026-04-17T16:52:07-05:00 logger.go:66:       + enable_resource_name_dns_aaaa_record_on_launch = (known after apply)
TestReboot 2026-04-17T16:52:07-05:00 logger.go:66:       + id                                             = (known after apply)
TestReboot 2026-04-17T16:52:07-05:00 logger.go:66:       + ipv6_cidr_block                                = (known after apply)
TestReboot 2026-04-17T16:52:07-05:00 logger.go:66:       + ipv6_cidr_block_association_id                 = (known after apply)
TestReboot 2026-04-17T16:52:07-05:00 logger.go:66:       + ipv6_native                                    = (known after apply)
TestReboot 2026-04-17T16:52:07-05:00 logger.go:66:       + map_customer_owned_ip_on_launch                = (known after apply)
TestReboot 2026-04-17T16:52:07-05:00 logger.go:66:       + map_public_ip_on_launch                        = (known after apply)
TestReboot 2026-04-17T16:52:07-05:00 logger.go:66:       + outpost_arn                                    = (known after apply)
TestReboot 2026-04-17T16:52:07-05:00 logger.go:66:       + owner_id                                       = (known after apply)
TestReboot 2026-04-17T16:52:07-05:00 logger.go:66:       + private_dns_hostname_type_on_launch            = (known after apply)
TestReboot 2026-04-17T16:52:07-05:00 logger.go:66:       + region                                         = (known after apply)
TestReboot 2026-04-17T16:52:07-05:00 logger.go:66:       + state                                          = (known after apply)
TestReboot 2026-04-17T16:52:07-05:00 logger.go:66:       + tags                                           = (known after apply)
TestReboot 2026-04-17T16:52:07-05:00 logger.go:66:       + vpc_id                                         = (known after apply)
TestReboot 2026-04-17T16:52:07-05:00 logger.go:66: 
TestReboot 2026-04-17T16:52:07-05:00 logger.go:66:       + filter {
TestReboot 2026-04-17T16:52:07-05:00 logger.go:66:           + name   = "tag:Name"
TestReboot 2026-04-17T16:52:07-05:00 logger.go:66:           + values = [
TestReboot 2026-04-17T16:52:07-05:00 logger.go:66:               + "tf-d0ef3-YS0zMTE0Mi1kCg-reboot-vpc-us-west-2a",
TestReboot 2026-04-17T16:52:07-05:00 logger.go:66:             ]
TestReboot 2026-04-17T16:52:07-05:00 logger.go:66:         }
TestReboot 2026-04-17T16:52:07-05:00 logger.go:66:     }
TestReboot 2026-04-17T16:52:07-05:00 logger.go:66: 
TestReboot 2026-04-17T16:52:07-05:00 logger.go:66:   # module.server.module.server[0].data.aws_vpc.general_info_create[0] will be read during apply
TestReboot 2026-04-17T16:52:07-05:00 logger.go:66:   # (config refers to values not yet known)
TestReboot 2026-04-17T16:52:07-05:00 logger.go:66:  <= data "aws_vpc" "general_info_create" {
TestReboot 2026-04-17T16:52:07-05:00 logger.go:66:       + arn                                  = (known after apply)
TestReboot 2026-04-17T16:52:07-05:00 logger.go:66:       + cidr_block                           = (known after apply)
TestReboot 2026-04-17T16:52:07-05:00 logger.go:66:       + cidr_block_associations              = (known after apply)
TestReboot 2026-04-17T16:52:07-05:00 logger.go:66:       + default                              = (known after apply)
TestReboot 2026-04-17T16:52:07-05:00 logger.go:66:       + dhcp_options_id                      = (known after apply)
TestReboot 2026-04-17T16:52:07-05:00 logger.go:66:       + enable_dns_hostnames                 = (known after apply)
TestReboot 2026-04-17T16:52:07-05:00 logger.go:66:       + enable_dns_support                   = (known after apply)
TestReboot 2026-04-17T16:52:07-05:00 logger.go:66:       + enable_network_address_usage_metrics = (known after apply)
TestReboot 2026-04-17T16:52:07-05:00 logger.go:66:       + id                                   = (known after apply)
TestReboot 2026-04-17T16:52:07-05:00 logger.go:66:       + instance_tenancy                     = (known after apply)
TestReboot 2026-04-17T16:52:07-05:00 logger.go:66:       + ipv6_association_id                  = (known after apply)
TestReboot 2026-04-17T16:52:07-05:00 logger.go:66:       + ipv6_cidr_block                      = (known after apply)
TestReboot 2026-04-17T16:52:07-05:00 logger.go:66:       + main_route_table_id                  = (known after apply)
TestReboot 2026-04-17T16:52:07-05:00 logger.go:66:       + owner_id                             = (known after apply)
TestReboot 2026-04-17T16:52:07-05:00 logger.go:66:       + region                               = (known after apply)
TestReboot 2026-04-17T16:52:07-05:00 logger.go:66:       + state                                = (known after apply)
TestReboot 2026-04-17T16:52:07-05:00 logger.go:66:       + tags                                 = (known after apply)
TestReboot 2026-04-17T16:52:07-05:00 logger.go:66:     }
TestReboot 2026-04-17T16:52:07-05:00 logger.go:66: 
TestReboot 2026-04-17T16:52:07-05:00 logger.go:66:   # module.server.module.server[0].aws_instance.created[0] will be created
TestReboot 2026-04-17T16:52:07-05:00 logger.go:66:   + resource "aws_instance" "created" {
TestReboot 2026-04-17T16:52:07-05:00 logger.go:66:       + ami                                  = (known after apply)
TestReboot 2026-04-17T16:52:07-05:00 logger.go:66:       + arn                                  = (known after apply)
TestReboot 2026-04-17T16:52:07-05:00 logger.go:66:       + associate_public_ip_address          = (known after apply)
TestReboot 2026-04-17T16:52:07-05:00 logger.go:66:       + availability_zone                    = (known after apply)
TestReboot 2026-04-17T16:52:07-05:00 logger.go:66:       + disable_api_stop                     = (known after apply)
TestReboot 2026-04-17T16:52:07-05:00 logger.go:66:       + disable_api_termination              = (known after apply)
TestReboot 2026-04-17T16:52:07-05:00 logger.go:66:       + ebs_optimized                        = (known after apply)
TestReboot 2026-04-17T16:52:07-05:00 logger.go:66:       + enable_primary_ipv6                  = (known after apply)
TestReboot 2026-04-17T16:52:07-05:00 logger.go:66:       + force_destroy                        = false
TestReboot 2026-04-17T16:52:07-05:00 logger.go:66:       + get_password_data                    = false
TestReboot 2026-04-17T16:52:07-05:00 logger.go:66:       + host_id                              = (known after apply)
TestReboot 2026-04-17T16:52:07-05:00 logger.go:66:       + host_resource_group_arn              = (known after apply)
TestReboot 2026-04-17T16:52:07-05:00 logger.go:66:       + iam_instance_profile                 = (known after apply)
TestReboot 2026-04-17T16:52:07-05:00 logger.go:66:       + id                                   = (known after apply)
TestReboot 2026-04-17T16:52:07-05:00 logger.go:66:       + instance_initiated_shutdown_behavior = "stop"
TestReboot 2026-04-17T16:52:07-05:00 logger.go:66:       + instance_lifecycle                   = (known after apply)
TestReboot 2026-04-17T16:52:07-05:00 logger.go:66:       + instance_state                       = (known after apply)
TestReboot 2026-04-17T16:52:07-05:00 logger.go:66:       + instance_type                        = (known after apply)
TestReboot 2026-04-17T16:52:07-05:00 logger.go:66:       + ipv6_address_count                   = (known after apply)
TestReboot 2026-04-17T16:52:07-05:00 logger.go:66:       + ipv6_addresses                       = (known after apply)
TestReboot 2026-04-17T16:52:07-05:00 logger.go:66:       + key_name                             = "terraform-ci-YS0zMTE0Mi1kCg-reboot"
TestReboot 2026-04-17T16:52:07-05:00 logger.go:66:       + monitoring                           = (known after apply)
TestReboot 2026-04-17T16:52:07-05:00 logger.go:66:       + outpost_arn                          = (known after apply)
TestReboot 2026-04-17T16:52:07-05:00 logger.go:66:       + password_data                        = (known after apply)
TestReboot 2026-04-17T16:52:07-05:00 logger.go:66:       + placement_group                      = (known after apply)
TestReboot 2026-04-17T16:52:07-05:00 logger.go:66:       + placement_group_id                   = (known after apply)
TestReboot 2026-04-17T16:52:07-05:00 logger.go:66:       + placement_partition_number           = (known after apply)
TestReboot 2026-04-17T16:52:07-05:00 logger.go:66:       + primary_network_interface_id         = (known after apply)
TestReboot 2026-04-17T16:52:07-05:00 logger.go:66:       + private_dns                          = (known after apply)
TestReboot 2026-04-17T16:52:07-05:00 logger.go:66:       + private_ip                           = (known after apply)
TestReboot 2026-04-17T16:52:07-05:00 logger.go:66:       + public_dns                           = (known after apply)
TestReboot 2026-04-17T16:52:07-05:00 logger.go:66:       + public_ip                            = (known after apply)
TestReboot 2026-04-17T16:52:07-05:00 logger.go:66:       + region                               = "us-west-2"
TestReboot 2026-04-17T16:52:07-05:00 logger.go:66:       + secondary_private_ips                = (known after apply)
TestReboot 2026-04-17T16:52:07-05:00 logger.go:66:       + security_groups                      = (known after apply)
TestReboot 2026-04-17T16:52:07-05:00 logger.go:66:       + source_dest_check                    = true
TestReboot 2026-04-17T16:52:07-05:00 logger.go:66:       + spot_instance_request_id             = (known after apply)
TestReboot 2026-04-17T16:52:07-05:00 logger.go:66:       + subnet_id                            = (known after apply)
TestReboot 2026-04-17T16:52:07-05:00 logger.go:66:       + tags                                 = (known after apply)
TestReboot 2026-04-17T16:52:07-05:00 logger.go:66:       + tags_all                             = (known after apply)
TestReboot 2026-04-17T16:52:07-05:00 logger.go:66:       + tenancy                              = (known after apply)
TestReboot 2026-04-17T16:52:07-05:00 logger.go:66:       + user_data_base64                     = (known after apply)
TestReboot 2026-04-17T16:52:07-05:00 logger.go:66:       + user_data_replace_on_change          = true
TestReboot 2026-04-17T16:52:07-05:00 logger.go:66:       + vpc_security_group_ids               = (known after apply)
TestReboot 2026-04-17T16:52:07-05:00 logger.go:66: 
TestReboot 2026-04-17T16:52:07-05:00 logger.go:66:       + root_block_device {
TestReboot 2026-04-17T16:52:07-05:00 logger.go:66:           + delete_on_termination = true
TestReboot 2026-04-17T16:52:07-05:00 logger.go:66:           + device_name           = (known after apply)
TestReboot 2026-04-17T16:52:07-05:00 logger.go:66:           + encrypted             = (known after apply)
TestReboot 2026-04-17T16:52:07-05:00 logger.go:66:           + iops                  = (known after apply)
TestReboot 2026-04-17T16:52:07-05:00 logger.go:66:           + kms_key_id            = (known after apply)
TestReboot 2026-04-17T16:52:07-05:00 logger.go:66:           + tags                  = (known after apply)
TestReboot 2026-04-17T16:52:07-05:00 logger.go:66:           + tags_all              = (known after apply)
TestReboot 2026-04-17T16:52:07-05:00 logger.go:66:           + throughput            = (known after apply)
TestReboot 2026-04-17T16:52:07-05:00 logger.go:66:           + volume_id             = (known after apply)
TestReboot 2026-04-17T16:52:07-05:00 logger.go:66:           + volume_size           = 20
TestReboot 2026-04-17T16:52:07-05:00 logger.go:66:           + volume_type           = (known after apply)
TestReboot 2026-04-17T16:52:07-05:00 logger.go:66:         }
TestReboot 2026-04-17T16:52:07-05:00 logger.go:66:     }
TestReboot 2026-04-17T16:52:07-05:00 logger.go:66: 
TestReboot 2026-04-17T16:52:07-05:00 logger.go:66: Plan: 28 to add, 0 to change, 0 to destroy.
TestReboot 2026-04-17T16:52:07-05:00 logger.go:66: 
TestReboot 2026-04-17T16:52:07-05:00 logger.go:66: Changes to Outputs:
TestReboot 2026-04-17T16:52:07-05:00 logger.go:66:   + access = (sensitive value)
TestReboot 2026-04-17T16:52:07-05:00 logger.go:66:   + server = {
TestReboot 2026-04-17T16:52:07-05:00 logger.go:66:       + availability_zone                 = (known after apply)
TestReboot 2026-04-17T16:52:07-05:00 logger.go:66:       + id                                = (known after apply)
TestReboot 2026-04-17T16:52:07-05:00 logger.go:66:       + instance_state                    = (known after apply)
TestReboot 2026-04-17T16:52:07-05:00 logger.go:66:       + ipv6_addresses                    = (known after apply)
TestReboot 2026-04-17T16:52:07-05:00 logger.go:66:       + key_name                          = "terraform-ci-YS0zMTE0Mi1kCg-reboot"
TestReboot 2026-04-17T16:52:07-05:00 logger.go:66:       + primary_network_interface_id      = ""
TestReboot 2026-04-17T16:52:07-05:00 logger.go:66:       + private_ip                        = (known after apply)
TestReboot 2026-04-17T16:52:07-05:00 logger.go:66:       + public_dns                        = (known after apply)
TestReboot 2026-04-17T16:52:07-05:00 logger.go:66:       + public_ip                         = (known after apply)
TestReboot 2026-04-17T16:52:07-05:00 logger.go:66:       + root_volume_delete_on_termination = (known after apply)
TestReboot 2026-04-17T16:52:07-05:00 logger.go:66:       + root_volume_encrypted             = (known after apply)
TestReboot 2026-04-17T16:52:07-05:00 logger.go:66:       + root_volume_id                    = (known after apply)
TestReboot 2026-04-17T16:52:07-05:00 logger.go:66:       + root_volume_size                  = (known after apply)
TestReboot 2026-04-17T16:52:07-05:00 logger.go:66:       + root_volume_tags                  = (known after apply)
TestReboot 2026-04-17T16:52:07-05:00 logger.go:66:       + security_group_ids                = (known after apply)
TestReboot 2026-04-17T16:52:07-05:00 logger.go:66:       + shutdown_behavior                 = "stop"
TestReboot 2026-04-17T16:52:07-05:00 logger.go:66:       + subnet_id                         = (known after apply)
TestReboot 2026-04-17T16:52:07-05:00 logger.go:66:       + tags_all                          = (known after apply)
TestReboot 2026-04-17T16:52:07-05:00 logger.go:66:       + type_id                           = (known after apply)
TestReboot 2026-04-17T16:52:07-05:00 logger.go:66:       + user_data_base64                  = (known after apply)
TestReboot 2026-04-17T16:52:07-05:00 logger.go:66:       + user_data_replace_on_change       = true
TestReboot 2026-04-17T16:52:07-05:00 logger.go:66:       + volume_tags                       = null
TestReboot 2026-04-17T16:52:07-05:00 logger.go:66:       + vpc_id                            = (known after apply)
TestReboot 2026-04-17T16:52:07-05:00 logger.go:66:     }
TestReboot 2026-04-17T16:52:07-05:00 logger.go:66: module.config.null_resource.write_config["50-initial-generated-config.yaml"]: Creating...
TestReboot 2026-04-17T16:52:07-05:00 logger.go:66: random_pet.server: Creating...
TestReboot 2026-04-17T16:52:07-05:00 logger.go:66: module.config.null_resource.write_config["50-initial-generated-config.yaml"]: Provisioning with 'local-exec'...
TestReboot 2026-04-17T16:52:07-05:00 logger.go:66: random_pet.server: Creation complete after 0s [id=gazelle]
TestReboot 2026-04-17T16:52:07-05:00 logger.go:66: module.config.null_resource.write_config["50-initial-generated-config.yaml"] (local-exec): Executing: ["/bin/sh" "-c" "set -e\nset -x\ninstall -d './data/YS0zMTE0Mi1kCg-reboot'\ncat << EOF > './data/YS0zMTE0Mi1kCg-reboot/50-initial-generated-config.yaml'\n\nEOF\nchmod 0600 './data/YS0zMTE0Mi1kCg-reboot/50-initial-generated-config.yaml'\n"]
TestReboot 2026-04-17T16:52:07-05:00 logger.go:66: module.config.null_resource.write_config["50-initial-generated-config.yaml"] (local-exec): + install -d ./data/YS0zMTE0Mi1kCg-reboot
TestReboot 2026-04-17T16:52:07-05:00 logger.go:66: module.config.null_resource.write_config["50-initial-generated-config.yaml"] (local-exec): + cat
TestReboot 2026-04-17T16:52:07-05:00 logger.go:66: module.config.null_resource.write_config["50-initial-generated-config.yaml"] (local-exec): + chmod 0600 ./data/YS0zMTE0Mi1kCg-reboot/50-initial-generated-config.yaml
TestReboot 2026-04-17T16:52:07-05:00 logger.go:66: module.config.null_resource.write_config["50-initial-generated-config.yaml"]: Creation complete after 0s [id=8224297989399399876]
TestReboot 2026-04-17T16:52:08-05:00 logger.go:66: module.access.module.vpc[0].aws_vpc.new[0]: Creating...
TestReboot 2026-04-17T16:52:18-05:00 logger.go:66: module.access.module.vpc[0].aws_vpc.new[0]: Still creating... [10s elapsed]
TestReboot 2026-04-17T16:52:21-05:00 logger.go:66: module.access.module.vpc[0].aws_vpc.new[0]: Creation complete after 12s [id=vpc-0194a17e0af8c23a5]
TestReboot 2026-04-17T16:52:21-05:00 logger.go:66: module.access.module.vpc[0].aws_internet_gateway.new[0]: Creating...
TestReboot 2026-04-17T16:52:21-05:00 logger.go:66: module.access.module.vpc[0].aws_internet_gateway.new[0]: Creation complete after 1s [id=igw-0896b910ec9276beb]
TestReboot 2026-04-17T16:52:21-05:00 logger.go:66: module.access.module.vpc[0].aws_route.public_ipv4[0]: Creating...
TestReboot 2026-04-17T16:52:22-05:00 logger.go:66: module.access.module.vpc[0].aws_route.public_ipv4[0]: Creation complete after 1s [id=r-rtb-0b42dcaed086f3cbf1080289494]
TestReboot 2026-04-17T16:52:22-05:00 logger.go:66: module.access.module.subnet["0"].aws_subnet.created[0]: Creating...
TestReboot 2026-04-17T16:52:23-05:00 logger.go:66: module.access.module.subnet["0"].aws_subnet.created[0]: Creation complete after 1s [id=subnet-06fd050084d3b716c]
TestReboot 2026-04-17T16:52:23-05:00 logger.go:66: module.access.module.project_security_group[0].aws_security_group.new[0]: Creating...
TestReboot 2026-04-17T16:52:25-05:00 logger.go:66: module.access.module.project_security_group[0].aws_security_group.new[0]: Creation complete after 2s [id=sg-0d2e2bb2a01351791]
TestReboot 2026-04-17T16:52:25-05:00 logger.go:66: module.access.module.project_security_group[0].aws_vpc_security_group_egress_rule.external_egress_ipv4[0]: Creating...
TestReboot 2026-04-17T16:52:25-05:00 logger.go:66: module.access.module.project_security_group[0].aws_vpc_security_group_egress_rule.project_egress_ipv4[0]: Creating...
TestReboot 2026-04-17T16:52:25-05:00 logger.go:66: module.access.module.project_security_group[0].aws_vpc_security_group_ingress_rule.project_ingress_ipv4[0]: Creating...
TestReboot 2026-04-17T16:52:26-05:00 logger.go:66: module.access.module.project_security_group[0].aws_vpc_security_group_egress_rule.external_egress_ipv4[0]: Creation complete after 0s [id=sgr-05da5342f0b2f6658]
TestReboot 2026-04-17T16:52:28-05:00 logger.go:66: module.access.module.project_security_group[0].aws_vpc_security_group_egress_rule.project_egress_ipv4[0]: Creation complete after 2s [id=sgr-041d0f54ec50ceac2]
TestReboot 2026-04-17T16:52:28-05:00 logger.go:66: module.access.module.project_security_group[0].aws_vpc_security_group_ingress_rule.project_ingress_ipv4[0]: Creation complete after 2s [id=sgr-0882e84974f4db6ec]
TestReboot 2026-04-17T16:52:28-05:00 logger.go:66: module.server.module.image[0].data.aws_ami.search[0]: Reading...
TestReboot 2026-04-17T16:52:28-05:00 logger.go:66: module.server.module.image[0].data.aws_ami.search[0]: Read complete after 1s [id=ami-06f36f10a4fc52ea4]
TestReboot 2026-04-17T16:52:28-05:00 logger.go:66: module.server.module.server[0].data.aws_key_pair.ssh_key_selected[0]: Reading...
TestReboot 2026-04-17T16:52:28-05:00 logger.go:66: module.server.module.server[0].data.aws_security_group.general_info_create[0]: Reading...
TestReboot 2026-04-17T16:52:28-05:00 logger.go:66: module.server.module.server[0].data.aws_subnet.general_info_create[0]: Reading...
TestReboot 2026-04-17T16:52:28-05:00 logger.go:66: module.server.module.server[0].data.aws_ec2_instance_type.general_info_create[0]: Reading...
TestReboot 2026-04-17T16:52:28-05:00 logger.go:66: module.server.module.server[0].data.aws_key_pair.ssh_key_selected[0]: Read complete after 0s [id=key-00015523955150416]
TestReboot 2026-04-17T16:52:28-05:00 logger.go:66: module.server.module.server[0].data.aws_subnet.general_info_create[0]: Read complete after 0s [id=subnet-06fd050084d3b716c]
TestReboot 2026-04-17T16:52:29-05:00 logger.go:66: module.server.module.server[0].data.aws_availability_zone.general_info_create[0]: Reading...
TestReboot 2026-04-17T16:52:29-05:00 logger.go:66: module.server.module.server[0].data.aws_security_group.general_info_create[0]: Read complete after 0s [id=sg-0d2e2bb2a01351791]
TestReboot 2026-04-17T16:52:29-05:00 logger.go:66: module.server.module.server[0].data.aws_vpc.general_info_create[0]: Reading...
TestReboot 2026-04-17T16:52:29-05:00 logger.go:66: module.server.module.server[0].data.aws_ec2_instance_type.general_info_create[0]: Read complete after 0s [id=c8i.large]
TestReboot 2026-04-17T16:52:29-05:00 logger.go:66: module.server.module.server[0].aws_instance.created[0]: Creating...
TestReboot 2026-04-17T16:52:29-05:00 logger.go:66: module.server.module.server[0].data.aws_availability_zone.general_info_create[0]: Read complete after 0s [id=us-west-2a]
TestReboot 2026-04-17T16:52:29-05:00 logger.go:66: module.server.module.server[0].data.aws_vpc.general_info_create[0]: Read complete after 1s [id=vpc-0194a17e0af8c23a5]
TestReboot 2026-04-17T16:52:39-05:00 logger.go:66: module.server.module.server[0].aws_instance.created[0]: Still creating... [10s elapsed]
TestReboot 2026-04-17T16:52:43-05:00 logger.go:66: module.server.module.server[0].aws_instance.created[0]: Creation complete after 14s [id=i-0ebbeeeab0aca64ff]
TestReboot 2026-04-17T16:52:43-05:00 logger.go:66: module.server.module.direct_access[0].data.aws_security_group.server_security_group: Reading...
TestReboot 2026-04-17T16:52:43-05:00 logger.go:66: module.server.module.direct_access[0].aws_eip.created[0]: Creating...
TestReboot 2026-04-17T16:52:43-05:00 logger.go:66: module.server.module.direct_access[0].aws_security_group.direct_access: Creating...
TestReboot 2026-04-17T16:52:43-05:00 logger.go:66: module.server.module.direct_access[0].data.aws_security_group.server_security_group: Read complete after 0s [id=sg-0d2e2bb2a01351791]
TestReboot 2026-04-17T16:52:44-05:00 logger.go:66: module.server.module.direct_access[0].aws_eip.created[0]: Creation complete after 1s [id=eipalloc-0c1616de58fd3c475]
TestReboot 2026-04-17T16:52:44-05:00 logger.go:66: module.server.module.direct_access[0].aws_eip_association.created[0]: Creating...
TestReboot 2026-04-17T16:52:45-05:00 logger.go:66: module.server.module.direct_access[0].aws_security_group.direct_access: Creation complete after 2s [id=sg-0159c66512429d4c7]
TestReboot 2026-04-17T16:52:45-05:00 logger.go:66: module.server.module.direct_access[0].aws_network_interface_sg_attachment.server_security_group_attachment: Creating...
TestReboot 2026-04-17T16:52:45-05:00 logger.go:66: module.server.module.direct_access[0].aws_vpc_security_group_ingress_rule.server_direct_link: Creating...
TestReboot 2026-04-17T16:52:45-05:00 logger.go:66: module.server.module.direct_access[0].aws_vpc_security_group_ingress_rule.server_ingress["runnerKube-0"]: Creating...
TestReboot 2026-04-17T16:52:45-05:00 logger.go:66: module.server.module.direct_access[0].aws_vpc_security_group_ingress_rule.server_ingress["runnerSsh-0"]: Creating...
TestReboot 2026-04-17T16:52:45-05:00 logger.go:66: module.server.module.direct_access[0].aws_vpc_security_group_ingress_rule.server_ingress["runnerKube-0"]: Creation complete after 1s [id=sgr-032be4cfedf71d5aa]
TestReboot 2026-04-17T16:52:45-05:00 logger.go:66: module.server.module.direct_access[0].aws_vpc_security_group_ingress_rule.server_ingress["runnerSsh-0"]: Creation complete after 1s [id=sgr-00a958ebcbb6f4e9d]
TestReboot 2026-04-17T16:52:45-05:00 logger.go:66: module.server.module.direct_access[0].aws_vpc_security_group_ingress_rule.server_direct_link: Creation complete after 1s [id=sgr-0a9dde9accee98a37]
TestReboot 2026-04-17T16:52:46-05:00 logger.go:66: module.server.module.direct_access[0].aws_eip_association.created[0]: Creation complete after 2s [id=eipassoc-06d2273a5c630590b]
TestReboot 2026-04-17T16:52:46-05:00 logger.go:66: module.server.module.direct_access[0].aws_network_interface_sg_attachment.server_security_group_attachment: Creation complete after 1s [id=sg-0159c66512429d4c7_eni-0475ca5eaa0fdafeb]
TestReboot 2026-04-17T16:52:46-05:00 logger.go:66: module.server.module.direct_access[0].terraform_data.setup[0]: Creating...
TestReboot 2026-04-17T16:52:46-05:00 logger.go:66: module.server.module.direct_access[0].terraform_data.setup[0]: Provisioning with 'remote-exec'...
TestReboot 2026-04-17T16:52:46-05:00 logger.go:66: module.server.module.direct_access[0].terraform_data.setup[0] (remote-exec): Connecting to remote host via SSH...
TestReboot 2026-04-17T16:52:46-05:00 logger.go:66: module.server.module.direct_access[0].terraform_data.setup[0] (remote-exec):   Host: 52.37.171.161
TestReboot 2026-04-17T16:52:46-05:00 logger.go:66: module.server.module.direct_access[0].terraform_data.setup[0] (remote-exec):   User: ec2-user
TestReboot 2026-04-17T16:52:46-05:00 logger.go:66: module.server.module.direct_access[0].terraform_data.setup[0] (remote-exec):   Password: false
TestReboot 2026-04-17T16:52:46-05:00 logger.go:66: module.server.module.direct_access[0].terraform_data.setup[0] (remote-exec):   Private key: false
TestReboot 2026-04-17T16:52:46-05:00 logger.go:66: module.server.module.direct_access[0].terraform_data.setup[0] (remote-exec):   Certificate: false
TestReboot 2026-04-17T16:52:46-05:00 logger.go:66: module.server.module.direct_access[0].terraform_data.setup[0] (remote-exec):   SSH Agent: true
TestReboot 2026-04-17T16:52:46-05:00 logger.go:66: module.server.module.direct_access[0].terraform_data.setup[0] (remote-exec):   Checking Host Key: false
TestReboot 2026-04-17T16:52:46-05:00 logger.go:66: module.server.module.direct_access[0].terraform_data.setup[0] (remote-exec):   Target Platform: unix
TestReboot 2026-04-17T16:52:56-05:00 logger.go:66: module.server.module.direct_access[0].terraform_data.setup[0]: Still creating... [10s elapsed]
TestReboot 2026-04-17T16:53:02-05:00 logger.go:66: module.server.module.direct_access[0].terraform_data.setup[0] (remote-exec): Connecting to remote host via SSH...
TestReboot 2026-04-17T16:53:02-05:00 logger.go:66: module.server.module.direct_access[0].terraform_data.setup[0] (remote-exec):   Host: 52.37.171.161
TestReboot 2026-04-17T16:53:02-05:00 logger.go:66: module.server.module.direct_access[0].terraform_data.setup[0] (remote-exec):   User: ec2-user
TestReboot 2026-04-17T16:53:02-05:00 logger.go:66: module.server.module.direct_access[0].terraform_data.setup[0] (remote-exec):   Password: false
TestReboot 2026-04-17T16:53:02-05:00 logger.go:66: module.server.module.direct_access[0].terraform_data.setup[0] (remote-exec):   Private key: false
TestReboot 2026-04-17T16:53:02-05:00 logger.go:66: module.server.module.direct_access[0].terraform_data.setup[0] (remote-exec):   Certificate: false
TestReboot 2026-04-17T16:53:02-05:00 logger.go:66: module.server.module.direct_access[0].terraform_data.setup[0] (remote-exec):   SSH Agent: true
TestReboot 2026-04-17T16:53:02-05:00 logger.go:66: module.server.module.direct_access[0].terraform_data.setup[0] (remote-exec):   Checking Host Key: false
TestReboot 2026-04-17T16:53:02-05:00 logger.go:66: module.server.module.direct_access[0].terraform_data.setup[0] (remote-exec):   Target Platform: unix
TestReboot 2026-04-17T16:53:06-05:00 logger.go:66: module.server.module.direct_access[0].terraform_data.setup[0]: Still creating... [20s elapsed]
TestReboot 2026-04-17T16:53:08-05:00 logger.go:66: module.server.module.direct_access[0].terraform_data.setup[0] (remote-exec): Connecting to remote host via SSH...
TestReboot 2026-04-17T16:53:08-05:00 logger.go:66: module.server.module.direct_access[0].terraform_data.setup[0] (remote-exec):   Host: 52.37.171.161
TestReboot 2026-04-17T16:53:08-05:00 logger.go:66: module.server.module.direct_access[0].terraform_data.setup[0] (remote-exec):   User: ec2-user
TestReboot 2026-04-17T16:53:08-05:00 logger.go:66: module.server.module.direct_access[0].terraform_data.setup[0] (remote-exec):   Password: false
TestReboot 2026-04-17T16:53:08-05:00 logger.go:66: module.server.module.direct_access[0].terraform_data.setup[0] (remote-exec):   Private key: false
TestReboot 2026-04-17T16:53:08-05:00 logger.go:66: module.server.module.direct_access[0].terraform_data.setup[0] (remote-exec):   Certificate: false
TestReboot 2026-04-17T16:53:08-05:00 logger.go:66: module.server.module.direct_access[0].terraform_data.setup[0] (remote-exec):   SSH Agent: true
TestReboot 2026-04-17T16:53:08-05:00 logger.go:66: module.server.module.direct_access[0].terraform_data.setup[0] (remote-exec):   Checking Host Key: false
TestReboot 2026-04-17T16:53:08-05:00 logger.go:66: module.server.module.direct_access[0].terraform_data.setup[0] (remote-exec):   Target Platform: unix
TestReboot 2026-04-17T16:53:12-05:00 logger.go:66: module.server.module.direct_access[0].terraform_data.setup[0] (remote-exec): Connecting to remote host via SSH...
TestReboot 2026-04-17T16:53:12-05:00 logger.go:66: module.server.module.direct_access[0].terraform_data.setup[0] (remote-exec):   Host: 52.37.171.161
TestReboot 2026-04-17T16:53:12-05:00 logger.go:66: module.server.module.direct_access[0].terraform_data.setup[0] (remote-exec):   User: ec2-user
TestReboot 2026-04-17T16:53:12-05:00 logger.go:66: module.server.module.direct_access[0].terraform_data.setup[0] (remote-exec):   Password: false
TestReboot 2026-04-17T16:53:12-05:00 logger.go:66: module.server.module.direct_access[0].terraform_data.setup[0] (remote-exec):   Private key: false
TestReboot 2026-04-17T16:53:12-05:00 logger.go:66: module.server.module.direct_access[0].terraform_data.setup[0] (remote-exec):   Certificate: false
TestReboot 2026-04-17T16:53:12-05:00 logger.go:66: module.server.module.direct_access[0].terraform_data.setup[0] (remote-exec):   SSH Agent: true
TestReboot 2026-04-17T16:53:12-05:00 logger.go:66: module.server.module.direct_access[0].terraform_data.setup[0] (remote-exec):   Checking Host Key: false
TestReboot 2026-04-17T16:53:12-05:00 logger.go:66: module.server.module.direct_access[0].terraform_data.setup[0] (remote-exec):   Target Platform: unix
TestReboot 2026-04-17T16:53:16-05:00 logger.go:66: module.server.module.direct_access[0].terraform_data.setup[0]: Still creating... [30s elapsed]
TestReboot 2026-04-17T16:53:20-05:00 logger.go:66: module.server.module.direct_access[0].terraform_data.setup[0] (remote-exec): Connecting to remote host via SSH...
TestReboot 2026-04-17T16:53:20-05:00 logger.go:66: module.server.module.direct_access[0].terraform_data.setup[0] (remote-exec):   Host: 52.37.171.161
TestReboot 2026-04-17T16:53:20-05:00 logger.go:66: module.server.module.direct_access[0].terraform_data.setup[0] (remote-exec):   User: ec2-user
TestReboot 2026-04-17T16:53:20-05:00 logger.go:66: module.server.module.direct_access[0].terraform_data.setup[0] (remote-exec):   Password: false
TestReboot 2026-04-17T16:53:20-05:00 logger.go:66: module.server.module.direct_access[0].terraform_data.setup[0] (remote-exec):   Private key: false
TestReboot 2026-04-17T16:53:20-05:00 logger.go:66: module.server.module.direct_access[0].terraform_data.setup[0] (remote-exec):   Certificate: false
TestReboot 2026-04-17T16:53:20-05:00 logger.go:66: module.server.module.direct_access[0].terraform_data.setup[0] (remote-exec):   SSH Agent: true
TestReboot 2026-04-17T16:53:20-05:00 logger.go:66: module.server.module.direct_access[0].terraform_data.setup[0] (remote-exec):   Checking Host Key: false
TestReboot 2026-04-17T16:53:20-05:00 logger.go:66: module.server.module.direct_access[0].terraform_data.setup[0] (remote-exec):   Target Platform: unix
TestReboot 2026-04-17T16:53:21-05:00 logger.go:66: module.server.module.direct_access[0].terraform_data.setup[0] (remote-exec): Connected!
TestReboot 2026-04-17T16:53:22-05:00 logger.go:66: module.server.module.direct_access[0].terraform_data.setup[0] (remote-exec): connection successful
TestReboot 2026-04-17T16:53:22-05:00 logger.go:66: module.server.module.direct_access[0].terraform_data.setup[0]: Provisioning with 'file'...
TestReboot 2026-04-17T16:53:23-05:00 logger.go:66: module.server.module.direct_access[0].terraform_data.setup[0]: Provisioning with 'remote-exec'...
TestReboot 2026-04-17T16:53:23-05:00 logger.go:66: module.server.module.direct_access[0].terraform_data.setup[0] (remote-exec): Connecting to remote host via SSH...
TestReboot 2026-04-17T16:53:23-05:00 logger.go:66: module.server.module.direct_access[0].terraform_data.setup[0] (remote-exec):   Host: 52.37.171.161
TestReboot 2026-04-17T16:53:23-05:00 logger.go:66: module.server.module.direct_access[0].terraform_data.setup[0] (remote-exec):   User: ec2-user
TestReboot 2026-04-17T16:53:23-05:00 logger.go:66: module.server.module.direct_access[0].terraform_data.setup[0] (remote-exec):   Password: false
TestReboot 2026-04-17T16:53:23-05:00 logger.go:66: module.server.module.direct_access[0].terraform_data.setup[0] (remote-exec):   Private key: false
TestReboot 2026-04-17T16:53:23-05:00 logger.go:66: module.server.module.direct_access[0].terraform_data.setup[0] (remote-exec):   Certificate: false
TestReboot 2026-04-17T16:53:23-05:00 logger.go:66: module.server.module.direct_access[0].terraform_data.setup[0] (remote-exec):   SSH Agent: true
TestReboot 2026-04-17T16:53:23-05:00 logger.go:66: module.server.module.direct_access[0].terraform_data.setup[0] (remote-exec):   Checking Host Key: false
TestReboot 2026-04-17T16:53:23-05:00 logger.go:66: module.server.module.direct_access[0].terraform_data.setup[0] (remote-exec):   Target Platform: unix
TestReboot 2026-04-17T16:53:24-05:00 logger.go:66: module.server.module.direct_access[0].terraform_data.setup[0] (remote-exec): Connected!
TestReboot 2026-04-17T16:53:25-05:00 logger.go:66: module.server.module.direct_access[0].terraform_data.setup[0] (remote-exec): + set -e
TestReboot 2026-04-17T16:53:25-05:00 logger.go:66: module.server.module.direct_access[0].terraform_data.setup[0] (remote-exec): + sudo chmod +x /home/ec2-user/initial.sh
TestReboot 2026-04-17T16:53:25-05:00 logger.go:66: module.server.module.direct_access[0].terraform_data.setup[0] (remote-exec): + sudo /home/ec2-user/initial.sh ec2-user tf-ys0zmte0mi1kcg-reboot tf-d0ef3-YS0zMTE0Mi1kCg-reboot-gazelle wheel 5 true /home/tf-ys0zmte0mi1kcg-reboot
TestReboot 2026-04-17T16:53:25-05:00 logger.go:66: module.server.module.direct_access[0].terraform_data.setup[0] (remote-exec): + set -e
TestReboot 2026-04-17T16:53:25-05:00 logger.go:66: module.server.module.direct_access[0].terraform_data.setup[0] (remote-exec): + INITIAL_USER=ec2-user
TestReboot 2026-04-17T16:53:25-05:00 logger.go:66: module.server.module.direct_access[0].terraform_data.setup[0] (remote-exec): + USER=tf-ys0zmte0mi1kcg-reboot
TestReboot 2026-04-17T16:53:25-05:00 logger.go:66: module.server.module.direct_access[0].terraform_data.setup[0] (remote-exec): + NAME=tf-d0ef3-YS0zMTE0Mi1kCg-reboot-gazelle
TestReboot 2026-04-17T16:53:25-05:00 logger.go:66: module.server.module.direct_access[0].terraform_data.setup[0] (remote-exec): + ADMIN_GROUP=wheel
TestReboot 2026-04-17T16:53:25-05:00 logger.go:66: module.server.module.direct_access[0].terraform_data.setup[0] (remote-exec): + TIMEOUT=5
TestReboot 2026-04-17T16:53:25-05:00 logger.go:66: module.server.module.direct_access[0].terraform_data.setup[0] (remote-exec): + IGNORE_CLOUDINIT=true
TestReboot 2026-04-17T16:53:25-05:00 logger.go:66: module.server.module.direct_access[0].terraform_data.setup[0] (remote-exec): + USER_WORKFOLDER=/home/tf-ys0zmte0mi1kcg-reboot
TestReboot 2026-04-17T16:53:25-05:00 logger.go:66: module.server.module.direct_access[0].terraform_data.setup[0] (remote-exec): + '[' -z ec2-user ']'
TestReboot 2026-04-17T16:53:25-05:00 logger.go:66: module.server.module.direct_access[0].terraform_data.setup[0] (remote-exec): + '[' -z tf-ys0zmte0mi1kcg-reboot ']'
TestReboot 2026-04-17T16:53:25-05:00 logger.go:66: module.server.module.direct_access[0].terraform_data.setup[0] (remote-exec): + '[' -z tf-d0ef3-YS0zMTE0Mi1kCg-reboot-gazelle ']'
TestReboot 2026-04-17T16:53:25-05:00 logger.go:66: module.server.module.direct_access[0].terraform_data.setup[0] (remote-exec): + '[' -z wheel ']'
TestReboot 2026-04-17T16:53:25-05:00 logger.go:66: module.server.module.direct_access[0].terraform_data.setup[0] (remote-exec): + '[' -z 5 ']'
TestReboot 2026-04-17T16:53:25-05:00 logger.go:66: module.server.module.direct_access[0].terraform_data.setup[0] (remote-exec): + '[' -z true ']'
TestReboot 2026-04-17T16:53:25-05:00 logger.go:66: module.server.module.direct_access[0].terraform_data.setup[0] (remote-exec): ++ command -v cloud-init
TestReboot 2026-04-17T16:53:25-05:00 logger.go:66: module.server.module.direct_access[0].terraform_data.setup[0] (remote-exec): + '[' -z /usr/bin/cloud-init ']'
TestReboot 2026-04-17T16:53:25-05:00 logger.go:66: module.server.module.direct_access[0].terraform_data.setup[0] (remote-exec): + '[' true = false ']'
TestReboot 2026-04-17T16:53:25-05:00 logger.go:66: module.server.module.direct_access[0].terraform_data.setup[0] (remote-exec): + '[' true = true ']'
TestReboot 2026-04-17T16:53:25-05:00 logger.go:66: module.server.module.direct_access[0].terraform_data.setup[0] (remote-exec): + IGNORE_CLOUDINIT=1
TestReboot 2026-04-17T16:53:25-05:00 logger.go:66: module.server.module.direct_access[0].terraform_data.setup[0] (remote-exec): + '[' -z /home/tf-ys0zmte0mi1kcg-reboot ']'
TestReboot 2026-04-17T16:53:25-05:00 logger.go:66: module.server.module.direct_access[0].terraform_data.setup[0] (remote-exec): + EXIT=0
TestReboot 2026-04-17T16:53:25-05:00 logger.go:66: module.server.module.direct_access[0].terraform_data.setup[0] (remote-exec): + max_attempts=30
TestReboot 2026-04-17T16:53:25-05:00 logger.go:66: module.server.module.direct_access[0].terraform_data.setup[0] (remote-exec): + attempts=0
TestReboot 2026-04-17T16:53:25-05:00 logger.go:66: module.server.module.direct_access[0].terraform_data.setup[0] (remote-exec): + interval=10
TestReboot 2026-04-17T16:53:25-05:00 logger.go:66: module.server.module.direct_access[0].terraform_data.setup[0] (remote-exec): + '[' 1 -eq 1 ']'
TestReboot 2026-04-17T16:53:25-05:00 logger.go:66: module.server.module.direct_access[0].terraform_data.setup[0] (remote-exec): + echo 'cloud-init not found or ignored, attempting other tools...'
TestReboot 2026-04-17T16:53:25-05:00 logger.go:66: module.server.module.direct_access[0].terraform_data.setup[0] (remote-exec): cloud-init not found or ignored, attempting other tools...
TestReboot 2026-04-17T16:53:25-05:00 logger.go:66: module.server.module.direct_access[0].terraform_data.setup[0] (remote-exec): ++ awk -F: '{ print $1 }' /etc/passwd
TestReboot 2026-04-17T16:53:25-05:00 logger.go:66: module.server.module.direct_access[0].terraform_data.setup[0] (remote-exec): ++ grep tf-ys0zmte0mi1kcg-reboot
TestReboot 2026-04-17T16:53:25-05:00 logger.go:66: module.server.module.direct_access[0].terraform_data.setup[0] (remote-exec): + '[' '' = '' ']'
TestReboot 2026-04-17T16:53:25-05:00 logger.go:66: module.server.module.direct_access[0].terraform_data.setup[0] (remote-exec): ++ command -v addgroup
TestReboot 2026-04-17T16:53:25-05:00 logger.go:66: module.server.module.direct_access[0].terraform_data.setup[0] (remote-exec): + '[' '' '!=' '' ']'
TestReboot 2026-04-17T16:53:25-05:00 logger.go:66: module.server.module.direct_access[0].terraform_data.setup[0] (remote-exec): ++ command -v useradd
TestReboot 2026-04-17T16:53:25-05:00 logger.go:66: module.server.module.direct_access[0].terraform_data.setup[0] (remote-exec): + '[' /usr/sbin/useradd '!=' '' ']'
TestReboot 2026-04-17T16:53:25-05:00 logger.go:66: module.server.module.direct_access[0].terraform_data.setup[0] (remote-exec): + useradd -U -s /bin/sh -m -G wheel tf-ys0zmte0mi1kcg-reboot
TestReboot 2026-04-17T16:53:25-05:00 logger.go:66: module.server.module.direct_access[0].terraform_data.setup[0] (remote-exec): Group 'mail' not found. Creating the user mailbox file with 0600 mode.
TestReboot 2026-04-17T16:53:25-05:00 logger.go:66: module.server.module.direct_access[0].terraform_data.setup[0] (remote-exec): + echo 'tf-ys0zmte0mi1kcg-reboot ALL=(ALL) NOPASSWD:ALL'
TestReboot 2026-04-17T16:53:25-05:00 logger.go:66: module.server.module.direct_access[0].terraform_data.setup[0] (remote-exec): + install -d -m 0700 /home/tf-ys0zmte0mi1kcg-reboot/.ssh
TestReboot 2026-04-17T16:53:25-05:00 logger.go:66: module.server.module.direct_access[0].terraform_data.setup[0] (remote-exec): + cp .ssh/authorized_keys /home/tf-ys0zmte0mi1kcg-reboot/.ssh
TestReboot 2026-04-17T16:53:25-05:00 logger.go:66: module.server.module.direct_access[0].terraform_data.setup[0] (remote-exec): + chown -R tf-ys0zmte0mi1kcg-reboot:tf-ys0zmte0mi1kcg-reboot /home/tf-ys0zmte0mi1kcg-reboot
TestReboot 2026-04-17T16:53:25-05:00 logger.go:66: module.server.module.direct_access[0].terraform_data.setup[0] (remote-exec): + passwd -d tf-ys0zmte0mi1kcg-reboot
TestReboot 2026-04-17T16:53:25-05:00 logger.go:66: module.server.module.direct_access[0].terraform_data.setup[0] (remote-exec): passwd: password expiry information changed.
TestReboot 2026-04-17T16:53:25-05:00 logger.go:66: module.server.module.direct_access[0].terraform_data.setup[0] (remote-exec): ++ command -v hostnamectl
TestReboot 2026-04-17T16:53:25-05:00 logger.go:66: module.server.module.direct_access[0].terraform_data.setup[0] (remote-exec): + '[' /usr/bin/hostnamectl = '' ']'
TestReboot 2026-04-17T16:53:25-05:00 logger.go:66: module.server.module.direct_access[0].terraform_data.setup[0] (remote-exec): + hostnamectl set-hostname tf-d0ef3-YS0zMTE0Mi1kCg-reboot-gazelle
TestReboot 2026-04-17T16:53:25-05:00 logger.go:66: module.server.module.direct_access[0].terraform_data.setup[0] (remote-exec): + '[' ec2-user '!=' tf-ys0zmte0mi1kcg-reboot ']'
TestReboot 2026-04-17T16:53:25-05:00 logger.go:66: module.server.module.direct_access[0].terraform_data.setup[0] (remote-exec): + '[' -d /etc/ssh/sshd_config.d ']'
TestReboot 2026-04-17T16:53:25-05:00 logger.go:66: module.server.module.direct_access[0].terraform_data.setup[0] (remote-exec): + '[' -f /etc/ssh/sshd_config ']'
TestReboot 2026-04-17T16:53:25-05:00 logger.go:66: module.server.module.direct_access[0].terraform_data.setup[0] (remote-exec): + sed -i 's/^AllowUsers.*/& tf-ys0zmte0mi1kcg-reboot/' /etc/ssh/sshd_config
TestReboot 2026-04-17T16:53:25-05:00 logger.go:66: module.server.module.direct_access[0].terraform_data.setup[0] (remote-exec): + systemctl restart sshd
TestReboot 2026-04-17T16:53:25-05:00 logger.go:66: module.server.module.direct_access[0].terraform_data.setup[0] (remote-exec): + systemctl restart ssh
TestReboot 2026-04-17T16:53:25-05:00 logger.go:66: module.server.module.direct_access[0].terraform_data.setup[0] (remote-exec): Failed to restart ssh.service: Unit ssh.service not found.
TestReboot 2026-04-17T16:53:25-05:00 logger.go:66: module.server.module.direct_access[0].terraform_data.setup[0] (remote-exec): + true
TestReboot 2026-04-17T16:53:25-05:00 logger.go:66: module.server.module.direct_access[0].terraform_data.setup[0] (remote-exec): + install -d /home/tf-ys0zmte0mi1kcg-reboot
TestReboot 2026-04-17T16:53:25-05:00 logger.go:66: module.server.module.direct_access[0].terraform_data.setup[0] (remote-exec): + chown tf-ys0zmte0mi1kcg-reboot: /home/tf-ys0zmte0mi1kcg-reboot
TestReboot 2026-04-17T16:53:25-05:00 logger.go:66: module.server.module.direct_access[0].terraform_data.setup[0] (remote-exec): + chmod 755 /home/tf-ys0zmte0mi1kcg-reboot
TestReboot 2026-04-17T16:53:25-05:00 logger.go:66: module.server.module.direct_access[0].terraform_data.setup[0] (remote-exec): + exit 0
TestReboot 2026-04-17T16:53:25-05:00 logger.go:66: module.server.module.direct_access[0].terraform_data.setup[0]: Creation complete after 40s [id=bfc6a795-9ce6-4b20-abde-1ae133761014]
TestReboot 2026-04-17T16:53:25-05:00 logger.go:66: module.server.module.direct_access[0].terraform_data.remove_initial_user[0]: Creating...
TestReboot 2026-04-17T16:53:25-05:00 logger.go:66: module.server.module.direct_access[0].terraform_data.remove_initial_user[0]: Provisioning with 'remote-exec'...
TestReboot 2026-04-17T16:53:25-05:00 logger.go:66: module.server.module.direct_access[0].terraform_data.remove_initial_user[0] (remote-exec): Connecting to remote host via SSH...
TestReboot 2026-04-17T16:53:25-05:00 logger.go:66: module.server.module.direct_access[0].terraform_data.remove_initial_user[0] (remote-exec):   Host: 52.37.171.161
TestReboot 2026-04-17T16:53:25-05:00 logger.go:66: module.server.module.direct_access[0].terraform_data.remove_initial_user[0] (remote-exec):   User: tf-ys0zmte0mi1kcg-reboot
TestReboot 2026-04-17T16:53:25-05:00 logger.go:66: module.server.module.direct_access[0].terraform_data.remove_initial_user[0] (remote-exec):   Password: false
TestReboot 2026-04-17T16:53:25-05:00 logger.go:66: module.server.module.direct_access[0].terraform_data.remove_initial_user[0] (remote-exec):   Private key: false
TestReboot 2026-04-17T16:53:25-05:00 logger.go:66: module.server.module.direct_access[0].terraform_data.remove_initial_user[0] (remote-exec):   Certificate: false
TestReboot 2026-04-17T16:53:25-05:00 logger.go:66: module.server.module.direct_access[0].terraform_data.remove_initial_user[0] (remote-exec):   SSH Agent: true
TestReboot 2026-04-17T16:53:25-05:00 logger.go:66: module.server.module.direct_access[0].terraform_data.remove_initial_user[0] (remote-exec):   Checking Host Key: false
TestReboot 2026-04-17T16:53:25-05:00 logger.go:66: module.server.module.direct_access[0].terraform_data.remove_initial_user[0] (remote-exec):   Target Platform: unix
TestReboot 2026-04-17T16:53:26-05:00 logger.go:66: module.server.module.direct_access[0].terraform_data.remove_initial_user[0] (remote-exec): Connected!
TestReboot 2026-04-17T16:53:27-05:00 logger.go:66: module.server.module.direct_access[0].terraform_data.remove_initial_user[0] (remote-exec): connection successful
TestReboot 2026-04-17T16:53:27-05:00 logger.go:66: module.server.module.direct_access[0].terraform_data.remove_initial_user[0]: Provisioning with 'file'...
TestReboot 2026-04-17T16:53:28-05:00 logger.go:66: module.server.module.direct_access[0].terraform_data.remove_initial_user[0]: Provisioning with 'remote-exec'...
TestReboot 2026-04-17T16:53:28-05:00 logger.go:66: module.server.module.direct_access[0].terraform_data.remove_initial_user[0] (remote-exec): Connecting to remote host via SSH...
TestReboot 2026-04-17T16:53:28-05:00 logger.go:66: module.server.module.direct_access[0].terraform_data.remove_initial_user[0] (remote-exec):   Host: 52.37.171.161
TestReboot 2026-04-17T16:53:28-05:00 logger.go:66: module.server.module.direct_access[0].terraform_data.remove_initial_user[0] (remote-exec):   User: tf-ys0zmte0mi1kcg-reboot
TestReboot 2026-04-17T16:53:28-05:00 logger.go:66: module.server.module.direct_access[0].terraform_data.remove_initial_user[0] (remote-exec):   Password: false
TestReboot 2026-04-17T16:53:28-05:00 logger.go:66: module.server.module.direct_access[0].terraform_data.remove_initial_user[0] (remote-exec):   Private key: false
TestReboot 2026-04-17T16:53:28-05:00 logger.go:66: module.server.module.direct_access[0].terraform_data.remove_initial_user[0] (remote-exec):   Certificate: false
TestReboot 2026-04-17T16:53:28-05:00 logger.go:66: module.server.module.direct_access[0].terraform_data.remove_initial_user[0] (remote-exec):   SSH Agent: true
TestReboot 2026-04-17T16:53:28-05:00 logger.go:66: module.server.module.direct_access[0].terraform_data.remove_initial_user[0] (remote-exec):   Checking Host Key: false
TestReboot 2026-04-17T16:53:28-05:00 logger.go:66: module.server.module.direct_access[0].terraform_data.remove_initial_user[0] (remote-exec):   Target Platform: unix
TestReboot 2026-04-17T16:53:29-05:00 logger.go:66: module.server.module.direct_access[0].terraform_data.remove_initial_user[0] (remote-exec): Connected!
TestReboot 2026-04-17T16:53:29-05:00 logger.go:66: module.server.module.direct_access[0].terraform_data.remove_initial_user[0] (remote-exec): + set -e
TestReboot 2026-04-17T16:53:29-05:00 logger.go:66: module.server.module.direct_access[0].terraform_data.remove_initial_user[0] (remote-exec): + sudo chmod +x /home/tf-ys0zmte0mi1kcg-reboot/remove_initial_user.sh
TestReboot 2026-04-17T16:53:29-05:00 logger.go:66: module.server.module.direct_access[0].terraform_data.remove_initial_user[0] (remote-exec): + sudo /home/tf-ys0zmte0mi1kcg-reboot/remove_initial_user.sh ec2-user
TestReboot 2026-04-17T16:53:29-05:00 logger.go:66: module.server.module.direct_access[0].terraform_data.remove_initial_user[0] (remote-exec): + set -e
TestReboot 2026-04-17T16:53:29-05:00 logger.go:66: module.server.module.direct_access[0].terraform_data.remove_initial_user[0] (remote-exec): + INITIAL_USER=ec2-user
TestReboot 2026-04-17T16:53:29-05:00 logger.go:66: module.server.module.direct_access[0].terraform_data.remove_initial_user[0] (remote-exec): + '[' -z ec2-user ']'
TestReboot 2026-04-17T16:53:29-05:00 logger.go:66: module.server.module.direct_access[0].terraform_data.remove_initial_user[0] (remote-exec): + sleep 2
TestReboot 2026-04-17T16:53:31-05:00 logger.go:66: module.server.module.direct_access[0].terraform_data.remove_initial_user[0] (remote-exec): ++ command -v killall
TestReboot 2026-04-17T16:53:31-05:00 logger.go:66: module.server.module.direct_access[0].terraform_data.remove_initial_user[0] (remote-exec): + '[' -n /usr/bin/killall ']'
TestReboot 2026-04-17T16:53:31-05:00 logger.go:66: module.server.module.direct_access[0].terraform_data.remove_initial_user[0] (remote-exec): + kill_all
TestReboot 2026-04-17T16:53:31-05:00 logger.go:66: module.server.module.direct_access[0].terraform_data.remove_initial_user[0] (remote-exec): + killall -TERM -u ec2-user
TestReboot 2026-04-17T16:53:32-05:00 logger.go:66: module.server.module.direct_access[0].terraform_data.remove_initial_user[0] (remote-exec): ++ cat error.log
TestReboot 2026-04-17T16:53:32-05:00 logger.go:66: module.server.module.direct_access[0].terraform_data.remove_initial_user[0] (remote-exec): + ERR=
TestReboot 2026-04-17T16:53:32-05:00 logger.go:66: module.server.module.direct_access[0].terraform_data.remove_initial_user[0] (remote-exec): + case $ERR in
TestReboot 2026-04-17T16:53:32-05:00 logger.go:66: module.server.module.direct_access[0].terraform_data.remove_initial_user[0] (remote-exec): + echo 'No error found'
TestReboot 2026-04-17T16:53:32-05:00 logger.go:66: module.server.module.direct_access[0].terraform_data.remove_initial_user[0] (remote-exec): No error found
TestReboot 2026-04-17T16:53:32-05:00 logger.go:66: module.server.module.direct_access[0].terraform_data.remove_initial_user[0] (remote-exec): + sleep 2
TestReboot 2026-04-17T16:53:34-05:00 logger.go:66: module.server.module.direct_access[0].terraform_data.remove_initial_user[0] (remote-exec): + userdel -f -r ec2-user
TestReboot 2026-04-17T16:53:34-05:00 logger.go:66: module.server.module.direct_access[0].terraform_data.remove_initial_user[0] (remote-exec): ++ cat error.log
TestReboot 2026-04-17T16:53:34-05:00 logger.go:66: module.server.module.direct_access[0].terraform_data.remove_initial_user[0] (remote-exec): + ERR=
TestReboot 2026-04-17T16:53:34-05:00 logger.go:66: module.server.module.direct_access[0].terraform_data.remove_initial_user[0] (remote-exec): + case $ERR in
TestReboot 2026-04-17T16:53:34-05:00 logger.go:66: module.server.module.direct_access[0].terraform_data.remove_initial_user[0] (remote-exec): + echo 'No error found'
TestReboot 2026-04-17T16:53:34-05:00 logger.go:66: module.server.module.direct_access[0].terraform_data.remove_initial_user[0] (remote-exec): No error found
TestReboot 2026-04-17T16:53:34-05:00 logger.go:66: module.server.module.direct_access[0].terraform_data.remove_initial_user[0]: Creation complete after 8s [id=c946da0e-e02c-ea12-6a01-cdd07efe045c]
TestReboot 2026-04-17T16:53:34-05:00 logger.go:66: module.this.terraform_data.copy_to_remote: Creating...
TestReboot 2026-04-17T16:53:34-05:00 logger.go:66: module.this.terraform_data.copy_to_remote: Provisioning with 'remote-exec'...
TestReboot 2026-04-17T16:53:34-05:00 logger.go:66: module.this.terraform_data.copy_to_remote (remote-exec): Connecting to remote host via SSH...
TestReboot 2026-04-17T16:53:34-05:00 logger.go:66: module.this.terraform_data.copy_to_remote (remote-exec):   Host: 52.37.171.161
TestReboot 2026-04-17T16:53:34-05:00 logger.go:66: module.this.terraform_data.copy_to_remote (remote-exec):   User: tf-ys0zmte0mi1kcg-reboot
TestReboot 2026-04-17T16:53:34-05:00 logger.go:66: module.this.terraform_data.copy_to_remote (remote-exec):   Password: false
TestReboot 2026-04-17T16:53:34-05:00 logger.go:66: module.this.terraform_data.copy_to_remote (remote-exec):   Private key: false
TestReboot 2026-04-17T16:53:34-05:00 logger.go:66: module.this.terraform_data.copy_to_remote (remote-exec):   Certificate: false
TestReboot 2026-04-17T16:53:34-05:00 logger.go:66: module.this.terraform_data.copy_to_remote (remote-exec):   SSH Agent: true
TestReboot 2026-04-17T16:53:34-05:00 logger.go:66: module.this.terraform_data.copy_to_remote (remote-exec):   Checking Host Key: false
TestReboot 2026-04-17T16:53:34-05:00 logger.go:66: module.this.terraform_data.copy_to_remote (remote-exec):   Target Platform: unix
TestReboot 2026-04-17T16:53:35-05:00 logger.go:66: module.this.terraform_data.copy_to_remote (remote-exec): Connected!
TestReboot 2026-04-17T16:53:35-05:00 logger.go:66: module.this.terraform_data.copy_to_remote (remote-exec): Connected!
TestReboot 2026-04-17T16:53:36-05:00 logger.go:66: module.this.terraform_data.copy_to_remote: Provisioning with 'file'...
TestReboot 2026-04-17T16:53:37-05:00 logger.go:66: module.this.terraform_data.copy_to_remote: Provisioning with 'remote-exec'...
TestReboot 2026-04-17T16:53:37-05:00 logger.go:66: module.this.terraform_data.copy_to_remote (remote-exec): Connecting to remote host via SSH...
TestReboot 2026-04-17T16:53:37-05:00 logger.go:66: module.this.terraform_data.copy_to_remote (remote-exec):   Host: 52.37.171.161
TestReboot 2026-04-17T16:53:37-05:00 logger.go:66: module.this.terraform_data.copy_to_remote (remote-exec):   User: tf-ys0zmte0mi1kcg-reboot
TestReboot 2026-04-17T16:53:37-05:00 logger.go:66: module.this.terraform_data.copy_to_remote (remote-exec):   Password: false
TestReboot 2026-04-17T16:53:37-05:00 logger.go:66: module.this.terraform_data.copy_to_remote (remote-exec):   Private key: false
TestReboot 2026-04-17T16:53:37-05:00 logger.go:66: module.this.terraform_data.copy_to_remote (remote-exec):   Certificate: false
TestReboot 2026-04-17T16:53:37-05:00 logger.go:66: module.this.terraform_data.copy_to_remote (remote-exec):   SSH Agent: true
TestReboot 2026-04-17T16:53:37-05:00 logger.go:66: module.this.terraform_data.copy_to_remote (remote-exec):   Checking Host Key: false
TestReboot 2026-04-17T16:53:37-05:00 logger.go:66: module.this.terraform_data.copy_to_remote (remote-exec):   Target Platform: unix
TestReboot 2026-04-17T16:53:37-05:00 logger.go:66: module.this.terraform_data.copy_to_remote (remote-exec): Connected!
TestReboot 2026-04-17T16:53:38-05:00 logger.go:66: module.this.terraform_data.copy_to_remote (remote-exec): + set -e
TestReboot 2026-04-17T16:53:38-05:00 logger.go:66: module.this.terraform_data.copy_to_remote (remote-exec): + ls -lah /home/tf-ys0zmte0mi1kcg-reboot/rke2_artifacts
TestReboot 2026-04-17T16:53:38-05:00 logger.go:66: module.this.terraform_data.copy_to_remote (remote-exec): total 4.0K
TestReboot 2026-04-17T16:53:38-05:00 logger.go:66: module.this.terraform_data.copy_to_remote (remote-exec): drwxr-xr-x. 1 tf-ys0zmte0mi1kcg-reboot tf-ys0zmte0mi1kcg-reboot  64 Apr 17 21:53 .
TestReboot 2026-04-17T16:53:38-05:00 logger.go:66: module.this.terraform_data.copy_to_remote (remote-exec): drwxr-xr-x. 1 tf-ys0zmte0mi1kcg-reboot tf-ys0zmte0mi1kcg-reboot 300 Apr 17 21:53 ..
TestReboot 2026-04-17T16:53:38-05:00 logger.go:66: module.this.terraform_data.copy_to_remote (remote-exec): -rw-r--r--. 1 tf-ys0zmte0mi1kcg-reboot tf-ys0zmte0mi1kcg-reboot   1 Apr 17 21:53 50-initial-generated-config.yaml
TestReboot 2026-04-17T16:53:38-05:00 logger.go:66: module.this.terraform_data.copy_to_remote: Creation complete after 5s [id=983dd0b0-7c70-1b98-f661-89ed924a90f1]
TestReboot 2026-04-17T16:53:38-05:00 logger.go:66: module.this.terraform_data.configure: Creating...
TestReboot 2026-04-17T16:53:38-05:00 logger.go:66: module.this.terraform_data.configure: Provisioning with 'remote-exec'...
TestReboot 2026-04-17T16:53:38-05:00 logger.go:66: module.this.terraform_data.configure (remote-exec): Connecting to remote host via SSH...
TestReboot 2026-04-17T16:53:38-05:00 logger.go:66: module.this.terraform_data.configure (remote-exec):   Host: 52.37.171.161
TestReboot 2026-04-17T16:53:38-05:00 logger.go:66: module.this.terraform_data.configure (remote-exec):   User: tf-ys0zmte0mi1kcg-reboot
TestReboot 2026-04-17T16:53:38-05:00 logger.go:66: module.this.terraform_data.configure (remote-exec):   Password: false
TestReboot 2026-04-17T16:53:38-05:00 logger.go:66: module.this.terraform_data.configure (remote-exec):   Private key: false
TestReboot 2026-04-17T16:53:38-05:00 logger.go:66: module.this.terraform_data.configure (remote-exec):   Certificate: false
TestReboot 2026-04-17T16:53:38-05:00 logger.go:66: module.this.terraform_data.configure (remote-exec):   SSH Agent: true
TestReboot 2026-04-17T16:53:38-05:00 logger.go:66: module.this.terraform_data.configure (remote-exec):   Checking Host Key: false
TestReboot 2026-04-17T16:53:38-05:00 logger.go:66: module.this.terraform_data.configure (remote-exec):   Target Platform: unix
TestReboot 2026-04-17T16:53:39-05:00 logger.go:66: module.this.terraform_data.configure (remote-exec): Connected!
TestReboot 2026-04-17T16:53:40-05:00 logger.go:66: module.this.terraform_data.configure (remote-exec): Connected!
TestReboot 2026-04-17T16:53:40-05:00 logger.go:66: module.this.terraform_data.configure: Provisioning with 'file'...
TestReboot 2026-04-17T16:53:41-05:00 logger.go:66: module.this.terraform_data.configure: Provisioning with 'remote-exec'...
TestReboot 2026-04-17T16:53:41-05:00 logger.go:66: module.this.terraform_data.configure (remote-exec): Connecting to remote host via SSH...
TestReboot 2026-04-17T16:53:41-05:00 logger.go:66: module.this.terraform_data.configure (remote-exec):   Host: 52.37.171.161
TestReboot 2026-04-17T16:53:41-05:00 logger.go:66: module.this.terraform_data.configure (remote-exec):   User: tf-ys0zmte0mi1kcg-reboot
TestReboot 2026-04-17T16:53:41-05:00 logger.go:66: module.this.terraform_data.configure (remote-exec):   Password: false
TestReboot 2026-04-17T16:53:41-05:00 logger.go:66: module.this.terraform_data.configure (remote-exec):   Private key: false
TestReboot 2026-04-17T16:53:41-05:00 logger.go:66: module.this.terraform_data.configure (remote-exec):   Certificate: false
TestReboot 2026-04-17T16:53:41-05:00 logger.go:66: module.this.terraform_data.configure (remote-exec):   SSH Agent: true
TestReboot 2026-04-17T16:53:41-05:00 logger.go:66: module.this.terraform_data.configure (remote-exec):   Checking Host Key: false
TestReboot 2026-04-17T16:53:41-05:00 logger.go:66: module.this.terraform_data.configure (remote-exec):   Target Platform: unix
TestReboot 2026-04-17T16:53:42-05:00 logger.go:66: module.this.terraform_data.configure (remote-exec): Connected!
TestReboot 2026-04-17T16:53:43-05:00 logger.go:66: module.this.terraform_data.configure (remote-exec): + set -e
TestReboot 2026-04-17T16:53:43-05:00 logger.go:66: module.this.terraform_data.configure (remote-exec): + sudo chmod +x /home/tf-ys0zmte0mi1kcg-reboot/configure.sh
TestReboot 2026-04-17T16:53:43-05:00 logger.go:66: module.this.terraform_data.configure (remote-exec): + sudo /home/tf-ys0zmte0mi1kcg-reboot/configure.sh /home/tf-ys0zmte0mi1kcg-reboot/rke2_artifacts
TestReboot 2026-04-17T16:53:43-05:00 logger.go:66: module.this.terraform_data.configure (remote-exec): + set -e
TestReboot 2026-04-17T16:53:43-05:00 logger.go:66: module.this.terraform_data.configure (remote-exec): + REMOTE_PATH=/home/tf-ys0zmte0mi1kcg-reboot/rke2_artifacts
TestReboot 2026-04-17T16:53:43-05:00 logger.go:66: module.this.terraform_data.configure (remote-exec): + install -d /home/tf-ys0zmte0mi1kcg-reboot/rke2_artifacts
TestReboot 2026-04-17T16:53:43-05:00 logger.go:66: module.this.terraform_data.configure (remote-exec): + cd /home/tf-ys0zmte0mi1kcg-reboot/rke2_artifacts
TestReboot 2026-04-17T16:53:43-05:00 logger.go:66: module.this.terraform_data.configure (remote-exec): + install -d /etc/rancher/rke2/config.yaml.d
TestReboot 2026-04-17T16:53:43-05:00 logger.go:66: module.this.terraform_data.configure (remote-exec): + find ./ -name '*.yaml' -exec cp -prv '{}' /etc/rancher/rke2/config.yaml.d/ ';'
TestReboot 2026-04-17T16:53:43-05:00 logger.go:66: module.this.terraform_data.configure (remote-exec): './50-initial-generated-config.yaml' -> '/etc/rancher/rke2/config.yaml.d/50-initial-generated-config.yaml'
TestReboot 2026-04-17T16:53:43-05:00 logger.go:66: module.this.terraform_data.configure (remote-exec): + chown -R root:root /etc/rancher/rke2/config.yaml.d
TestReboot 2026-04-17T16:53:43-05:00 logger.go:66: module.this.terraform_data.configure (remote-exec): + chmod -R 0644 /etc/rancher/rke2/config.yaml.d
TestReboot 2026-04-17T16:53:43-05:00 logger.go:66: module.this.terraform_data.configure (remote-exec): + ls -lah /etc/rancher/rke2/config.yaml.d
TestReboot 2026-04-17T16:53:43-05:00 logger.go:66: module.this.terraform_data.configure (remote-exec): total 4.0K
TestReboot 2026-04-17T16:53:43-05:00 logger.go:66: module.this.terraform_data.configure (remote-exec): drw-r--r--. 1 root root 64 Apr 17 21:53 .
TestReboot 2026-04-17T16:53:43-05:00 logger.go:66: module.this.terraform_data.configure (remote-exec): drwxr-xr-x. 1 root root 26 Apr 17 21:53 ..
TestReboot 2026-04-17T16:53:43-05:00 logger.go:66: module.this.terraform_data.configure (remote-exec): -rw-r--r--. 1 root root  1 Apr 17 21:53 50-initial-generated-config.yaml
TestReboot 2026-04-17T16:53:43-05:00 logger.go:66: module.this.terraform_data.configure: Creation complete after 5s [id=7508c822-63c2-d457-ab50-87a69079b52a]
TestReboot 2026-04-17T16:53:43-05:00 logger.go:66: module.this.time_sleep.ten_s_before_install: Creating...
TestReboot 2026-04-17T16:53:53-05:00 logger.go:66: module.this.time_sleep.ten_s_before_install: Still creating... [10s elapsed]
TestReboot 2026-04-17T16:53:53-05:00 logger.go:66: module.this.time_sleep.ten_s_before_install: Creation complete after 10s [id=2026-04-17T21:53:53Z]
TestReboot 2026-04-17T16:53:53-05:00 logger.go:66: module.this.terraform_data.install: Creating...
TestReboot 2026-04-17T16:53:53-05:00 logger.go:66: module.this.terraform_data.install: Provisioning with 'remote-exec'...
TestReboot 2026-04-17T16:53:53-05:00 logger.go:66: module.this.terraform_data.install (remote-exec): Connecting to remote host via SSH...
TestReboot 2026-04-17T16:53:53-05:00 logger.go:66: module.this.terraform_data.install (remote-exec):   Host: 52.37.171.161
TestReboot 2026-04-17T16:53:53-05:00 logger.go:66: module.this.terraform_data.install (remote-exec):   User: tf-ys0zmte0mi1kcg-reboot
TestReboot 2026-04-17T16:53:53-05:00 logger.go:66: module.this.terraform_data.install (remote-exec):   Password: false
TestReboot 2026-04-17T16:53:53-05:00 logger.go:66: module.this.terraform_data.install (remote-exec):   Private key: false
TestReboot 2026-04-17T16:53:53-05:00 logger.go:66: module.this.terraform_data.install (remote-exec):   Certificate: false
TestReboot 2026-04-17T16:53:53-05:00 logger.go:66: module.this.terraform_data.install (remote-exec):   SSH Agent: true
TestReboot 2026-04-17T16:53:53-05:00 logger.go:66: module.this.terraform_data.install (remote-exec):   Checking Host Key: false
TestReboot 2026-04-17T16:53:53-05:00 logger.go:66: module.this.terraform_data.install (remote-exec):   Target Platform: unix
TestReboot 2026-04-17T16:53:54-05:00 logger.go:66: module.this.terraform_data.install (remote-exec): Connected!
TestReboot 2026-04-17T16:53:55-05:00 logger.go:66: module.this.terraform_data.install (remote-exec): Connected!
TestReboot 2026-04-17T16:53:55-05:00 logger.go:66: module.this.terraform_data.install: Provisioning with 'file'...
TestReboot 2026-04-17T16:53:56-05:00 logger.go:66: module.this.terraform_data.install: Provisioning with 'remote-exec'...
TestReboot 2026-04-17T16:53:56-05:00 logger.go:66: module.this.terraform_data.install (remote-exec): Connecting to remote host via SSH...
TestReboot 2026-04-17T16:53:56-05:00 logger.go:66: module.this.terraform_data.install (remote-exec):   Host: 52.37.171.161
TestReboot 2026-04-17T16:53:56-05:00 logger.go:66: module.this.terraform_data.install (remote-exec):   User: tf-ys0zmte0mi1kcg-reboot
TestReboot 2026-04-17T16:53:56-05:00 logger.go:66: module.this.terraform_data.install (remote-exec):   Password: false
TestReboot 2026-04-17T16:53:56-05:00 logger.go:66: module.this.terraform_data.install (remote-exec):   Private key: false
TestReboot 2026-04-17T16:53:56-05:00 logger.go:66: module.this.terraform_data.install (remote-exec):   Certificate: false
TestReboot 2026-04-17T16:53:56-05:00 logger.go:66: module.this.terraform_data.install (remote-exec):   SSH Agent: true
TestReboot 2026-04-17T16:53:56-05:00 logger.go:66: module.this.terraform_data.install (remote-exec):   Checking Host Key: false
TestReboot 2026-04-17T16:53:56-05:00 logger.go:66: module.this.terraform_data.install (remote-exec):   Target Platform: unix
TestReboot 2026-04-17T16:53:57-05:00 logger.go:66: module.this.terraform_data.install (remote-exec): Connected!
TestReboot 2026-04-17T16:53:57-05:00 logger.go:66: module.this.terraform_data.install (remote-exec): + set -e
TestReboot 2026-04-17T16:53:57-05:00 logger.go:66: module.this.terraform_data.install (remote-exec): + uptime
TestReboot 2026-04-17T16:53:57-05:00 logger.go:66: module.this.terraform_data.install (remote-exec):  21:53:57  up   0:01,  1 user,  load average: 0.17, 0.08, 0.03
TestReboot 2026-04-17T16:53:57-05:00 logger.go:66: module.this.terraform_data.install (remote-exec): ++ cat /proc/uptime
TestReboot 2026-04-17T16:53:57-05:00 logger.go:66: module.this.terraform_data.install (remote-exec): ++ awk -F. '{print $1}'
TestReboot 2026-04-17T16:53:57-05:00 logger.go:66: module.this.terraform_data.install (remote-exec): ++ awk '{print $1}'
TestReboot 2026-04-17T16:53:57-05:00 logger.go:66: module.this.terraform_data.install (remote-exec): + seconds_up=81
TestReboot 2026-04-17T16:53:57-05:00 logger.go:66: module.this.terraform_data.install (remote-exec): ++ sudo uptime
TestReboot 2026-04-17T16:53:57-05:00 logger.go:66: module.this.terraform_data.install (remote-exec): ++ awk -F, '{print $1}'
TestReboot 2026-04-17T16:53:57-05:00 logger.go:66: module.this.terraform_data.install (remote-exec): ++ awk -F: '{print $2}'
TestReboot 2026-04-17T16:53:57-05:00 logger.go:66: module.this.terraform_data.install (remote-exec): ++ awk '{print $3}'
TestReboot 2026-04-17T16:53:57-05:00 logger.go:66: module.this.terraform_data.install (remote-exec): + minutes_up=01
TestReboot 2026-04-17T16:53:57-05:00 logger.go:66: module.this.terraform_data.install (remote-exec): + echo 'Uptime is 81 seconds, it should be low.'
TestReboot 2026-04-17T16:53:57-05:00 logger.go:66: module.this.terraform_data.install (remote-exec): Uptime is 81 seconds, it should be low.
TestReboot 2026-04-17T16:53:57-05:00 logger.go:66: module.this.terraform_data.install (remote-exec): + echo 'Uptime is 01 minutes, it should be low.'
TestReboot 2026-04-17T16:53:57-05:00 logger.go:66: module.this.terraform_data.install (remote-exec): Uptime is 01 minutes, it should be low.
TestReboot 2026-04-17T16:53:57-05:00 logger.go:66: module.this.terraform_data.install (remote-exec): + sudo chmod +x /home/tf-ys0zmte0mi1kcg-reboot/install.sh
TestReboot 2026-04-17T16:53:57-05:00 logger.go:66: module.this.terraform_data.install (remote-exec): + export DEBUG=1
TestReboot 2026-04-17T16:53:57-05:00 logger.go:66: module.this.terraform_data.install (remote-exec): + DEBUG=1
TestReboot 2026-04-17T16:53:57-05:00 logger.go:66: module.this.terraform_data.install (remote-exec): + sudo /home/tf-ys0zmte0mi1kcg-reboot/install.sh server /home/tf-ys0zmte0mi1kcg-reboot/rke2_artifacts stable rpm stable
TestReboot 2026-04-17T16:53:57-05:00 logger.go:66: module.this.terraform_data.install (remote-exec): + set -e
TestReboot 2026-04-17T16:53:57-05:00 logger.go:66: module.this.terraform_data.install (remote-exec): + ROLE=server
TestReboot 2026-04-17T16:53:57-05:00 logger.go:66: module.this.terraform_data.install (remote-exec): + REMOTE_PATH=/home/tf-ys0zmte0mi1kcg-reboot/rke2_artifacts
TestReboot 2026-04-17T16:53:57-05:00 logger.go:66: module.this.terraform_data.install (remote-exec): + RELEASE=stable
TestReboot 2026-04-17T16:53:57-05:00 logger.go:66: module.this.terraform_data.install (remote-exec): + INSTALL_METHOD=rpm
TestReboot 2026-04-17T16:53:57-05:00 logger.go:66: module.this.terraform_data.install (remote-exec): + CHANNEL=stable
TestReboot 2026-04-17T16:53:57-05:00 logger.go:66: module.this.terraform_data.install (remote-exec): ++ systemctl is-active rke2-server.service
TestReboot 2026-04-17T16:53:57-05:00 logger.go:66: module.this.terraform_data.install (remote-exec): + '[' inactive = active ']'
TestReboot 2026-04-17T16:53:57-05:00 logger.go:66: module.this.terraform_data.install (remote-exec): + unset INSTALL_RKE2_CHANNEL
TestReboot 2026-04-17T16:53:57-05:00 logger.go:66: module.this.terraform_data.install (remote-exec): + unset INSTALL_RKE2_VERSION
TestReboot 2026-04-17T16:53:57-05:00 logger.go:66: module.this.terraform_data.install (remote-exec): + '[' stable = latest ']'
TestReboot 2026-04-17T16:53:57-05:00 logger.go:66: module.this.terraform_data.install (remote-exec): + '[' stable = stable ']'
TestReboot 2026-04-17T16:53:57-05:00 logger.go:66: module.this.terraform_data.install (remote-exec): + export INSTALL_RKE2_CHANNEL=stable
TestReboot 2026-04-17T16:53:57-05:00 logger.go:66: module.this.terraform_data.install (remote-exec): + INSTALL_RKE2_CHANNEL=stable
TestReboot 2026-04-17T16:53:57-05:00 logger.go:66: module.this.terraform_data.install (remote-exec): + '[' '' '!=' stable ']'
TestReboot 2026-04-17T16:53:57-05:00 logger.go:66: module.this.terraform_data.install (remote-exec): + '[' '' = stable ']'
TestReboot 2026-04-17T16:53:57-05:00 logger.go:66: module.this.terraform_data.install (remote-exec): + export INSTALL_RKE2_METHOD=rpm
TestReboot 2026-04-17T16:53:57-05:00 logger.go:66: module.this.terraform_data.install (remote-exec): + INSTALL_RKE2_METHOD=rpm
TestReboot 2026-04-17T16:53:57-05:00 logger.go:66: module.this.terraform_data.install (remote-exec): + export INSTALL_RKE2_TYPE=server
TestReboot 2026-04-17T16:53:57-05:00 logger.go:66: module.this.terraform_data.install (remote-exec): + INSTALL_RKE2_TYPE=server
TestReboot 2026-04-17T16:53:57-05:00 logger.go:66: module.this.terraform_data.install (remote-exec): + '[' rpm = rpm ']'
TestReboot 2026-04-17T16:53:57-05:00 logger.go:66: module.this.terraform_data.install (remote-exec): + unset INSTALL_RKE2_ARTIFACT_PATH
TestReboot 2026-04-17T16:53:57-05:00 logger.go:66: module.this.terraform_data.install (remote-exec): + '[' '!' -f /home/tf-ys0zmte0mi1kcg-reboot/rke2_artifacts/install.sh ']'
TestReboot 2026-04-17T16:53:57-05:00 logger.go:66: module.this.terraform_data.install (remote-exec): + curl -vfL https://get.rke2.io -o /home/tf-ys0zmte0mi1kcg-reboot/rke2_artifacts/install.sh
TestReboot 2026-04-17T16:53:57-05:00 logger.go:66: module.this.terraform_data.install (remote-exec):   % Total    % Received % Xferd  Average Speed   Time    Time     Time  Current
TestReboot 2026-04-17T16:53:57-05:00 logger.go:66: module.this.terraform_data.install (remote-exec):                                  Dload  Upload   Total   Spent    Left  Speed
TestReboot 2026-04-17T16:53:57-05:00 logger.go:66: module.this.terraform_data.install (remote-exec):   0     0    0     0    0     0      0      0 --:--:-- --:--:-- --:--:--     0* Host get.rke2.io:443 was resolved.
TestReboot 2026-04-17T16:53:57-05:00 logger.go:66: module.this.terraform_data.install (remote-exec): * IPv6: 2606:4700:3030::6815:2a65, 2606:4700:3035::ac43:ccf6
TestReboot 2026-04-17T16:53:57-05:00 logger.go:66: module.this.terraform_data.install (remote-exec): * IPv4: 172.67.204.246, 104.21.42.101
TestReboot 2026-04-17T16:53:57-05:00 logger.go:66: module.this.terraform_data.install (remote-exec): *   Trying [2606:4700:3030::6815:2a65]:443...
TestReboot 2026-04-17T16:53:57-05:00 logger.go:66: module.this.terraform_data.install (remote-exec): * Immediate connect fail for 2606:4700:3030::6815:2a65: Network is unreachable
TestReboot 2026-04-17T16:53:57-05:00 logger.go:66: module.this.terraform_data.install (remote-exec): *   Trying [2606:4700:3035::ac43:ccf6]:443...
TestReboot 2026-04-17T16:53:57-05:00 logger.go:66: module.this.terraform_data.install (remote-exec): * Immediate connect fail for 2606:4700:3035::ac43:ccf6: Network is unreachable
TestReboot 2026-04-17T16:53:57-05:00 logger.go:66: module.this.terraform_data.install (remote-exec): *   Trying 172.67.204.246:443...
TestReboot 2026-04-17T16:53:57-05:00 logger.go:66: module.this.terraform_data.install (remote-exec): * ALPN: curl offers h2,http/1.1
TestReboot 2026-04-17T16:53:57-05:00 logger.go:66: module.this.terraform_data.install (remote-exec): } [5 bytes data]
TestReboot 2026-04-17T16:53:57-05:00 logger.go:66: module.this.terraform_data.install (remote-exec): * TLSv1.3 (OUT), TLS handshake, Client hello (1):
TestReboot 2026-04-17T16:53:57-05:00 logger.go:66: module.this.terraform_data.install (remote-exec): } [512 bytes data]
TestReboot 2026-04-17T16:53:57-05:00 logger.go:66: module.this.terraform_data.install (remote-exec): * TLSv1.3 (IN), TLS handshake, Server hello (2):
TestReboot 2026-04-17T16:53:57-05:00 logger.go:66: module.this.terraform_data.install (remote-exec): { [122 bytes data]
TestReboot 2026-04-17T16:53:57-05:00 logger.go:66: module.this.terraform_data.install (remote-exec): * TLSv1.3 (IN), TLS handshake, Encrypted Extensions (8):
TestReboot 2026-04-17T16:53:57-05:00 logger.go:66: module.this.terraform_data.install (remote-exec): { [19 bytes data]
TestReboot 2026-04-17T16:53:57-05:00 logger.go:66: module.this.terraform_data.install (remote-exec): * TLSv1.3 (IN), TLS handshake, Certificate (11):
TestReboot 2026-04-17T16:53:57-05:00 logger.go:66: module.this.terraform_data.install (remote-exec): { [2518 bytes data]
TestReboot 2026-04-17T16:53:57-05:00 logger.go:66: module.this.terraform_data.install (remote-exec): * TLSv1.3 (IN), TLS handshake, CERT verify (15):
TestReboot 2026-04-17T16:53:57-05:00 logger.go:66: module.this.terraform_data.install (remote-exec): { [78 bytes data]
TestReboot 2026-04-17T16:53:57-05:00 logger.go:66: module.this.terraform_data.install (remote-exec): * TLSv1.3 (IN), TLS handshake, Finished (20):
TestReboot 2026-04-17T16:53:57-05:00 logger.go:66: module.this.terraform_data.install (remote-exec): { [52 bytes data]
TestReboot 2026-04-17T16:53:57-05:00 logger.go:66: module.this.terraform_data.install (remote-exec): * TLSv1.3 (OUT), TLS change cipher, Change cipher spec (1):
TestReboot 2026-04-17T16:53:57-05:00 logger.go:66: module.this.terraform_data.install (remote-exec): } [1 bytes data]
TestReboot 2026-04-17T16:53:57-05:00 logger.go:66: module.this.terraform_data.install (remote-exec): * TLSv1.3 (OUT), TLS handshake, Finished (20):
TestReboot 2026-04-17T16:53:57-05:00 logger.go:66: module.this.terraform_data.install (remote-exec): } [52 bytes data]
TestReboot 2026-04-17T16:53:57-05:00 logger.go:66: module.this.terraform_data.install (remote-exec): * SSL connection using TLSv1.3 / TLS_AES_256_GCM_SHA384 / [blank] / UNDEF
TestReboot 2026-04-17T16:53:57-05:00 logger.go:66: module.this.terraform_data.install (remote-exec): * ALPN: server accepted h2
TestReboot 2026-04-17T16:53:57-05:00 logger.go:66: module.this.terraform_data.install (remote-exec): * Server certificate:
TestReboot 2026-04-17T16:53:57-05:00 logger.go:66: module.this.terraform_data.install (remote-exec): *  subject: CN=rke2.io
TestReboot 2026-04-17T16:53:57-05:00 logger.go:66: module.this.terraform_data.install (remote-exec): *  start date: Feb 27 10:47:47 2026 GMT
TestReboot 2026-04-17T16:53:57-05:00 logger.go:66: module.this.terraform_data.install (remote-exec): *  expire date: May 28 11:45:05 2026 GMT
TestReboot 2026-04-17T16:53:57-05:00 logger.go:66: module.this.terraform_data.install (remote-exec): *  subjectAltName: host "get.rke2.io" matched cert's "*.rke2.io"
TestReboot 2026-04-17T16:53:57-05:00 logger.go:66: module.this.terraform_data.install (remote-exec): *  issuer: C=US; O=Google Trust Services; CN=WE1
TestReboot 2026-04-17T16:53:57-05:00 logger.go:66: module.this.terraform_data.install (remote-exec): *  SSL certificate verify ok.
TestReboot 2026-04-17T16:53:57-05:00 logger.go:66: module.this.terraform_data.install (remote-exec): *   Certificate level 0: Public key type ? (256/128 Bits/secBits), signed using ecdsa-with-SHA256
TestReboot 2026-04-17T16:53:57-05:00 logger.go:66: module.this.terraform_data.install (remote-exec): *   Certificate level 1: Public key type ? (256/128 Bits/secBits), signed using ecdsa-with-SHA384
TestReboot 2026-04-17T16:53:57-05:00 logger.go:66: module.this.terraform_data.install (remote-exec): *   Certificate level 2: Public key type ? (384/192 Bits/secBits), signed using ecdsa-with-SHA384
TestReboot 2026-04-17T16:53:57-05:00 logger.go:66: module.this.terraform_data.install (remote-exec): * Connected to get.rke2.io (172.67.204.246) port 443
TestReboot 2026-04-17T16:53:57-05:00 logger.go:66: module.this.terraform_data.install (remote-exec): * using HTTP/2
TestReboot 2026-04-17T16:53:57-05:00 logger.go:66: module.this.terraform_data.install (remote-exec): * [HTTP/2] [1] OPENED stream for https://get.rke2.io/
TestReboot 2026-04-17T16:53:57-05:00 logger.go:66: module.this.terraform_data.install (remote-exec): * [HTTP/2] [1] [:method: GET]
TestReboot 2026-04-17T16:53:57-05:00 logger.go:66: module.this.terraform_data.install (remote-exec): * [HTTP/2] [1] [:scheme: https]
TestReboot 2026-04-17T16:53:57-05:00 logger.go:66: module.this.terraform_data.install (remote-exec): * [HTTP/2] [1] [:authority: get.rke2.io]
TestReboot 2026-04-17T16:53:57-05:00 logger.go:66: module.this.terraform_data.install (remote-exec): * [HTTP/2] [1] [:path: /]
TestReboot 2026-04-17T16:53:57-05:00 logger.go:66: module.this.terraform_data.install (remote-exec): * [HTTP/2] [1] [user-agent: curl/8.14.1]
TestReboot 2026-04-17T16:53:57-05:00 logger.go:66: module.this.terraform_data.install (remote-exec): * [HTTP/2] [1] [accept: */*]
TestReboot 2026-04-17T16:53:57-05:00 logger.go:66: module.this.terraform_data.install (remote-exec): } [5 bytes data]
TestReboot 2026-04-17T16:53:57-05:00 logger.go:66: module.this.terraform_data.install (remote-exec): > GET / HTTP/2
TestReboot 2026-04-17T16:53:57-05:00 logger.go:66: module.this.terraform_data.install (remote-exec): > Host: get.rke2.io
TestReboot 2026-04-17T16:53:57-05:00 logger.go:66: module.this.terraform_data.install (remote-exec): > User-Agent: curl/8.14.1
TestReboot 2026-04-17T16:53:57-05:00 logger.go:66: module.this.terraform_data.install (remote-exec): > Accept: */*
TestReboot 2026-04-17T16:53:57-05:00 logger.go:66: module.this.terraform_data.install (remote-exec): >
TestReboot 2026-04-17T16:53:57-05:00 logger.go:66: module.this.terraform_data.install (remote-exec): * Request completely sent off
TestReboot 2026-04-17T16:53:57-05:00 logger.go:66: module.this.terraform_data.install (remote-exec): { [5 bytes data]
TestReboot 2026-04-17T16:53:57-05:00 logger.go:66: module.this.terraform_data.install (remote-exec): * TLSv1.3 (IN), TLS handshake, Newsession Ticket (4):
TestReboot 2026-04-17T16:53:57-05:00 logger.go:66: module.this.terraform_data.install (remote-exec): { [230 bytes data]
TestReboot 2026-04-17T16:53:57-05:00 logger.go:66: module.this.terraform_data.install (remote-exec): * TLSv1.3 (IN), TLS handshake, Newsession Ticket (4):
TestReboot 2026-04-17T16:53:57-05:00 logger.go:66: module.this.terraform_data.install (remote-exec): { [230 bytes data]
TestReboot 2026-04-17T16:53:58-05:00 logger.go:66: module.this.terraform_data.install (remote-exec): < HTTP/2 200
TestReboot 2026-04-17T16:53:58-05:00 logger.go:66: module.this.terraform_data.install (remote-exec): < date: Fri, 17 Apr 2026 21:53:58 GMT
TestReboot 2026-04-17T16:53:58-05:00 logger.go:66: module.this.terraform_data.install (remote-exec): < content-type: text/plain;charset=UTF-8
TestReboot 2026-04-17T16:53:58-05:00 logger.go:66: module.this.terraform_data.install (remote-exec): < content-length: 26731
TestReboot 2026-04-17T16:53:58-05:00 logger.go:66: module.this.terraform_data.install (remote-exec): < x-cached: 2026-04-17T21:50:17.327Z
TestReboot 2026-04-17T16:53:58-05:00 logger.go:66: module.this.terraform_data.install (remote-exec): < x-sha256: 42983c86d1da64a92061d83afb57630cedd69241989f1b0673f3db6c3d92ee6b
TestReboot 2026-04-17T16:53:58-05:00 logger.go:66: module.this.terraform_data.install (remote-exec): < report-to: {"group":"cf-nel","max_age":604800,"endpoints":[{"url":"https://a.nel.cloudflare.com/report/v4?s=yp6tveyF7m9%2BjnSQHjS2OGbRukUTG5b6eppHtkdUBpVMel9lgJ5tA6qQnOcO9IJpfGO3Xyv%2Fdqn9xHmSXQzNknBNAOKBYiiUKzVLdTq6Mgu4wOaDik2nntE4mWOsFA%3D%3D"}]}
TestReboot 2026-04-17T16:53:58-05:00 logger.go:66: module.this.terraform_data.install (remote-exec): < nel: {"report_to":"cf-nel","success_fraction":0.0,"max_age":604800}
TestReboot 2026-04-17T16:53:58-05:00 logger.go:66: module.this.terraform_data.install (remote-exec): < server: cloudflare
TestReboot 2026-04-17T16:53:58-05:00 logger.go:66: module.this.terraform_data.install (remote-exec): < cf-ray: 9edeaa60b93cff0e-PDX
TestReboot 2026-04-17T16:53:58-05:00 logger.go:66: module.this.terraform_data.install (remote-exec): < alt-svc: h3=":443"; ma=86400
TestReboot 2026-04-17T16:53:58-05:00 logger.go:66: module.this.terraform_data.install (remote-exec): <
TestReboot 2026-04-17T16:53:58-05:00 logger.go:66: module.this.terraform_data.install (remote-exec): { [5 bytes data]
TestReboot 2026-04-17T16:53:58-05:00 logger.go:66: module.this.terraform_data.install (remote-exec): 100 26731  100 26731    0     0   106k      0 --:--:-- --:--:-- --:--:--  106k
TestReboot 2026-04-17T16:53:58-05:00 logger.go:66: module.this.terraform_data.install (remote-exec): * Connection #0 to host get.rke2.io left intact
TestReboot 2026-04-17T16:53:58-05:00 logger.go:66: module.this.terraform_data.install (remote-exec): + chmod +x /home/tf-ys0zmte0mi1kcg-reboot/rke2_artifacts/install.sh
TestReboot 2026-04-17T16:53:58-05:00 logger.go:66: module.this.terraform_data.install (remote-exec): + echo 'running install script...'
TestReboot 2026-04-17T16:53:58-05:00 logger.go:66: module.this.terraform_data.install (remote-exec): running install script...
TestReboot 2026-04-17T16:53:58-05:00 logger.go:66: module.this.terraform_data.install (remote-exec): + /home/tf-ys0zmte0mi1kcg-reboot/rke2_artifacts/install.sh
TestReboot 2026-04-17T16:53:58-05:00 logger.go:66: module.this.terraform_data.install (remote-exec): [WARN]  /usr/local is read-only or a mount point; installing to /opt/rke2
TestReboot 2026-04-17T16:53:58-05:00 logger.go:66: module.this.terraform_data.install (remote-exec): transactional-update 4.1.9 started
TestReboot 2026-04-17T16:53:58-05:00 logger.go:66: module.this.terraform_data.install (remote-exec): Options: --no-selfupdate -d run mkdir -p /var/lib/rpm-state
TestReboot 2026-04-17T16:53:58-05:00 logger.go:66: module.this.terraform_data.install (remote-exec): Separate /var detected.
TestReboot 2026-04-17T16:53:58-05:00 logger.go:66: module.this.terraform_data.install (remote-exec): 2026-04-17 21:53:58 tukit 4.1.9 started
TestReboot 2026-04-17T16:53:58-05:00 logger.go:66: module.this.terraform_data.install (remote-exec): 2026-04-17 21:53:58 Options: --discard -c1 open
TestReboot 2026-04-17T16:53:58-05:00 logger.go:66: module.this.terraform_data.install (remote-exec): 2026-04-17 21:53:58 Using snapshot 1 as base for new snapshot 2.
TestReboot 2026-04-17T16:53:58-05:00 logger.go:66: module.this.terraform_data.install (remote-exec): 2026-04-17 21:53:58 /var/lib/overlay/1/etc
TestReboot 2026-04-17T16:53:58-05:00 logger.go:66: module.this.terraform_data.install (remote-exec): 2026-04-17 21:53:58 No previous snapshot to sync with - skipping
TestReboot 2026-04-17T16:53:58-05:00 logger.go:66: module.this.terraform_data.install (remote-exec): Relabeled /var from system_u:object_r:unlabeled_t:s0 to system_u:object_r:var_t:s0
TestReboot 2026-04-17T16:53:58-05:00 logger.go:66: module.this.terraform_data.install (remote-exec): Relabeled /var/lib from unconfined_u:object_r:unlabeled_t:s0 to unconfined_u:object_r:var_lib_t:s0
TestReboot 2026-04-17T16:53:58-05:00 logger.go:66: module.this.terraform_data.install (remote-exec): ID: 2
TestReboot 2026-04-17T16:53:58-05:00 logger.go:66: module.this.terraform_data.install (remote-exec): 2026-04-17 21:53:58 Transaction completed.
TestReboot 2026-04-17T16:53:58-05:00 logger.go:66: module.this.terraform_data.install (remote-exec): 2026-04-17 21:53:58 tukit 4.1.9 started
TestReboot 2026-04-17T16:53:58-05:00 logger.go:66: module.this.terraform_data.install (remote-exec): 2026-04-17 21:53:58 Options: --discard call 2 mkdir -p /var/lib/rpm-state
TestReboot 2026-04-17T16:53:59-05:00 logger.go:66: module.this.terraform_data.install (remote-exec): Relabeled /var/lib/ca-certificates from unconfined_u:object_r:var_lib_t:s0 to unconfined_u:object_r:cert_t:s0
TestReboot 2026-04-17T16:53:59-05:00 logger.go:66: module.this.terraform_data.install (remote-exec): Relabeled /var/lib/alternatives from unconfined_u:object_r:var_lib_t:s0 to unconfined_u:object_r:rpm_var_lib_t:s0
TestReboot 2026-04-17T16:53:59-05:00 logger.go:66: module.this.terraform_data.install (remote-exec): Relabeled /var/log from unconfined_u:object_r:var_t:s0 to unconfined_u:object_r:var_log_t:s0
TestReboot 2026-04-17T16:53:59-05:00 logger.go:66: module.this.terraform_data.install (remote-exec): 2026-04-17 21:53:59 Executing `mkdir -p /var/lib/rpm-state`:
TestReboot 2026-04-17T16:53:59-05:00 logger.go:66: module.this.terraform_data.install (remote-exec): 2026-04-17 21:53:59 Application returned with exit status 0.
TestReboot 2026-04-17T16:53:59-05:00 logger.go:66: module.this.terraform_data.install (remote-exec): 2026-04-17 21:53:59 Transaction completed.
TestReboot 2026-04-17T16:54:00-05:00 logger.go:66: module.this.terraform_data.install (remote-exec): 2026-04-17 21:53:59 tukit 4.1.9 started
TestReboot 2026-04-17T16:54:00-05:00 logger.go:66: module.this.terraform_data.install (remote-exec): 2026-04-17 21:53:59 Options: --discard close 2
TestReboot 2026-04-17T16:54:00-05:00 logger.go:66: module.this.terraform_data.install (remote-exec): 2026-04-17 21:54:00 No changes to the root file system - discarding snapshot.
TestReboot 2026-04-17T16:54:00-05:00 logger.go:66: module.this.terraform_data.install (remote-exec): 2026-04-17 21:54:00 Merging changes in /etc into the running system.
TestReboot 2026-04-17T16:54:00-05:00 logger.go:66: module.this.terraform_data.install (remote-exec): 2026-04-17 21:54:00 Discarding snapshot 2.
TestReboot 2026-04-17T16:54:00-05:00 logger.go:66: module.this.terraform_data.install (remote-exec): 2026-04-17 21:54:00 Transaction completed.
TestReboot 2026-04-17T16:54:00-05:00 logger.go:66: module.this.terraform_data.install (remote-exec): transactional-update finished
TestReboot 2026-04-17T16:54:00-05:00 logger.go:66: module.this.terraform_data.install (remote-exec): [INFO]  finding release for channel stable
TestReboot 2026-04-17T16:54:01-05:00 logger.go:66: module.this.terraform_data.install (remote-exec): [INFO]  using 1.34 series from channel stable
TestReboot 2026-04-17T16:54:01-05:00 logger.go:66: module.this.terraform_data.install (remote-exec): transactional-update 4.1.9 started
TestReboot 2026-04-17T16:54:01-05:00 logger.go:66: module.this.terraform_data.install (remote-exec): Options: --no-selfupdate -d run zypper --gpg-auto-import-keys install -y rke2-server-1.34.6~rke2r3
TestReboot 2026-04-17T16:54:01-05:00 logger.go:66: module.this.terraform_data.install (remote-exec): Separate /var detected.
TestReboot 2026-04-17T16:54:01-05:00 logger.go:66: module.this.terraform_data.install (remote-exec): 2026-04-17 21:54:01 tukit 4.1.9 started
TestReboot 2026-04-17T16:54:01-05:00 logger.go:66: module.this.terraform_data.install (remote-exec): 2026-04-17 21:54:01 Options: --discard -c1 open
TestReboot 2026-04-17T16:54:01-05:00 logger.go:66: module.this.terraform_data.install (remote-exec): 2026-04-17 21:54:01 Using snapshot 1 as base for new snapshot 2.
TestReboot 2026-04-17T16:54:01-05:00 logger.go:66: module.this.terraform_data.install (remote-exec): 2026-04-17 21:54:01 /var/lib/overlay/1/etc
TestReboot 2026-04-17T16:54:01-05:00 logger.go:66: module.this.terraform_data.install (remote-exec): 2026-04-17 21:54:01 No previous snapshot to sync with - skipping
TestReboot 2026-04-17T16:54:01-05:00 logger.go:66: module.this.terraform_data.install (remote-exec): Relabeled /var from system_u:object_r:unlabeled_t:s0 to system_u:object_r:var_t:s0
TestReboot 2026-04-17T16:54:01-05:00 logger.go:66: module.this.terraform_data.install (remote-exec): Relabeled /var/lib from unconfined_u:object_r:unlabeled_t:s0 to unconfined_u:object_r:var_lib_t:s0
TestReboot 2026-04-17T16:54:01-05:00 logger.go:66: module.this.terraform_data.install (remote-exec): ID: 2
TestReboot 2026-04-17T16:54:01-05:00 logger.go:66: module.this.terraform_data.install (remote-exec): 2026-04-17 21:54:01 Transaction completed.
TestReboot 2026-04-17T16:54:01-05:00 logger.go:66: module.this.terraform_data.install (remote-exec): 2026-04-17 21:54:01 tukit 4.1.9 started
TestReboot 2026-04-17T16:54:01-05:00 logger.go:66: module.this.terraform_data.install (remote-exec): 2026-04-17 21:54:01 Options: --discard call 2 zypper --gpg-auto-import-keys install -y rke2-server-1.34.6~rke2r3
TestReboot 2026-04-17T16:54:02-05:00 logger.go:66: module.this.terraform_data.install (remote-exec): Relabeled /var/lib/ca-certificates from unconfined_u:object_r:var_lib_t:s0 to unconfined_u:object_r:cert_t:s0
TestReboot 2026-04-17T16:54:02-05:00 logger.go:66: module.this.terraform_data.install (remote-exec): Relabeled /var/lib/alternatives from unconfined_u:object_r:var_lib_t:s0 to unconfined_u:object_r:rpm_var_lib_t:s0
TestReboot 2026-04-17T16:54:02-05:00 logger.go:66: module.this.terraform_data.install (remote-exec): Relabeled /var/log from unconfined_u:object_r:var_t:s0 to unconfined_u:object_r:var_log_t:s0
TestReboot 2026-04-17T16:54:02-05:00 logger.go:66: module.this.terraform_data.install (remote-exec): 2026-04-17 21:54:02 Executing `zypper --gpg-auto-import-keys install -y rke2-server-1.34.6~rke2r3`:
TestReboot 2026-04-17T16:54:02-05:00 logger.go:66: module.this.terraform_data.install (remote-exec): Looking for gpg keys in repository Rancher RKE2 1.34 (stable).
TestReboot 2026-04-17T16:54:02-05:00 logger.go:66: module.this.terraform_data.install (remote-exec):   gpgkey=https://rpm.rancher.io/public.key
TestReboot 2026-04-17T16:54:03-05:00 logger.go:66: 
TestReboot 2026-04-17T16:54:03-05:00 logger.go:66: module.this.terraform_data.install (remote-exec): Automatically importing the following key:
TestReboot 2026-04-17T16:54:03-05:00 logger.go:66: 
TestReboot 2026-04-17T16:54:03-05:00 logger.go:66: module.this.terraform_data.install (remote-exec):   Repository:       Rancher RKE2 1.34 (stable)
TestReboot 2026-04-17T16:54:03-05:00 logger.go:66: module.this.terraform_data.install (remote-exec):   Key Fingerprint:  C8CF F216 4551 26E9 B9C9 18BE 925E A29A E257 814A
TestReboot 2026-04-17T16:54:03-05:00 logger.go:66: module.this.terraform_data.install (remote-exec):   Key Name:         Rancher (CI) <ci@rancher.com>
TestReboot 2026-04-17T16:54:03-05:00 logger.go:66: module.this.terraform_data.install (remote-exec):   Key Algorithm:    RSA 3072
TestReboot 2026-04-17T16:54:03-05:00 logger.go:66: module.this.terraform_data.install (remote-exec):   Key Created:      Tue Mar 10 22:43:06 2020
TestReboot 2026-04-17T16:54:03-05:00 logger.go:66: module.this.terraform_data.install (remote-exec):   Key Expires:      (does not expire)
TestReboot 2026-04-17T16:54:03-05:00 logger.go:66: module.this.terraform_data.install (remote-exec):   Subkey:           AA7E9EC8FE21FDCF 2020-03-10 [does not expire]
TestReboot 2026-04-17T16:54:03-05:00 logger.go:66: module.this.terraform_data.install (remote-exec):   Rpm Name:         gpg-pubkey-e257814a-5e6817fa
TestReboot 2026-04-17T16:54:03-05:00 logger.go:66: 
TestReboot 2026-04-17T16:54:03-05:00 logger.go:66: 
TestReboot 2026-04-17T16:54:03-05:00 logger.go:66: 
TestReboot 2026-04-17T16:54:03-05:00 logger.go:66: module.this.terraform_data.install (remote-exec):     Note: A GPG pubkey is clearly identified by its fingerprint. Do not rely on the key's name. If
TestReboot 2026-04-17T16:54:03-05:00 logger.go:66: module.this.terraform_data.install (remote-exec):     you are not sure whether the presented key is authentic, ask the repository provider or check
TestReboot 2026-04-17T16:54:03-05:00 logger.go:66: module.this.terraform_data.install (remote-exec):     their web site. Many providers maintain a web page showing the fingerprints of the GPG keys they
TestReboot 2026-04-17T16:54:03-05:00 logger.go:66: module.this.terraform_data.install (remote-exec):     are using.
TestReboot 2026-04-17T16:54:03-05:00 logger.go:66: module.this.terraform_data.install (remote-exec): Building repository 'Rancher RKE2 1.34 (stable)' cache [....done]
TestReboot 2026-04-17T16:54:03-05:00 logger.go:66: module.this.terraform_data.install: Still creating... [10s elapsed]
TestReboot 2026-04-17T16:54:03-05:00 logger.go:66: module.this.terraform_data.install (remote-exec): Looking for gpg keys in repository Rancher RKE2 Common (stable).
TestReboot 2026-04-17T16:54:03-05:00 logger.go:66: module.this.terraform_data.install (remote-exec):   gpgkey=https://rpm.rancher.io/public.key
TestReboot 2026-04-17T16:54:03-05:00 logger.go:66: module.this.terraform_data.install (remote-exec): Building repository 'Rancher RKE2 Common (stable)' cache [....done]
TestReboot 2026-04-17T16:54:03-05:00 logger.go:66: module.this.terraform_data.install (remote-exec): Loading repository data...
TestReboot 2026-04-17T16:54:03-05:00 logger.go:66: module.this.terraform_data.install (remote-exec): Reading installed packages...
TestReboot 2026-04-17T16:54:03-05:00 logger.go:66: module.this.terraform_data.install (remote-exec): Resolving package dependencies...
TestReboot 2026-04-17T16:54:03-05:00 logger.go:66: 
TestReboot 2026-04-17T16:54:03-05:00 logger.go:66: module.this.terraform_data.install (remote-exec): The following 3 NEW packages are going to be installed:
TestReboot 2026-04-17T16:54:03-05:00 logger.go:66: module.this.terraform_data.install (remote-exec):   rke2-common rke2-selinux rke2-server
TestReboot 2026-04-17T16:54:03-05:00 logger.go:66: 
TestReboot 2026-04-17T16:54:03-05:00 logger.go:66: module.this.terraform_data.install (remote-exec): The following 3 packages have no support information from their vendor:
TestReboot 2026-04-17T16:54:03-05:00 logger.go:66: module.this.terraform_data.install (remote-exec):   rke2-common rke2-selinux rke2-server
TestReboot 2026-04-17T16:54:03-05:00 logger.go:66: 
TestReboot 2026-04-17T16:54:03-05:00 logger.go:66: module.this.terraform_data.install (remote-exec): 3 new packages to install.
TestReboot 2026-04-17T16:54:03-05:00 logger.go:66: 
TestReboot 2026-04-17T16:54:03-05:00 logger.go:66: module.this.terraform_data.install (remote-exec): Package download size:    25.3 MiB
TestReboot 2026-04-17T16:54:03-05:00 logger.go:66: 
TestReboot 2026-04-17T16:54:03-05:00 logger.go:66: module.this.terraform_data.install (remote-exec): Package install size change:
TestReboot 2026-04-17T16:54:03-05:00 logger.go:66: module.this.terraform_data.install (remote-exec):               |     119.9 MiB  required by packages that will be installed
TestReboot 2026-04-17T16:54:03-05:00 logger.go:66: module.this.terraform_data.install (remote-exec):    119.9 MiB  |  -      0 B    released by packages that will be removed
TestReboot 2026-04-17T16:54:03-05:00 logger.go:66: 
TestReboot 2026-04-17T16:54:03-05:00 logger.go:66: module.this.terraform_data.install (remote-exec): Backend:  classic_rpmtrans
TestReboot 2026-04-17T16:54:03-05:00 logger.go:66: module.this.terraform_data.install (remote-exec): Continue? [y/n/v/...? shows all options] (y): y
TestReboot 2026-04-17T16:54:04-05:00 logger.go:66: module.this.terraform_data.install (remote-exec): Retrieving: rke2-selinux-0.22-1.slemicro.noarch (Rancher RKE2 Common (stable)) (1/3),  18.9 KiB
TestReboot 2026-04-17T16:54:04-05:00 logger.go:66: module.this.terraform_data.install (remote-exec): Retrieving: rke2-selinux-0.22-1.slemicro.noarch.rpm [.done]
TestReboot 2026-04-17T16:54:04-05:00 logger.go:66: module.this.terraform_data.install (remote-exec): Retrieving: rke2-common-1.34.6~rke2r3-0.slemicro.x86_64 (Rancher RKE2 1.34 (stable)) (2/3),  25.3 MiB
TestReboot 2026-04-17T16:54:04-05:00 logger.go:66: module.this.terraform_data.install (remote-exec): Retrieving: rke2-common-1.34.6~rke2r3-0.slemicro.x86_64.rpm [.
TestReboot 2026-04-17T16:54:04-05:00 logger.go:66: module.this.terraform_data.install (remote-exec): .done (711.9 KiB/s)]
TestReboot 2026-04-17T16:54:04-05:00 logger.go:66: module.this.terraform_data.install (remote-exec): Retrieving: rke2-server-1.34.6~rke2r3-0.slemicro.x86_64 (Rancher RKE2 1.34 (stable)) (3/3),   9.9 KiB
TestReboot 2026-04-17T16:54:04-05:00 logger.go:66: module.this.terraform_data.install (remote-exec): Retrieving: rke2-server-1.34.6~rke2r3-0.slemicro.x86_64.rpm [.done]
TestReboot 2026-04-17T16:54:04-05:00 logger.go:66: 
TestReboot 2026-04-17T16:54:04-05:00 logger.go:66: module.this.terraform_data.install (remote-exec): Checking for file conflicts: [..done]
TestReboot 2026-04-17T16:54:04-05:00 logger.go:66: module.this.terraform_data.install (remote-exec): (1/3) Installing: rke2-selinux-0.22-1.slemicro.noarch [..
TestReboot 2026-04-17T16:54:10-05:00 logger.go:66: module.this.terraform_data.install (remote-exec): done]
TestReboot 2026-04-17T16:54:10-05:00 logger.go:66: module.this.terraform_data.install (remote-exec): (2/3) Installing: rke2-common-1.34.6~rke2r3-0.slemicro.x86_64 [..
TestReboot 2026-04-17T16:54:10-05:00 logger.go:66: module.this.terraform_data.install (remote-exec): .
TestReboot 2026-04-17T16:54:10-05:00 logger.go:66: module.this.terraform_data.install (remote-exec): ..
TestReboot 2026-04-17T16:54:11-05:00 logger.go:66: module.this.terraform_data.install (remote-exec): ......
TestReboot 2026-04-17T16:54:11-05:00 logger.go:66: module.this.terraform_data.install (remote-exec): ...
TestReboot 2026-04-17T16:54:11-05:00 logger.go:66: module.this.terraform_data.install (remote-exec): ..
TestReboot 2026-04-17T16:54:12-05:00 logger.go:66: module.this.terraform_data.install (remote-exec): ...done]
TestReboot 2026-04-17T16:54:12-05:00 logger.go:66: module.this.terraform_data.install (remote-exec): (3/3) Installing: rke2-server-1.34.6~rke2r3-0.slemicro.x86_64 [..
TestReboot 2026-04-17T16:54:12-05:00 logger.go:66: module.this.terraform_data.install (remote-exec): Running in chroot, ignoring command 'daemon-reload'
TestReboot 2026-04-17T16:54:12-05:00 logger.go:66: module.this.terraform_data.install (remote-exec): done]
TestReboot 2026-04-17T16:54:12-05:00 logger.go:66: module.this.terraform_data.install (remote-exec): Running post-transaction scripts [..
TestReboot 2026-04-17T16:54:12-05:00 logger.go:66: module.this.terraform_data.install (remote-exec): ..done]
TestReboot 2026-04-17T16:54:12-05:00 logger.go:66: module.this.terraform_data.install (remote-exec): 2026-04-17 21:54:12 Application returned with exit status 0.
TestReboot 2026-04-17T16:54:12-05:00 logger.go:66: module.this.terraform_data.install (remote-exec): 2026-04-17 21:54:12 Transaction completed.
TestReboot 2026-04-17T16:54:12-05:00 logger.go:66: module.this.terraform_data.install (remote-exec): 2026-04-17 21:54:12 tukit 4.1.9 started
TestReboot 2026-04-17T16:54:12-05:00 logger.go:66: module.this.terraform_data.install (remote-exec): 2026-04-17 21:54:12 Options: --discard close 2
TestReboot 2026-04-17T16:54:13-05:00 logger.go:66: module.this.terraform_data.install (remote-exec): Relabeled /var/lib/YaST2 from unconfined_u:object_r:var_lib_t:s0 to unconfined_u:object_r:rpm_var_lib_t:s0
TestReboot 2026-04-17T16:54:13-05:00 logger.go:66: module.this.terraform_data.install (remote-exec): Relabeled /var/lib/YaST2/cookies from unconfined_u:object_r:var_lib_t:s0 to unconfined_u:object_r:rpm_var_lib_t:s0
TestReboot 2026-04-17T16:54:13-05:00 logger.go:66: module.this.terraform_data.install (remote-exec): Relabeled /var/lib/rancher/rke2 from system_u:object_r:container_var_lib_t:s0 to system_u:object_r:var_lib_t:s0
TestReboot 2026-04-17T16:54:13-05:00 logger.go:66: module.this.terraform_data.install (remote-exec): Relabeled /var/lib/rancher/rke2/data from system_u:object_r:container_runtime_exec_t:s0 to system_u:object_r:var_lib_t:s0
TestReboot 2026-04-17T16:54:13-05:00 logger.go:66: module.this.terraform_data.install (remote-exec): Relabeled /var/lib/rancher/rke2/agent from system_u:object_r:container_var_lib_t:s0 to system_u:object_r:var_lib_t:s0
TestReboot 2026-04-17T16:54:13-05:00 logger.go:66: module.this.terraform_data.install (remote-exec): Relabeled /var/lib/rancher/rke2/agent/logs from system_u:object_r:container_log_t:s0 to system_u:object_r:var_lib_t:s0
TestReboot 2026-04-17T16:54:13-05:00 logger.go:66: module.this.terraform_data.install (remote-exec): Relabeled /var/lib/rancher/rke2/agent/containerd from system_u:object_r:container_var_lib_t:s0 to system_u:object_r:var_lib_t:s0
TestReboot 2026-04-17T16:54:13-05:00 logger.go:66: module.this.terraform_data.install (remote-exec): Relabeled /var/lib/rancher/rke2/agent/containerd/io.containerd.snapshotter.v1.overlayfs from system_u:object_r:container_var_lib_t:s0 to system_u:object_r:var_lib_t:s0
TestReboot 2026-04-17T16:54:13-05:00 logger.go:66: module.this.terraform_data.install (remote-exec): Relabeled /var/lib/rancher/rke2/agent/containerd/io.containerd.snapshotter.v1.overlayfs/snapshots from system_u:object_r:container_ro_file_t:s0 to system_u:object_r:var_lib_t:s0
TestReboot 2026-04-17T16:54:13-05:00 logger.go:66: module.this.terraform_data.install (remote-exec): Relabeled /var/lib/rancher/rke2/server from system_u:object_r:container_var_lib_t:s0 to system_u:object_r:var_lib_t:s0
TestReboot 2026-04-17T16:54:13-05:00 logger.go:66: module.this.terraform_data.install (remote-exec): Relabeled /var/lib/systemd from unconfined_u:object_r:var_lib_t:s0 to unconfined_u:object_r:init_var_lib_t:s0
TestReboot 2026-04-17T16:54:13-05:00 logger.go:66: module.this.terraform_data.install (remote-exec): Relabeled /var/lib/systemd/migrated from unconfined_u:object_r:var_lib_t:s0 to unconfined_u:object_r:init_var_lib_t:s0
TestReboot 2026-04-17T16:54:13-05:00 logger.go:66: module.this.terraform_data.install (remote-exec): 2026-04-17 21:54:13 New default snapshot is #2 (/.snapshots/2/snapshot).
TestReboot 2026-04-17T16:54:13-05:00 logger.go:66: module.this.terraform_data.install (remote-exec): 2026-04-17 21:54:13 Transaction completed.
TestReboot 2026-04-17T16:54:13-05:00 logger.go:66: 
TestReboot 2026-04-17T16:54:13-05:00 logger.go:66: module.this.terraform_data.install (remote-exec): Please reboot your machine to activate the changes and avoid data loss.
TestReboot 2026-04-17T16:54:13-05:00 logger.go:66: module.this.terraform_data.install (remote-exec): New default snapshot is #2 (/.snapshots/2/snapshot).
TestReboot 2026-04-17T16:54:13-05:00 logger.go:66: module.this.terraform_data.install (remote-exec): transactional-update finished
TestReboot 2026-04-17T16:54:13-05:00 logger.go:66: module.this.terraform_data.install: Still creating... [20s elapsed]
TestReboot 2026-04-17T16:54:13-05:00 logger.go:66: module.this.terraform_data.install: Provisioning with 'remote-exec'...
TestReboot 2026-04-17T16:54:13-05:00 logger.go:66: module.this.terraform_data.install (remote-exec): Connecting to remote host via SSH...
TestReboot 2026-04-17T16:54:13-05:00 logger.go:66: module.this.terraform_data.install (remote-exec):   Host: 52.37.171.161
TestReboot 2026-04-17T16:54:13-05:00 logger.go:66: module.this.terraform_data.install (remote-exec):   User: tf-ys0zmte0mi1kcg-reboot
TestReboot 2026-04-17T16:54:13-05:00 logger.go:66: module.this.terraform_data.install (remote-exec):   Password: false
TestReboot 2026-04-17T16:54:13-05:00 logger.go:66: module.this.terraform_data.install (remote-exec):   Private key: false
TestReboot 2026-04-17T16:54:13-05:00 logger.go:66: module.this.terraform_data.install (remote-exec):   Certificate: false
TestReboot 2026-04-17T16:54:13-05:00 logger.go:66: module.this.terraform_data.install (remote-exec):   SSH Agent: true
TestReboot 2026-04-17T16:54:13-05:00 logger.go:66: module.this.terraform_data.install (remote-exec):   Checking Host Key: false
TestReboot 2026-04-17T16:54:13-05:00 logger.go:66: module.this.terraform_data.install (remote-exec):   Target Platform: unix
TestReboot 2026-04-17T16:54:14-05:00 logger.go:66: module.this.terraform_data.install (remote-exec): Connected!
TestReboot 2026-04-17T16:54:15-05:00 logger.go:66: module.this.terraform_data.install: Creation complete after 21s [id=13637f7e-78c9-262d-2c18-e644e6dda5fc]
TestReboot 2026-04-17T16:54:15-05:00 logger.go:66: module.this.time_sleep.ten_s_after_install: Creating...
TestReboot 2026-04-17T16:54:25-05:00 logger.go:66: module.this.time_sleep.ten_s_after_install: Still creating... [10s elapsed]
TestReboot 2026-04-17T16:54:25-05:00 logger.go:66: module.this.time_sleep.ten_s_after_install: Creation complete after 10s [id=2026-04-17T21:54:25Z]
TestReboot 2026-04-17T16:54:25-05:00 logger.go:66: module.this.time_sleep.ten_s_before_start: Creating...
TestReboot 2026-04-17T16:54:35-05:00 logger.go:66: module.this.time_sleep.ten_s_before_start: Still creating... [10s elapsed]
TestReboot 2026-04-17T16:54:35-05:00 logger.go:66: module.this.time_sleep.ten_s_before_start: Creation complete after 10s [id=2026-04-17T21:54:35Z]
TestReboot 2026-04-17T16:54:35-05:00 logger.go:66: module.this.terraform_data.start[0]: Creating...
TestReboot 2026-04-17T16:54:35-05:00 logger.go:66: module.this.terraform_data.start[0]: Provisioning with 'remote-exec'...
TestReboot 2026-04-17T16:54:35-05:00 logger.go:66: module.this.terraform_data.start[0] (remote-exec): Connecting to remote host via SSH...
TestReboot 2026-04-17T16:54:35-05:00 logger.go:66: module.this.terraform_data.start[0] (remote-exec):   Host: 52.37.171.161
TestReboot 2026-04-17T16:54:35-05:00 logger.go:66: module.this.terraform_data.start[0] (remote-exec):   User: tf-ys0zmte0mi1kcg-reboot
TestReboot 2026-04-17T16:54:35-05:00 logger.go:66: module.this.terraform_data.start[0] (remote-exec):   Password: false
TestReboot 2026-04-17T16:54:35-05:00 logger.go:66: module.this.terraform_data.start[0] (remote-exec):   Private key: false
TestReboot 2026-04-17T16:54:35-05:00 logger.go:66: module.this.terraform_data.start[0] (remote-exec):   Certificate: false
TestReboot 2026-04-17T16:54:35-05:00 logger.go:66: module.this.terraform_data.start[0] (remote-exec):   SSH Agent: true
TestReboot 2026-04-17T16:54:35-05:00 logger.go:66: module.this.terraform_data.start[0] (remote-exec):   Checking Host Key: false
TestReboot 2026-04-17T16:54:35-05:00 logger.go:66: module.this.terraform_data.start[0] (remote-exec):   Target Platform: unix
TestReboot 2026-04-17T16:54:45-05:00 logger.go:66: module.this.terraform_data.start[0]: Still creating... [10s elapsed]
TestReboot 2026-04-17T16:54:46-05:00 logger.go:66: module.this.terraform_data.start[0] (remote-exec): Connecting to remote host via SSH...
TestReboot 2026-04-17T16:54:46-05:00 logger.go:66: module.this.terraform_data.start[0] (remote-exec):   Host: 52.37.171.161
TestReboot 2026-04-17T16:54:46-05:00 logger.go:66: module.this.terraform_data.start[0] (remote-exec):   User: tf-ys0zmte0mi1kcg-reboot
TestReboot 2026-04-17T16:54:46-05:00 logger.go:66: module.this.terraform_data.start[0] (remote-exec):   Password: false
TestReboot 2026-04-17T16:54:46-05:00 logger.go:66: module.this.terraform_data.start[0] (remote-exec):   Private key: false
TestReboot 2026-04-17T16:54:46-05:00 logger.go:66: module.this.terraform_data.start[0] (remote-exec):   Certificate: false
TestReboot 2026-04-17T16:54:46-05:00 logger.go:66: module.this.terraform_data.start[0] (remote-exec):   SSH Agent: true
TestReboot 2026-04-17T16:54:46-05:00 logger.go:66: module.this.terraform_data.start[0] (remote-exec):   Checking Host Key: false
TestReboot 2026-04-17T16:54:46-05:00 logger.go:66: module.this.terraform_data.start[0] (remote-exec):   Target Platform: unix
TestReboot 2026-04-17T16:54:48-05:00 logger.go:66: module.this.terraform_data.start[0] (remote-exec): Connecting to remote host via SSH...
TestReboot 2026-04-17T16:54:48-05:00 logger.go:66: module.this.terraform_data.start[0] (remote-exec):   Host: 52.37.171.161
TestReboot 2026-04-17T16:54:48-05:00 logger.go:66: module.this.terraform_data.start[0] (remote-exec):   User: tf-ys0zmte0mi1kcg-reboot
TestReboot 2026-04-17T16:54:48-05:00 logger.go:66: module.this.terraform_data.start[0] (remote-exec):   Password: false
TestReboot 2026-04-17T16:54:48-05:00 logger.go:66: module.this.terraform_data.start[0] (remote-exec):   Private key: false
TestReboot 2026-04-17T16:54:48-05:00 logger.go:66: module.this.terraform_data.start[0] (remote-exec):   Certificate: false
TestReboot 2026-04-17T16:54:48-05:00 logger.go:66: module.this.terraform_data.start[0] (remote-exec):   SSH Agent: true
TestReboot 2026-04-17T16:54:48-05:00 logger.go:66: module.this.terraform_data.start[0] (remote-exec):   Checking Host Key: false
TestReboot 2026-04-17T16:54:48-05:00 logger.go:66: module.this.terraform_data.start[0] (remote-exec):   Target Platform: unix
TestReboot 2026-04-17T16:54:52-05:00 logger.go:66: module.this.terraform_data.start[0] (remote-exec): Connecting to remote host via SSH...
TestReboot 2026-04-17T16:54:52-05:00 logger.go:66: module.this.terraform_data.start[0] (remote-exec):   Host: 52.37.171.161
TestReboot 2026-04-17T16:54:52-05:00 logger.go:66: module.this.terraform_data.start[0] (remote-exec):   User: tf-ys0zmte0mi1kcg-reboot
TestReboot 2026-04-17T16:54:52-05:00 logger.go:66: module.this.terraform_data.start[0] (remote-exec):   Password: false
TestReboot 2026-04-17T16:54:52-05:00 logger.go:66: module.this.terraform_data.start[0] (remote-exec):   Private key: false
TestReboot 2026-04-17T16:54:52-05:00 logger.go:66: module.this.terraform_data.start[0] (remote-exec):   Certificate: false
TestReboot 2026-04-17T16:54:52-05:00 logger.go:66: module.this.terraform_data.start[0] (remote-exec):   SSH Agent: true
TestReboot 2026-04-17T16:54:52-05:00 logger.go:66: module.this.terraform_data.start[0] (remote-exec):   Checking Host Key: false
TestReboot 2026-04-17T16:54:52-05:00 logger.go:66: module.this.terraform_data.start[0] (remote-exec):   Target Platform: unix
TestReboot 2026-04-17T16:54:55-05:00 logger.go:66: module.this.terraform_data.start[0]: Still creating... [20s elapsed]
TestReboot 2026-04-17T16:55:00-05:00 logger.go:66: module.this.terraform_data.start[0] (remote-exec): Connecting to remote host via SSH...
TestReboot 2026-04-17T16:55:00-05:00 logger.go:66: module.this.terraform_data.start[0] (remote-exec):   Host: 52.37.171.161
TestReboot 2026-04-17T16:55:00-05:00 logger.go:66: module.this.terraform_data.start[0] (remote-exec):   User: tf-ys0zmte0mi1kcg-reboot
TestReboot 2026-04-17T16:55:00-05:00 logger.go:66: module.this.terraform_data.start[0] (remote-exec):   Password: false
TestReboot 2026-04-17T16:55:00-05:00 logger.go:66: module.this.terraform_data.start[0] (remote-exec):   Private key: false
TestReboot 2026-04-17T16:55:00-05:00 logger.go:66: module.this.terraform_data.start[0] (remote-exec):   Certificate: false
TestReboot 2026-04-17T16:55:00-05:00 logger.go:66: module.this.terraform_data.start[0] (remote-exec):   SSH Agent: true
TestReboot 2026-04-17T16:55:00-05:00 logger.go:66: module.this.terraform_data.start[0] (remote-exec):   Checking Host Key: false
TestReboot 2026-04-17T16:55:00-05:00 logger.go:66: module.this.terraform_data.start[0] (remote-exec):   Target Platform: unix
TestReboot 2026-04-17T16:55:01-05:00 logger.go:66: module.this.terraform_data.start[0] (remote-exec): Connected!
TestReboot 2026-04-17T16:55:01-05:00 logger.go:66: module.this.terraform_data.start[0] (remote-exec): Connected!
TestReboot 2026-04-17T16:55:02-05:00 logger.go:66: module.this.terraform_data.start[0]: Provisioning with 'file'...
TestReboot 2026-04-17T16:55:03-05:00 logger.go:66: module.this.terraform_data.start[0]: Provisioning with 'remote-exec'...
TestReboot 2026-04-17T16:55:03-05:00 logger.go:66: module.this.terraform_data.start[0] (remote-exec): Connecting to remote host via SSH...
TestReboot 2026-04-17T16:55:03-05:00 logger.go:66: module.this.terraform_data.start[0] (remote-exec):   Host: 52.37.171.161
TestReboot 2026-04-17T16:55:03-05:00 logger.go:66: module.this.terraform_data.start[0] (remote-exec):   User: tf-ys0zmte0mi1kcg-reboot
TestReboot 2026-04-17T16:55:03-05:00 logger.go:66: module.this.terraform_data.start[0] (remote-exec):   Password: false
TestReboot 2026-04-17T16:55:03-05:00 logger.go:66: module.this.terraform_data.start[0] (remote-exec):   Private key: false
TestReboot 2026-04-17T16:55:03-05:00 logger.go:66: module.this.terraform_data.start[0] (remote-exec):   Certificate: false
TestReboot 2026-04-17T16:55:03-05:00 logger.go:66: module.this.terraform_data.start[0] (remote-exec):   SSH Agent: true
TestReboot 2026-04-17T16:55:03-05:00 logger.go:66: module.this.terraform_data.start[0] (remote-exec):   Checking Host Key: false
TestReboot 2026-04-17T16:55:03-05:00 logger.go:66: module.this.terraform_data.start[0] (remote-exec):   Target Platform: unix
TestReboot 2026-04-17T16:55:03-05:00 logger.go:66: module.this.terraform_data.start[0] (remote-exec): Connected!
TestReboot 2026-04-17T16:55:04-05:00 logger.go:66: module.this.terraform_data.start[0] (remote-exec): + set -e
TestReboot 2026-04-17T16:55:04-05:00 logger.go:66: module.this.terraform_data.start[0] (remote-exec): ++ sudo uptime
TestReboot 2026-04-17T16:55:04-05:00 logger.go:66: module.this.terraform_data.start[0] (remote-exec): ++ awk -F, '{print $1}'
TestReboot 2026-04-17T16:55:04-05:00 logger.go:66: module.this.terraform_data.start[0] (remote-exec): ++ awk '{print $3}'
TestReboot 2026-04-17T16:55:04-05:00 logger.go:66: module.this.terraform_data.start[0] (remote-exec): ++ awk -F: '{print $2}'
TestReboot 2026-04-17T16:55:04-05:00 logger.go:66: module.this.terraform_data.start[0] (remote-exec): + echo 'Uptime is 00' 'min, it should be low.'
TestReboot 2026-04-17T16:55:04-05:00 logger.go:66: module.this.terraform_data.start[0] (remote-exec): Uptime is 00 min, it should be low.
TestReboot 2026-04-17T16:55:04-05:00 logger.go:66: module.this.terraform_data.start[0] (remote-exec): + sudo chmod +x /home/tf-ys0zmte0mi1kcg-reboot/start.sh
TestReboot 2026-04-17T16:55:04-05:00 logger.go:66: module.this.terraform_data.start[0] (remote-exec): + sudo /home/tf-ys0zmte0mi1kcg-reboot/start.sh server 10
TestReboot 2026-04-17T16:55:04-05:00 logger.go:66: module.this.terraform_data.start[0] (remote-exec): 2026-04-17 21:55:04 - Reloading systemd daemon and enabling rke2-server.service...
TestReboot 2026-04-17T16:55:04-05:00 logger.go:66: module.this.terraform_data.start[0] (remote-exec): Created symlink /etc/systemd/system/multi-user.target.wants/rke2-server.service → /usr/lib/systemd/system/rke2-server.service.
TestReboot 2026-04-17T16:55:05-05:00 logger.go:66: module.this.terraform_data.start[0] (remote-exec): 2026-04-17 21:55:05 - Starting rke2-server.service...
TestReboot 2026-04-17T16:55:05-05:00 logger.go:66: module.this.terraform_data.start[0] (remote-exec): 2026-04-17 21:55:05 - rke2-server.service status is "activating"
TestReboot 2026-04-17T16:55:05-05:00 logger.go:66: module.this.terraform_data.start[0]: Still creating... [30s elapsed]
TestReboot 2026-04-17T16:55:15-05:00 logger.go:66: module.this.terraform_data.start[0] (remote-exec): 2026-04-17 21:55:15 - rke2-server.service status is "activating"
TestReboot 2026-04-17T16:55:15-05:00 logger.go:66: module.this.terraform_data.start[0]: Still creating... [40s elapsed]
TestReboot 2026-04-17T16:55:25-05:00 logger.go:66: module.this.terraform_data.start[0] (remote-exec): 2026-04-17 21:55:25 - rke2-server.service status is "activating"
TestReboot 2026-04-17T16:55:25-05:00 logger.go:66: module.this.terraform_data.start[0]: Still creating... [50s elapsed]
TestReboot 2026-04-17T16:55:35-05:00 logger.go:66: module.this.terraform_data.start[0] (remote-exec): 2026-04-17 21:55:35 - rke2-server.service status is "activating"
TestReboot 2026-04-17T16:55:35-05:00 logger.go:66: module.this.terraform_data.start[0]: Still creating... [1m0s elapsed]
TestReboot 2026-04-17T16:55:45-05:00 logger.go:66: module.this.terraform_data.start[0] (remote-exec): 2026-04-17 21:55:45 - rke2-server.service status is "activating"
TestReboot 2026-04-17T16:55:45-05:00 logger.go:66: module.this.terraform_data.start[0]: Still creating... [1m10s elapsed]
TestReboot 2026-04-17T16:55:55-05:00 logger.go:66: module.this.terraform_data.start[0] (remote-exec): 2026-04-17 21:55:55 - rke2-server.service status is "activating"
TestReboot 2026-04-17T16:55:55-05:00 logger.go:66: module.this.terraform_data.start[0]: Still creating... [1m20s elapsed]
TestReboot 2026-04-17T16:56:05-05:00 logger.go:66: module.this.terraform_data.start[0] (remote-exec): 2026-04-17 21:56:05 - rke2-server.service status is "activating"
TestReboot 2026-04-17T16:56:05-05:00 logger.go:66: module.this.terraform_data.start[0]: Still creating... [1m30s elapsed]
TestReboot 2026-04-17T16:56:15-05:00 logger.go:66: module.this.terraform_data.start[0]: Still creating... [1m40s elapsed]
TestReboot 2026-04-17T16:56:15-05:00 logger.go:66: module.this.terraform_data.start[0] (remote-exec): 2026-04-17 21:56:15 - rke2-server.service status is "activating"
TestReboot 2026-04-17T16:56:25-05:00 logger.go:66: module.this.terraform_data.start[0]: Still creating... [1m50s elapsed]
TestReboot 2026-04-17T16:56:25-05:00 logger.go:66: module.this.terraform_data.start[0] (remote-exec): 2026-04-17 21:56:25 - rke2-server.service status is "activating"
TestReboot 2026-04-17T16:56:35-05:00 logger.go:66: module.this.terraform_data.start[0]: Still creating... [2m0s elapsed]
TestReboot 2026-04-17T16:56:35-05:00 logger.go:66: module.this.terraform_data.start[0] (remote-exec): 2026-04-17 21:56:35 - rke2-server.service status is "activating"
TestReboot 2026-04-17T16:56:45-05:00 logger.go:66: module.this.terraform_data.start[0]: Still creating... [2m10s elapsed]
TestReboot 2026-04-17T16:56:45-05:00 logger.go:66: module.this.terraform_data.start[0] (remote-exec): 2026-04-17 21:56:45 - rke2-server.service status is "activating"
TestReboot 2026-04-17T16:56:55-05:00 logger.go:66: module.this.terraform_data.start[0]: Still creating... [2m20s elapsed]
TestReboot 2026-04-17T16:56:55-05:00 logger.go:66: module.this.terraform_data.start[0] (remote-exec): 2026-04-17 21:56:55 - rke2-server.service status is "activating"
TestReboot 2026-04-17T16:57:05-05:00 logger.go:66: module.this.terraform_data.start[0]: Still creating... [2m30s elapsed]
TestReboot 2026-04-17T16:57:05-05:00 logger.go:66: module.this.terraform_data.start[0] (remote-exec): 2026-04-17 21:57:05 - rke2-server.service status is "activating"
TestReboot 2026-04-17T16:57:15-05:00 logger.go:66: module.this.terraform_data.start[0]: Still creating... [2m40s elapsed]
TestReboot 2026-04-17T16:57:15-05:00 logger.go:66: module.this.terraform_data.start[0] (remote-exec): 2026-04-17 21:57:15 - rke2-server.service status is "activating"
TestReboot 2026-04-17T16:57:25-05:00 logger.go:66: module.this.terraform_data.start[0]: Still creating... [2m50s elapsed]
TestReboot 2026-04-17T16:57:25-05:00 logger.go:66: module.this.terraform_data.start[0] (remote-exec): 2026-04-17 21:57:25 - rke2-server.service status is "activating"
TestReboot 2026-04-17T16:57:35-05:00 logger.go:66: module.this.terraform_data.start[0]: Still creating... [3m0s elapsed]
TestReboot 2026-04-17T16:57:35-05:00 logger.go:66: module.this.terraform_data.start[0] (remote-exec): 2026-04-17 21:57:35 - rke2-server.service status is "activating"
TestReboot 2026-04-17T16:57:45-05:00 logger.go:66: module.this.terraform_data.start[0]: Still creating... [3m10s elapsed]
TestReboot 2026-04-17T16:57:45-05:00 logger.go:66: module.this.terraform_data.start[0] (remote-exec): 2026-04-17 21:57:45 - rke2-server.service status is "activating"
TestReboot 2026-04-17T16:57:55-05:00 logger.go:66: module.this.terraform_data.start[0]: Still creating... [3m20s elapsed]
TestReboot 2026-04-17T16:57:55-05:00 logger.go:66: module.this.terraform_data.start[0] (remote-exec): 2026-04-17 21:57:55 - rke2-server.service status is "activating"
TestReboot 2026-04-17T16:58:05-05:00 logger.go:66: module.this.terraform_data.start[0]: Still creating... [3m30s elapsed]
TestReboot 2026-04-17T16:58:05-05:00 logger.go:66: module.this.terraform_data.start[0] (remote-exec): 2026-04-17 21:58:05 - rke2-server.service status is "activating"
TestReboot 2026-04-17T16:58:15-05:00 logger.go:66: module.this.terraform_data.start[0]: Still creating... [3m40s elapsed]
TestReboot 2026-04-17T16:58:15-05:00 logger.go:66: module.this.terraform_data.start[0] (remote-exec): 2026-04-17 21:58:15 - rke2-server.service status is "activating"
TestReboot 2026-04-17T16:58:25-05:00 logger.go:66: module.this.terraform_data.start[0]: Still creating... [3m50s elapsed]
TestReboot 2026-04-17T16:58:25-05:00 logger.go:66: module.this.terraform_data.start[0] (remote-exec): 2026-04-17 21:58:25 - rke2-server.service status is "activating"
TestReboot 2026-04-17T16:58:35-05:00 logger.go:66: module.this.terraform_data.start[0]: Still creating... [4m0s elapsed]
TestReboot 2026-04-17T16:58:35-05:00 logger.go:66: module.this.terraform_data.start[0] (remote-exec): 2026-04-17 21:58:35 - rke2-server.service status is "activating"
TestReboot 2026-04-17T16:58:45-05:00 logger.go:66: module.this.terraform_data.start[0]: Still creating... [4m10s elapsed]
TestReboot 2026-04-17T16:58:45-05:00 logger.go:66: module.this.terraform_data.start[0] (remote-exec): 2026-04-17 21:58:45 - rke2-server.service status is "activating"
TestReboot 2026-04-17T16:58:55-05:00 logger.go:66: module.this.terraform_data.start[0]: Still creating... [4m20s elapsed]
TestReboot 2026-04-17T16:58:55-05:00 logger.go:66: module.this.terraform_data.start[0] (remote-exec): 2026-04-17 21:58:55 - rke2-server.service status is "activating"
TestReboot 2026-04-17T16:59:05-05:00 logger.go:66: module.this.terraform_data.start[0]: Still creating... [4m30s elapsed]
TestReboot 2026-04-17T16:59:05-05:00 logger.go:66: module.this.terraform_data.start[0] (remote-exec): 2026-04-17 21:59:05 - rke2-server.service status is "activating"
TestReboot 2026-04-17T16:59:15-05:00 logger.go:66: module.this.terraform_data.start[0]: Still creating... [4m40s elapsed]
TestReboot 2026-04-17T16:59:15-05:00 logger.go:66: module.this.terraform_data.start[0] (remote-exec): 2026-04-17 21:59:15 - rke2-server.service status is "activating"
TestReboot 2026-04-17T16:59:25-05:00 logger.go:66: module.this.terraform_data.start[0]: Still creating... [4m50s elapsed]
TestReboot 2026-04-17T16:59:25-05:00 logger.go:66: module.this.terraform_data.start[0] (remote-exec): 2026-04-17 21:59:25 - rke2-server.service status is "activating"
TestReboot 2026-04-17T16:59:35-05:00 logger.go:66: module.this.terraform_data.start[0]: Still creating... [5m0s elapsed]
TestReboot 2026-04-17T16:59:35-05:00 logger.go:66: module.this.terraform_data.start[0] (remote-exec): 2026-04-17 21:59:35 - rke2-server.service status is "activating"
TestReboot 2026-04-17T16:59:45-05:00 logger.go:66: module.this.terraform_data.start[0]: Still creating... [5m10s elapsed]
TestReboot 2026-04-17T16:59:45-05:00 logger.go:66: module.this.terraform_data.start[0] (remote-exec): 2026-04-17 21:59:45 - rke2-server.service status is "activating"
TestReboot 2026-04-17T16:59:55-05:00 logger.go:66: module.this.terraform_data.start[0]: Still creating... [5m20s elapsed]
TestReboot 2026-04-17T16:59:55-05:00 logger.go:66: module.this.terraform_data.start[0] (remote-exec): 2026-04-17 21:59:55 - rke2-server.service status is "activating"
TestReboot 2026-04-17T17:00:05-05:00 logger.go:66: module.this.terraform_data.start[0]: Still creating... [5m30s elapsed]
TestReboot 2026-04-17T17:00:05-05:00 logger.go:66: module.this.terraform_data.start[0] (remote-exec): 2026-04-17 22:00:05 - rke2-server.service status is "activating"
TestReboot 2026-04-17T17:00:15-05:00 logger.go:66: module.this.terraform_data.start[0]: Still creating... [5m40s elapsed]
TestReboot 2026-04-17T17:00:15-05:00 logger.go:66: module.this.terraform_data.start[0] (remote-exec): 2026-04-17 22:00:15 - rke2-server.service status is "activating"
TestReboot 2026-04-17T17:00:25-05:00 logger.go:66: module.this.terraform_data.start[0]: Still creating... [5m50s elapsed]
TestReboot 2026-04-17T17:00:25-05:00 logger.go:66: module.this.terraform_data.start[0] (remote-exec): 2026-04-17 22:00:25 - rke2-server.service status is "activating"
TestReboot 2026-04-17T17:00:35-05:00 logger.go:66: module.this.terraform_data.start[0]: Still creating... [6m0s elapsed]
TestReboot 2026-04-17T17:00:35-05:00 logger.go:66: module.this.terraform_data.start[0] (remote-exec): 2026-04-17 22:00:35 - rke2-server.service status is "activating"
TestReboot 2026-04-17T17:00:45-05:00 logger.go:66: module.this.terraform_data.start[0]: Still creating... [6m10s elapsed]
TestReboot 2026-04-17T17:00:45-05:00 logger.go:66: module.this.terraform_data.start[0] (remote-exec): 2026-04-17 22:00:45 - rke2-server.service status is "activating"
TestReboot 2026-04-17T17:00:55-05:00 logger.go:66: module.this.terraform_data.start[0]: Still creating... [6m20s elapsed]
TestReboot 2026-04-17T17:00:55-05:00 logger.go:66: module.this.terraform_data.start[0] (remote-exec): 2026-04-17 22:00:55 - rke2-server.service status is "activating"
TestReboot 2026-04-17T17:01:05-05:00 logger.go:66: module.this.terraform_data.start[0]: Still creating... [6m30s elapsed]
TestReboot 2026-04-17T17:01:05-05:00 logger.go:66: module.this.terraform_data.start[0] (remote-exec): 2026-04-17 22:01:05 - rke2-server.service status is "activating"
TestReboot 2026-04-17T17:01:15-05:00 logger.go:66: module.this.terraform_data.start[0]: Still creating... [6m40s elapsed]
TestReboot 2026-04-17T17:01:15-05:00 logger.go:66: module.this.terraform_data.start[0] (remote-exec): 2026-04-17 22:01:15 - rke2-server.service status is "activating"
TestReboot 2026-04-17T17:01:25-05:00 logger.go:66: module.this.terraform_data.start[0]: Still creating... [6m50s elapsed]
TestReboot 2026-04-17T17:01:25-05:00 logger.go:66: module.this.terraform_data.start[0] (remote-exec): 2026-04-17 22:01:25 - rke2-server.service status is "activating"
TestReboot 2026-04-17T17:01:35-05:00 logger.go:66: module.this.terraform_data.start[0]: Still creating... [7m0s elapsed]
TestReboot 2026-04-17T17:01:35-05:00 logger.go:66: module.this.terraform_data.start[0] (remote-exec): 2026-04-17 22:01:35 - rke2-server.service status is "activating"
TestReboot 2026-04-17T17:01:45-05:00 logger.go:66: module.this.terraform_data.start[0]: Still creating... [7m10s elapsed]
TestReboot 2026-04-17T17:01:45-05:00 logger.go:66: module.this.terraform_data.start[0] (remote-exec): 2026-04-17 22:01:45 - rke2-server.service status is "activating"
TestReboot 2026-04-17T17:01:55-05:00 logger.go:66: module.this.terraform_data.start[0]: Still creating... [7m20s elapsed]
TestReboot 2026-04-17T17:01:55-05:00 logger.go:66: module.this.terraform_data.start[0] (remote-exec): 2026-04-17 22:01:55 - rke2-server.service status is "activating"
TestReboot 2026-04-17T17:02:05-05:00 logger.go:66: module.this.terraform_data.start[0]: Still creating... [7m30s elapsed]
TestReboot 2026-04-17T17:02:05-05:00 logger.go:66: module.this.terraform_data.start[0] (remote-exec): 2026-04-17 22:02:05 - rke2-server.service status is "activating"
TestReboot 2026-04-17T17:02:15-05:00 logger.go:66: module.this.terraform_data.start[0]: Still creating... [7m40s elapsed]
TestReboot 2026-04-17T17:02:15-05:00 logger.go:66: module.this.terraform_data.start[0] (remote-exec): 2026-04-17 22:02:15 - rke2-server.service status is "activating"
TestReboot 2026-04-17T17:02:25-05:00 logger.go:66: module.this.terraform_data.start[0]: Still creating... [7m50s elapsed]
TestReboot 2026-04-17T17:02:25-05:00 logger.go:66: module.this.terraform_data.start[0] (remote-exec): 2026-04-17 22:02:25 - rke2-server.service status is "activating"
TestReboot 2026-04-17T17:02:35-05:00 logger.go:66: module.this.terraform_data.start[0]: Still creating... [8m0s elapsed]
TestReboot 2026-04-17T17:02:35-05:00 logger.go:66: module.this.terraform_data.start[0] (remote-exec): 2026-04-17 22:02:35 - rke2-server.service status is "activating"
TestReboot 2026-04-17T17:02:45-05:00 logger.go:66: module.this.terraform_data.start[0]: Still creating... [8m10s elapsed]
TestReboot 2026-04-17T17:02:45-05:00 logger.go:66: module.this.terraform_data.start[0] (remote-exec): 2026-04-17 22:02:45 - rke2-server.service status is "activating"
TestReboot 2026-04-17T17:02:55-05:00 logger.go:66: module.this.terraform_data.start[0]: Still creating... [8m20s elapsed]
TestReboot 2026-04-17T17:02:55-05:00 logger.go:66: module.this.terraform_data.start[0] (remote-exec): 2026-04-17 22:02:55 - rke2-server.service status is "activating"
TestReboot 2026-04-17T17:03:05-05:00 logger.go:66: module.this.terraform_data.start[0]: Still creating... [8m30s elapsed]
TestReboot 2026-04-17T17:03:05-05:00 logger.go:66: module.this.terraform_data.start[0] (remote-exec): 2026-04-17 22:03:05 - rke2-server.service status is "activating"
TestReboot 2026-04-17T17:03:15-05:00 logger.go:66: module.this.terraform_data.start[0]: Still creating... [8m40s elapsed]
TestReboot 2026-04-17T17:03:15-05:00 logger.go:66: module.this.terraform_data.start[0] (remote-exec): 2026-04-17 22:03:15 - rke2-server.service status is "activating"
TestReboot 2026-04-17T17:03:25-05:00 logger.go:66: module.this.terraform_data.start[0]: Still creating... [8m50s elapsed]
TestReboot 2026-04-17T17:03:25-05:00 logger.go:66: module.this.terraform_data.start[0] (remote-exec): 2026-04-17 22:03:25 - rke2-server.service status is "activating"
TestReboot 2026-04-17T17:03:35-05:00 logger.go:66: module.this.terraform_data.start[0]: Still creating... [9m0s elapsed]
TestReboot 2026-04-17T17:03:35-05:00 logger.go:66: module.this.terraform_data.start[0] (remote-exec): 2026-04-17 22:03:35 - rke2-server.service status is "activating"
TestReboot 2026-04-17T17:03:45-05:00 logger.go:66: module.this.terraform_data.start[0]: Still creating... [9m10s elapsed]
TestReboot 2026-04-17T17:03:45-05:00 logger.go:66: module.this.terraform_data.start[0] (remote-exec): 2026-04-17 22:03:45 - rke2-server.service status is "activating"
TestReboot 2026-04-17T17:03:55-05:00 logger.go:66: module.this.terraform_data.start[0]: Still creating... [9m20s elapsed]
TestReboot 2026-04-17T17:03:55-05:00 logger.go:66: module.this.terraform_data.start[0] (remote-exec): 2026-04-17 22:03:55 - rke2-server.service status is "activating"
TestReboot 2026-04-17T17:04:05-05:00 logger.go:66: module.this.terraform_data.start[0]: Still creating... [9m30s elapsed]
TestReboot 2026-04-17T17:04:05-05:00 logger.go:66: module.this.terraform_data.start[0] (remote-exec): 2026-04-17 22:04:05 - rke2-server.service status is "activating"
TestReboot 2026-04-17T17:04:15-05:00 logger.go:66: module.this.terraform_data.start[0]: Still creating... [9m40s elapsed]
TestReboot 2026-04-17T17:04:16-05:00 logger.go:66: module.this.terraform_data.start[0] (remote-exec): 2026-04-17 22:04:15 - rke2-server.service status is "activating"
TestReboot 2026-04-17T17:04:25-05:00 logger.go:66: module.this.terraform_data.start[0]: Still creating... [9m50s elapsed]
TestReboot 2026-04-17T17:04:25-05:00 logger.go:66: module.this.terraform_data.start[0] (remote-exec): 2026-04-17 22:04:25 - rke2-server.service status is "activating"
TestReboot 2026-04-17T17:04:35-05:00 logger.go:66: module.this.terraform_data.start[0]: Still creating... [10m0s elapsed]
TestReboot 2026-04-17T17:04:35-05:00 logger.go:66: module.this.terraform_data.start[0] (remote-exec): 2026-04-17 22:04:35 - rke2-server.service status is "activating"
TestReboot 2026-04-17T17:04:45-05:00 logger.go:66: module.this.terraform_data.start[0]: Still creating... [10m10s elapsed]
TestReboot 2026-04-17T17:04:45-05:00 logger.go:66: module.this.terraform_data.start[0] (remote-exec): 2026-04-17 22:04:45 - rke2-server.service status is "activating"

TestReboot 2026-04-17T17:04:55-05:00 logger.go:66: module.this.terraform_data.start[0]: Still creating... [10m20s elapsed]
TestReboot 2026-04-17T17:04:55-05:00 logger.go:66: module.this.terraform_data.start[0] (remote-exec): 2026-04-17 22:04:55 - rke2-server.service status is "activating"
TestReboot 2026-04-17T17:04:55-05:00 logger.go:66: module.this.terraform_data.start[0] (remote-exec): 2026-04-17 22:04:55 - rke2-server.service status is "activating"
TestReboot 2026-04-17T17:04:55-05:00 logger.go:66: module.this.terraform_data.start[0] (remote-exec): 2026-04-17 22:04:55 - Timed out attempting to start service:
TestReboot 2026-04-17T17:04:55-05:00 logger.go:66: module.this.terraform_data.start[0] (remote-exec): 2026-04-17 22:04:55 - status:
TestReboot 2026-04-17T17:04:55-05:00 logger.go:66: module.this.terraform_data.start[0] (remote-exec): ● rke2-server.service - Rancher Kubernetes Engine v2 (server)
TestReboot 2026-04-17T17:04:55-05:00 logger.go:66: module.this.terraform_data.start[0] (remote-exec):      Loaded: loaded (/usr/lib/systemd/system/rke2-server.service; enabled; vendor preset: disabled)
TestReboot 2026-04-17T17:04:55-05:00 logger.go:66: module.this.terraform_data.start[0] (remote-exec):      Active: activating (start) since Fri 2026-04-17 21:55:05 UTC; 9min ago
TestReboot 2026-04-17T17:04:55-05:00 logger.go:66: module.this.terraform_data.start[0] (remote-exec):        Docs: https://github.com/rancher/rke2#readme
TestReboot 2026-04-17T17:04:55-05:00 logger.go:66: module.this.terraform_data.start[0] (remote-exec):     Process: 2266 ExecCondition=/bin/sh -c if systemctl is-active --quiet rke2-agent.service; then echo "Error: rke2-agent is running!"; exit 1; fi (code=exited, status=0/SUCCESS)
TestReboot 2026-04-17T17:04:55-05:00 logger.go:66: module.this.terraform_data.start[0] (remote-exec):     Process: 2270 ExecStartPre=/sbin/modprobe br_netfilter (code=exited, status=0/SUCCESS)
TestReboot 2026-04-17T17:04:55-05:00 logger.go:66: module.this.terraform_data.start[0] (remote-exec):     Process: 2271 ExecStartPre=/sbin/modprobe overlay (code=exited, status=0/SUCCESS)
TestReboot 2026-04-17T17:04:55-05:00 logger.go:66: module.this.terraform_data.start[0] (remote-exec):    Main PID: 2272 (rke2)
TestReboot 2026-04-17T17:04:55-05:00 logger.go:66: module.this.terraform_data.start[0] (remote-exec):       Tasks: 56
TestReboot 2026-04-17T17:04:55-05:00 logger.go:66: module.this.terraform_data.start[0] (remote-exec):         CPU: 15.488s
TestReboot 2026-04-17T17:04:55-05:00 logger.go:66: module.this.terraform_data.start[0] (remote-exec):      CGroup: /system.slice/rke2-server.service
TestReboot 2026-04-17T17:04:55-05:00 logger.go:66: module.this.terraform_data.start[0] (remote-exec):              ├─ 2272 "/usr/bin/rke2 server"
TestReboot 2026-04-17T17:04:55-05:00 logger.go:66: module.this.terraform_data.start[0] (remote-exec):              ├─ 2285 containerd -c /var/lib/rancher/rke2/agent/etc/containerd/config.toml
TestReboot 2026-04-17T17:04:55-05:00 logger.go:66: module.this.terraform_data.start[0] (remote-exec):              ├─ 2342 kubelet --volume-plugin-dir=/var/lib/kubelet/volumeplugins --file-check-frequency=5s --sync-frequency=30s --cloud-provider=external --config-dir=/var/lib/rancher/rke2/agent/etc/kubelet.conf.d --containerd=/run/k3s/containerd/containerd.sock --hostname-override=ip-10-0-219-99 --kubeconfig=/var/lib/rancher/rke2/agent/kubelet.kubeconfig --node-ip=10.0.219.99 --node-labels= --read-only-port=0
TestReboot 2026-04-17T17:04:55-05:00 logger.go:66: module.this.terraform_data.start[0] (remote-exec):              ├─ 2400 /var/lib/rancher/rke2/data/v1.34.6-rke2r3-f656530a93b0/bin/containerd-shim-runc-v2 -namespace k8s.io -id a5f4e30ddd65de07134f1c201a11236b790bedaf0904e4224388515dc815193c -address /run/k3s/containerd/containerd.sock
TestReboot 2026-04-17T17:04:55-05:00 logger.go:66: module.this.terraform_data.start[0] (remote-exec):              └─ 2402 /var/lib/rancher/rke2/data/v1.34.6-rke2r3-f656530a93b0/bin/containerd-shim-runc-v2 -namespace k8s.io -id f1eb2bb357ddbd7d3907aa41655165eb0589ed02ff0db9b37bdfea52d23f50ec -address /run/k3s/containerd/containerd.sock
TestReboot 2026-04-17T17:04:55-05:00 logger.go:66: 
TestReboot 2026-04-17T17:04:55-05:00 logger.go:66: module.this.terraform_data.start[0] (remote-exec): Apr 17 22:04:21 ip-10-0-219-99 rke2[2272]: time="2026-04-17T22:04:21Z" level=error msg="Failed to check local etcd status for learner management: rpc error: code = Unavailable desc = connection error: desc = \"transport: authentication handshake failed: EOF\""
TestReboot 2026-04-17T17:04:55-05:00 logger.go:66: module.this.terraform_data.start[0] (remote-exec): Apr 17 22:04:22 ip-10-0-219-99 rke2[2272]: time="2026-04-17T22:04:22Z" level=info msg="Failed to test etcd connection: failed to get etcd status: rpc error: code = Unavailable desc = connection error: desc = \"transport: authentication handshake failed: EOF\""
TestReboot 2026-04-17T17:04:55-05:00 logger.go:66: module.this.terraform_data.start[0] (remote-exec): Apr 17 22:04:27 ip-10-0-219-99 rke2[2272]: time="2026-04-17T22:04:27Z" level=info msg="Failed to test etcd connection: failed to get etcd status: rpc error: code = Unavailable desc = connection error: desc = \"transport: authentication handshake failed: EOF\""
TestReboot 2026-04-17T17:04:55-05:00 logger.go:66: module.this.terraform_data.start[0] (remote-exec): Apr 17 22:04:32 ip-10-0-219-99 rke2[2272]: time="2026-04-17T22:04:32Z" level=info msg="Failed to test etcd connection: failed to get etcd status: rpc error: code = Unavailable desc = connection error: desc = \"transport: authentication handshake failed: EOF\""
TestReboot 2026-04-17T17:04:55-05:00 logger.go:66: module.this.terraform_data.start[0] (remote-exec): Apr 17 22:04:36 ip-10-0-219-99 rke2[2272]: time="2026-04-17T22:04:36Z" level=error msg="Failed to check local etcd status for learner management: rpc error: code = Unavailable desc = connection error: desc = \"transport: authentication handshake failed: EOF\""
TestReboot 2026-04-17T17:04:55-05:00 logger.go:66: module.this.terraform_data.start[0] (remote-exec): Apr 17 22:04:37 ip-10-0-219-99 rke2[2272]: time="2026-04-17T22:04:37Z" level=info msg="Failed to test etcd connection: failed to get etcd status: rpc error: code = Unavailable desc = connection error: desc = \"transport: authentication handshake failed: EOF\""
TestReboot 2026-04-17T17:04:55-05:00 logger.go:66: module.this.terraform_data.start[0] (remote-exec): Apr 17 22:04:42 ip-10-0-219-99 rke2[2272]: time="2026-04-17T22:04:42Z" level=info msg="Failed to test etcd connection: failed to get etcd status: rpc error: code = Unavailable desc = connection error: desc = \"transport: authentication handshake failed: EOF\""
TestReboot 2026-04-17T17:04:55-05:00 logger.go:66: module.this.terraform_data.start[0] (remote-exec): Apr 17 22:04:47 ip-10-0-219-99 rke2[2272]: time="2026-04-17T22:04:47Z" level=info msg="Failed to test etcd connection: failed to get etcd status: rpc error: code = Unavailable desc = connection error: desc = \"transport: authentication handshake failed: EOF\""
TestReboot 2026-04-17T17:04:55-05:00 logger.go:66: module.this.terraform_data.start[0] (remote-exec): Apr 17 22:04:51 ip-10-0-219-99 rke2[2272]: time="2026-04-17T22:04:51Z" level=error msg="Failed to check local etcd status for learner management: rpc error: code = Unavailable desc = connection error: desc = \"transport: authentication handshake failed: EOF\""
TestReboot 2026-04-17T17:04:55-05:00 logger.go:66: module.this.terraform_data.start[0] (remote-exec): Apr 17 22:04:52 ip-10-0-219-99 rke2[2272]: time="2026-04-17T22:04:52Z" level=info msg="Failed to test etcd connection: failed to get etcd status: rpc error: code = Unavailable desc = connection error: desc = \"transport: authentication handshake failed: EOF\""
TestReboot 2026-04-17T17:04:55-05:00 logger.go:66: module.this.terraform_data.start[0] (remote-exec): 2026-04-17 22:04:55 - last 20 lines of journal:
TestReboot 2026-04-17T17:04:55-05:00 logger.go:66: module.this.terraform_data.start[0] (remote-exec): Apr 17 22:03:42 ip-10-0-219-99 rke2[2272]: time="2026-04-17T22:03:42Z" level=info msg="Failed to test etcd connection: failed to get etcd status: rpc error: code = Unavailable desc = connection error: desc = \"transport: authentication handshake failed: EOF\""
TestReboot 2026-04-17T17:04:55-05:00 logger.go:66: module.this.terraform_data.start[0] (remote-exec): Apr 17 22:03:47 ip-10-0-219-99 rke2[2272]: time="2026-04-17T22:03:47Z" level=info msg="Failed to test etcd connection: failed to get etcd status: rpc error: code = Unavailable desc = connection error: desc = \"transport: authentication handshake failed: EOF\""
TestReboot 2026-04-17T17:04:55-05:00 logger.go:66: module.this.terraform_data.start[0] (remote-exec): Apr 17 22:03:51 ip-10-0-219-99 rke2[2272]: time="2026-04-17T22:03:51Z" level=error msg="Failed to check local etcd status for learner management: rpc error: code = Unavailable desc = connection error: desc = \"transport: authentication handshake failed: EOF\""
TestReboot 2026-04-17T17:04:55-05:00 logger.go:66: module.this.terraform_data.start[0] (remote-exec): Apr 17 22:03:52 ip-10-0-219-99 rke2[2272]: time="2026-04-17T22:03:52Z" level=info msg="Failed to test etcd connection: failed to get etcd status: rpc error: code = Unavailable desc = connection error: desc = \"transport: authentication handshake failed: EOF\""
TestReboot 2026-04-17T17:04:55-05:00 logger.go:66: module.this.terraform_data.start[0] (remote-exec): Apr 17 22:03:57 ip-10-0-219-99 rke2[2272]: time="2026-04-17T22:03:57Z" level=info msg="Failed to test etcd connection: failed to get etcd status: rpc error: code = Unavailable desc = connection error: desc = \"transport: authentication handshake failed: EOF\""
TestReboot 2026-04-17T17:04:55-05:00 logger.go:66: module.this.terraform_data.start[0] (remote-exec): Apr 17 22:04:02 ip-10-0-219-99 rke2[2272]: time="2026-04-17T22:04:02Z" level=info msg="Failed to test etcd connection: failed to get etcd status: rpc error: code = Unavailable desc = connection error: desc = \"transport: authentication handshake failed: EOF\""
TestReboot 2026-04-17T17:04:55-05:00 logger.go:66: module.this.terraform_data.start[0] (remote-exec): Apr 17 22:04:06 ip-10-0-219-99 rke2[2272]: time="2026-04-17T22:04:06Z" level=error msg="Failed to check local etcd status for learner management: rpc error: code = Unavailable desc = connection error: desc = \"transport: authentication handshake failed: EOF\""
TestReboot 2026-04-17T17:04:55-05:00 logger.go:66: module.this.terraform_data.start[0] (remote-exec): Apr 17 22:04:07 ip-10-0-219-99 rke2[2272]: time="2026-04-17T22:04:07Z" level=info msg="Failed to test etcd connection: failed to get etcd status: rpc error: code = Unavailable desc = connection error: desc = \"transport: authentication handshake failed: EOF\""
TestReboot 2026-04-17T17:04:55-05:00 logger.go:66: module.this.terraform_data.start[0] (remote-exec): Apr 17 22:04:12 ip-10-0-219-99 rke2[2272]: time="2026-04-17T22:04:12Z" level=info msg="Failed to test etcd connection: failed to get etcd status: rpc error: code = Unavailable desc = connection error: desc = \"transport: authentication handshake failed: EOF\""
TestReboot 2026-04-17T17:04:55-05:00 logger.go:66: module.this.terraform_data.start[0] (remote-exec): Apr 17 22:04:17 ip-10-0-219-99 rke2[2272]: time="2026-04-17T22:04:17Z" level=info msg="Failed to test etcd connection: failed to get etcd status: rpc error: code = Unavailable desc = connection error: desc = \"transport: authentication handshake failed: EOF\""
TestReboot 2026-04-17T17:04:55-05:00 logger.go:66: module.this.terraform_data.start[0] (remote-exec): Apr 17 22:04:21 ip-10-0-219-99 rke2[2272]: time="2026-04-17T22:04:21Z" level=error msg="Failed to check local etcd status for learner management: rpc error: code = Unavailable desc = connection error: desc = \"transport: authentication handshake failed: EOF\""
TestReboot 2026-04-17T17:04:55-05:00 logger.go:66: module.this.terraform_data.start[0] (remote-exec): Apr 17 22:04:22 ip-10-0-219-99 rke2[2272]: time="2026-04-17T22:04:22Z" level=info msg="Failed to test etcd connection: failed to get etcd status: rpc error: code = Unavailable desc = connection error: desc = \"transport: authentication handshake failed: EOF\""
TestReboot 2026-04-17T17:04:55-05:00 logger.go:66: module.this.terraform_data.start[0] (remote-exec): Apr 17 22:04:27 ip-10-0-219-99 rke2[2272]: time="2026-04-17T22:04:27Z" level=info msg="Failed to test etcd connection: failed to get etcd status: rpc error: code = Unavailable desc = connection error: desc = \"transport: authentication handshake failed: EOF\""
TestReboot 2026-04-17T17:04:55-05:00 logger.go:66: module.this.terraform_data.start[0] (remote-exec): Apr 17 22:04:32 ip-10-0-219-99 rke2[2272]: time="2026-04-17T22:04:32Z" level=info msg="Failed to test etcd connection: failed to get etcd status: rpc error: code = Unavailable desc = connection error: desc = \"transport: authentication handshake failed: EOF\""
TestReboot 2026-04-17T17:04:55-05:00 logger.go:66: module.this.terraform_data.start[0] (remote-exec): Apr 17 22:04:36 ip-10-0-219-99 rke2[2272]: time="2026-04-17T22:04:36Z" level=error msg="Failed to check local etcd status for learner management: rpc error: code = Unavailable desc = connection error: desc = \"transport: authentication handshake failed: EOF\""
TestReboot 2026-04-17T17:04:55-05:00 logger.go:66: module.this.terraform_data.start[0] (remote-exec): Apr 17 22:04:37 ip-10-0-219-99 rke2[2272]: time="2026-04-17T22:04:37Z" level=info msg="Failed to test etcd connection: failed to get etcd status: rpc error: code = Unavailable desc = connection error: desc = \"transport: authentication handshake failed: EOF\""
TestReboot 2026-04-17T17:04:55-05:00 logger.go:66: module.this.terraform_data.start[0] (remote-exec): Apr 17 22:04:42 ip-10-0-219-99 rke2[2272]: time="2026-04-17T22:04:42Z" level=info msg="Failed to test etcd connection: failed to get etcd status: rpc error: code = Unavailable desc = connection error: desc = \"transport: authentication handshake failed: EOF\""
TestReboot 2026-04-17T17:04:55-05:00 logger.go:66: module.this.terraform_data.start[0] (remote-exec): Apr 17 22:04:47 ip-10-0-219-99 rke2[2272]: time="2026-04-17T22:04:47Z" level=info msg="Failed to test etcd connection: failed to get etcd status: rpc error: code = Unavailable desc = connection error: desc = \"transport: authentication handshake failed: EOF\""
TestReboot 2026-04-17T17:04:55-05:00 logger.go:66: module.this.terraform_data.start[0] (remote-exec): Apr 17 22:04:51 ip-10-0-219-99 rke2[2272]: time="2026-04-17T22:04:51Z" level=error msg="Failed to check local etcd status for learner management: rpc error: code = Unavailable desc = connection error: desc = \"transport: authentication handshake failed: EOF\""
TestReboot 2026-04-17T17:04:55-05:00 logger.go:66: module.this.terraform_data.start[0] (remote-exec): Apr 17 22:04:52 ip-10-0-219-99 rke2[2272]: time="2026-04-17T22:04:52Z" level=info msg="Failed to test etcd connection: failed to get etcd status: rpc error: code = Unavailable desc = connection error: desc = \"transport: authentication handshake failed: EOF\""
TestReboot 2026-04-17T17:04:55-05:00 logger.go:66: module.this.terraform_data.start[0] (remote-exec): 2026-04-17 22:04:55 - first 20 lines of journal:
TestReboot 2026-04-17T17:04:55-05:00 logger.go:66: module.this.terraform_data.start[0] (remote-exec): Apr 17 22:04:52 ip-10-0-219-99 rke2[2272]: time="2026-04-17T22:04:52Z" level=info msg="Failed to test etcd connection: failed to get etcd status: rpc error: code = Unavailable desc = connection error: desc = \"transport: authentication handshake failed: EOF\""
TestReboot 2026-04-17T17:04:55-05:00 logger.go:66: module.this.terraform_data.start[0] (remote-exec): Apr 17 22:04:51 ip-10-0-219-99 rke2[2272]: time="2026-04-17T22:04:51Z" level=error msg="Failed to check local etcd status for learner management: rpc error: code = Unavailable desc = connection error: desc = \"transport: authentication handshake failed: EOF\""
TestReboot 2026-04-17T17:04:55-05:00 logger.go:66: module.this.terraform_data.start[0] (remote-exec): Apr 17 22:04:47 ip-10-0-219-99 rke2[2272]: time="2026-04-17T22:04:47Z" level=info msg="Failed to test etcd connection: failed to get etcd status: rpc error: code = Unavailable desc = connection error: desc = \"transport: authentication handshake failed: EOF\""
TestReboot 2026-04-17T17:04:55-05:00 logger.go:66: module.this.terraform_data.start[0] (remote-exec): Apr 17 22:04:42 ip-10-0-219-99 rke2[2272]: time="2026-04-17T22:04:42Z" level=info msg="Failed to test etcd connection: failed to get etcd status: rpc error: code = Unavailable desc = connection error: desc = \"transport: authentication handshake failed: EOF\""
TestReboot 2026-04-17T17:04:55-05:00 logger.go:66: module.this.terraform_data.start[0] (remote-exec): Apr 17 22:04:37 ip-10-0-219-99 rke2[2272]: time="2026-04-17T22:04:37Z" level=info msg="Failed to test etcd connection: failed to get etcd status: rpc error: code = Unavailable desc = connection error: desc = \"transport: authentication handshake failed: EOF\""
TestReboot 2026-04-17T17:04:55-05:00 logger.go:66: module.this.terraform_data.start[0] (remote-exec): Apr 17 22:04:36 ip-10-0-219-99 rke2[2272]: time="2026-04-17T22:04:36Z" level=error msg="Failed to check local etcd status for learner management: rpc error: code = Unavailable desc = connection error: desc = \"transport: authentication handshake failed: EOF\""
TestReboot 2026-04-17T17:04:55-05:00 logger.go:66: module.this.terraform_data.start[0] (remote-exec): Apr 17 22:04:32 ip-10-0-219-99 rke2[2272]: time="2026-04-17T22:04:32Z" level=info msg="Failed to test etcd connection: failed to get etcd status: rpc error: code = Unavailable desc = connection error: desc = \"transport: authentication handshake failed: EOF\""
TestReboot 2026-04-17T17:04:55-05:00 logger.go:66: module.this.terraform_data.start[0] (remote-exec): Apr 17 22:04:27 ip-10-0-219-99 rke2[2272]: time="2026-04-17T22:04:27Z" level=info msg="Failed to test etcd connection: failed to get etcd status: rpc error: code = Unavailable desc = connection error: desc = \"transport: authentication handshake failed: EOF\""
TestReboot 2026-04-17T17:04:55-05:00 logger.go:66: module.this.terraform_data.start[0] (remote-exec): Apr 17 22:04:22 ip-10-0-219-99 rke2[2272]: time="2026-04-17T22:04:22Z" level=info msg="Failed to test etcd connection: failed to get etcd status: rpc error: code = Unavailable desc = connection error: desc = \"transport: authentication handshake failed: EOF\""
TestReboot 2026-04-17T17:04:55-05:00 logger.go:66: module.this.terraform_data.start[0] (remote-exec): Apr 17 22:04:21 ip-10-0-219-99 rke2[2272]: time="2026-04-17T22:04:21Z" level=error msg="Failed to check local etcd status for learner management: rpc error: code = Unavailable desc = connection error: desc = \"transport: authentication handshake failed: EOF\""
TestReboot 2026-04-17T17:04:55-05:00 logger.go:66: module.this.terraform_data.start[0] (remote-exec): Apr 17 22:04:17 ip-10-0-219-99 rke2[2272]: time="2026-04-17T22:04:17Z" level=info msg="Failed to test etcd connection: failed to get etcd status: rpc error: code = Unavailable desc = connection error: desc = \"transport: authentication handshake failed: EOF\""
TestReboot 2026-04-17T17:04:55-05:00 logger.go:66: module.this.terraform_data.start[0] (remote-exec): Apr 17 22:04:12 ip-10-0-219-99 rke2[2272]: time="2026-04-17T22:04:12Z" level=info msg="Failed to test etcd connection: failed to get etcd status: rpc error: code = Unavailable desc = connection error: desc = \"transport: authentication handshake failed: EOF\""
TestReboot 2026-04-17T17:04:55-05:00 logger.go:66: module.this.terraform_data.start[0] (remote-exec): Apr 17 22:04:07 ip-10-0-219-99 rke2[2272]: time="2026-04-17T22:04:07Z" level=info msg="Failed to test etcd connection: failed to get etcd status: rpc error: code = Unavailable desc = connection error: desc = \"transport: authentication handshake failed: EOF\""
TestReboot 2026-04-17T17:04:55-05:00 logger.go:66: module.this.terraform_data.start[0] (remote-exec): Apr 17 22:04:06 ip-10-0-219-99 rke2[2272]: time="2026-04-17T22:04:06Z" level=error msg="Failed to check local etcd status for learner management: rpc error: code = Unavailable desc = connection error: desc = \"transport: authentication handshake failed: EOF\""
TestReboot 2026-04-17T17:04:55-05:00 logger.go:66: module.this.terraform_data.start[0] (remote-exec): Apr 17 22:04:02 ip-10-0-219-99 rke2[2272]: time="2026-04-17T22:04:02Z" level=info msg="Failed to test etcd connection: failed to get etcd status: rpc error: code = Unavailable desc = connection error: desc = \"transport: authentication handshake failed: EOF\""
TestReboot 2026-04-17T17:04:55-05:00 logger.go:66: module.this.terraform_data.start[0] (remote-exec): Apr 17 22:03:57 ip-10-0-219-99 rke2[2272]: time="2026-04-17T22:03:57Z" level=info msg="Failed to test etcd connection: failed to get etcd status: rpc error: code = Unavailable desc = connection error: desc = \"transport: authentication handshake failed: EOF\""
TestReboot 2026-04-17T17:04:55-05:00 logger.go:66: module.this.terraform_data.start[0] (remote-exec): Apr 17 22:03:52 ip-10-0-219-99 rke2[2272]: time="2026-04-17T22:03:52Z" level=info msg="Failed to test etcd connection: failed to get etcd status: rpc error: code = Unavailable desc = connection error: desc = \"transport: authentication handshake failed: EOF\""
TestReboot 2026-04-17T17:04:55-05:00 logger.go:66: module.this.terraform_data.start[0] (remote-exec): Apr 17 22:03:51 ip-10-0-219-99 rke2[2272]: time="2026-04-17T22:03:51Z" level=error msg="Failed to check local etcd status for learner management: rpc error: code = Unavailable desc = connection error: desc = \"transport: authentication handshake failed: EOF\""
TestReboot 2026-04-17T17:04:55-05:00 logger.go:66: module.this.terraform_data.start[0] (remote-exec): Apr 17 22:03:47 ip-10-0-219-99 rke2[2272]: time="2026-04-17T22:03:47Z" level=info msg="Failed to test etcd connection: failed to get etcd status: rpc error: code = Unavailable desc = connection error: desc = \"transport: authentication handshake failed: EOF\""
TestReboot 2026-04-17T17:04:55-05:00 logger.go:66: module.this.terraform_data.start[0] (remote-exec): Apr 17 22:03:42 ip-10-0-219-99 rke2[2272]: time="2026-04-17T22:03:42Z" level=info msg="Failed to test etcd connection: failed to get etcd status: rpc error: code = Unavailable desc = connection error: desc = \"transport: authentication handshake failed: EOF\""
TestReboot 2026-04-17T17:04:55-05:00 logger.go:66: module.this.terraform_data.start[0] (remote-exec): 2026-04-17 22:04:55 - rke2 config files:
TestReboot 2026-04-17T17:04:55-05:00 logger.go:66: module.this.terraform_data.start[0] (remote-exec): 2026-04-17 22:04:55 - File: /etc/rancher/rke2/config.yaml.d/50-initial-generated-config.yaml
TestReboot 2026-04-17T17:04:55-05:00 logger.go:66: 
TestReboot 2026-04-17T17:04:55-05:00 logger.go:66: module.this.terraform_data.start[0] (remote-exec): 2026-04-17 22:04:55 - ------------------------
TestReboot 2026-04-17T17:04:55-05:00 logger.go:66: module.this.terraform_data.start[0] (remote-exec): 2026-04-17 22:04:55 - Last 20 lines of kubelet log:
TestReboot 2026-04-17T17:04:55-05:00 logger.go:66: module.this.terraform_data.start[0] (remote-exec): E0417 22:04:40.538691    2342 kubelet_node_status.go:107] "Unable to register node with API server" err="Post \"https://127.0.0.1:6443/api/v1/nodes\": dial tcp 127.0.0.1:6443: connect: connection refused" node="ip-10-0-219-99"
TestReboot 2026-04-17T17:04:55-05:00 logger.go:66: module.this.terraform_data.start[0] (remote-exec): E0417 22:04:41.744726    2342 eviction_manager.go:292] "Eviction manager: failed to get summary stats" err="failed to get node info: node \"ip-10-0-219-99\" not found"
TestReboot 2026-04-17T17:04:55-05:00 logger.go:66: module.this.terraform_data.start[0] (remote-exec): E0417 22:04:42.233128    2342 event.go:368] "Unable to write event (may retry after sleeping)" err="Patch \"https://127.0.0.1:6443/api/v1/namespaces/default/events/ip-10-0-219-99.18a7439d7b0389c5\": dial tcp 127.0.0.1:6443: connect: connection refused" event="&Event{ObjectMeta:{ip-10-0-219-99.18a7439d7b0389c5  default    0 0001-01-01 00:00:00 +0000 UTC <nil> <nil> map[] map[] [] [] []},InvolvedObject:ObjectReference{Kind:Node,Namespace:,Name:ip-10-0-219-99,UID:ip-10-0-219-99,APIVersion:,ResourceVersion:,FieldPath:,},Reason:NodeHasSufficientMemory,Message:Node ip-10-0-219-99 status is now: NodeHasSufficientMemory,Source:EventSource{Component:kubelet,Host:ip-10-0-219-99,},FirstTimestamp:2026-04-17 21:55:21.673705925 +0000 UTC m=+0.076654519,LastTimestamp:2026-04-17 21:55:21.674477865 +0000 UTC m=+0.077426450,Count:2,Type:Normal,EventTime:0001-01-01 00:00:00 +0000 UTC,Series:nil,Action:,Related:nil,ReportingController:kubelet,ReportingInstance:ip-10-0-219-99,}"
TestReboot 2026-04-17T17:04:55-05:00 logger.go:66: module.this.terraform_data.start[0] (remote-exec): E0417 22:04:42.969606    2342 reflector.go:205] "Failed to watch" err="failed to list *v1.CSIDriver: Get \"https://127.0.0.1:6443/apis/storage.k8s.io/v1/csidrivers?limit=500&resourceVersion=0\": dial tcp 127.0.0.1:6443: connect: connection refused" logger="UnhandledError" reflector="k8s.io/client-go/informers/factory.go:160" type="*v1.CSIDriver"
TestReboot 2026-04-17T17:04:55-05:00 logger.go:66: module.this.terraform_data.start[0] (remote-exec): E0417 22:04:44.428477    2342 kubelet.go:3216] "No need to create a mirror pod, since failed to get node info from the cluster" err="node \"ip-10-0-219-99\" not found" node="ip-10-0-219-99"
TestReboot 2026-04-17T17:04:55-05:00 logger.go:66: module.this.terraform_data.start[0] (remote-exec): E0417 22:04:44.476575    2342 pod_workers.go:1324] "Error syncing pod, skipping" err="failed to \"StartContainer\" for \"kube-proxy\" with CrashLoopBackOff: \"back-off 2m40s restarting failed container=kube-proxy pod=kube-proxy-ip-10-0-219-99_kube-system(3e7570697415a8c3783601b47ab2e90a)\"" pod="kube-system/kube-proxy-ip-10-0-219-99" podUID="3e7570697415a8c3783601b47ab2e90a"
TestReboot 2026-04-17T17:04:55-05:00 logger.go:66: module.this.terraform_data.start[0] (remote-exec): I0417 22:04:45.451013    2342 scope.go:117] "RemoveContainer" containerID="75e1e7a11f812c2ad122d253b4d83ce9f86e6d1b728b5288754d0c609f756114"
TestReboot 2026-04-17T17:04:55-05:00 logger.go:66: module.this.terraform_data.start[0] (remote-exec): E0417 22:04:45.451693    2342 kubelet.go:3216] "No need to create a mirror pod, since failed to get node info from the cluster" err="node \"ip-10-0-219-99\" not found" node="ip-10-0-219-99"
TestReboot 2026-04-17T17:04:55-05:00 logger.go:66: module.this.terraform_data.start[0] (remote-exec): I0417 22:04:45.451750    2342 scope.go:117] "RemoveContainer" containerID="967d2f76bb96cacb691217604acf4270da321b9f8f85a8f7caad110660cadec7"
TestReboot 2026-04-17T17:04:55-05:00 logger.go:66: module.this.terraform_data.start[0] (remote-exec): E0417 22:04:45.451870    2342 pod_workers.go:1324] "Error syncing pod, skipping" err="failed to \"StartContainer\" for \"kube-proxy\" with CrashLoopBackOff: \"back-off 2m40s restarting failed container=kube-proxy pod=kube-proxy-ip-10-0-219-99_kube-system(3e7570697415a8c3783601b47ab2e90a)\"" pod="kube-system/kube-proxy-ip-10-0-219-99" podUID="3e7570697415a8c3783601b47ab2e90a"
TestReboot 2026-04-17T17:04:55-05:00 logger.go:66: module.this.terraform_data.start[0] (remote-exec): E0417 22:04:47.321002    2342 controller.go:145] "Failed to ensure lease exists, will retry" err="Get \"https://127.0.0.1:6443/apis/coordination.k8s.io/v1/namespaces/kube-node-lease/leases/ip-10-0-219-99?timeout=10s\": dial tcp 127.0.0.1:6443: connect: connection refused" interval="7s"
TestReboot 2026-04-17T17:04:55-05:00 logger.go:66: module.this.terraform_data.start[0] (remote-exec): I0417 22:04:47.540107    2342 kubelet_node_status.go:75] "Attempting to register node" node="ip-10-0-219-99"
TestReboot 2026-04-17T17:04:55-05:00 logger.go:66: module.this.terraform_data.start[0] (remote-exec): E0417 22:04:47.540399    2342 kubelet_node_status.go:107] "Unable to register node with API server" err="Post \"https://127.0.0.1:6443/api/v1/nodes\": dial tcp 127.0.0.1:6443: connect: connection refused" node="ip-10-0-219-99"
TestReboot 2026-04-17T17:04:55-05:00 logger.go:66: module.this.terraform_data.start[0] (remote-exec): E0417 22:04:49.668385    2342 kubelet.go:3216] "No need to create a mirror pod, since failed to get node info from the cluster" err="node \"ip-10-0-219-99\" not found" node="ip-10-0-219-99"
TestReboot 2026-04-17T17:04:55-05:00 logger.go:66: module.this.terraform_data.start[0] (remote-exec): E0417 22:04:51.745189    2342 eviction_manager.go:292] "Eviction manager: failed to get summary stats" err="failed to get node info: node \"ip-10-0-219-99\" not found"
TestReboot 2026-04-17T17:04:55-05:00 logger.go:66: module.this.terraform_data.start[0] (remote-exec): E0417 22:04:52.234172    2342 event.go:368] "Unable to write event (may retry after sleeping)" err="Patch \"https://127.0.0.1:6443/api/v1/namespaces/default/events/ip-10-0-219-99.18a7439d7b0389c5\": dial tcp 127.0.0.1:6443: connect: connection refused" event="&Event{ObjectMeta:{ip-10-0-219-99.18a7439d7b0389c5  default    0 0001-01-01 00:00:00 +0000 UTC <nil> <nil> map[] map[] [] [] []},InvolvedObject:ObjectReference{Kind:Node,Namespace:,Name:ip-10-0-219-99,UID:ip-10-0-219-99,APIVersion:,ResourceVersion:,FieldPath:,},Reason:NodeHasSufficientMemory,Message:Node ip-10-0-219-99 status is now: NodeHasSufficientMemory,Source:EventSource{Component:kubelet,Host:ip-10-0-219-99,},FirstTimestamp:2026-04-17 21:55:21.673705925 +0000 UTC m=+0.076654519,LastTimestamp:2026-04-17 21:55:21.674477865 +0000 UTC m=+0.077426450,Count:2,Type:Normal,EventTime:0001-01-01 00:00:00 +0000 UTC,Series:nil,Action:,Related:nil,ReportingController:kubelet,ReportingInstance:ip-10-0-219-99,}"
TestReboot 2026-04-17T17:04:55-05:00 logger.go:66: module.this.terraform_data.start[0] (remote-exec): E0417 22:04:52.528204    2342 reflector.go:205] "Failed to watch" err="failed to list *v1.Service: Get \"https://127.0.0.1:6443/api/v1/services?fieldSelector=spec.clusterIP%21%3DNone&limit=500&resourceVersion=0\": dial tcp 127.0.0.1:6443: connect: connection refused" logger="UnhandledError" reflector="k8s.io/client-go/informers/factory.go:160" type="*v1.Service"
TestReboot 2026-04-17T17:04:55-05:00 logger.go:66: module.this.terraform_data.start[0] (remote-exec): E0417 22:04:54.321480    2342 controller.go:145] "Failed to ensure lease exists, will retry" err="Get \"https://127.0.0.1:6443/apis/coordination.k8s.io/v1/namespaces/kube-node-lease/leases/ip-10-0-219-99?timeout=10s\": dial tcp 127.0.0.1:6443: connect: connection refused" interval="7s"
TestReboot 2026-04-17T17:04:55-05:00 logger.go:66: module.this.terraform_data.start[0] (remote-exec): I0417 22:04:54.541680    2342 kubelet_node_status.go:75] "Attempting to register node" node="ip-10-0-219-99"
TestReboot 2026-04-17T17:04:55-05:00 logger.go:66: module.this.terraform_data.start[0] (remote-exec): E0417 22:04:54.541971    2342 kubelet_node_status.go:107] "Unable to register node with API server" err="Post \"https://127.0.0.1:6443/api/v1/nodes\": dial tcp 127.0.0.1:6443: connect: connection refused" node="ip-10-0-219-99"
TestReboot 2026-04-17T17:04:55-05:00 logger.go:66: module.this.terraform_data.start[0] (remote-exec): 2026-04-17 22:04:55 - ------------------------
TestReboot 2026-04-17T17:04:55-05:00 logger.go:66: module.this.terraform_data.start[0] (remote-exec): 2026-04-17 22:04:55 - Last 20 lines of containerd log:
TestReboot 2026-04-17T17:04:55-05:00 logger.go:66: module.this.terraform_data.start[0] (remote-exec): time="2026-04-17T22:04:17.102922331Z" level=info msg="CreateContainer within sandbox \"a5f4e30ddd65de07134f1c201a11236b790bedaf0904e4224388515dc815193c\" for name:\"etcd\" attempt:6 returns container id \"7dc870279ec59d85fa012c4644e9778cd8bf43b7a89b54bff44e4136cb492f3d\""
TestReboot 2026-04-17T17:04:55-05:00 logger.go:66: module.this.terraform_data.start[0] (remote-exec): time="2026-04-17T22:04:17.103347908Z" level=info msg="StartContainer for \"7dc870279ec59d85fa012c4644e9778cd8bf43b7a89b54bff44e4136cb492f3d\""
TestReboot 2026-04-17T17:04:55-05:00 logger.go:66: module.this.terraform_data.start[0] (remote-exec): time="2026-04-17T22:04:17.103805045Z" level=info msg="connecting to shim 7dc870279ec59d85fa012c4644e9778cd8bf43b7a89b54bff44e4136cb492f3d" address="unix:///run/containerd/s/5014c0dfd90d75d3f65e4fd87f475a9ae93fef332d7c1c381deac9376ee9ab3b" protocol=ttrpc version=3
TestReboot 2026-04-17T17:04:55-05:00 logger.go:66: module.this.terraform_data.start[0] (remote-exec): time="2026-04-17T22:04:17.136060910Z" level=info msg="StartContainer for \"7dc870279ec59d85fa012c4644e9778cd8bf43b7a89b54bff44e4136cb492f3d\" returns successfully"
TestReboot 2026-04-17T17:04:55-05:00 logger.go:66: module.this.terraform_data.start[0] (remote-exec): time="2026-04-17T22:04:17.410973049Z" level=info msg="RemoveContainer for \"54518820eb6f995c50df84d0e7228479b439461e02e5a34f5e14948d3670508a\""
TestReboot 2026-04-17T17:04:55-05:00 logger.go:66: module.this.terraform_data.start[0] (remote-exec): time="2026-04-17T22:04:17.424519020Z" level=info msg="RemoveContainer for \"54518820eb6f995c50df84d0e7228479b439461e02e5a34f5e14948d3670508a\" returns successfully"
TestReboot 2026-04-17T17:04:55-05:00 logger.go:66: module.this.terraform_data.start[0] (remote-exec): time="2026-04-17T22:04:24.486031821Z" level=info msg="container event discarded" container=7a722b4d34c55d05734acc4e32681186423e70ddb58ac69638acf35b051b8add type=CONTAINER_STOPPED_EVENT
TestReboot 2026-04-17T17:04:55-05:00 logger.go:66: module.this.terraform_data.start[0] (remote-exec): time="2026-04-17T22:04:24.533247978Z" level=info msg="container event discarded" container=d636bbbb5e2e70f18eb36a36ffd25a0024513e92ca2d07cbe3487fc10107f3ed type=CONTAINER_CREATED_EVENT
TestReboot 2026-04-17T17:04:55-05:00 logger.go:66: module.this.terraform_data.start[0] (remote-exec): time="2026-04-17T22:04:24.572417460Z" level=info msg="container event discarded" container=d636bbbb5e2e70f18eb36a36ffd25a0024513e92ca2d07cbe3487fc10107f3ed type=CONTAINER_STARTED_EVENT
TestReboot 2026-04-17T17:04:55-05:00 logger.go:66: module.this.terraform_data.start[0] (remote-exec): time="2026-04-17T22:04:25.027419917Z" level=info msg="container event discarded" container=947bd92c20acd3af40cf2df18af86f10702476563b99b2ca8f5cdc543ce780d7 type=CONTAINER_DELETED_EVENT
TestReboot 2026-04-17T17:04:55-05:00 logger.go:66: module.this.terraform_data.start[0] (remote-exec): time="2026-04-17T22:04:44.428719550Z" level=info msg="StopContainer for \"967d2f76bb96cacb691217604acf4270da321b9f8f85a8f7caad110660cadec7\" with timeout 30 (s)"
TestReboot 2026-04-17T17:04:55-05:00 logger.go:66: module.this.terraform_data.start[0] (remote-exec): time="2026-04-17T22:04:44.429090434Z" level=info msg="Stop container \"967d2f76bb96cacb691217604acf4270da321b9f8f85a8f7caad110660cadec7\" with signal terminated"
TestReboot 2026-04-17T17:04:55-05:00 logger.go:66: module.this.terraform_data.start[0] (remote-exec): time="2026-04-17T22:04:44.436931059Z" level=info msg="received container exit event container_id:\"967d2f76bb96cacb691217604acf4270da321b9f8f85a8f7caad110660cadec7\" id:\"967d2f76bb96cacb691217604acf4270da321b9f8f85a8f7caad110660cadec7\" pid:3854 exit_status:2 exited_at:{seconds:1776463484 nanos:436732787}"
TestReboot 2026-04-17T17:04:55-05:00 logger.go:66: module.this.terraform_data.start[0] (remote-exec): time="2026-04-17T22:04:44.476113160Z" level=info msg="StopContainer for \"967d2f76bb96cacb691217604acf4270da321b9f8f85a8f7caad110660cadec7\" returns successfully"
TestReboot 2026-04-17T17:04:55-05:00 logger.go:66: module.this.terraform_data.start[0] (remote-exec): time="2026-04-17T22:04:45.452689624Z" level=info msg="RemoveContainer for \"75e1e7a11f812c2ad122d253b4d83ce9f86e6d1b728b5288754d0c609f756114\""
TestReboot 2026-04-17T17:04:55-05:00 logger.go:66: module.this.terraform_data.start[0] (remote-exec): time="2026-04-17T22:04:45.464105311Z" level=info msg="RemoveContainer for \"75e1e7a11f812c2ad122d253b4d83ce9f86e6d1b728b5288754d0c609f756114\" returns successfully"
TestReboot 2026-04-17T17:04:55-05:00 logger.go:66: module.this.terraform_data.start[0] (remote-exec): time="2026-04-17T22:04:47.089083307Z" level=info msg="container event discarded" container=c4951490e8c2f7460e9115f197ef76c4c15694e0f234e04770c18a66d8e91dc2 type=CONTAINER_STOPPED_EVENT
TestReboot 2026-04-17T17:04:55-05:00 logger.go:66: module.this.terraform_data.start[0] (remote-exec): time="2026-04-17T22:04:47.137370657Z" level=info msg="container event discarded" container=e6d4eb16a2f9658d1bb8724f33cd575fe8d9f109038c1e21536b24be43ff4ed5 type=CONTAINER_CREATED_EVENT
TestReboot 2026-04-17T17:04:55-05:00 logger.go:66: module.this.terraform_data.start[0] (remote-exec): time="2026-04-17T22:04:47.173557017Z" level=info msg="container event discarded" container=e6d4eb16a2f9658d1bb8724f33cd575fe8d9f109038c1e21536b24be43ff4ed5 type=CONTAINER_STARTED_EVENT
TestReboot 2026-04-17T17:04:55-05:00 logger.go:66: module.this.terraform_data.start[0] (remote-exec): time="2026-04-17T22:04:48.058088878Z" level=info msg="container event discarded" container=de913349cf58fd696dfd788ea8642903636afea10d6089d0d699cba547060643 type=CONTAINER_DELETED_EVENT
TestReboot 2026-04-17T17:04:55-05:00 logger.go:66: module.this.terraform_data.start[0] (remote-exec): 2026-04-17 22:04:55 - ------------------------
TestReboot 2026-04-17T17:04:55-05:00 logger.go:66: module.this.terraform_data.start[0] (remote-exec): 2026-04-17 22:04:55 - kube-apiserver log file not found
TestReboot 2026-04-17T17:04:55-05:00 logger.go:66: module.this.terraform_data.start[0] (remote-exec): 2026-04-17 22:04:55 - ------------------------
TestReboot 2026-04-17T17:04:55-05:00 logger.go:66: module.this.terraform_data.start[0] (remote-exec): 2026-04-17 22:04:55 - etcd log file not found
TestReboot 2026-04-17T17:04:55-05:00 logger.go:66: module.this.terraform_data.start[0] (remote-exec): 2026-04-17 22:04:55 - ------------------------
TestReboot 2026-04-17T17:04:55-05:00 logger.go:66: 
TestReboot 2026-04-17T17:04:55-05:00 logger.go:66: Error: remote-exec provisioner error
TestReboot 2026-04-17T17:04:55-05:00 logger.go:66: 
TestReboot 2026-04-17T17:04:55-05:00 logger.go:66:   with module.this.terraform_data.start[0],
TestReboot 2026-04-17T17:04:55-05:00 logger.go:66:   on ../../main.tf line 350, in resource "terraform_data" "start":
TestReboot 2026-04-17T17:04:55-05:00 logger.go:66:  350:   provisioner "remote-exec" {
TestReboot 2026-04-17T17:04:55-05:00 logger.go:66: 
TestReboot 2026-04-17T17:04:55-05:00 logger.go:66: error executing "/home/tf-ys0zmte0mi1kcg-reboot/rke2_start_terraform":
TestReboot 2026-04-17T17:04:55-05:00 logger.go:66: Process exited with status 1
TestReboot 2026-04-17T17:04:55-05:00 agent.go:69: could not serve ssh agent EOF
TestReboot 2026-04-17T17:04:55-05:00 agent.go:69: could not serve ssh agent EOF
TestReboot 2026-04-17T17:04:55-05:00 agent.go:69: could not serve ssh agent EOF
TestReboot 2026-04-17T17:04:55-05:00 agent.go:69: could not serve ssh agent EOF
TestReboot 2026-04-17T17:04:55-05:00 agent.go:69: could not serve ssh agent EOF
TestReboot 2026-04-17T17:04:55-05:00 agent.go:69: could not serve ssh agent EOF
TestReboot 2026-04-17T17:04:55-05:00 agent.go:69: could not serve ssh agent EOF
TestReboot 2026-04-17T17:04:55-05:00 agent.go:69: could not serve ssh agent EOF
TestReboot 2026-04-17T17:04:55-05:00 agent.go:69: could not serve ssh agent EOF
TestReboot 2026-04-17T17:04:55-05:00 agent.go:69: could not serve ssh agent EOF
TestReboot 2026-04-17T17:04:55-05:00 agent.go:69: could not serve ssh agent EOF
TestReboot 2026-04-17T17:04:55-05:00 agent.go:69: could not serve ssh agent EOF
TestReboot 2026-04-17T17:04:55-05:00 agent.go:69: could not serve ssh agent EOF
TestReboot 2026-04-17T17:04:55-05:00 agent.go:69: could not serve ssh agent EOF
TestReboot 2026-04-17T17:04:55-05:00 agent.go:69: could not serve ssh agent EOF
TestReboot 2026-04-17T17:04:55-05:00 agent.go:69: could not serve ssh agent EOF
TestReboot 2026-04-17T17:04:55-05:00 agent.go:69: could not serve ssh agent EOF
TestReboot 2026-04-17T17:04:55-05:00 agent.go:69: could not serve ssh agent EOF
TestReboot 2026-04-17T17:04:55-05:00 agent.go:69: could not serve ssh agent EOF
TestReboot 2026-04-17T17:04:55-05:00 retry.go:99: Returning due to fatal error: FatalError{Underlying: error while running command: exit status 1; 
Error: remote-exec provisioner error

  with module.this.terraform_data.start[0],
  on ../../main.tf line 350, in resource "terraform_data" "start":
 350:   provisioner "remote-exec" {

error executing "/home/tf-ys0zmte0mi1kcg-reboot/rke2_start_terraform":
Process exited with status 1}
    apply.go:15: 
        	Error Trace:	/Users/mtrachier/terraform/github.com/rancher/terraform-null-rke2-install/test/tests/reboot/apply.go:15
        	            				/Users/mtrachier/terraform/github.com/rancher/terraform-null-rke2-install/test/tests/reboot/reboot_test.go:37
        	Error:      	Received unexpected error:
        	            	FatalError{Underlying: error while running command: exit status 1; 
        	            	Error: remote-exec provisioner error
        	            	
        	            	  with module.this.terraform_data.start[0],
        	            	  on ../../main.tf line 350, in resource "terraform_data" "start":
        	            	 350:   provisioner "remote-exec" {
        	            	
        	            	error executing "/home/tf-ys0zmte0mi1kcg-reboot/rke2_start_terraform":
        	            	Process exited with status 1}
        	Test:       	TestReboot
TestReboot 2026-04-17T17:04:55-05:00 retry.go:91: terraform [destroy -auto-approve -input=false -var rke2_version=stable -var key_name=terraform-ci-YS0zMTE0Mi1kCg-reboot -var key=ssh-rsa AAAAB3NzaC1yc2EAAAADAQABAAABAQDIFwvyVC6SzPuJyPO7uBDcStdWB5LpUx5BumP3zCpISXSN/+HSON/svklRpKQ0XulnztPHxbL4vE9dpKDEpDNP0ZLSSwhZP5oB0xMUAWID4fd/wE8xKFG/+r5Gq4M+2FST0yxNqXkbdRkqUguDwY2TOTnaesc8D+/h0hwqZ8TLKSRPfyFel24vPs/a8iVXAOJt2CXY5cd7gjNdCXnSRXhW4/eeLLcvB9OOKNdcyPoDBZrcZPHYgiqD6BIilvR59Y/xuVrtAtoOQ9QEj0gE4BC4UC+QUEmG17opvEgkxchTX2lmxMgNXtFXeshr4Qt9puAEbCn72Uv3MFvH06e9lEaT
 -var identifier=YS0zMTE0Mi1kCg-reboot -no-color -lock=false]
TestReboot 2026-04-17T17:04:55-05:00 logger.go:66: Running command terraform with args [destroy -auto-approve -input=false -var rke2_version=stable -var key_name=terraform-ci-YS0zMTE0Mi1kCg-reboot -var key=ssh-rsa AAAAB3NzaC1yc2EAAAADAQABAAABAQDIFwvyVC6SzPuJyPO7uBDcStdWB5LpUx5BumP3zCpISXSN/+HSON/svklRpKQ0XulnztPHxbL4vE9dpKDEpDNP0ZLSSwhZP5oB0xMUAWID4fd/wE8xKFG/+r5Gq4M+2FST0yxNqXkbdRkqUguDwY2TOTnaesc8D+/h0hwqZ8TLKSRPfyFel24vPs/a8iVXAOJt2CXY5cd7gjNdCXnSRXhW4/eeLLcvB9OOKNdcyPoDBZrcZPHYgiqD6BIilvR59Y/xuVrtAtoOQ9QEj0gE4BC4UC+QUEmG17opvEgkxchTX2lmxMgNXtFXeshr4Qt9puAEbCn72Uv3MFvH06e9lEaT
 -var identifier=YS0zMTE0Mi1kCg-reboot -no-color -lock=false]
TestReboot 2026-04-17T17:05:02-05:00 logger.go:66: random_pet.server: Refreshing state... [id=gazelle]
TestReboot 2026-04-17T17:05:02-05:00 logger.go:66: module.config.null_resource.write_config["50-initial-generated-config.yaml"]: Refreshing state... [id=8224297989399399876]
TestReboot 2026-04-17T17:05:02-05:00 logger.go:66: data.http.myip: Reading...
TestReboot 2026-04-17T17:05:02-05:00 logger.go:66: data.http.myip: Read complete after 0s [id=https://ipinfo.io/ip]
TestReboot 2026-04-17T17:05:03-05:00 logger.go:66: module.access.data.aws_availability_zones.available: Reading...
TestReboot 2026-04-17T17:05:03-05:00 logger.go:66: module.access.module.vpc[0].aws_vpc.new[0]: Refreshing state... [id=vpc-0194a17e0af8c23a5]
TestReboot 2026-04-17T17:05:03-05:00 logger.go:66: module.access.data.aws_availability_zones.available: Read complete after 0s [id=us-west-2]
TestReboot 2026-04-17T17:05:05-05:00 logger.go:66: module.access.module.vpc[0].aws_internet_gateway.new[0]: Refreshing state... [id=igw-0896b910ec9276beb]
TestReboot 2026-04-17T17:05:05-05:00 logger.go:66: module.access.module.vpc[0].aws_route.public_ipv4[0]: Refreshing state... [id=r-rtb-0b42dcaed086f3cbf1080289494]
TestReboot 2026-04-17T17:05:05-05:00 logger.go:66: module.access.module.subnet["0"].aws_subnet.created[0]: Refreshing state... [id=subnet-06fd050084d3b716c]
TestReboot 2026-04-17T17:05:05-05:00 logger.go:66: module.access.module.project_security_group[0].aws_security_group.new[0]: Refreshing state... [id=sg-0d2e2bb2a01351791]
TestReboot 2026-04-17T17:05:05-05:00 logger.go:66: module.access.module.project_security_group[0].aws_vpc_security_group_egress_rule.project_egress_ipv4[0]: Refreshing state... [id=sgr-041d0f54ec50ceac2]
TestReboot 2026-04-17T17:05:05-05:00 logger.go:66: module.access.module.project_security_group[0].aws_vpc_security_group_ingress_rule.project_ingress_ipv4[0]: Refreshing state... [id=sgr-0882e84974f4db6ec]
TestReboot 2026-04-17T17:05:05-05:00 logger.go:66: module.access.module.project_security_group[0].aws_vpc_security_group_egress_rule.external_egress_ipv4[0]: Refreshing state... [id=sgr-05da5342f0b2f6658]
TestReboot 2026-04-17T17:05:05-05:00 logger.go:66: module.server.module.image[0].data.aws_ami.search[0]: Reading...
TestReboot 2026-04-17T17:05:06-05:00 logger.go:66: module.server.module.image[0].data.aws_ami.search[0]: Read complete after 0s [id=ami-06f36f10a4fc52ea4]
TestReboot 2026-04-17T17:05:06-05:00 logger.go:66: module.server.module.server[0].data.aws_security_group.general_info_create[0]: Reading...
TestReboot 2026-04-17T17:05:06-05:00 logger.go:66: module.server.module.server[0].data.aws_key_pair.ssh_key_selected[0]: Reading...
TestReboot 2026-04-17T17:05:06-05:00 logger.go:66: module.server.module.server[0].data.aws_subnet.general_info_create[0]: Reading...
TestReboot 2026-04-17T17:05:06-05:00 logger.go:66: module.server.module.server[0].data.aws_ec2_instance_type.general_info_create[0]: Reading...
TestReboot 2026-04-17T17:05:06-05:00 logger.go:66: module.server.module.server[0].data.aws_key_pair.ssh_key_selected[0]: Read complete after 0s [id=key-00015523955150416]
TestReboot 2026-04-17T17:05:06-05:00 logger.go:66: module.server.module.server[0].data.aws_security_group.general_info_create[0]: Read complete after 1s [id=sg-0d2e2bb2a01351791]
TestReboot 2026-04-17T17:05:06-05:00 logger.go:66: module.server.module.server[0].data.aws_vpc.general_info_create[0]: Reading...
TestReboot 2026-04-17T17:05:06-05:00 logger.go:66: module.server.module.server[0].data.aws_subnet.general_info_create[0]: Read complete after 1s [id=subnet-06fd050084d3b716c]
TestReboot 2026-04-17T17:05:06-05:00 logger.go:66: module.server.module.server[0].data.aws_ec2_instance_type.general_info_create[0]: Read complete after 1s [id=c8i.large]
TestReboot 2026-04-17T17:05:06-05:00 logger.go:66: module.server.module.server[0].data.aws_availability_zone.general_info_create[0]: Reading...
TestReboot 2026-04-17T17:05:06-05:00 logger.go:66: module.server.module.server[0].aws_instance.created[0]: Refreshing state... [id=i-0ebbeeeab0aca64ff]
TestReboot 2026-04-17T17:05:06-05:00 logger.go:66: module.server.module.server[0].data.aws_availability_zone.general_info_create[0]: Read complete after 0s [id=us-west-2a]
TestReboot 2026-04-17T17:05:07-05:00 logger.go:66: module.server.module.server[0].data.aws_vpc.general_info_create[0]: Read complete after 0s [id=vpc-0194a17e0af8c23a5]
TestReboot 2026-04-17T17:05:08-05:00 logger.go:66: module.server.module.direct_access[0].data.aws_security_group.server_security_group: Reading...
TestReboot 2026-04-17T17:05:08-05:00 logger.go:66: module.server.module.direct_access[0].aws_eip.created[0]: Refreshing state... [id=eipalloc-0c1616de58fd3c475]
TestReboot 2026-04-17T17:05:08-05:00 logger.go:66: module.server.module.direct_access[0].aws_security_group.direct_access: Refreshing state... [id=sg-0159c66512429d4c7]
TestReboot 2026-04-17T17:05:08-05:00 logger.go:66: module.server.module.direct_access[0].data.aws_security_group.server_security_group: Read complete after 0s [id=sg-0d2e2bb2a01351791]
TestReboot 2026-04-17T17:05:08-05:00 logger.go:66: module.server.module.direct_access[0].aws_network_interface_sg_attachment.server_security_group_attachment: Refreshing state... [id=sg-0159c66512429d4c7_eni-0475ca5eaa0fdafeb]
TestReboot 2026-04-17T17:05:08-05:00 logger.go:66: module.server.module.direct_access[0].aws_vpc_security_group_ingress_rule.server_direct_link: Refreshing state... [id=sgr-0a9dde9accee98a37]
TestReboot 2026-04-17T17:05:08-05:00 logger.go:66: module.server.module.direct_access[0].aws_vpc_security_group_ingress_rule.server_ingress["runnerKube-0"]: Refreshing state... [id=sgr-032be4cfedf71d5aa]
TestReboot 2026-04-17T17:05:08-05:00 logger.go:66: module.server.module.direct_access[0].aws_vpc_security_group_ingress_rule.server_ingress["runnerSsh-0"]: Refreshing state... [id=sgr-00a958ebcbb6f4e9d]
TestReboot 2026-04-17T17:05:08-05:00 logger.go:66: module.server.module.direct_access[0].aws_eip_association.created[0]: Refreshing state... [id=eipassoc-06d2273a5c630590b]
TestReboot 2026-04-17T17:05:08-05:00 logger.go:66: module.server.module.direct_access[0].terraform_data.setup[0]: Refreshing state... [id=bfc6a795-9ce6-4b20-abde-1ae133761014]
TestReboot 2026-04-17T17:05:08-05:00 logger.go:66: module.server.module.direct_access[0].terraform_data.remove_initial_user[0]: Refreshing state... [id=c946da0e-e02c-ea12-6a01-cdd07efe045c]
TestReboot 2026-04-17T17:05:08-05:00 logger.go:66: module.this.terraform_data.copy_to_remote: Refreshing state... [id=983dd0b0-7c70-1b98-f661-89ed924a90f1]
TestReboot 2026-04-17T17:05:08-05:00 logger.go:66: module.this.terraform_data.configure: Refreshing state... [id=7508c822-63c2-d457-ab50-87a69079b52a]
TestReboot 2026-04-17T17:05:08-05:00 logger.go:66: module.this.time_sleep.ten_s_before_install: Refreshing state... [id=2026-04-17T21:53:53Z]
TestReboot 2026-04-17T17:05:08-05:00 logger.go:66: module.this.terraform_data.install: Refreshing state... [id=13637f7e-78c9-262d-2c18-e644e6dda5fc]
TestReboot 2026-04-17T17:05:08-05:00 logger.go:66: module.this.time_sleep.ten_s_after_install: Refreshing state... [id=2026-04-17T21:54:25Z]
TestReboot 2026-04-17T17:05:08-05:00 logger.go:66: module.this.time_sleep.ten_s_before_start: Refreshing state... [id=2026-04-17T21:54:35Z]
TestReboot 2026-04-17T17:05:08-05:00 logger.go:66: module.this.terraform_data.start[0]: Refreshing state... [id=0d379a53-6d6a-2376-c42a-e9caeefc546f]
TestReboot 2026-04-17T17:05:10-05:00 logger.go:66: 
TestReboot 2026-04-17T17:05:10-05:00 logger.go:66: Terraform used the selected providers to generate the following execution
TestReboot 2026-04-17T17:05:10-05:00 logger.go:66: plan. Resource actions are indicated with the following symbols:
TestReboot 2026-04-17T17:05:10-05:00 logger.go:66:   - destroy
TestReboot 2026-04-17T17:05:10-05:00 logger.go:66: 
TestReboot 2026-04-17T17:05:10-05:00 logger.go:66: Terraform will perform the following actions:
TestReboot 2026-04-17T17:05:10-05:00 logger.go:66: 
TestReboot 2026-04-17T17:05:10-05:00 logger.go:66:   # random_pet.server will be destroyed
TestReboot 2026-04-17T17:05:10-05:00 logger.go:66:   - resource "random_pet" "server" {
TestReboot 2026-04-17T17:05:10-05:00 logger.go:66:       - id        = "gazelle" -> null
TestReboot 2026-04-17T17:05:10-05:00 logger.go:66:       - keepers   = {
TestReboot 2026-04-17T17:05:10-05:00 logger.go:66:           - "identifier" = "YS0zMTE0Mi1kCg-reboot"
TestReboot 2026-04-17T17:05:10-05:00 logger.go:66:         } -> null
TestReboot 2026-04-17T17:05:10-05:00 logger.go:66:       - length    = 1 -> null
TestReboot 2026-04-17T17:05:10-05:00 logger.go:66:       - separator = "-" -> null
TestReboot 2026-04-17T17:05:10-05:00 logger.go:66:     }
TestReboot 2026-04-17T17:05:10-05:00 logger.go:66: 
TestReboot 2026-04-17T17:05:10-05:00 logger.go:66:   # module.config.null_resource.write_config["50-initial-generated-config.yaml"] will be destroyed
TestReboot 2026-04-17T17:05:10-05:00 logger.go:66:   - resource "null_resource" "write_config" {
TestReboot 2026-04-17T17:05:10-05:00 logger.go:66:       - id       = "8224297989399399876" -> null
TestReboot 2026-04-17T17:05:10-05:00 logger.go:66:       - triggers = {
TestReboot 2026-04-17T17:05:10-05:00 logger.go:66:           - "config_content" = ""
TestReboot 2026-04-17T17:05:10-05:00 logger.go:66:         } -> null
TestReboot 2026-04-17T17:05:10-05:00 logger.go:66:     }
TestReboot 2026-04-17T17:05:10-05:00 logger.go:66: 
TestReboot 2026-04-17T17:05:10-05:00 logger.go:66:   # module.this.terraform_data.configure will be destroyed
TestReboot 2026-04-17T17:05:10-05:00 logger.go:66:   - resource "terraform_data" "configure" {
TestReboot 2026-04-17T17:05:10-05:00 logger.go:66:       - id               = "7508c822-63c2-d457-ab50-87a69079b52a" -> null
TestReboot 2026-04-17T17:05:10-05:00 logger.go:66:       - triggers_replace = {
TestReboot 2026-04-17T17:05:10-05:00 logger.go:66:           - id = (sensitive value)
TestReboot 2026-04-17T17:05:10-05:00 logger.go:66:         } -> null
TestReboot 2026-04-17T17:05:10-05:00 logger.go:66:     }
TestReboot 2026-04-17T17:05:10-05:00 logger.go:66: 
TestReboot 2026-04-17T17:05:10-05:00 logger.go:66:   # module.this.terraform_data.copy_to_remote will be destroyed
TestReboot 2026-04-17T17:05:10-05:00 logger.go:66:   - resource "terraform_data" "copy_to_remote" {
TestReboot 2026-04-17T17:05:10-05:00 logger.go:66:       - id               = "983dd0b0-7c70-1b98-f661-89ed924a90f1" -> null
TestReboot 2026-04-17T17:05:10-05:00 logger.go:66:       - triggers_replace = {
TestReboot 2026-04-17T17:05:10-05:00 logger.go:66:           - id = (sensitive value)
TestReboot 2026-04-17T17:05:10-05:00 logger.go:66:         } -> null
TestReboot 2026-04-17T17:05:10-05:00 logger.go:66:     }
TestReboot 2026-04-17T17:05:10-05:00 logger.go:66: 
TestReboot 2026-04-17T17:05:10-05:00 logger.go:66:   # module.this.terraform_data.install will be destroyed
TestReboot 2026-04-17T17:05:10-05:00 logger.go:66:   - resource "terraform_data" "install" {
TestReboot 2026-04-17T17:05:10-05:00 logger.go:66:       - id               = "13637f7e-78c9-262d-2c18-e644e6dda5fc" -> null
TestReboot 2026-04-17T17:05:10-05:00 logger.go:66:       - triggers_replace = {
TestReboot 2026-04-17T17:05:10-05:00 logger.go:66:           - id = (sensitive value)
TestReboot 2026-04-17T17:05:10-05:00 logger.go:66:         } -> null
TestReboot 2026-04-17T17:05:10-05:00 logger.go:66:     }
TestReboot 2026-04-17T17:05:10-05:00 logger.go:66: 
TestReboot 2026-04-17T17:05:10-05:00 logger.go:66:   # module.this.terraform_data.start[0] will be destroyed
TestReboot 2026-04-17T17:05:10-05:00 logger.go:66:   - resource "terraform_data" "start" {
TestReboot 2026-04-17T17:05:10-05:00 logger.go:66:       - id               = "0d379a53-6d6a-2376-c42a-e9caeefc546f" -> null
TestReboot 2026-04-17T17:05:10-05:00 logger.go:66:       - triggers_replace = {
TestReboot 2026-04-17T17:05:10-05:00 logger.go:66:           - id = (sensitive value)
TestReboot 2026-04-17T17:05:10-05:00 logger.go:66:         } -> null
TestReboot 2026-04-17T17:05:10-05:00 logger.go:66:     }
TestReboot 2026-04-17T17:05:10-05:00 logger.go:66: 
TestReboot 2026-04-17T17:05:10-05:00 logger.go:66:   # module.this.time_sleep.ten_s_after_install will be destroyed
TestReboot 2026-04-17T17:05:10-05:00 logger.go:66:   - resource "time_sleep" "ten_s_after_install" {
TestReboot 2026-04-17T17:05:10-05:00 logger.go:66:       - create_duration = "10s" -> null
TestReboot 2026-04-17T17:05:10-05:00 logger.go:66:       - id              = "2026-04-17T21:54:25Z" -> null
TestReboot 2026-04-17T17:05:10-05:00 logger.go:66:     }
TestReboot 2026-04-17T17:05:10-05:00 logger.go:66: 
TestReboot 2026-04-17T17:05:10-05:00 logger.go:66:   # module.this.time_sleep.ten_s_before_install will be destroyed
TestReboot 2026-04-17T17:05:10-05:00 logger.go:66:   - resource "time_sleep" "ten_s_before_install" {
TestReboot 2026-04-17T17:05:10-05:00 logger.go:66:       - create_duration = "10s" -> null
TestReboot 2026-04-17T17:05:10-05:00 logger.go:66:       - id              = "2026-04-17T21:53:53Z" -> null
TestReboot 2026-04-17T17:05:10-05:00 logger.go:66:     }
TestReboot 2026-04-17T17:05:10-05:00 logger.go:66: 
TestReboot 2026-04-17T17:05:10-05:00 logger.go:66:   # module.this.time_sleep.ten_s_before_start will be destroyed
TestReboot 2026-04-17T17:05:10-05:00 logger.go:66:   - resource "time_sleep" "ten_s_before_start" {
TestReboot 2026-04-17T17:05:10-05:00 logger.go:66:       - create_duration = "10s" -> null
TestReboot 2026-04-17T17:05:10-05:00 logger.go:66:       - id              = "2026-04-17T21:54:35Z" -> null
TestReboot 2026-04-17T17:05:10-05:00 logger.go:66:     }
TestReboot 2026-04-17T17:05:10-05:00 logger.go:66: 
TestReboot 2026-04-17T17:05:10-05:00 logger.go:66:   # module.access.module.project_security_group[0].aws_security_group.new[0] will be destroyed
TestReboot 2026-04-17T17:05:10-05:00 logger.go:66:   - resource "aws_security_group" "new" {
TestReboot 2026-04-17T17:05:10-05:00 logger.go:66:       - arn                    = "arn:aws:ec2:us-west-2:270074865685:security-group/sg-0d2e2bb2a01351791" -> null
TestReboot 2026-04-17T17:05:10-05:00 logger.go:66:       - description            = "Access to egress generated by aws_access module" -> null
TestReboot 2026-04-17T17:05:10-05:00 logger.go:66:       - egress                 = [
TestReboot 2026-04-17T17:05:10-05:00 logger.go:66:           - {
TestReboot 2026-04-17T17:05:10-05:00 logger.go:66:               - cidr_blocks      = [
TestReboot 2026-04-17T17:05:10-05:00 logger.go:66:                   - "0.0.0.0/0",
TestReboot 2026-04-17T17:05:10-05:00 logger.go:66:                   - "10.0.0.0/16",
TestReboot 2026-04-17T17:05:10-05:00 logger.go:66:                 ]
TestReboot 2026-04-17T17:05:10-05:00 logger.go:66:               - description      = ""
TestReboot 2026-04-17T17:05:10-05:00 logger.go:66:               - from_port        = 0
TestReboot 2026-04-17T17:05:10-05:00 logger.go:66:               - ipv6_cidr_blocks = []
TestReboot 2026-04-17T17:05:10-05:00 logger.go:66:               - prefix_list_ids  = []
TestReboot 2026-04-17T17:05:10-05:00 logger.go:66:               - protocol         = "-1"
TestReboot 2026-04-17T17:05:10-05:00 logger.go:66:               - security_groups  = []
TestReboot 2026-04-17T17:05:10-05:00 logger.go:66:               - self             = false
TestReboot 2026-04-17T17:05:10-05:00 logger.go:66:               - to_port          = 0
TestReboot 2026-04-17T17:05:10-05:00 logger.go:66:             },
TestReboot 2026-04-17T17:05:10-05:00 logger.go:66:         ] -> null
TestReboot 2026-04-17T17:05:10-05:00 logger.go:66:       - id                     = "sg-0d2e2bb2a01351791" -> null
TestReboot 2026-04-17T17:05:10-05:00 logger.go:66:       - ingress                = [
TestReboot 2026-04-17T17:05:10-05:00 logger.go:66:           - {
TestReboot 2026-04-17T17:05:10-05:00 logger.go:66:               - cidr_blocks      = [
TestReboot 2026-04-17T17:05:10-05:00 logger.go:66:                   - "10.0.0.0/16",
TestReboot 2026-04-17T17:05:10-05:00 logger.go:66:                 ]
TestReboot 2026-04-17T17:05:10-05:00 logger.go:66:               - description      = ""
TestReboot 2026-04-17T17:05:10-05:00 logger.go:66:               - from_port        = 0
TestReboot 2026-04-17T17:05:10-05:00 logger.go:66:               - ipv6_cidr_blocks = []
TestReboot 2026-04-17T17:05:10-05:00 logger.go:66:               - prefix_list_ids  = []
TestReboot 2026-04-17T17:05:10-05:00 logger.go:66:               - protocol         = "-1"
TestReboot 2026-04-17T17:05:10-05:00 logger.go:66:               - security_groups  = []
TestReboot 2026-04-17T17:05:10-05:00 logger.go:66:               - self             = false
TestReboot 2026-04-17T17:05:10-05:00 logger.go:66:               - to_port          = 0
TestReboot 2026-04-17T17:05:10-05:00 logger.go:66:             },
TestReboot 2026-04-17T17:05:10-05:00 logger.go:66:         ] -> null
TestReboot 2026-04-17T17:05:10-05:00 logger.go:66:       - name                   = "tf-d0ef3-YS0zMTE0Mi1kCg-reboot-sg" -> null
TestReboot 2026-04-17T17:05:10-05:00 logger.go:66:       - owner_id               = "270074865685" -> null
TestReboot 2026-04-17T17:05:10-05:00 logger.go:66:       - region                 = "us-west-2" -> null
TestReboot 2026-04-17T17:05:10-05:00 logger.go:66:       - revoke_rules_on_delete = false -> null
TestReboot 2026-04-17T17:05:10-05:00 logger.go:66:       - tags                   = {
TestReboot 2026-04-17T17:05:10-05:00 logger.go:66:           - "Name" = "tf-d0ef3-YS0zMTE0Mi1kCg-reboot-sg"
TestReboot 2026-04-17T17:05:10-05:00 logger.go:66:         } -> null
TestReboot 2026-04-17T17:05:10-05:00 logger.go:66:       - tags_all               = {
TestReboot 2026-04-17T17:05:10-05:00 logger.go:66:           - "Id"    = "YS0zMTE0Mi1kCg-reboot"
TestReboot 2026-04-17T17:05:10-05:00 logger.go:66:           - "Name"  = "tf-d0ef3-YS0zMTE0Mi1kCg-reboot-sg"
TestReboot 2026-04-17T17:05:10-05:00 logger.go:66:           - "Owner" = "terraform-ci@suse.com"
TestReboot 2026-04-17T17:05:10-05:00 logger.go:66:         } -> null
TestReboot 2026-04-17T17:05:10-05:00 logger.go:66:       - vpc_id                 = "vpc-0194a17e0af8c23a5" -> null
TestReboot 2026-04-17T17:05:10-05:00 logger.go:66:     }
TestReboot 2026-04-17T17:05:10-05:00 logger.go:66: 
TestReboot 2026-04-17T17:05:10-05:00 logger.go:66:   # module.access.module.project_security_group[0].aws_vpc_security_group_egress_rule.external_egress_ipv4[0] will be destroyed
TestReboot 2026-04-17T17:05:10-05:00 logger.go:66:   - resource "aws_vpc_security_group_egress_rule" "external_egress_ipv4" {
TestReboot 2026-04-17T17:05:10-05:00 logger.go:66:       - arn                    = "arn:aws:ec2:us-west-2:270074865685:security-group-rule/sgr-05da5342f0b2f6658" -> null
TestReboot 2026-04-17T17:05:10-05:00 logger.go:66:       - cidr_ipv4              = "0.0.0.0/0" -> null
TestReboot 2026-04-17T17:05:10-05:00 logger.go:66:       - id                     = "sgr-05da5342f0b2f6658" -> null
TestReboot 2026-04-17T17:05:10-05:00 logger.go:66:       - ip_protocol            = "-1" -> null
TestReboot 2026-04-17T17:05:10-05:00 logger.go:66:       - region                 = "us-west-2" -> null
TestReboot 2026-04-17T17:05:10-05:00 logger.go:66:       - security_group_id      = "sg-0d2e2bb2a01351791" -> null
TestReboot 2026-04-17T17:05:10-05:00 logger.go:66:       - security_group_rule_id = "sgr-05da5342f0b2f6658" -> null
TestReboot 2026-04-17T17:05:10-05:00 logger.go:66:       - tags_all               = {
TestReboot 2026-04-17T17:05:10-05:00 logger.go:66:           - "Id"    = "YS0zMTE0Mi1kCg-reboot"
TestReboot 2026-04-17T17:05:10-05:00 logger.go:66:           - "Owner" = "terraform-ci@suse.com"
TestReboot 2026-04-17T17:05:10-05:00 logger.go:66:         } -> null
TestReboot 2026-04-17T17:05:10-05:00 logger.go:66:     }
TestReboot 2026-04-17T17:05:10-05:00 logger.go:66: 
TestReboot 2026-04-17T17:05:10-05:00 logger.go:66:   # module.access.module.project_security_group[0].aws_vpc_security_group_egress_rule.project_egress_ipv4[0] will be destroyed
TestReboot 2026-04-17T17:05:10-05:00 logger.go:66:   - resource "aws_vpc_security_group_egress_rule" "project_egress_ipv4" {
TestReboot 2026-04-17T17:05:10-05:00 logger.go:66:       - arn                    = "arn:aws:ec2:us-west-2:270074865685:security-group-rule/sgr-041d0f54ec50ceac2" -> null
TestReboot 2026-04-17T17:05:10-05:00 logger.go:66:       - cidr_ipv4              = "10.0.0.0/16" -> null
TestReboot 2026-04-17T17:05:10-05:00 logger.go:66:       - id                     = "sgr-041d0f54ec50ceac2" -> null
TestReboot 2026-04-17T17:05:10-05:00 logger.go:66:       - ip_protocol            = "-1" -> null
TestReboot 2026-04-17T17:05:10-05:00 logger.go:66:       - region                 = "us-west-2" -> null
TestReboot 2026-04-17T17:05:10-05:00 logger.go:66:       - security_group_id      = "sg-0d2e2bb2a01351791" -> null
TestReboot 2026-04-17T17:05:10-05:00 logger.go:66:       - security_group_rule_id = "sgr-041d0f54ec50ceac2" -> null
TestReboot 2026-04-17T17:05:10-05:00 logger.go:66:       - tags_all               = {
TestReboot 2026-04-17T17:05:10-05:00 logger.go:66:           - "Id"    = "YS0zMTE0Mi1kCg-reboot"
TestReboot 2026-04-17T17:05:10-05:00 logger.go:66:           - "Owner" = "terraform-ci@suse.com"
TestReboot 2026-04-17T17:05:10-05:00 logger.go:66:         } -> null
TestReboot 2026-04-17T17:05:10-05:00 logger.go:66:     }
TestReboot 2026-04-17T17:05:10-05:00 logger.go:66: 
TestReboot 2026-04-17T17:05:10-05:00 logger.go:66:   # module.access.module.project_security_group[0].aws_vpc_security_group_ingress_rule.project_ingress_ipv4[0] will be destroyed
TestReboot 2026-04-17T17:05:10-05:00 logger.go:66:   - resource "aws_vpc_security_group_ingress_rule" "project_ingress_ipv4" {
TestReboot 2026-04-17T17:05:10-05:00 logger.go:66:       - arn                    = "arn:aws:ec2:us-west-2:270074865685:security-group-rule/sgr-0882e84974f4db6ec" -> null
TestReboot 2026-04-17T17:05:10-05:00 logger.go:66:       - cidr_ipv4              = "10.0.0.0/16" -> null
TestReboot 2026-04-17T17:05:10-05:00 logger.go:66:       - id                     = "sgr-0882e84974f4db6ec" -> null
TestReboot 2026-04-17T17:05:10-05:00 logger.go:66:       - ip_protocol            = "-1" -> null
TestReboot 2026-04-17T17:05:10-05:00 logger.go:66:       - region                 = "us-west-2" -> null
TestReboot 2026-04-17T17:05:10-05:00 logger.go:66:       - security_group_id      = "sg-0d2e2bb2a01351791" -> null
TestReboot 2026-04-17T17:05:10-05:00 logger.go:66:       - security_group_rule_id = "sgr-0882e84974f4db6ec" -> null
TestReboot 2026-04-17T17:05:10-05:00 logger.go:66:       - tags_all               = {
TestReboot 2026-04-17T17:05:10-05:00 logger.go:66:           - "Id"    = "YS0zMTE0Mi1kCg-reboot"
TestReboot 2026-04-17T17:05:10-05:00 logger.go:66:           - "Owner" = "terraform-ci@suse.com"
TestReboot 2026-04-17T17:05:10-05:00 logger.go:66:         } -> null
TestReboot 2026-04-17T17:05:10-05:00 logger.go:66:     }
TestReboot 2026-04-17T17:05:10-05:00 logger.go:66: 
TestReboot 2026-04-17T17:05:10-05:00 logger.go:66:   # module.access.module.subnet["0"].aws_subnet.created[0] will be destroyed
TestReboot 2026-04-17T17:05:10-05:00 logger.go:66:   - resource "aws_subnet" "created" {
TestReboot 2026-04-17T17:05:10-05:00 logger.go:66:       - arn                                            = "arn:aws:ec2:us-west-2:270074865685:subnet/subnet-06fd050084d3b716c" -> null
TestReboot 2026-04-17T17:05:10-05:00 logger.go:66:       - assign_ipv6_address_on_creation                = false -> null
TestReboot 2026-04-17T17:05:10-05:00 logger.go:66:       - availability_zone                              = "us-west-2a" -> null
TestReboot 2026-04-17T17:05:10-05:00 logger.go:66:       - availability_zone_id                           = "usw2-az1" -> null
TestReboot 2026-04-17T17:05:10-05:00 logger.go:66:       - cidr_block                                     = "10.0.0.0/16" -> null
TestReboot 2026-04-17T17:05:10-05:00 logger.go:66:       - enable_dns64                                   = false -> null
TestReboot 2026-04-17T17:05:10-05:00 logger.go:66:       - enable_lni_at_device_index                     = 0 -> null
TestReboot 2026-04-17T17:05:10-05:00 logger.go:66:       - enable_resource_name_dns_a_record_on_launch    = false -> null
TestReboot 2026-04-17T17:05:10-05:00 logger.go:66:       - enable_resource_name_dns_aaaa_record_on_launch = false -> null
TestReboot 2026-04-17T17:05:10-05:00 logger.go:66:       - id                                             = "subnet-06fd050084d3b716c" -> null
TestReboot 2026-04-17T17:05:10-05:00 logger.go:66:       - ipv6_cidr_block                                = "2600:1f14:2750:2800::/64" -> null
TestReboot 2026-04-17T17:05:10-05:00 logger.go:66:       - ipv6_cidr_block_association_id                 = "subnet-cidr-assoc-027a8c94a592b102a" -> null
TestReboot 2026-04-17T17:05:10-05:00 logger.go:66:       - ipv6_native                                    = false -> null
TestReboot 2026-04-17T17:05:10-05:00 logger.go:66:       - map_customer_owned_ip_on_launch                = false -> null
TestReboot 2026-04-17T17:05:10-05:00 logger.go:66:       - map_public_ip_on_launch                        = false -> null
TestReboot 2026-04-17T17:05:10-05:00 logger.go:66:       - owner_id                                       = "270074865685" -> null
TestReboot 2026-04-17T17:05:10-05:00 logger.go:66:       - private_dns_hostname_type_on_launch            = "ip-name" -> null
TestReboot 2026-04-17T17:05:10-05:00 logger.go:66:       - region                                         = "us-west-2" -> null
TestReboot 2026-04-17T17:05:10-05:00 logger.go:66:       - tags                                           = {
TestReboot 2026-04-17T17:05:10-05:00 logger.go:66:           - "Name" = "tf-d0ef3-YS0zMTE0Mi1kCg-reboot-vpc-us-west-2a"
TestReboot 2026-04-17T17:05:10-05:00 logger.go:66:         } -> null
TestReboot 2026-04-17T17:05:10-05:00 logger.go:66:       - tags_all                                       = {
TestReboot 2026-04-17T17:05:10-05:00 logger.go:66:           - "Id"    = "YS0zMTE0Mi1kCg-reboot"
TestReboot 2026-04-17T17:05:10-05:00 logger.go:66:           - "Name"  = "tf-d0ef3-YS0zMTE0Mi1kCg-reboot-vpc-us-west-2a"
TestReboot 2026-04-17T17:05:10-05:00 logger.go:66:           - "Owner" = "terraform-ci@suse.com"
TestReboot 2026-04-17T17:05:10-05:00 logger.go:66:         } -> null
TestReboot 2026-04-17T17:05:10-05:00 logger.go:66:       - vpc_id                                         = "vpc-0194a17e0af8c23a5" -> null
TestReboot 2026-04-17T17:05:10-05:00 logger.go:66:     }
TestReboot 2026-04-17T17:05:10-05:00 logger.go:66: 
TestReboot 2026-04-17T17:05:10-05:00 logger.go:66:   # module.access.module.vpc[0].aws_internet_gateway.new[0] will be destroyed
TestReboot 2026-04-17T17:05:10-05:00 logger.go:66:   - resource "aws_internet_gateway" "new" {
TestReboot 2026-04-17T17:05:10-05:00 logger.go:66:       - arn      = "arn:aws:ec2:us-west-2:270074865685:internet-gateway/igw-0896b910ec9276beb" -> null
TestReboot 2026-04-17T17:05:10-05:00 logger.go:66:       - id       = "igw-0896b910ec9276beb" -> null
TestReboot 2026-04-17T17:05:10-05:00 logger.go:66:       - owner_id = "270074865685" -> null
TestReboot 2026-04-17T17:05:10-05:00 logger.go:66:       - region   = "us-west-2" -> null
TestReboot 2026-04-17T17:05:10-05:00 logger.go:66:       - tags     = {} -> null
TestReboot 2026-04-17T17:05:10-05:00 logger.go:66:       - tags_all = {
TestReboot 2026-04-17T17:05:10-05:00 logger.go:66:           - "Id"    = "YS0zMTE0Mi1kCg-reboot"
TestReboot 2026-04-17T17:05:10-05:00 logger.go:66:           - "Owner" = "terraform-ci@suse.com"
TestReboot 2026-04-17T17:05:10-05:00 logger.go:66:         } -> null
TestReboot 2026-04-17T17:05:10-05:00 logger.go:66:       - vpc_id   = "vpc-0194a17e0af8c23a5" -> null
TestReboot 2026-04-17T17:05:10-05:00 logger.go:66:     }
TestReboot 2026-04-17T17:05:10-05:00 logger.go:66: 
TestReboot 2026-04-17T17:05:10-05:00 logger.go:66:   # module.access.module.vpc[0].aws_route.public_ipv4[0] will be destroyed
TestReboot 2026-04-17T17:05:10-05:00 logger.go:66:   - resource "aws_route" "public_ipv4" {
TestReboot 2026-04-17T17:05:10-05:00 logger.go:66:       - destination_cidr_block = "0.0.0.0/0" -> null
TestReboot 2026-04-17T17:05:10-05:00 logger.go:66:       - gateway_id             = "igw-0896b910ec9276beb" -> null
TestReboot 2026-04-17T17:05:10-05:00 logger.go:66:       - id                     = "r-rtb-0b42dcaed086f3cbf1080289494" -> null
TestReboot 2026-04-17T17:05:10-05:00 logger.go:66:       - origin                 = "CreateRoute" -> null
TestReboot 2026-04-17T17:05:10-05:00 logger.go:66:       - region                 = "us-west-2" -> null
TestReboot 2026-04-17T17:05:10-05:00 logger.go:66:       - route_table_id         = "rtb-0b42dcaed086f3cbf" -> null
TestReboot 2026-04-17T17:05:10-05:00 logger.go:66:       - state                  = "active" -> null
TestReboot 2026-04-17T17:05:10-05:00 logger.go:66:     }
TestReboot 2026-04-17T17:05:10-05:00 logger.go:66: 
TestReboot 2026-04-17T17:05:10-05:00 logger.go:66:   # module.access.module.vpc[0].aws_vpc.new[0] will be destroyed
TestReboot 2026-04-17T17:05:10-05:00 logger.go:66:   - resource "aws_vpc" "new" {
TestReboot 2026-04-17T17:05:10-05:00 logger.go:66:       - arn                                  = "arn:aws:ec2:us-west-2:270074865685:vpc/vpc-0194a17e0af8c23a5" -> null
TestReboot 2026-04-17T17:05:10-05:00 logger.go:66:       - assign_generated_ipv6_cidr_block     = true -> null
TestReboot 2026-04-17T17:05:10-05:00 logger.go:66:       - cidr_block                           = "10.0.0.0/16" -> null
TestReboot 2026-04-17T17:05:10-05:00 logger.go:66:       - default_network_acl_id               = "acl-04c91b7ec82cabb52" -> null
TestReboot 2026-04-17T17:05:10-05:00 logger.go:66:       - default_route_table_id               = "rtb-0b42dcaed086f3cbf" -> null
TestReboot 2026-04-17T17:05:10-05:00 logger.go:66:       - default_security_group_id            = "sg-0b979b7d883c5cda3" -> null
TestReboot 2026-04-17T17:05:10-05:00 logger.go:66:       - dhcp_options_id                      = "dopt-1fdd1a67" -> null
TestReboot 2026-04-17T17:05:10-05:00 logger.go:66:       - enable_dns_hostnames                 = false -> null
TestReboot 2026-04-17T17:05:10-05:00 logger.go:66:       - enable_dns_support                   = true -> null
TestReboot 2026-04-17T17:05:10-05:00 logger.go:66:       - enable_network_address_usage_metrics = false -> null
TestReboot 2026-04-17T17:05:10-05:00 logger.go:66:       - id                                   = "vpc-0194a17e0af8c23a5" -> null
TestReboot 2026-04-17T17:05:10-05:00 logger.go:66:       - instance_tenancy                     = "default" -> null
TestReboot 2026-04-17T17:05:10-05:00 logger.go:66:       - ipv6_association_id                  = "vpc-cidr-assoc-0821661b7604f06fb" -> null
TestReboot 2026-04-17T17:05:10-05:00 logger.go:66:       - ipv6_cidr_block                      = "2600:1f14:2750:2800::/56" -> null
TestReboot 2026-04-17T17:05:10-05:00 logger.go:66:       - ipv6_cidr_block_network_border_group = "us-west-2" -> null
TestReboot 2026-04-17T17:05:10-05:00 logger.go:66:       - ipv6_netmask_length                  = 0 -> null
TestReboot 2026-04-17T17:05:10-05:00 logger.go:66:       - main_route_table_id                  = "rtb-0b42dcaed086f3cbf" -> null
TestReboot 2026-04-17T17:05:10-05:00 logger.go:66:       - owner_id                             = "270074865685" -> null
TestReboot 2026-04-17T17:05:10-05:00 logger.go:66:       - region                               = "us-west-2" -> null
TestReboot 2026-04-17T17:05:10-05:00 logger.go:66:       - tags                                 = {
TestReboot 2026-04-17T17:05:10-05:00 logger.go:66:           - "Name" = "tf-d0ef3-YS0zMTE0Mi1kCg-reboot-vpc"
TestReboot 2026-04-17T17:05:10-05:00 logger.go:66:         } -> null
TestReboot 2026-04-17T17:05:10-05:00 logger.go:66:       - tags_all                             = {
TestReboot 2026-04-17T17:05:10-05:00 logger.go:66:           - "Id"    = "YS0zMTE0Mi1kCg-reboot"
TestReboot 2026-04-17T17:05:10-05:00 logger.go:66:           - "Name"  = "tf-d0ef3-YS0zMTE0Mi1kCg-reboot-vpc"
TestReboot 2026-04-17T17:05:10-05:00 logger.go:66:           - "Owner" = "terraform-ci@suse.com"
TestReboot 2026-04-17T17:05:10-05:00 logger.go:66:         } -> null
TestReboot 2026-04-17T17:05:10-05:00 logger.go:66:     }
TestReboot 2026-04-17T17:05:10-05:00 logger.go:66: 
TestReboot 2026-04-17T17:05:10-05:00 logger.go:66:   # module.server.module.direct_access[0].aws_eip.created[0] will be destroyed
TestReboot 2026-04-17T17:05:10-05:00 logger.go:66:   - resource "aws_eip" "created" {
TestReboot 2026-04-17T17:05:10-05:00 logger.go:66:       - allocation_id        = "eipalloc-0c1616de58fd3c475" -> null
TestReboot 2026-04-17T17:05:10-05:00 logger.go:66:       - arn                  = "arn:aws:ec2:us-west-2:270074865685:elastic-ip/eipalloc-0c1616de58fd3c475" -> null
TestReboot 2026-04-17T17:05:10-05:00 logger.go:66:       - association_id       = "eipassoc-06d2273a5c630590b" -> null
TestReboot 2026-04-17T17:05:10-05:00 logger.go:66:       - domain               = "vpc" -> null
TestReboot 2026-04-17T17:05:10-05:00 logger.go:66:       - id                   = "eipalloc-0c1616de58fd3c475" -> null
TestReboot 2026-04-17T17:05:10-05:00 logger.go:66:       - instance             = "i-0ebbeeeab0aca64ff" -> null
TestReboot 2026-04-17T17:05:10-05:00 logger.go:66:       - network_border_group = "us-west-2" -> null
TestReboot 2026-04-17T17:05:10-05:00 logger.go:66:       - network_interface    = "eni-0475ca5eaa0fdafeb" -> null
TestReboot 2026-04-17T17:05:10-05:00 logger.go:66:       - private_dns          = "ip-10-0-219-99.us-west-2.compute.internal" -> null
TestReboot 2026-04-17T17:05:10-05:00 logger.go:66:       - private_ip           = "10.0.219.99" -> null
TestReboot 2026-04-17T17:05:10-05:00 logger.go:66:       - public_dns           = "ec2-52-37-171-161.us-west-2.compute.amazonaws.com" -> null
TestReboot 2026-04-17T17:05:10-05:00 logger.go:66:       - public_ip            = "52.37.171.161" -> null
TestReboot 2026-04-17T17:05:10-05:00 logger.go:66:       - public_ipv4_pool     = "amazon" -> null
TestReboot 2026-04-17T17:05:10-05:00 logger.go:66:       - region               = "us-west-2" -> null
TestReboot 2026-04-17T17:05:10-05:00 logger.go:66:       - tags                 = {} -> null
TestReboot 2026-04-17T17:05:10-05:00 logger.go:66:       - tags_all             = {
TestReboot 2026-04-17T17:05:10-05:00 logger.go:66:           - "Id"    = "YS0zMTE0Mi1kCg-reboot"
TestReboot 2026-04-17T17:05:10-05:00 logger.go:66:           - "Owner" = "terraform-ci@suse.com"
TestReboot 2026-04-17T17:05:10-05:00 logger.go:66:         } -> null
TestReboot 2026-04-17T17:05:10-05:00 logger.go:66:     }
TestReboot 2026-04-17T17:05:10-05:00 logger.go:66: 
TestReboot 2026-04-17T17:05:10-05:00 logger.go:66:   # module.server.module.direct_access[0].aws_eip_association.created[0] will be destroyed
TestReboot 2026-04-17T17:05:10-05:00 logger.go:66:   - resource "aws_eip_association" "created" {
TestReboot 2026-04-17T17:05:10-05:00 logger.go:66:       - allocation_id        = "eipalloc-0c1616de58fd3c475" -> null
TestReboot 2026-04-17T17:05:10-05:00 logger.go:66:       - allow_reassociation  = true -> null
TestReboot 2026-04-17T17:05:10-05:00 logger.go:66:       - id                   = "eipassoc-06d2273a5c630590b" -> null
TestReboot 2026-04-17T17:05:10-05:00 logger.go:66:       - instance_id          = "i-0ebbeeeab0aca64ff" -> null
TestReboot 2026-04-17T17:05:10-05:00 logger.go:66:       - network_interface_id = "eni-0475ca5eaa0fdafeb" -> null
TestReboot 2026-04-17T17:05:10-05:00 logger.go:66:       - private_ip_address   = "10.0.219.99" -> null
TestReboot 2026-04-17T17:05:10-05:00 logger.go:66:       - public_ip            = "52.37.171.161" -> null
TestReboot 2026-04-17T17:05:10-05:00 logger.go:66:       - region               = "us-west-2" -> null
TestReboot 2026-04-17T17:05:10-05:00 logger.go:66:     }
TestReboot 2026-04-17T17:05:10-05:00 logger.go:66: 
TestReboot 2026-04-17T17:05:10-05:00 logger.go:66:   # module.server.module.direct_access[0].aws_network_interface_sg_attachment.server_security_group_attachment will be destroyed
TestReboot 2026-04-17T17:05:10-05:00 logger.go:66:   - resource "aws_network_interface_sg_attachment" "server_security_group_attachment" {
TestReboot 2026-04-17T17:05:10-05:00 logger.go:66:       - id                   = "sg-0159c66512429d4c7_eni-0475ca5eaa0fdafeb" -> null
TestReboot 2026-04-17T17:05:10-05:00 logger.go:66:       - network_interface_id = "eni-0475ca5eaa0fdafeb" -> null
TestReboot 2026-04-17T17:05:10-05:00 logger.go:66:       - region               = "us-west-2" -> null
TestReboot 2026-04-17T17:05:10-05:00 logger.go:66:       - security_group_id    = "sg-0159c66512429d4c7" -> null
TestReboot 2026-04-17T17:05:10-05:00 logger.go:66:     }
TestReboot 2026-04-17T17:05:10-05:00 logger.go:66: 
TestReboot 2026-04-17T17:05:10-05:00 logger.go:66:   # module.server.module.direct_access[0].aws_security_group.direct_access will be destroyed
TestReboot 2026-04-17T17:05:10-05:00 logger.go:66:   - resource "aws_security_group" "direct_access" {
TestReboot 2026-04-17T17:05:10-05:00 logger.go:66:       - arn                    = "arn:aws:ec2:us-west-2:270074865685:security-group/sg-0159c66512429d4c7" -> null
TestReboot 2026-04-17T17:05:10-05:00 logger.go:66:       - description            = "Security group for server tf-d0ef3-YS0zMTE0Mi1kCg-reboot-gazelle" -> null
TestReboot 2026-04-17T17:05:10-05:00 logger.go:66:       - egress                 = [] -> null
TestReboot 2026-04-17T17:05:10-05:00 logger.go:66:       - id                     = "sg-0159c66512429d4c7" -> null
TestReboot 2026-04-17T17:05:10-05:00 logger.go:66:       - ingress                = [
TestReboot 2026-04-17T17:05:10-05:00 logger.go:66:           - {
TestReboot 2026-04-17T17:05:10-05:00 logger.go:66:               - cidr_blocks      = [
TestReboot 2026-04-17T17:05:10-05:00 logger.go:66:                   - "47.161.206.84/32",
TestReboot 2026-04-17T17:05:10-05:00 logger.go:66:                 ]
TestReboot 2026-04-17T17:05:10-05:00 logger.go:66:               - description      = ""
TestReboot 2026-04-17T17:05:10-05:00 logger.go:66:               - from_port        = 22
TestReboot 2026-04-17T17:05:10-05:00 logger.go:66:               - ipv6_cidr_blocks = []
TestReboot 2026-04-17T17:05:10-05:00 logger.go:66:               - prefix_list_ids  = []
TestReboot 2026-04-17T17:05:10-05:00 logger.go:66:               - protocol         = "tcp"
TestReboot 2026-04-17T17:05:10-05:00 logger.go:66:               - security_groups  = []
TestReboot 2026-04-17T17:05:10-05:00 logger.go:66:               - self             = false
TestReboot 2026-04-17T17:05:10-05:00 logger.go:66:               - to_port          = 22
TestReboot 2026-04-17T17:05:10-05:00 logger.go:66:             },
TestReboot 2026-04-17T17:05:10-05:00 logger.go:66:           - {
TestReboot 2026-04-17T17:05:10-05:00 logger.go:66:               - cidr_blocks      = [
TestReboot 2026-04-17T17:05:10-05:00 logger.go:66:                   - "47.161.206.84/32",
TestReboot 2026-04-17T17:05:10-05:00 logger.go:66:                 ]
TestReboot 2026-04-17T17:05:10-05:00 logger.go:66:               - description      = ""
TestReboot 2026-04-17T17:05:10-05:00 logger.go:66:               - from_port        = 6443
TestReboot 2026-04-17T17:05:10-05:00 logger.go:66:               - ipv6_cidr_blocks = []
TestReboot 2026-04-17T17:05:10-05:00 logger.go:66:               - prefix_list_ids  = []
TestReboot 2026-04-17T17:05:10-05:00 logger.go:66:               - protocol         = "tcp"
TestReboot 2026-04-17T17:05:10-05:00 logger.go:66:               - security_groups  = []
TestReboot 2026-04-17T17:05:10-05:00 logger.go:66:               - self             = false
TestReboot 2026-04-17T17:05:10-05:00 logger.go:66:               - to_port          = 6443
TestReboot 2026-04-17T17:05:10-05:00 logger.go:66:             },
TestReboot 2026-04-17T17:05:10-05:00 logger.go:66:           - {
TestReboot 2026-04-17T17:05:10-05:00 logger.go:66:               - cidr_blocks      = []
TestReboot 2026-04-17T17:05:10-05:00 logger.go:66:               - description      = ""
TestReboot 2026-04-17T17:05:10-05:00 logger.go:66:               - from_port        = 0
TestReboot 2026-04-17T17:05:10-05:00 logger.go:66:               - ipv6_cidr_blocks = []
TestReboot 2026-04-17T17:05:10-05:00 logger.go:66:               - prefix_list_ids  = []
TestReboot 2026-04-17T17:05:10-05:00 logger.go:66:               - protocol         = "-1"
TestReboot 2026-04-17T17:05:10-05:00 logger.go:66:               - security_groups  = [
TestReboot 2026-04-17T17:05:10-05:00 logger.go:66:                   - "sg-0d2e2bb2a01351791",
TestReboot 2026-04-17T17:05:10-05:00 logger.go:66:                 ]
TestReboot 2026-04-17T17:05:10-05:00 logger.go:66:               - self             = false
TestReboot 2026-04-17T17:05:10-05:00 logger.go:66:               - to_port          = 0
TestReboot 2026-04-17T17:05:10-05:00 logger.go:66:             },
TestReboot 2026-04-17T17:05:10-05:00 logger.go:66:         ] -> null
TestReboot 2026-04-17T17:05:10-05:00 logger.go:66:       - name                   = "tf-d0ef3-YS0zMTE0Mi1kCg-reboot-gazelle-direct" -> null
TestReboot 2026-04-17T17:05:10-05:00 logger.go:66:       - owner_id               = "270074865685" -> null
TestReboot 2026-04-17T17:05:10-05:00 logger.go:66:       - region                 = "us-west-2" -> null
TestReboot 2026-04-17T17:05:10-05:00 logger.go:66:       - revoke_rules_on_delete = false -> null
TestReboot 2026-04-17T17:05:10-05:00 logger.go:66:       - tags                   = {
TestReboot 2026-04-17T17:05:10-05:00 logger.go:66:           - "Name" = "tf-d0ef3-YS0zMTE0Mi1kCg-reboot-gazelle-direct"
TestReboot 2026-04-17T17:05:10-05:00 logger.go:66:         } -> null
TestReboot 2026-04-17T17:05:10-05:00 logger.go:66:       - tags_all               = {
TestReboot 2026-04-17T17:05:10-05:00 logger.go:66:           - "Id"    = "YS0zMTE0Mi1kCg-reboot"
TestReboot 2026-04-17T17:05:10-05:00 logger.go:66:           - "Name"  = "tf-d0ef3-YS0zMTE0Mi1kCg-reboot-gazelle-direct"
TestReboot 2026-04-17T17:05:10-05:00 logger.go:66:           - "Owner" = "terraform-ci@suse.com"
TestReboot 2026-04-17T17:05:10-05:00 logger.go:66:         } -> null
TestReboot 2026-04-17T17:05:10-05:00 logger.go:66:       - vpc_id                 = "vpc-0194a17e0af8c23a5" -> null
TestReboot 2026-04-17T17:05:10-05:00 logger.go:66:     }
TestReboot 2026-04-17T17:05:10-05:00 logger.go:66: 
TestReboot 2026-04-17T17:05:10-05:00 logger.go:66:   # module.server.module.direct_access[0].aws_vpc_security_group_ingress_rule.server_direct_link will be destroyed
TestReboot 2026-04-17T17:05:10-05:00 logger.go:66:   - resource "aws_vpc_security_group_ingress_rule" "server_direct_link" {
TestReboot 2026-04-17T17:05:10-05:00 logger.go:66:       - arn                          = "arn:aws:ec2:us-west-2:270074865685:security-group-rule/sgr-0a9dde9accee98a37" -> null
TestReboot 2026-04-17T17:05:10-05:00 logger.go:66:       - id                           = "sgr-0a9dde9accee98a37" -> null
TestReboot 2026-04-17T17:05:10-05:00 logger.go:66:       - ip_protocol                  = "-1" -> null
TestReboot 2026-04-17T17:05:10-05:00 logger.go:66:       - referenced_security_group_id = "sg-0d2e2bb2a01351791" -> null
TestReboot 2026-04-17T17:05:10-05:00 logger.go:66:       - region                       = "us-west-2" -> null
TestReboot 2026-04-17T17:05:10-05:00 logger.go:66:       - security_group_id            = "sg-0159c66512429d4c7" -> null
TestReboot 2026-04-17T17:05:10-05:00 logger.go:66:       - security_group_rule_id       = "sgr-0a9dde9accee98a37" -> null
TestReboot 2026-04-17T17:05:10-05:00 logger.go:66:       - tags_all                     = {
TestReboot 2026-04-17T17:05:10-05:00 logger.go:66:           - "Id"    = "YS0zMTE0Mi1kCg-reboot"
TestReboot 2026-04-17T17:05:10-05:00 logger.go:66:           - "Owner" = "terraform-ci@suse.com"
TestReboot 2026-04-17T17:05:10-05:00 logger.go:66:         } -> null
TestReboot 2026-04-17T17:05:10-05:00 logger.go:66:     }
TestReboot 2026-04-17T17:05:10-05:00 logger.go:66: 
TestReboot 2026-04-17T17:05:10-05:00 logger.go:66:   # module.server.module.direct_access[0].aws_vpc_security_group_ingress_rule.server_ingress["runnerKube-0"] will be destroyed
TestReboot 2026-04-17T17:05:10-05:00 logger.go:66:   - resource "aws_vpc_security_group_ingress_rule" "server_ingress" {
TestReboot 2026-04-17T17:05:10-05:00 logger.go:66:       - arn                    = "arn:aws:ec2:us-west-2:270074865685:security-group-rule/sgr-032be4cfedf71d5aa" -> null
TestReboot 2026-04-17T17:05:10-05:00 logger.go:66:       - cidr_ipv4              = "47.161.206.84/32" -> null
TestReboot 2026-04-17T17:05:10-05:00 logger.go:66:       - from_port              = 6443 -> null
TestReboot 2026-04-17T17:05:10-05:00 logger.go:66:       - id                     = "sgr-032be4cfedf71d5aa" -> null
TestReboot 2026-04-17T17:05:10-05:00 logger.go:66:       - ip_protocol            = "tcp" -> null
TestReboot 2026-04-17T17:05:10-05:00 logger.go:66:       - region                 = "us-west-2" -> null
TestReboot 2026-04-17T17:05:10-05:00 logger.go:66:       - security_group_id      = "sg-0159c66512429d4c7" -> null
TestReboot 2026-04-17T17:05:10-05:00 logger.go:66:       - security_group_rule_id = "sgr-032be4cfedf71d5aa" -> null
TestReboot 2026-04-17T17:05:10-05:00 logger.go:66:       - tags_all               = {
TestReboot 2026-04-17T17:05:10-05:00 logger.go:66:           - "Id"    = "YS0zMTE0Mi1kCg-reboot"
TestReboot 2026-04-17T17:05:10-05:00 logger.go:66:           - "Owner" = "terraform-ci@suse.com"
TestReboot 2026-04-17T17:05:10-05:00 logger.go:66:         } -> null
TestReboot 2026-04-17T17:05:10-05:00 logger.go:66:       - to_port                = 6443 -> null
TestReboot 2026-04-17T17:05:10-05:00 logger.go:66:     }
TestReboot 2026-04-17T17:05:10-05:00 logger.go:66: 
TestReboot 2026-04-17T17:05:10-05:00 logger.go:66:   # module.server.module.direct_access[0].aws_vpc_security_group_ingress_rule.server_ingress["runnerSsh-0"] will be destroyed
TestReboot 2026-04-17T17:05:10-05:00 logger.go:66:   - resource "aws_vpc_security_group_ingress_rule" "server_ingress" {
TestReboot 2026-04-17T17:05:10-05:00 logger.go:66:       - arn                    = "arn:aws:ec2:us-west-2:270074865685:security-group-rule/sgr-00a958ebcbb6f4e9d" -> null
TestReboot 2026-04-17T17:05:10-05:00 logger.go:66:       - cidr_ipv4              = "47.161.206.84/32" -> null
TestReboot 2026-04-17T17:05:10-05:00 logger.go:66:       - from_port              = 22 -> null
TestReboot 2026-04-17T17:05:10-05:00 logger.go:66:       - id                     = "sgr-00a958ebcbb6f4e9d" -> null
TestReboot 2026-04-17T17:05:10-05:00 logger.go:66:       - ip_protocol            = "tcp" -> null
TestReboot 2026-04-17T17:05:10-05:00 logger.go:66:       - region                 = "us-west-2" -> null
TestReboot 2026-04-17T17:05:10-05:00 logger.go:66:       - security_group_id      = "sg-0159c66512429d4c7" -> null
TestReboot 2026-04-17T17:05:10-05:00 logger.go:66:       - security_group_rule_id = "sgr-00a958ebcbb6f4e9d" -> null
TestReboot 2026-04-17T17:05:10-05:00 logger.go:66:       - tags_all               = {
TestReboot 2026-04-17T17:05:10-05:00 logger.go:66:           - "Id"    = "YS0zMTE0Mi1kCg-reboot"
TestReboot 2026-04-17T17:05:10-05:00 logger.go:66:           - "Owner" = "terraform-ci@suse.com"
TestReboot 2026-04-17T17:05:10-05:00 logger.go:66:         } -> null
TestReboot 2026-04-17T17:05:10-05:00 logger.go:66:       - to_port                = 22 -> null
TestReboot 2026-04-17T17:05:10-05:00 logger.go:66:     }
TestReboot 2026-04-17T17:05:10-05:00 logger.go:66: 
TestReboot 2026-04-17T17:05:10-05:00 logger.go:66:   # module.server.module.direct_access[0].terraform_data.remove_initial_user[0] will be destroyed
TestReboot 2026-04-17T17:05:10-05:00 logger.go:66:   - resource "terraform_data" "remove_initial_user" {
TestReboot 2026-04-17T17:05:10-05:00 logger.go:66:       - id               = "c946da0e-e02c-ea12-6a01-cdd07efe045c" -> null
TestReboot 2026-04-17T17:05:10-05:00 logger.go:66:       - triggers_replace = [
TestReboot 2026-04-17T17:05:10-05:00 logger.go:66:           - "i-0ebbeeeab0aca64ff",
TestReboot 2026-04-17T17:05:10-05:00 logger.go:66:         ] -> null
TestReboot 2026-04-17T17:05:10-05:00 logger.go:66:     }
TestReboot 2026-04-17T17:05:10-05:00 logger.go:66: 
TestReboot 2026-04-17T17:05:10-05:00 logger.go:66:   # module.server.module.direct_access[0].terraform_data.setup[0] will be destroyed
TestReboot 2026-04-17T17:05:10-05:00 logger.go:66:   - resource "terraform_data" "setup" {
TestReboot 2026-04-17T17:05:10-05:00 logger.go:66:       - id               = "bfc6a795-9ce6-4b20-abde-1ae133761014" -> null
TestReboot 2026-04-17T17:05:10-05:00 logger.go:66:       - triggers_replace = [
TestReboot 2026-04-17T17:05:10-05:00 logger.go:66:           - "i-0ebbeeeab0aca64ff",
TestReboot 2026-04-17T17:05:10-05:00 logger.go:66:         ] -> null
TestReboot 2026-04-17T17:05:10-05:00 logger.go:66:     }
TestReboot 2026-04-17T17:05:10-05:00 logger.go:66: 
TestReboot 2026-04-17T17:05:10-05:00 logger.go:66:   # module.server.module.server[0].aws_instance.created[0] will be destroyed
TestReboot 2026-04-17T17:05:10-05:00 logger.go:66:   - resource "aws_instance" "created" {
TestReboot 2026-04-17T17:05:10-05:00 logger.go:66:       - ami                                  = "ami-06f36f10a4fc52ea4" -> null
TestReboot 2026-04-17T17:05:10-05:00 logger.go:66:       - arn                                  = "arn:aws:ec2:us-west-2:270074865685:instance/i-0ebbeeeab0aca64ff" -> null
TestReboot 2026-04-17T17:05:10-05:00 logger.go:66:       - associate_public_ip_address          = true -> null
TestReboot 2026-04-17T17:05:10-05:00 logger.go:66:       - availability_zone                    = "us-west-2a" -> null
TestReboot 2026-04-17T17:05:10-05:00 logger.go:66:       - disable_api_stop                     = false -> null
TestReboot 2026-04-17T17:05:10-05:00 logger.go:66:       - disable_api_termination              = false -> null
TestReboot 2026-04-17T17:05:10-05:00 logger.go:66:       - ebs_optimized                        = false -> null
TestReboot 2026-04-17T17:05:10-05:00 logger.go:66:       - force_destroy                        = false -> null
TestReboot 2026-04-17T17:05:10-05:00 logger.go:66:       - get_password_data                    = false -> null
TestReboot 2026-04-17T17:05:10-05:00 logger.go:66:       - hibernation                          = false -> null
TestReboot 2026-04-17T17:05:10-05:00 logger.go:66:       - id                                   = "i-0ebbeeeab0aca64ff" -> null
TestReboot 2026-04-17T17:05:10-05:00 logger.go:66:       - instance_initiated_shutdown_behavior = "stop" -> null
TestReboot 2026-04-17T17:05:10-05:00 logger.go:66:       - instance_state                       = "running" -> null
TestReboot 2026-04-17T17:05:10-05:00 logger.go:66:       - instance_type                        = "c8i.large" -> null
TestReboot 2026-04-17T17:05:10-05:00 logger.go:66:       - ipv6_address_count                   = 0 -> null
TestReboot 2026-04-17T17:05:10-05:00 logger.go:66:       - ipv6_addresses                       = [] -> null
TestReboot 2026-04-17T17:05:10-05:00 logger.go:66:       - key_name                             = "terraform-ci-YS0zMTE0Mi1kCg-reboot" -> null
TestReboot 2026-04-17T17:05:10-05:00 logger.go:66:       - monitoring                           = false -> null
TestReboot 2026-04-17T17:05:10-05:00 logger.go:66:       - placement_partition_number           = 0 -> null
TestReboot 2026-04-17T17:05:10-05:00 logger.go:66:       - primary_network_interface_id         = "eni-0475ca5eaa0fdafeb" -> null
TestReboot 2026-04-17T17:05:10-05:00 logger.go:66:       - private_dns                          = "ip-10-0-219-99.us-west-2.compute.internal" -> null
TestReboot 2026-04-17T17:05:10-05:00 logger.go:66:       - private_ip                           = "10.0.219.99" -> null
TestReboot 2026-04-17T17:05:10-05:00 logger.go:66:       - public_ip                            = "52.37.171.161" -> null
TestReboot 2026-04-17T17:05:10-05:00 logger.go:66:       - region                               = "us-west-2" -> null
TestReboot 2026-04-17T17:05:10-05:00 logger.go:66:       - secondary_private_ips                = [] -> null
TestReboot 2026-04-17T17:05:10-05:00 logger.go:66:       - security_groups                      = [] -> null
TestReboot 2026-04-17T17:05:10-05:00 logger.go:66:       - source_dest_check                    = true -> null
TestReboot 2026-04-17T17:05:10-05:00 logger.go:66:       - subnet_id                            = "subnet-06fd050084d3b716c" -> null
TestReboot 2026-04-17T17:05:10-05:00 logger.go:66:       - tags                                 = {
TestReboot 2026-04-17T17:05:10-05:00 logger.go:66:           - "Name" = "tf-d0ef3-YS0zMTE0Mi1kCg-reboot-gazelle"
TestReboot 2026-04-17T17:05:10-05:00 logger.go:66:         } -> null
TestReboot 2026-04-17T17:05:10-05:00 logger.go:66:       - tags_all                             = {
TestReboot 2026-04-17T17:05:10-05:00 logger.go:66:           - "Id"    = "YS0zMTE0Mi1kCg-reboot"
TestReboot 2026-04-17T17:05:10-05:00 logger.go:66:           - "Name"  = "tf-d0ef3-YS0zMTE0Mi1kCg-reboot-gazelle"
TestReboot 2026-04-17T17:05:10-05:00 logger.go:66:           - "Owner" = "terraform-ci@suse.com"
TestReboot 2026-04-17T17:05:10-05:00 logger.go:66:         } -> null
TestReboot 2026-04-17T17:05:10-05:00 logger.go:66:       - tenancy                              = "default" -> null
TestReboot 2026-04-17T17:05:10-05:00 logger.go:66:       - user_data_replace_on_change          = true -> null
TestReboot 2026-04-17T17:05:10-05:00 logger.go:66:       - vpc_security_group_ids               = [
TestReboot 2026-04-17T17:05:10-05:00 logger.go:66:           - "sg-0159c66512429d4c7",
TestReboot 2026-04-17T17:05:10-05:00 logger.go:66:           - "sg-0d2e2bb2a01351791",
TestReboot 2026-04-17T17:05:10-05:00 logger.go:66:         ] -> null
TestReboot 2026-04-17T17:05:10-05:00 logger.go:66: 
TestReboot 2026-04-17T17:05:10-05:00 logger.go:66:       - capacity_reservation_specification {
TestReboot 2026-04-17T17:05:10-05:00 logger.go:66:           - capacity_reservation_preference = "open" -> null
TestReboot 2026-04-17T17:05:10-05:00 logger.go:66:         }
TestReboot 2026-04-17T17:05:10-05:00 logger.go:66: 
TestReboot 2026-04-17T17:05:10-05:00 logger.go:66:       - cpu_options {
TestReboot 2026-04-17T17:05:10-05:00 logger.go:66:           - core_count       = 1 -> null
TestReboot 2026-04-17T17:05:10-05:00 logger.go:66:           - threads_per_core = 2 -> null
TestReboot 2026-04-17T17:05:10-05:00 logger.go:66:         }
TestReboot 2026-04-17T17:05:10-05:00 logger.go:66: 
TestReboot 2026-04-17T17:05:10-05:00 logger.go:66:       - enclave_options {
TestReboot 2026-04-17T17:05:10-05:00 logger.go:66:           - enabled = false -> null
TestReboot 2026-04-17T17:05:10-05:00 logger.go:66:         }
TestReboot 2026-04-17T17:05:10-05:00 logger.go:66: 
TestReboot 2026-04-17T17:05:10-05:00 logger.go:66:       - maintenance_options {
TestReboot 2026-04-17T17:05:10-05:00 logger.go:66:           - auto_recovery = "default" -> null
TestReboot 2026-04-17T17:05:10-05:00 logger.go:66:         }
TestReboot 2026-04-17T17:05:10-05:00 logger.go:66: 
TestReboot 2026-04-17T17:05:10-05:00 logger.go:66:       - metadata_options {
TestReboot 2026-04-17T17:05:10-05:00 logger.go:66:           - http_endpoint               = "enabled" -> null
TestReboot 2026-04-17T17:05:10-05:00 logger.go:66:           - http_protocol_ipv6          = "disabled" -> null
TestReboot 2026-04-17T17:05:10-05:00 logger.go:66:           - http_put_response_hop_limit = 1 -> null
TestReboot 2026-04-17T17:05:10-05:00 logger.go:66:           - http_tokens                 = "optional" -> null
TestReboot 2026-04-17T17:05:10-05:00 logger.go:66:           - instance_metadata_tags      = "disabled" -> null
TestReboot 2026-04-17T17:05:10-05:00 logger.go:66:         }
TestReboot 2026-04-17T17:05:10-05:00 logger.go:66: 
TestReboot 2026-04-17T17:05:10-05:00 logger.go:66:       - primary_network_interface {
TestReboot 2026-04-17T17:05:10-05:00 logger.go:66:           - delete_on_termination = true -> null
TestReboot 2026-04-17T17:05:10-05:00 logger.go:66:           - network_interface_id  = "eni-0475ca5eaa0fdafeb" -> null
TestReboot 2026-04-17T17:05:10-05:00 logger.go:66:         }
TestReboot 2026-04-17T17:05:10-05:00 logger.go:66: 
TestReboot 2026-04-17T17:05:10-05:00 logger.go:66:       - private_dns_name_options {
TestReboot 2026-04-17T17:05:10-05:00 logger.go:66:           - enable_resource_name_dns_a_record    = false -> null
TestReboot 2026-04-17T17:05:10-05:00 logger.go:66:           - enable_resource_name_dns_aaaa_record = false -> null
TestReboot 2026-04-17T17:05:10-05:00 logger.go:66:           - hostname_type                        = "ip-name" -> null
TestReboot 2026-04-17T17:05:10-05:00 logger.go:66:         }
TestReboot 2026-04-17T17:05:10-05:00 logger.go:66: 
TestReboot 2026-04-17T17:05:10-05:00 logger.go:66:       - root_block_device {
TestReboot 2026-04-17T17:05:10-05:00 logger.go:66:           - delete_on_termination = true -> null
TestReboot 2026-04-17T17:05:10-05:00 logger.go:66:           - device_name           = "/dev/sda1" -> null
TestReboot 2026-04-17T17:05:10-05:00 logger.go:66:           - encrypted             = false -> null
TestReboot 2026-04-17T17:05:10-05:00 logger.go:66:           - iops                  = 3000 -> null
TestReboot 2026-04-17T17:05:10-05:00 logger.go:66:           - tags                  = {
TestReboot 2026-04-17T17:05:10-05:00 logger.go:66:               - "Name" = "tf-d0ef3-YS0zMTE0Mi1kCg-reboot-gazelle"
TestReboot 2026-04-17T17:05:10-05:00 logger.go:66:             } -> null
TestReboot 2026-04-17T17:05:10-05:00 logger.go:66:           - tags_all              = {
TestReboot 2026-04-17T17:05:10-05:00 logger.go:66:               - "Id"    = "YS0zMTE0Mi1kCg-reboot"
TestReboot 2026-04-17T17:05:10-05:00 logger.go:66:               - "Name"  = "tf-d0ef3-YS0zMTE0Mi1kCg-reboot-gazelle"
TestReboot 2026-04-17T17:05:10-05:00 logger.go:66:               - "Owner" = "terraform-ci@suse.com"
TestReboot 2026-04-17T17:05:10-05:00 logger.go:66:             } -> null
TestReboot 2026-04-17T17:05:10-05:00 logger.go:66:           - throughput            = 125 -> null
TestReboot 2026-04-17T17:05:10-05:00 logger.go:66:           - volume_id             = "vol-0501f0eeb9f27e11f" -> null
TestReboot 2026-04-17T17:05:10-05:00 logger.go:66:           - volume_size           = 20 -> null
TestReboot 2026-04-17T17:05:10-05:00 logger.go:66:           - volume_type           = "gp3" -> null
TestReboot 2026-04-17T17:05:10-05:00 logger.go:66:         }
TestReboot 2026-04-17T17:05:10-05:00 logger.go:66:     }
TestReboot 2026-04-17T17:05:10-05:00 logger.go:66: 
TestReboot 2026-04-17T17:05:10-05:00 logger.go:66: Plan: 0 to add, 0 to change, 27 to destroy.
TestReboot 2026-04-17T17:05:10-05:00 logger.go:66: 
TestReboot 2026-04-17T17:05:10-05:00 logger.go:66: Changes to Outputs:
TestReboot 2026-04-17T17:05:10-05:00 logger.go:66:   - access = (sensitive value) -> null
TestReboot 2026-04-17T17:05:10-05:00 logger.go:66:   - server = {
TestReboot 2026-04-17T17:05:10-05:00 logger.go:66:       - availability_zone                 = "us-west-2a"
TestReboot 2026-04-17T17:05:10-05:00 logger.go:66:       - id                                = "i-0ebbeeeab0aca64ff"
TestReboot 2026-04-17T17:05:10-05:00 logger.go:66:       - instance_state                    = "running"
TestReboot 2026-04-17T17:05:10-05:00 logger.go:66:       - ipv6_addresses                    = []
TestReboot 2026-04-17T17:05:10-05:00 logger.go:66:       - key_name                          = "terraform-ci-YS0zMTE0Mi1kCg-reboot"
TestReboot 2026-04-17T17:05:10-05:00 logger.go:66:       - primary_network_interface_id      = ""
TestReboot 2026-04-17T17:05:10-05:00 logger.go:66:       - private_ip                        = "10.0.219.99"
TestReboot 2026-04-17T17:05:10-05:00 logger.go:66:       - public_dns                        = ""
TestReboot 2026-04-17T17:05:10-05:00 logger.go:66:       - public_ip                         = "52.37.171.161"
TestReboot 2026-04-17T17:05:10-05:00 logger.go:66:       - root_volume_delete_on_termination = true
TestReboot 2026-04-17T17:05:10-05:00 logger.go:66:       - root_volume_encrypted             = false
TestReboot 2026-04-17T17:05:10-05:00 logger.go:66:       - root_volume_id                    = "vol-0501f0eeb9f27e11f"
TestReboot 2026-04-17T17:05:10-05:00 logger.go:66:       - root_volume_size                  = 20
TestReboot 2026-04-17T17:05:10-05:00 logger.go:66:       - root_volume_tags                  = {
TestReboot 2026-04-17T17:05:10-05:00 logger.go:66:           - Id    = "YS0zMTE0Mi1kCg-reboot"
TestReboot 2026-04-17T17:05:10-05:00 logger.go:66:           - Name  = "tf-d0ef3-YS0zMTE0Mi1kCg-reboot-gazelle"
TestReboot 2026-04-17T17:05:10-05:00 logger.go:66:           - Owner = "terraform-ci@suse.com"
TestReboot 2026-04-17T17:05:10-05:00 logger.go:66:         }
TestReboot 2026-04-17T17:05:10-05:00 logger.go:66:       - security_group_ids                = []
TestReboot 2026-04-17T17:05:10-05:00 logger.go:66:       - shutdown_behavior                 = "stop"
TestReboot 2026-04-17T17:05:10-05:00 logger.go:66:       - subnet_id                         = "subnet-06fd050084d3b716c"
TestReboot 2026-04-17T17:05:10-05:00 logger.go:66:       - tags_all                          = {
TestReboot 2026-04-17T17:05:10-05:00 logger.go:66:           - Id    = "YS0zMTE0Mi1kCg-reboot"
TestReboot 2026-04-17T17:05:10-05:00 logger.go:66:           - Name  = "tf-d0ef3-YS0zMTE0Mi1kCg-reboot-gazelle"
TestReboot 2026-04-17T17:05:10-05:00 logger.go:66:           - Owner = "terraform-ci@suse.com"
TestReboot 2026-04-17T17:05:10-05:00 logger.go:66:         }
TestReboot 2026-04-17T17:05:10-05:00 logger.go:66:       - type_id                           = "c8i.large"
TestReboot 2026-04-17T17:05:10-05:00 logger.go:66:       - user_data_base64                  = null
TestReboot 2026-04-17T17:05:10-05:00 logger.go:66:       - user_data_replace_on_change       = true
TestReboot 2026-04-17T17:05:10-05:00 logger.go:66:       - volume_tags                       = null
TestReboot 2026-04-17T17:05:10-05:00 logger.go:66:       - vpc_id                            = "vpc-0194a17e0af8c23a5"
TestReboot 2026-04-17T17:05:10-05:00 logger.go:66:     } -> null
TestReboot 2026-04-17T17:05:10-05:00 logger.go:66: module.this.terraform_data.start[0]: Destroying... [id=0d379a53-6d6a-2376-c42a-e9caeefc546f]
TestReboot 2026-04-17T17:05:10-05:00 logger.go:66: module.this.terraform_data.start[0]: Destruction complete after 0s
TestReboot 2026-04-17T17:05:11-05:00 logger.go:66: module.this.time_sleep.ten_s_before_start: Destroying... [id=2026-04-17T21:54:35Z]
TestReboot 2026-04-17T17:05:11-05:00 logger.go:66: module.this.time_sleep.ten_s_before_start: Destruction complete after 0s
TestReboot 2026-04-17T17:05:11-05:00 logger.go:66: module.this.time_sleep.ten_s_after_install: Destroying... [id=2026-04-17T21:54:25Z]
TestReboot 2026-04-17T17:05:11-05:00 logger.go:66: module.this.time_sleep.ten_s_after_install: Destruction complete after 0s
TestReboot 2026-04-17T17:05:11-05:00 logger.go:66: module.this.terraform_data.install: Destroying... [id=13637f7e-78c9-262d-2c18-e644e6dda5fc]
TestReboot 2026-04-17T17:05:11-05:00 logger.go:66: module.this.terraform_data.install: Destruction complete after 0s
TestReboot 2026-04-17T17:05:11-05:00 logger.go:66: module.this.time_sleep.ten_s_before_install: Destroying... [id=2026-04-17T21:53:53Z]
TestReboot 2026-04-17T17:05:11-05:00 logger.go:66: module.this.time_sleep.ten_s_before_install: Destruction complete after 0s
TestReboot 2026-04-17T17:05:11-05:00 logger.go:66: module.this.terraform_data.configure: Destroying... [id=7508c822-63c2-d457-ab50-87a69079b52a]
TestReboot 2026-04-17T17:05:11-05:00 logger.go:66: module.this.terraform_data.configure: Destruction complete after 0s
TestReboot 2026-04-17T17:05:11-05:00 logger.go:66: module.this.terraform_data.copy_to_remote: Destroying... [id=983dd0b0-7c70-1b98-f661-89ed924a90f1]
TestReboot 2026-04-17T17:05:11-05:00 logger.go:66: module.this.terraform_data.copy_to_remote: Destruction complete after 0s
TestReboot 2026-04-17T17:05:11-05:00 logger.go:66: module.server.module.direct_access[0].terraform_data.remove_initial_user[0]: Destroying... [id=c946da0e-e02c-ea12-6a01-cdd07efe045c]
TestReboot 2026-04-17T17:05:11-05:00 logger.go:66: module.server.module.direct_access[0].terraform_data.remove_initial_user[0]: Destruction complete after 0s
TestReboot 2026-04-17T17:05:11-05:00 logger.go:66: module.config.null_resource.write_config["50-initial-generated-config.yaml"]: Destroying... [id=8224297989399399876]
TestReboot 2026-04-17T17:05:11-05:00 logger.go:66: module.config.null_resource.write_config["50-initial-generated-config.yaml"]: Destruction complete after 0s
TestReboot 2026-04-17T17:05:11-05:00 logger.go:66: module.server.module.direct_access[0].terraform_data.setup[0]: Destroying... [id=bfc6a795-9ce6-4b20-abde-1ae133761014]
TestReboot 2026-04-17T17:05:11-05:00 logger.go:66: module.server.module.direct_access[0].terraform_data.setup[0]: Destruction complete after 0s
TestReboot 2026-04-17T17:05:12-05:00 logger.go:66: module.server.module.direct_access[0].aws_network_interface_sg_attachment.server_security_group_attachment: Destroying... [id=sg-0159c66512429d4c7_eni-0475ca5eaa0fdafeb]
TestReboot 2026-04-17T17:05:12-05:00 logger.go:66: module.server.module.direct_access[0].aws_eip_association.created[0]: Destroying... [id=eipassoc-06d2273a5c630590b]
TestReboot 2026-04-17T17:05:12-05:00 logger.go:66: module.server.module.direct_access[0].aws_vpc_security_group_ingress_rule.server_ingress["runnerSsh-0"]: Destroying... [id=sgr-00a958ebcbb6f4e9d]
TestReboot 2026-04-17T17:05:12-05:00 logger.go:66: module.server.module.direct_access[0].aws_vpc_security_group_ingress_rule.server_direct_link: Destroying... [id=sgr-0a9dde9accee98a37]
TestReboot 2026-04-17T17:05:12-05:00 logger.go:66: module.server.module.direct_access[0].aws_vpc_security_group_ingress_rule.server_ingress["runnerKube-0"]: Destroying... [id=sgr-032be4cfedf71d5aa]
TestReboot 2026-04-17T17:05:12-05:00 logger.go:66: module.server.module.direct_access[0].aws_vpc_security_group_ingress_rule.server_direct_link: Destruction complete after 1s
TestReboot 2026-04-17T17:05:12-05:00 logger.go:66: module.server.module.direct_access[0].aws_vpc_security_group_ingress_rule.server_ingress["runnerKube-0"]: Destruction complete after 1s
TestReboot 2026-04-17T17:05:12-05:00 logger.go:66: module.server.module.direct_access[0].aws_vpc_security_group_ingress_rule.server_ingress["runnerSsh-0"]: Destruction complete after 1s
TestReboot 2026-04-17T17:05:13-05:00 logger.go:66: module.server.module.direct_access[0].aws_network_interface_sg_attachment.server_security_group_attachment: Destruction complete after 1s
TestReboot 2026-04-17T17:05:13-05:00 logger.go:66: module.server.module.direct_access[0].aws_security_group.direct_access: Destroying... [id=sg-0159c66512429d4c7]
TestReboot 2026-04-17T17:05:13-05:00 logger.go:66: module.server.module.direct_access[0].aws_eip_association.created[0]: Destruction complete after 2s
TestReboot 2026-04-17T17:05:13-05:00 logger.go:66: module.server.module.direct_access[0].aws_eip.created[0]: Destroying... [id=eipalloc-0c1616de58fd3c475]
TestReboot 2026-04-17T17:05:13-05:00 logger.go:66: module.server.module.direct_access[0].aws_security_group.direct_access: Destruction complete after 1s
TestReboot 2026-04-17T17:05:14-05:00 logger.go:66: module.server.module.direct_access[0].aws_eip.created[0]: Destruction complete after 1s
TestReboot 2026-04-17T17:05:14-05:00 logger.go:66: module.server.module.server[0].aws_instance.created[0]: Destroying... [id=i-0ebbeeeab0aca64ff]
TestReboot 2026-04-17T17:05:24-05:00 logger.go:66: module.server.module.server[0].aws_instance.created[0]: Still destroying... [id=i-0ebbeeeab0aca64ff, 10s elapsed]
TestReboot 2026-04-17T17:05:34-05:00 logger.go:66: module.server.module.server[0].aws_instance.created[0]: Still destroying... [id=i-0ebbeeeab0aca64ff, 20s elapsed]
TestReboot 2026-04-17T17:05:44-05:00 logger.go:66: module.server.module.server[0].aws_instance.created[0]: Still destroying... [id=i-0ebbeeeab0aca64ff, 30s elapsed]
TestReboot 2026-04-17T17:05:54-05:00 logger.go:66: module.server.module.server[0].aws_instance.created[0]: Still destroying... [id=i-0ebbeeeab0aca64ff, 40s elapsed]
TestReboot 2026-04-17T17:05:54-05:00 logger.go:66: module.server.module.server[0].aws_instance.created[0]: Destruction complete after 40s
TestReboot 2026-04-17T17:05:54-05:00 logger.go:66: module.access.module.project_security_group[0].aws_vpc_security_group_ingress_rule.project_ingress_ipv4[0]: Destroying... [id=sgr-0882e84974f4db6ec]
TestReboot 2026-04-17T17:05:54-05:00 logger.go:66: module.access.module.project_security_group[0].aws_vpc_security_group_egress_rule.external_egress_ipv4[0]: Destroying... [id=sgr-05da5342f0b2f6658]
TestReboot 2026-04-17T17:05:54-05:00 logger.go:66: module.access.module.project_security_group[0].aws_vpc_security_group_egress_rule.project_egress_ipv4[0]: Destroying... [id=sgr-041d0f54ec50ceac2]
TestReboot 2026-04-17T17:05:54-05:00 logger.go:66: random_pet.server: Destroying... [id=gazelle]
TestReboot 2026-04-17T17:05:54-05:00 logger.go:66: random_pet.server: Destruction complete after 0s
TestReboot 2026-04-17T17:05:55-05:00 logger.go:66: module.access.module.project_security_group[0].aws_vpc_security_group_ingress_rule.project_ingress_ipv4[0]: Destruction complete after 0s
TestReboot 2026-04-17T17:05:55-05:00 logger.go:66: module.access.module.project_security_group[0].aws_vpc_security_group_egress_rule.external_egress_ipv4[0]: Destruction complete after 0s
TestReboot 2026-04-17T17:05:55-05:00 logger.go:66: module.access.module.project_security_group[0].aws_vpc_security_group_egress_rule.project_egress_ipv4[0]: Destruction complete after 0s
TestReboot 2026-04-17T17:05:55-05:00 logger.go:66: module.access.module.project_security_group[0].aws_security_group.new[0]: Destroying... [id=sg-0d2e2bb2a01351791]
TestReboot 2026-04-17T17:05:56-05:00 logger.go:66: module.access.module.project_security_group[0].aws_security_group.new[0]: Destruction complete after 1s
TestReboot 2026-04-17T17:05:56-05:00 logger.go:66: module.access.module.subnet["0"].aws_subnet.created[0]: Destroying... [id=subnet-06fd050084d3b716c]
TestReboot 2026-04-17T17:05:56-05:00 logger.go:66: module.access.module.subnet["0"].aws_subnet.created[0]: Destruction complete after 1s
TestReboot 2026-04-17T17:05:56-05:00 logger.go:66: module.access.module.vpc[0].aws_route.public_ipv4[0]: Destroying... [id=r-rtb-0b42dcaed086f3cbf1080289494]
TestReboot 2026-04-17T17:05:57-05:00 logger.go:66: module.access.module.vpc[0].aws_route.public_ipv4[0]: Destruction complete after 0s
TestReboot 2026-04-17T17:05:57-05:00 logger.go:66: module.access.module.vpc[0].aws_internet_gateway.new[0]: Destroying... [id=igw-0896b910ec9276beb]
TestReboot 2026-04-17T17:05:58-05:00 logger.go:66: module.access.module.vpc[0].aws_internet_gateway.new[0]: Destruction complete after 1s
TestReboot 2026-04-17T17:05:58-05:00 logger.go:66: module.access.module.vpc[0].aws_vpc.new[0]: Destroying... [id=vpc-0194a17e0af8c23a5]
TestReboot 2026-04-17T17:05:58-05:00 logger.go:66: module.access.module.vpc[0].aws_vpc.new[0]: Destruction complete after 1s
TestReboot 2026-04-17T17:05:58-05:00 logger.go:66: 
TestReboot 2026-04-17T17:05:58-05:00 logger.go:66: Destroy complete! Resources: 27 destroyed.
TestReboot 2026-04-17T17:05:58-05:00 keypair.go:78: Deleting Key Pair in EC2 region us-west-2 named terraform-ci-YS0zMTE0Mi1kCg-reboot
--- FAIL: TestReboot (871.98s)
FAIL
FAIL	github.com/rancher/terraform-null-rke2-install/test/tests/reboot	874.398s

=== Failed
=== FAIL: reboot TestReboot (871.98s)
TestReboot 2026-04-17T16:51:27-05:00 key_pair.go:31: Generating new public/private key of size 2048
TestReboot 2026-04-17T16:51:27-05:00 keypair.go:48: Creating new Key Pair in EC2 region us-west-2 named terraform-ci-YS0zMTE0Mi1kCg-reboot
TestReboot 2026-04-17T16:51:28-05:00 agent.go:115: Generating SSH Agent with given KeyPair(s)
TestReboot 2026-04-17T16:51:28-05:00 retry.go:91: terraform [init -upgrade=true -no-color]
TestReboot 2026-04-17T16:51:28-05:00 logger.go:66: Running command terraform with args [init -upgrade=true -no-color]
TestReboot 2026-04-17T16:51:28-05:00 logger.go:66: 
TestReboot 2026-04-17T16:51:28-05:00 logger.go:66: Initializing the backend...
TestReboot 2026-04-17T16:51:28-05:00 logger.go:66: Upgrading modules...
TestReboot 2026-04-17T16:51:28-05:00 logger.go:66: Downloading registry.terraform.io/rancher/access/aws 4.0.2 for access...
TestReboot 2026-04-17T16:51:29-05:00 logger.go:66: - access in .terraform/modules/access
TestReboot 2026-04-17T16:51:29-05:00 logger.go:66: - access.domain in .terraform/modules/access/modules/domain
TestReboot 2026-04-17T16:51:29-05:00 logger.go:66: - access.network_load_balancer in .terraform/modules/access/modules/network_load_balancer
TestReboot 2026-04-17T16:51:29-05:00 logger.go:66: - access.project_security_group in .terraform/modules/access/modules/security_group
TestReboot 2026-04-17T16:51:29-05:00 logger.go:66: - access.subnet in .terraform/modules/access/modules/subnet
TestReboot 2026-04-17T16:51:29-05:00 logger.go:66: - access.vpc in .terraform/modules/access/modules/vpc
TestReboot 2026-04-17T16:51:29-05:00 logger.go:66: Downloading registry.terraform.io/rancher/rke2-config/local 1.0.1 for config...
TestReboot 2026-04-17T16:51:30-05:00 logger.go:66: - config in .terraform/modules/config
TestReboot 2026-04-17T16:51:30-05:00 logger.go:66: Downloading registry.terraform.io/rancher/server/aws 2.0.0 for server...
TestReboot 2026-04-17T16:51:31-05:00 logger.go:66: - server in .terraform/modules/server
TestReboot 2026-04-17T16:51:31-05:00 logger.go:66: - server.direct_access in .terraform/modules/server/modules/direct_access
TestReboot 2026-04-17T16:51:31-05:00 logger.go:66: - server.image in .terraform/modules/server/modules/image
TestReboot 2026-04-17T16:51:31-05:00 logger.go:66: - server.indirect_access in .terraform/modules/server/modules/indirect_access
TestReboot 2026-04-17T16:51:31-05:00 logger.go:66: - server.server in .terraform/modules/server/modules/server
TestReboot 2026-04-17T16:51:31-05:00 logger.go:66: - this in ../..
TestReboot 2026-04-17T16:51:31-05:00 logger.go:66: 
TestReboot 2026-04-17T16:51:31-05:00 logger.go:66: Initializing provider plugins...
TestReboot 2026-04-17T16:51:31-05:00 logger.go:66: - terraform.io/builtin/terraform is built in to Terraform
TestReboot 2026-04-17T16:51:31-05:00 logger.go:66: - Finding hashicorp/aws versions matching ">= 5.11.0"...
TestReboot 2026-04-17T16:51:31-05:00 logger.go:66: - Finding hashicorp/random versions matching ">= 3.1.0, >= 3.5.1"...
TestReboot 2026-04-17T16:51:31-05:00 logger.go:66: - Finding hashicorp/cloudinit versions matching ">= 2.3.3"...
TestReboot 2026-04-17T16:51:31-05:00 logger.go:66: - Finding hashicorp/time versions matching ">= 0.12.0"...
TestReboot 2026-04-17T16:51:32-05:00 logger.go:66: - Finding vancluever/acme versions matching ">= 2.0.0"...
TestReboot 2026-04-17T16:51:32-05:00 logger.go:66: - Finding hashicorp/http versions matching ">= 3.4.0"...
TestReboot 2026-04-17T16:51:32-05:00 logger.go:66: - Finding hashicorp/tls versions matching "4.0.6"...
TestReboot 2026-04-17T16:51:32-05:00 logger.go:66: - Finding hashicorp/null versions matching ">= 3.1.0"...
TestReboot 2026-04-17T16:51:32-05:00 logger.go:66: - Finding hashicorp/local versions matching ">= 2.5.0"...
TestReboot 2026-04-17T16:51:32-05:00 logger.go:66: - Installing hashicorp/aws v6.41.0...
TestReboot 2026-04-17T16:51:39-05:00 logger.go:66: - Installed hashicorp/aws v6.41.0 (signed by HashiCorp)
TestReboot 2026-04-17T16:51:39-05:00 logger.go:66: - Installing hashicorp/random v3.8.1...
TestReboot 2026-04-17T16:51:39-05:00 logger.go:66: - Installed hashicorp/random v3.8.1 (signed by HashiCorp)
TestReboot 2026-04-17T16:51:40-05:00 logger.go:66: - Installing hashicorp/http v3.5.0...
TestReboot 2026-04-17T16:51:40-05:00 logger.go:66: - Installed hashicorp/http v3.5.0 (signed by HashiCorp)
TestReboot 2026-04-17T16:51:41-05:00 logger.go:66: - Installing hashicorp/null v3.2.4...
TestReboot 2026-04-17T16:51:41-05:00 logger.go:66: - Installed hashicorp/null v3.2.4 (signed by HashiCorp)
TestReboot 2026-04-17T16:51:41-05:00 logger.go:66: - Installing hashicorp/local v2.8.0...
TestReboot 2026-04-17T16:51:42-05:00 logger.go:66: - Installed hashicorp/local v2.8.0 (signed by HashiCorp)
TestReboot 2026-04-17T16:51:42-05:00 logger.go:66: - Installing hashicorp/cloudinit v2.3.7...
TestReboot 2026-04-17T16:51:43-05:00 logger.go:66: - Installed hashicorp/cloudinit v2.3.7 (signed by HashiCorp)
TestReboot 2026-04-17T16:51:43-05:00 logger.go:66: - Installing hashicorp/time v0.13.1...
TestReboot 2026-04-17T16:51:43-05:00 logger.go:66: - Installed hashicorp/time v0.13.1 (signed by HashiCorp)
TestReboot 2026-04-17T16:51:44-05:00 logger.go:66: - Installing vancluever/acme v2.47.0...
TestReboot 2026-04-17T16:51:45-05:00 logger.go:66: - Installed vancluever/acme v2.47.0 (self-signed, key ID 974239543C576C78)
TestReboot 2026-04-17T16:51:46-05:00 logger.go:66: - Installing hashicorp/tls v4.0.6...
TestReboot 2026-04-17T16:51:46-05:00 logger.go:66: - Installed hashicorp/tls v4.0.6 (signed by HashiCorp)
TestReboot 2026-04-17T16:51:46-05:00 logger.go:66: 
TestReboot 2026-04-17T16:51:46-05:00 logger.go:66: Partner and community providers are signed by their developers.
TestReboot 2026-04-17T16:51:46-05:00 logger.go:66: If you'd like to know more about provider signing, you can read about it here:
TestReboot 2026-04-17T16:51:46-05:00 logger.go:66: https://www.terraform.io/docs/cli/plugins/signing.html
TestReboot 2026-04-17T16:51:46-05:00 logger.go:66: 
TestReboot 2026-04-17T16:51:46-05:00 logger.go:66: Terraform has created a lock file .terraform.lock.hcl to record the provider
TestReboot 2026-04-17T16:51:46-05:00 logger.go:66: selections it made above. Include this file in your version control repository
TestReboot 2026-04-17T16:51:46-05:00 logger.go:66: so that Terraform can guarantee to make the same selections by default when
TestReboot 2026-04-17T16:51:46-05:00 logger.go:66: you run "terraform init" in the future.
TestReboot 2026-04-17T16:51:46-05:00 logger.go:66: 
TestReboot 2026-04-17T16:51:46-05:00 logger.go:66: Terraform has been successfully initialized!
TestReboot 2026-04-17T16:51:46-05:00 retry.go:91: terraform [apply -input=false -auto-approve -var key=ssh-rsa AAAAB3NzaC1yc2EAAAADAQABAAABAQDIFwvyVC6SzPuJyPO7uBDcStdWB5LpUx5BumP3zCpISXSN/+HSON/svklRpKQ0XulnztPHxbL4vE9dpKDEpDNP0ZLSSwhZP5oB0xMUAWID4fd/wE8xKFG/+r5Gq4M+2FST0yxNqXkbdRkqUguDwY2TOTnaesc8D+/h0hwqZ8TLKSRPfyFel24vPs/a8iVXAOJt2CXY5cd7gjNdCXnSRXhW4/eeLLcvB9OOKNdcyPoDBZrcZPHYgiqD6BIilvR59Y/xuVrtAtoOQ9QEj0gE4BC4UC+QUEmG17opvEgkxchTX2lmxMgNXtFXeshr4Qt9puAEbCn72Uv3MFvH06e9lEaT
 -var identifier=YS0zMTE0Mi1kCg-reboot -var rke2_version=stable -var key_name=terraform-ci-YS0zMTE0Mi1kCg-reboot -no-color -lock=false]
TestReboot 2026-04-17T16:51:46-05:00 logger.go:66: Running command terraform with args [apply -input=false -auto-approve -var key=ssh-rsa AAAAB3NzaC1yc2EAAAADAQABAAABAQDIFwvyVC6SzPuJyPO7uBDcStdWB5LpUx5BumP3zCpISXSN/+HSON/svklRpKQ0XulnztPHxbL4vE9dpKDEpDNP0ZLSSwhZP5oB0xMUAWID4fd/wE8xKFG/+r5Gq4M+2FST0yxNqXkbdRkqUguDwY2TOTnaesc8D+/h0hwqZ8TLKSRPfyFel24vPs/a8iVXAOJt2CXY5cd7gjNdCXnSRXhW4/eeLLcvB9OOKNdcyPoDBZrcZPHYgiqD6BIilvR59Y/xuVrtAtoOQ9QEj0gE4BC4UC+QUEmG17opvEgkxchTX2lmxMgNXtFXeshr4Qt9puAEbCn72Uv3MFvH06e9lEaT
 -var identifier=YS0zMTE0Mi1kCg-reboot -var rke2_version=stable -var key_name=terraform-ci-YS0zMTE0Mi1kCg-reboot -no-color -lock=false]
TestReboot 2026-04-17T16:52:05-05:00 logger.go:66: data.http.myip: Reading...
TestReboot 2026-04-17T16:52:05-05:00 logger.go:66: data.http.myip: Read complete after 0s [id=https://ipinfo.io/ip]
TestReboot 2026-04-17T16:52:06-05:00 logger.go:66: module.access.data.aws_availability_zones.available: Reading...
TestReboot 2026-04-17T16:52:06-05:00 logger.go:66: module.access.data.aws_availability_zones.available: Read complete after 1s [id=us-west-2]
TestReboot 2026-04-17T16:52:07-05:00 logger.go:66: 
TestReboot 2026-04-17T16:52:07-05:00 logger.go:66: Terraform used the selected providers to generate the following execution
TestReboot 2026-04-17T16:52:07-05:00 logger.go:66: plan. Resource actions are indicated with the following symbols:
TestReboot 2026-04-17T16:52:07-05:00 logger.go:66:   + create
TestReboot 2026-04-17T16:52:07-05:00 logger.go:66:  <= read (data resources)
TestReboot 2026-04-17T16:52:07-05:00 logger.go:66: 
TestReboot 2026-04-17T16:52:07-05:00 logger.go:66: Terraform will perform the following actions:
TestReboot 2026-04-17T16:52:07-05:00 logger.go:66: 
TestReboot 2026-04-17T16:52:07-05:00 logger.go:66:   # random_pet.server will be created
TestReboot 2026-04-17T16:52:07-05:00 logger.go:66:   + resource "random_pet" "server" {
TestReboot 2026-04-17T16:52:07-05:00 logger.go:66:       + id        = (known after apply)
TestReboot 2026-04-17T16:52:07-05:00 logger.go:66:       + keepers   = {
TestReboot 2026-04-17T16:52:07-05:00 logger.go:66:           + "identifier" = "YS0zMTE0Mi1kCg-reboot"
TestReboot 2026-04-17T16:52:07-05:00 logger.go:66:         }
TestReboot 2026-04-17T16:52:07-05:00 logger.go:66:       + length    = 1
TestReboot 2026-04-17T16:52:07-05:00 logger.go:66:       + separator = "-"
TestReboot 2026-04-17T16:52:07-05:00 logger.go:66:     }
TestReboot 2026-04-17T16:52:07-05:00 logger.go:66: 
TestReboot 2026-04-17T16:52:07-05:00 logger.go:66:   # module.config.null_resource.write_config["50-initial-generated-config.yaml"] will be created
TestReboot 2026-04-17T16:52:07-05:00 logger.go:66:   + resource "null_resource" "write_config" {
TestReboot 2026-04-17T16:52:07-05:00 logger.go:66:       + id       = (known after apply)
TestReboot 2026-04-17T16:52:07-05:00 logger.go:66:       + triggers = {
TestReboot 2026-04-17T16:52:07-05:00 logger.go:66:           + "config_content" = ""
TestReboot 2026-04-17T16:52:07-05:00 logger.go:66:         }
TestReboot 2026-04-17T16:52:07-05:00 logger.go:66:     }
TestReboot 2026-04-17T16:52:07-05:00 logger.go:66: 
TestReboot 2026-04-17T16:52:07-05:00 logger.go:66:   # module.this.data.local_sensitive_file.kubeconfig[0] will be read during apply
TestReboot 2026-04-17T16:52:07-05:00 logger.go:66:   # (depends on a resource or a module with changes pending)
TestReboot 2026-04-17T16:52:07-05:00 logger.go:66:  <= data "local_sensitive_file" "kubeconfig" {
TestReboot 2026-04-17T16:52:07-05:00 logger.go:66:       + content              = (sensitive value)
TestReboot 2026-04-17T16:52:07-05:00 logger.go:66:       + content_base64       = (sensitive value)
TestReboot 2026-04-17T16:52:07-05:00 logger.go:66:       + content_base64sha256 = (known after apply)
TestReboot 2026-04-17T16:52:07-05:00 logger.go:66:       + content_base64sha512 = (known after apply)
TestReboot 2026-04-17T16:52:07-05:00 logger.go:66:       + content_md5          = (known after apply)
TestReboot 2026-04-17T16:52:07-05:00 logger.go:66:       + content_sha1         = (known after apply)
TestReboot 2026-04-17T16:52:07-05:00 logger.go:66:       + content_sha256       = (known after apply)
TestReboot 2026-04-17T16:52:07-05:00 logger.go:66:       + content_sha512       = (known after apply)
TestReboot 2026-04-17T16:52:07-05:00 logger.go:66:       + filename             = "./data/YS0zMTE0Mi1kCg-reboot/kubeconfig"
TestReboot 2026-04-17T16:52:07-05:00 logger.go:66:       + id                   = (known after apply)
TestReboot 2026-04-17T16:52:07-05:00 logger.go:66:     }
TestReboot 2026-04-17T16:52:07-05:00 logger.go:66: 
TestReboot 2026-04-17T16:52:07-05:00 logger.go:66:   # module.this.terraform_data.configure will be created
TestReboot 2026-04-17T16:52:07-05:00 logger.go:66:   + resource "terraform_data" "configure" {
TestReboot 2026-04-17T16:52:07-05:00 logger.go:66:       + id               = (known after apply)
TestReboot 2026-04-17T16:52:07-05:00 logger.go:66:       + triggers_replace = {
TestReboot 2026-04-17T16:52:07-05:00 logger.go:66:           + id = (known after apply)
TestReboot 2026-04-17T16:52:07-05:00 logger.go:66:         }
TestReboot 2026-04-17T16:52:07-05:00 logger.go:66:     }
TestReboot 2026-04-17T16:52:07-05:00 logger.go:66: 
TestReboot 2026-04-17T16:52:07-05:00 logger.go:66:   # module.this.terraform_data.copy_to_remote will be created
TestReboot 2026-04-17T16:52:07-05:00 logger.go:66:   + resource "terraform_data" "copy_to_remote" {
TestReboot 2026-04-17T16:52:07-05:00 logger.go:66:       + id               = (known after apply)
TestReboot 2026-04-17T16:52:07-05:00 logger.go:66:       + triggers_replace = {
TestReboot 2026-04-17T16:52:07-05:00 logger.go:66:           + id = (known after apply)
TestReboot 2026-04-17T16:52:07-05:00 logger.go:66:         }
TestReboot 2026-04-17T16:52:07-05:00 logger.go:66:     }
TestReboot 2026-04-17T16:52:07-05:00 logger.go:66: 
TestReboot 2026-04-17T16:52:07-05:00 logger.go:66:   # module.this.terraform_data.get_kubeconfig[0] will be created
TestReboot 2026-04-17T16:52:07-05:00 logger.go:66:   + resource "terraform_data" "get_kubeconfig" {
TestReboot 2026-04-17T16:52:07-05:00 logger.go:66:       + id               = (known after apply)
TestReboot 2026-04-17T16:52:07-05:00 logger.go:66:       + triggers_replace = {
TestReboot 2026-04-17T16:52:07-05:00 logger.go:66:           + id = (known after apply)
TestReboot 2026-04-17T16:52:07-05:00 logger.go:66:         }
TestReboot 2026-04-17T16:52:07-05:00 logger.go:66:     }
TestReboot 2026-04-17T16:52:07-05:00 logger.go:66: 
TestReboot 2026-04-17T16:52:07-05:00 logger.go:66:   # module.this.terraform_data.install will be created
TestReboot 2026-04-17T16:52:07-05:00 logger.go:66:   + resource "terraform_data" "install" {
TestReboot 2026-04-17T16:52:07-05:00 logger.go:66:       + id               = (known after apply)
TestReboot 2026-04-17T16:52:07-05:00 logger.go:66:       + triggers_replace = {
TestReboot 2026-04-17T16:52:07-05:00 logger.go:66:           + id = (known after apply)
TestReboot 2026-04-17T16:52:07-05:00 logger.go:66:         }
TestReboot 2026-04-17T16:52:07-05:00 logger.go:66:     }
TestReboot 2026-04-17T16:52:07-05:00 logger.go:66: 
TestReboot 2026-04-17T16:52:07-05:00 logger.go:66:   # module.this.terraform_data.start[0] will be created
TestReboot 2026-04-17T16:52:07-05:00 logger.go:66:   + resource "terraform_data" "start" {
TestReboot 2026-04-17T16:52:07-05:00 logger.go:66:       + id               = (known after apply)
TestReboot 2026-04-17T16:52:07-05:00 logger.go:66:       + triggers_replace = {
TestReboot 2026-04-17T16:52:07-05:00 logger.go:66:           + id = (known after apply)
TestReboot 2026-04-17T16:52:07-05:00 logger.go:66:         }
TestReboot 2026-04-17T16:52:07-05:00 logger.go:66:     }
TestReboot 2026-04-17T16:52:07-05:00 logger.go:66: 
TestReboot 2026-04-17T16:52:07-05:00 logger.go:66:   # module.this.time_sleep.ten_s_after_install will be created
TestReboot 2026-04-17T16:52:07-05:00 logger.go:66:   + resource "time_sleep" "ten_s_after_install" {
TestReboot 2026-04-17T16:52:07-05:00 logger.go:66:       + create_duration = "10s"
TestReboot 2026-04-17T16:52:07-05:00 logger.go:66:       + id              = (known after apply)
TestReboot 2026-04-17T16:52:07-05:00 logger.go:66:     }
TestReboot 2026-04-17T16:52:07-05:00 logger.go:66: 
TestReboot 2026-04-17T16:52:07-05:00 logger.go:66:   # module.this.time_sleep.ten_s_before_install will be created
TestReboot 2026-04-17T16:52:07-05:00 logger.go:66:   + resource "time_sleep" "ten_s_before_install" {
TestReboot 2026-04-17T16:52:07-05:00 logger.go:66:       + create_duration = "10s"
TestReboot 2026-04-17T16:52:07-05:00 logger.go:66:       + id              = (known after apply)
TestReboot 2026-04-17T16:52:07-05:00 logger.go:66:     }
TestReboot 2026-04-17T16:52:07-05:00 logger.go:66: 
TestReboot 2026-04-17T16:52:07-05:00 logger.go:66:   # module.this.time_sleep.ten_s_before_start will be created
TestReboot 2026-04-17T16:52:07-05:00 logger.go:66:   + resource "time_sleep" "ten_s_before_start" {
TestReboot 2026-04-17T16:52:07-05:00 logger.go:66:       + create_duration = "10s"
TestReboot 2026-04-17T16:52:07-05:00 logger.go:66:       + id              = (known after apply)
TestReboot 2026-04-17T16:52:07-05:00 logger.go:66:     }
TestReboot 2026-04-17T16:52:07-05:00 logger.go:66: 
TestReboot 2026-04-17T16:52:07-05:00 logger.go:66:   # module.access.module.project_security_group[0].aws_security_group.new[0] will be created
TestReboot 2026-04-17T16:52:07-05:00 logger.go:66:   + resource "aws_security_group" "new" {
TestReboot 2026-04-17T16:52:07-05:00 logger.go:66:       + arn                    = (known after apply)
TestReboot 2026-04-17T16:52:07-05:00 logger.go:66:       + description            = "Access to egress generated by aws_access module"
TestReboot 2026-04-17T16:52:07-05:00 logger.go:66:       + egress                 = (known after apply)
TestReboot 2026-04-17T16:52:07-05:00 logger.go:66:       + id                     = (known after apply)
TestReboot 2026-04-17T16:52:07-05:00 logger.go:66:       + ingress                = (known after apply)
TestReboot 2026-04-17T16:52:07-05:00 logger.go:66:       + name                   = "tf-d0ef3-YS0zMTE0Mi1kCg-reboot-sg"
TestReboot 2026-04-17T16:52:07-05:00 logger.go:66:       + name_prefix            = (known after apply)
TestReboot 2026-04-17T16:52:07-05:00 logger.go:66:       + owner_id               = (known after apply)
TestReboot 2026-04-17T16:52:07-05:00 logger.go:66:       + region                 = "us-west-2"
TestReboot 2026-04-17T16:52:07-05:00 logger.go:66:       + revoke_rules_on_delete = false
TestReboot 2026-04-17T16:52:07-05:00 logger.go:66:       + tags                   = {
TestReboot 2026-04-17T16:52:07-05:00 logger.go:66:           + "Name" = "tf-d0ef3-YS0zMTE0Mi1kCg-reboot-sg"
TestReboot 2026-04-17T16:52:07-05:00 logger.go:66:         }
TestReboot 2026-04-17T16:52:07-05:00 logger.go:66:       + tags_all               = {
TestReboot 2026-04-17T16:52:07-05:00 logger.go:66:           + "Id"    = "YS0zMTE0Mi1kCg-reboot"
TestReboot 2026-04-17T16:52:07-05:00 logger.go:66:           + "Name"  = "tf-d0ef3-YS0zMTE0Mi1kCg-reboot-sg"
TestReboot 2026-04-17T16:52:07-05:00 logger.go:66:           + "Owner" = "terraform-ci@suse.com"
TestReboot 2026-04-17T16:52:07-05:00 logger.go:66:         }
TestReboot 2026-04-17T16:52:07-05:00 logger.go:66:       + vpc_id                 = (known after apply)
TestReboot 2026-04-17T16:52:07-05:00 logger.go:66:     }
TestReboot 2026-04-17T16:52:07-05:00 logger.go:66: 
TestReboot 2026-04-17T16:52:07-05:00 logger.go:66:   # module.access.module.project_security_group[0].aws_vpc_security_group_egress_rule.external_egress_ipv4[0] will be created
TestReboot 2026-04-17T16:52:07-05:00 logger.go:66:   + resource "aws_vpc_security_group_egress_rule" "external_egress_ipv4" {
TestReboot 2026-04-17T16:52:07-05:00 logger.go:66:       + arn                    = (known after apply)
TestReboot 2026-04-17T16:52:07-05:00 logger.go:66:       + cidr_ipv4              = "0.0.0.0/0"
TestReboot 2026-04-17T16:52:07-05:00 logger.go:66:       + id                     = (known after apply)
TestReboot 2026-04-17T16:52:07-05:00 logger.go:66:       + ip_protocol            = "-1"
TestReboot 2026-04-17T16:52:07-05:00 logger.go:66:       + region                 = "us-west-2"
TestReboot 2026-04-17T16:52:07-05:00 logger.go:66:       + security_group_id      = (known after apply)
TestReboot 2026-04-17T16:52:07-05:00 logger.go:66:       + security_group_rule_id = (known after apply)
TestReboot 2026-04-17T16:52:07-05:00 logger.go:66:       + tags_all               = {
TestReboot 2026-04-17T16:52:07-05:00 logger.go:66:           + "Id"    = "YS0zMTE0Mi1kCg-reboot"
TestReboot 2026-04-17T16:52:07-05:00 logger.go:66:           + "Owner" = "terraform-ci@suse.com"
TestReboot 2026-04-17T16:52:07-05:00 logger.go:66:         }
TestReboot 2026-04-17T16:52:07-05:00 logger.go:66:     }
TestReboot 2026-04-17T16:52:07-05:00 logger.go:66: 
TestReboot 2026-04-17T16:52:07-05:00 logger.go:66:   # module.access.module.project_security_group[0].aws_vpc_security_group_egress_rule.project_egress_ipv4[0] will be created
TestReboot 2026-04-17T16:52:07-05:00 logger.go:66:   + resource "aws_vpc_security_group_egress_rule" "project_egress_ipv4" {
TestReboot 2026-04-17T16:52:07-05:00 logger.go:66:       + arn                    = (known after apply)
TestReboot 2026-04-17T16:52:07-05:00 logger.go:66:       + cidr_ipv4              = "10.0.0.0/16"
TestReboot 2026-04-17T16:52:07-05:00 logger.go:66:       + id                     = (known after apply)
TestReboot 2026-04-17T16:52:07-05:00 logger.go:66:       + ip_protocol            = "-1"
TestReboot 2026-04-17T16:52:07-05:00 logger.go:66:       + region                 = "us-west-2"
TestReboot 2026-04-17T16:52:07-05:00 logger.go:66:       + security_group_id      = (known after apply)
TestReboot 2026-04-17T16:52:07-05:00 logger.go:66:       + security_group_rule_id = (known after apply)
TestReboot 2026-04-17T16:52:07-05:00 logger.go:66:       + tags_all               = {
TestReboot 2026-04-17T16:52:07-05:00 logger.go:66:           + "Id"    = "YS0zMTE0Mi1kCg-reboot"
TestReboot 2026-04-17T16:52:07-05:00 logger.go:66:           + "Owner" = "terraform-ci@suse.com"
TestReboot 2026-04-17T16:52:07-05:00 logger.go:66:         }
TestReboot 2026-04-17T16:52:07-05:00 logger.go:66:     }
TestReboot 2026-04-17T16:52:07-05:00 logger.go:66: 
TestReboot 2026-04-17T16:52:07-05:00 logger.go:66:   # module.access.module.project_security_group[0].aws_vpc_security_group_ingress_rule.project_ingress_ipv4[0] will be created
TestReboot 2026-04-17T16:52:07-05:00 logger.go:66:   + resource "aws_vpc_security_group_ingress_rule" "project_ingress_ipv4" {
TestReboot 2026-04-17T16:52:07-05:00 logger.go:66:       + arn                    = (known after apply)
TestReboot 2026-04-17T16:52:07-05:00 logger.go:66:       + cidr_ipv4              = "10.0.0.0/16"
TestReboot 2026-04-17T16:52:07-05:00 logger.go:66:       + id                     = (known after apply)
TestReboot 2026-04-17T16:52:07-05:00 logger.go:66:       + ip_protocol            = "-1"
TestReboot 2026-04-17T16:52:07-05:00 logger.go:66:       + region                 = "us-west-2"
TestReboot 2026-04-17T16:52:07-05:00 logger.go:66:       + security_group_id      = (known after apply)
TestReboot 2026-04-17T16:52:07-05:00 logger.go:66:       + security_group_rule_id = (known after apply)
TestReboot 2026-04-17T16:52:07-05:00 logger.go:66:       + tags_all               = {
TestReboot 2026-04-17T16:52:07-05:00 logger.go:66:           + "Id"    = "YS0zMTE0Mi1kCg-reboot"
TestReboot 2026-04-17T16:52:07-05:00 logger.go:66:           + "Owner" = "terraform-ci@suse.com"
TestReboot 2026-04-17T16:52:07-05:00 logger.go:66:         }
TestReboot 2026-04-17T16:52:07-05:00 logger.go:66:     }
TestReboot 2026-04-17T16:52:07-05:00 logger.go:66: 
TestReboot 2026-04-17T16:52:07-05:00 logger.go:66:   # module.access.module.subnet["0"].aws_subnet.created[0] will be created
TestReboot 2026-04-17T16:52:07-05:00 logger.go:66:   + resource "aws_subnet" "created" {
TestReboot 2026-04-17T16:52:07-05:00 logger.go:66:       + arn                                            = (known after apply)
TestReboot 2026-04-17T16:52:07-05:00 logger.go:66:       + assign_ipv6_address_on_creation                = false
TestReboot 2026-04-17T16:52:07-05:00 logger.go:66:       + availability_zone                              = "us-west-2a"
TestReboot 2026-04-17T16:52:07-05:00 logger.go:66:       + availability_zone_id                           = (known after apply)
TestReboot 2026-04-17T16:52:07-05:00 logger.go:66:       + cidr_block                                     = "10.0.0.0/16"
TestReboot 2026-04-17T16:52:07-05:00 logger.go:66:       + enable_dns64                                   = false
TestReboot 2026-04-17T16:52:07-05:00 logger.go:66:       + enable_resource_name_dns_a_record_on_launch    = false
TestReboot 2026-04-17T16:52:07-05:00 logger.go:66:       + enable_resource_name_dns_aaaa_record_on_launch = false
TestReboot 2026-04-17T16:52:07-05:00 logger.go:66:       + id                                             = (known after apply)
TestReboot 2026-04-17T16:52:07-05:00 logger.go:66:       + ipv6_cidr_block                                = (known after apply)
TestReboot 2026-04-17T16:52:07-05:00 logger.go:66:       + ipv6_cidr_block_association_id                 = (known after apply)
TestReboot 2026-04-17T16:52:07-05:00 logger.go:66:       + ipv6_native                                    = false
TestReboot 2026-04-17T16:52:07-05:00 logger.go:66:       + map_public_ip_on_launch                        = false
TestReboot 2026-04-17T16:52:07-05:00 logger.go:66:       + owner_id                                       = (known after apply)
TestReboot 2026-04-17T16:52:07-05:00 logger.go:66:       + private_dns_hostname_type_on_launch            = (known after apply)
TestReboot 2026-04-17T16:52:07-05:00 logger.go:66:       + region                                         = "us-west-2"
TestReboot 2026-04-17T16:52:07-05:00 logger.go:66:       + tags                                           = {
TestReboot 2026-04-17T16:52:07-05:00 logger.go:66:           + "Name" = "tf-d0ef3-YS0zMTE0Mi1kCg-reboot-vpc-us-west-2a"
TestReboot 2026-04-17T16:52:07-05:00 logger.go:66:         }
TestReboot 2026-04-17T16:52:07-05:00 logger.go:66:       + tags_all                                       = {
TestReboot 2026-04-17T16:52:07-05:00 logger.go:66:           + "Id"    = "YS0zMTE0Mi1kCg-reboot"
TestReboot 2026-04-17T16:52:07-05:00 logger.go:66:           + "Name"  = "tf-d0ef3-YS0zMTE0Mi1kCg-reboot-vpc-us-west-2a"
TestReboot 2026-04-17T16:52:07-05:00 logger.go:66:           + "Owner" = "terraform-ci@suse.com"
TestReboot 2026-04-17T16:52:07-05:00 logger.go:66:         }
TestReboot 2026-04-17T16:52:07-05:00 logger.go:66:       + vpc_id                                         = (known after apply)
TestReboot 2026-04-17T16:52:07-05:00 logger.go:66:     }
TestReboot 2026-04-17T16:52:07-05:00 logger.go:66: 
TestReboot 2026-04-17T16:52:07-05:00 logger.go:66:   # module.access.module.vpc[0].aws_internet_gateway.new[0] will be created
TestReboot 2026-04-17T16:52:07-05:00 logger.go:66:   + resource "aws_internet_gateway" "new" {
TestReboot 2026-04-17T16:52:07-05:00 logger.go:66:       + arn      = (known after apply)
TestReboot 2026-04-17T16:52:07-05:00 logger.go:66:       + id       = (known after apply)
TestReboot 2026-04-17T16:52:07-05:00 logger.go:66:       + owner_id = (known after apply)
TestReboot 2026-04-17T16:52:07-05:00 logger.go:66:       + region   = "us-west-2"
TestReboot 2026-04-17T16:52:07-05:00 logger.go:66:       + tags_all = {
TestReboot 2026-04-17T16:52:07-05:00 logger.go:66:           + "Id"    = "YS0zMTE0Mi1kCg-reboot"
TestReboot 2026-04-17T16:52:07-05:00 logger.go:66:           + "Owner" = "terraform-ci@suse.com"
TestReboot 2026-04-17T16:52:07-05:00 logger.go:66:         }
TestReboot 2026-04-17T16:52:07-05:00 logger.go:66:       + vpc_id   = (known after apply)
TestReboot 2026-04-17T16:52:07-05:00 logger.go:66:     }
TestReboot 2026-04-17T16:52:07-05:00 logger.go:66: 
TestReboot 2026-04-17T16:52:07-05:00 logger.go:66:   # module.access.module.vpc[0].aws_route.public_ipv4[0] will be created
TestReboot 2026-04-17T16:52:07-05:00 logger.go:66:   + resource "aws_route" "public_ipv4" {
TestReboot 2026-04-17T16:52:07-05:00 logger.go:66:       + destination_cidr_block = "0.0.0.0/0"
TestReboot 2026-04-17T16:52:07-05:00 logger.go:66:       + gateway_id             = (known after apply)
TestReboot 2026-04-17T16:52:07-05:00 logger.go:66:       + id                     = (known after apply)
TestReboot 2026-04-17T16:52:07-05:00 logger.go:66:       + instance_id            = (known after apply)
TestReboot 2026-04-17T16:52:07-05:00 logger.go:66:       + instance_owner_id      = (known after apply)
TestReboot 2026-04-17T16:52:07-05:00 logger.go:66:       + network_interface_id   = (known after apply)
TestReboot 2026-04-17T16:52:07-05:00 logger.go:66:       + origin                 = (known after apply)
TestReboot 2026-04-17T16:52:07-05:00 logger.go:66:       + region                 = "us-west-2"
TestReboot 2026-04-17T16:52:07-05:00 logger.go:66:       + route_table_id         = (known after apply)
TestReboot 2026-04-17T16:52:07-05:00 logger.go:66:       + state                  = (known after apply)
TestReboot 2026-04-17T16:52:07-05:00 logger.go:66:     }
TestReboot 2026-04-17T16:52:07-05:00 logger.go:66: 
TestReboot 2026-04-17T16:52:07-05:00 logger.go:66:   # module.access.module.vpc[0].aws_vpc.new[0] will be created
TestReboot 2026-04-17T16:52:07-05:00 logger.go:66:   + resource "aws_vpc" "new" {
TestReboot 2026-04-17T16:52:07-05:00 logger.go:66:       + arn                                  = (known after apply)
TestReboot 2026-04-17T16:52:07-05:00 logger.go:66:       + assign_generated_ipv6_cidr_block     = true
TestReboot 2026-04-17T16:52:07-05:00 logger.go:66:       + cidr_block                           = "10.0.0.0/16"
TestReboot 2026-04-17T16:52:07-05:00 logger.go:66:       + default_network_acl_id               = (known after apply)
TestReboot 2026-04-17T16:52:07-05:00 logger.go:66:       + default_route_table_id               = (known after apply)
TestReboot 2026-04-17T16:52:07-05:00 logger.go:66:       + default_security_group_id            = (known after apply)
TestReboot 2026-04-17T16:52:07-05:00 logger.go:66:       + dhcp_options_id                      = (known after apply)
TestReboot 2026-04-17T16:52:07-05:00 logger.go:66:       + enable_dns_hostnames                 = (known after apply)
TestReboot 2026-04-17T16:52:07-05:00 logger.go:66:       + enable_dns_support                   = true
TestReboot 2026-04-17T16:52:07-05:00 logger.go:66:       + enable_network_address_usage_metrics = (known after apply)
TestReboot 2026-04-17T16:52:07-05:00 logger.go:66:       + id                                   = (known after apply)
TestReboot 2026-04-17T16:52:07-05:00 logger.go:66:       + instance_tenancy                     = "default"
TestReboot 2026-04-17T16:52:07-05:00 logger.go:66:       + ipv6_association_id                  = (known after apply)
TestReboot 2026-04-17T16:52:07-05:00 logger.go:66:       + ipv6_cidr_block                      = (known after apply)
TestReboot 2026-04-17T16:52:07-05:00 logger.go:66:       + ipv6_cidr_block_network_border_group = (known after apply)
TestReboot 2026-04-17T16:52:07-05:00 logger.go:66:       + main_route_table_id                  = (known after apply)
TestReboot 2026-04-17T16:52:07-05:00 logger.go:66:       + owner_id                             = (known after apply)
TestReboot 2026-04-17T16:52:07-05:00 logger.go:66:       + region                               = "us-west-2"
TestReboot 2026-04-17T16:52:07-05:00 logger.go:66:       + tags                                 = {
TestReboot 2026-04-17T16:52:07-05:00 logger.go:66:           + "Name" = "tf-d0ef3-YS0zMTE0Mi1kCg-reboot-vpc"
TestReboot 2026-04-17T16:52:07-05:00 logger.go:66:         }
TestReboot 2026-04-17T16:52:07-05:00 logger.go:66:       + tags_all                             = {
TestReboot 2026-04-17T16:52:07-05:00 logger.go:66:           + "Id"    = "YS0zMTE0Mi1kCg-reboot"
TestReboot 2026-04-17T16:52:07-05:00 logger.go:66:           + "Name"  = "tf-d0ef3-YS0zMTE0Mi1kCg-reboot-vpc"
TestReboot 2026-04-17T16:52:07-05:00 logger.go:66:           + "Owner" = "terraform-ci@suse.com"
TestReboot 2026-04-17T16:52:07-05:00 logger.go:66:         }
TestReboot 2026-04-17T16:52:07-05:00 logger.go:66:     }
TestReboot 2026-04-17T16:52:07-05:00 logger.go:66: 
TestReboot 2026-04-17T16:52:07-05:00 logger.go:66:   # module.server.module.direct_access[0].data.aws_security_group.server_security_group will be read during apply
TestReboot 2026-04-17T16:52:07-05:00 logger.go:66:   # (depends on a resource or a module with changes pending)
TestReboot 2026-04-17T16:52:07-05:00 logger.go:66:  <= data "aws_security_group" "server_security_group" {
TestReboot 2026-04-17T16:52:07-05:00 logger.go:66:       + arn         = (known after apply)
TestReboot 2026-04-17T16:52:07-05:00 logger.go:66:       + description = (known after apply)
TestReboot 2026-04-17T16:52:07-05:00 logger.go:66:       + id          = (known after apply)
TestReboot 2026-04-17T16:52:07-05:00 logger.go:66:       + name        = (known after apply)
TestReboot 2026-04-17T16:52:07-05:00 logger.go:66:       + region      = (known after apply)
TestReboot 2026-04-17T16:52:07-05:00 logger.go:66:       + tags        = (known after apply)
TestReboot 2026-04-17T16:52:07-05:00 logger.go:66:       + vpc_id      = (known after apply)
TestReboot 2026-04-17T16:52:07-05:00 logger.go:66: 
TestReboot 2026-04-17T16:52:07-05:00 logger.go:66:       + filter {
TestReboot 2026-04-17T16:52:07-05:00 logger.go:66:           + name   = "tag:Name"
TestReboot 2026-04-17T16:52:07-05:00 logger.go:66:           + values = [
TestReboot 2026-04-17T16:52:07-05:00 logger.go:66:               + "tf-d0ef3-YS0zMTE0Mi1kCg-reboot-sg",
TestReboot 2026-04-17T16:52:07-05:00 logger.go:66:             ]
TestReboot 2026-04-17T16:52:07-05:00 logger.go:66:         }
TestReboot 2026-04-17T16:52:07-05:00 logger.go:66:     }
TestReboot 2026-04-17T16:52:07-05:00 logger.go:66: 
TestReboot 2026-04-17T16:52:07-05:00 logger.go:66:   # module.server.module.direct_access[0].aws_eip.created[0] will be created
TestReboot 2026-04-17T16:52:07-05:00 logger.go:66:   + resource "aws_eip" "created" {
TestReboot 2026-04-17T16:52:07-05:00 logger.go:66:       + allocation_id        = (known after apply)
TestReboot 2026-04-17T16:52:07-05:00 logger.go:66:       + arn                  = (known after apply)
TestReboot 2026-04-17T16:52:07-05:00 logger.go:66:       + association_id       = (known after apply)
TestReboot 2026-04-17T16:52:07-05:00 logger.go:66:       + carrier_ip           = (known after apply)
TestReboot 2026-04-17T16:52:07-05:00 logger.go:66:       + customer_owned_ip    = (known after apply)
TestReboot 2026-04-17T16:52:07-05:00 logger.go:66:       + domain               = "vpc"
TestReboot 2026-04-17T16:52:07-05:00 logger.go:66:       + id                   = (known after apply)
TestReboot 2026-04-17T16:52:07-05:00 logger.go:66:       + instance             = (known after apply)
TestReboot 2026-04-17T16:52:07-05:00 logger.go:66:       + ipam_pool_id         = (known after apply)
TestReboot 2026-04-17T16:52:07-05:00 logger.go:66:       + network_border_group = (known after apply)
TestReboot 2026-04-17T16:52:07-05:00 logger.go:66:       + network_interface    = (known after apply)
TestReboot 2026-04-17T16:52:07-05:00 logger.go:66:       + private_dns          = (known after apply)
TestReboot 2026-04-17T16:52:07-05:00 logger.go:66:       + private_ip           = (known after apply)
TestReboot 2026-04-17T16:52:07-05:00 logger.go:66:       + ptr_record           = (known after apply)
TestReboot 2026-04-17T16:52:07-05:00 logger.go:66:       + public_dns           = (known after apply)
TestReboot 2026-04-17T16:52:07-05:00 logger.go:66:       + public_ip            = (known after apply)
TestReboot 2026-04-17T16:52:07-05:00 logger.go:66:       + public_ipv4_pool     = (known after apply)
TestReboot 2026-04-17T16:52:07-05:00 logger.go:66:       + region               = "us-west-2"
TestReboot 2026-04-17T16:52:07-05:00 logger.go:66:       + tags_all             = {
TestReboot 2026-04-17T16:52:07-05:00 logger.go:66:           + "Id"    = "YS0zMTE0Mi1kCg-reboot"
TestReboot 2026-04-17T16:52:07-05:00 logger.go:66:           + "Owner" = "terraform-ci@suse.com"
TestReboot 2026-04-17T16:52:07-05:00 logger.go:66:         }
TestReboot 2026-04-17T16:52:07-05:00 logger.go:66:     }
TestReboot 2026-04-17T16:52:07-05:00 logger.go:66: 
TestReboot 2026-04-17T16:52:07-05:00 logger.go:66:   # module.server.module.direct_access[0].aws_eip_association.created[0] will be created
TestReboot 2026-04-17T16:52:07-05:00 logger.go:66:   + resource "aws_eip_association" "created" {
TestReboot 2026-04-17T16:52:07-05:00 logger.go:66:       + allocation_id        = (known after apply)
TestReboot 2026-04-17T16:52:07-05:00 logger.go:66:       + allow_reassociation  = true
TestReboot 2026-04-17T16:52:07-05:00 logger.go:66:       + id                   = (known after apply)
TestReboot 2026-04-17T16:52:07-05:00 logger.go:66:       + instance_id          = (known after apply)
TestReboot 2026-04-17T16:52:07-05:00 logger.go:66:       + network_interface_id = (known after apply)
TestReboot 2026-04-17T16:52:07-05:00 logger.go:66:       + private_ip_address   = (known after apply)
TestReboot 2026-04-17T16:52:07-05:00 logger.go:66:       + public_ip            = (known after apply)
TestReboot 2026-04-17T16:52:07-05:00 logger.go:66:       + region               = "us-west-2"
TestReboot 2026-04-17T16:52:07-05:00 logger.go:66:     }
TestReboot 2026-04-17T16:52:07-05:00 logger.go:66: 
TestReboot 2026-04-17T16:52:07-05:00 logger.go:66:   # module.server.module.direct_access[0].aws_network_interface_sg_attachment.server_security_group_attachment will be created
TestReboot 2026-04-17T16:52:07-05:00 logger.go:66:   + resource "aws_network_interface_sg_attachment" "server_security_group_attachment" {
TestReboot 2026-04-17T16:52:07-05:00 logger.go:66:       + id                   = (known after apply)
TestReboot 2026-04-17T16:52:07-05:00 logger.go:66:       + network_interface_id = (known after apply)
TestReboot 2026-04-17T16:52:07-05:00 logger.go:66:       + region               = "us-west-2"
TestReboot 2026-04-17T16:52:07-05:00 logger.go:66:       + security_group_id    = (known after apply)
TestReboot 2026-04-17T16:52:07-05:00 logger.go:66:     }
TestReboot 2026-04-17T16:52:07-05:00 logger.go:66: 
TestReboot 2026-04-17T16:52:07-05:00 logger.go:66:   # module.server.module.direct_access[0].aws_security_group.direct_access will be created
TestReboot 2026-04-17T16:52:07-05:00 logger.go:66:   + resource "aws_security_group" "direct_access" {
TestReboot 2026-04-17T16:52:07-05:00 logger.go:66:       + arn                    = (known after apply)
TestReboot 2026-04-17T16:52:07-05:00 logger.go:66:       + description            = (known after apply)
TestReboot 2026-04-17T16:52:07-05:00 logger.go:66:       + egress                 = (known after apply)
TestReboot 2026-04-17T16:52:07-05:00 logger.go:66:       + id                     = (known after apply)
TestReboot 2026-04-17T16:52:07-05:00 logger.go:66:       + ingress                = (known after apply)
TestReboot 2026-04-17T16:52:07-05:00 logger.go:66:       + name                   = (known after apply)
TestReboot 2026-04-17T16:52:07-05:00 logger.go:66:       + name_prefix            = (known after apply)
TestReboot 2026-04-17T16:52:07-05:00 logger.go:66:       + owner_id               = (known after apply)
TestReboot 2026-04-17T16:52:07-05:00 logger.go:66:       + region                 = "us-west-2"
TestReboot 2026-04-17T16:52:07-05:00 logger.go:66:       + revoke_rules_on_delete = false
TestReboot 2026-04-17T16:52:07-05:00 logger.go:66:       + tags                   = (known after apply)
TestReboot 2026-04-17T16:52:07-05:00 logger.go:66:       + tags_all               = (known after apply)
TestReboot 2026-04-17T16:52:07-05:00 logger.go:66:       + vpc_id                 = (known after apply)
TestReboot 2026-04-17T16:52:07-05:00 logger.go:66:     }
TestReboot 2026-04-17T16:52:07-05:00 logger.go:66: 
TestReboot 2026-04-17T16:52:07-05:00 logger.go:66:   # module.server.module.direct_access[0].aws_vpc_security_group_ingress_rule.server_direct_link will be created
TestReboot 2026-04-17T16:52:07-05:00 logger.go:66:   + resource "aws_vpc_security_group_ingress_rule" "server_direct_link" {
TestReboot 2026-04-17T16:52:07-05:00 logger.go:66:       + arn                          = (known after apply)
TestReboot 2026-04-17T16:52:07-05:00 logger.go:66:       + id                           = (known after apply)
TestReboot 2026-04-17T16:52:07-05:00 logger.go:66:       + ip_protocol                  = "-1"
TestReboot 2026-04-17T16:52:07-05:00 logger.go:66:       + referenced_security_group_id = (known after apply)
TestReboot 2026-04-17T16:52:07-05:00 logger.go:66:       + region                       = "us-west-2"
TestReboot 2026-04-17T16:52:07-05:00 logger.go:66:       + security_group_id            = (known after apply)
TestReboot 2026-04-17T16:52:07-05:00 logger.go:66:       + security_group_rule_id       = (known after apply)
TestReboot 2026-04-17T16:52:07-05:00 logger.go:66:       + tags_all                     = {
TestReboot 2026-04-17T16:52:07-05:00 logger.go:66:           + "Id"    = "YS0zMTE0Mi1kCg-reboot"
TestReboot 2026-04-17T16:52:07-05:00 logger.go:66:           + "Owner" = "terraform-ci@suse.com"
TestReboot 2026-04-17T16:52:07-05:00 logger.go:66:         }
TestReboot 2026-04-17T16:52:07-05:00 logger.go:66:     }
TestReboot 2026-04-17T16:52:07-05:00 logger.go:66: 
TestReboot 2026-04-17T16:52:07-05:00 logger.go:66:   # module.server.module.direct_access[0].aws_vpc_security_group_ingress_rule.server_ingress["runnerKube-0"] will be created
TestReboot 2026-04-17T16:52:07-05:00 logger.go:66:   + resource "aws_vpc_security_group_ingress_rule" "server_ingress" {
TestReboot 2026-04-17T16:52:07-05:00 logger.go:66:       + arn                    = (known after apply)
TestReboot 2026-04-17T16:52:07-05:00 logger.go:66:       + cidr_ipv4              = "47.161.206.84/32"
TestReboot 2026-04-17T16:52:07-05:00 logger.go:66:       + from_port              = 6443
TestReboot 2026-04-17T16:52:07-05:00 logger.go:66:       + id                     = (known after apply)
TestReboot 2026-04-17T16:52:07-05:00 logger.go:66:       + ip_protocol            = "tcp"
TestReboot 2026-04-17T16:52:07-05:00 logger.go:66:       + region                 = "us-west-2"
TestReboot 2026-04-17T16:52:07-05:00 logger.go:66:       + security_group_id      = (known after apply)
TestReboot 2026-04-17T16:52:07-05:00 logger.go:66:       + security_group_rule_id = (known after apply)
TestReboot 2026-04-17T16:52:07-05:00 logger.go:66:       + tags_all               = {
TestReboot 2026-04-17T16:52:07-05:00 logger.go:66:           + "Id"    = "YS0zMTE0Mi1kCg-reboot"
TestReboot 2026-04-17T16:52:07-05:00 logger.go:66:           + "Owner" = "terraform-ci@suse.com"
TestReboot 2026-04-17T16:52:07-05:00 logger.go:66:         }
TestReboot 2026-04-17T16:52:07-05:00 logger.go:66:       + to_port                = 6443
TestReboot 2026-04-17T16:52:07-05:00 logger.go:66:     }
TestReboot 2026-04-17T16:52:07-05:00 logger.go:66: 
TestReboot 2026-04-17T16:52:07-05:00 logger.go:66:   # module.server.module.direct_access[0].aws_vpc_security_group_ingress_rule.server_ingress["runnerSsh-0"] will be created
TestReboot 2026-04-17T16:52:07-05:00 logger.go:66:   + resource "aws_vpc_security_group_ingress_rule" "server_ingress" {
TestReboot 2026-04-17T16:52:07-05:00 logger.go:66:       + arn                    = (known after apply)
TestReboot 2026-04-17T16:52:07-05:00 logger.go:66:       + cidr_ipv4              = "47.161.206.84/32"
TestReboot 2026-04-17T16:52:07-05:00 logger.go:66:       + from_port              = 22
TestReboot 2026-04-17T16:52:07-05:00 logger.go:66:       + id                     = (known after apply)
TestReboot 2026-04-17T16:52:07-05:00 logger.go:66:       + ip_protocol            = "tcp"
TestReboot 2026-04-17T16:52:07-05:00 logger.go:66:       + region                 = "us-west-2"
TestReboot 2026-04-17T16:52:07-05:00 logger.go:66:       + security_group_id      = (known after apply)
TestReboot 2026-04-17T16:52:07-05:00 logger.go:66:       + security_group_rule_id = (known after apply)
TestReboot 2026-04-17T16:52:07-05:00 logger.go:66:       + tags_all               = {
TestReboot 2026-04-17T16:52:07-05:00 logger.go:66:           + "Id"    = "YS0zMTE0Mi1kCg-reboot"
TestReboot 2026-04-17T16:52:07-05:00 logger.go:66:           + "Owner" = "terraform-ci@suse.com"
TestReboot 2026-04-17T16:52:07-05:00 logger.go:66:         }
TestReboot 2026-04-17T16:52:07-05:00 logger.go:66:       + to_port                = 22
TestReboot 2026-04-17T16:52:07-05:00 logger.go:66:     }
TestReboot 2026-04-17T16:52:07-05:00 logger.go:66: 
TestReboot 2026-04-17T16:52:07-05:00 logger.go:66:   # module.server.module.direct_access[0].terraform_data.remove_initial_user[0] will be created
TestReboot 2026-04-17T16:52:07-05:00 logger.go:66:   + resource "terraform_data" "remove_initial_user" {
TestReboot 2026-04-17T16:52:07-05:00 logger.go:66:       + id               = (known after apply)
TestReboot 2026-04-17T16:52:07-05:00 logger.go:66:       + triggers_replace = [
TestReboot 2026-04-17T16:52:07-05:00 logger.go:66:           + (known after apply),
TestReboot 2026-04-17T16:52:07-05:00 logger.go:66:         ]
TestReboot 2026-04-17T16:52:07-05:00 logger.go:66:     }
TestReboot 2026-04-17T16:52:07-05:00 logger.go:66: 
TestReboot 2026-04-17T16:52:07-05:00 logger.go:66:   # module.server.module.direct_access[0].terraform_data.setup[0] will be created
TestReboot 2026-04-17T16:52:07-05:00 logger.go:66:   + resource "terraform_data" "setup" {
TestReboot 2026-04-17T16:52:07-05:00 logger.go:66:       + id               = (known after apply)
TestReboot 2026-04-17T16:52:07-05:00 logger.go:66:       + triggers_replace = [
TestReboot 2026-04-17T16:52:07-05:00 logger.go:66:           + (known after apply),
TestReboot 2026-04-17T16:52:07-05:00 logger.go:66:         ]
TestReboot 2026-04-17T16:52:07-05:00 logger.go:66:     }
TestReboot 2026-04-17T16:52:07-05:00 logger.go:66: 
TestReboot 2026-04-17T16:52:07-05:00 logger.go:66:   # module.server.module.image[0].data.aws_ami.search[0] will be read during apply
TestReboot 2026-04-17T16:52:07-05:00 logger.go:66:   # (depends on a resource or a module with changes pending)
TestReboot 2026-04-17T16:52:07-05:00 logger.go:66:  <= data "aws_ami" "search" {
TestReboot 2026-04-17T16:52:07-05:00 logger.go:66:       + architecture          = (known after apply)
TestReboot 2026-04-17T16:52:07-05:00 logger.go:66:       + arn                   = (known after apply)
TestReboot 2026-04-17T16:52:07-05:00 logger.go:66:       + block_device_mappings = (known after apply)
TestReboot 2026-04-17T16:52:07-05:00 logger.go:66:       + boot_mode             = (known after apply)
TestReboot 2026-04-17T16:52:07-05:00 logger.go:66:       + creation_date         = (known after apply)
TestReboot 2026-04-17T16:52:07-05:00 logger.go:66:       + deprecation_time      = (known after apply)
TestReboot 2026-04-17T16:52:07-05:00 logger.go:66:       + description           = (known after apply)
TestReboot 2026-04-17T16:52:07-05:00 logger.go:66:       + ena_support           = (known after apply)
TestReboot 2026-04-17T16:52:07-05:00 logger.go:66:       + hypervisor            = (known after apply)
TestReboot 2026-04-17T16:52:07-05:00 logger.go:66:       + id                    = (known after apply)
TestReboot 2026-04-17T16:52:07-05:00 logger.go:66:       + image_id              = (known after apply)
TestReboot 2026-04-17T16:52:07-05:00 logger.go:66:       + image_location        = (known after apply)
TestReboot 2026-04-17T16:52:07-05:00 logger.go:66:       + image_owner_alias     = (known after apply)
TestReboot 2026-04-17T16:52:07-05:00 logger.go:66:       + image_type            = (known after apply)
TestReboot 2026-04-17T16:52:07-05:00 logger.go:66:       + imds_support          = (known after apply)
TestReboot 2026-04-17T16:52:07-05:00 logger.go:66:       + kernel_id             = (known after apply)
TestReboot 2026-04-17T16:52:07-05:00 logger.go:66:       + last_launched_time    = (known after apply)
TestReboot 2026-04-17T16:52:07-05:00 logger.go:66:       + most_recent           = true
TestReboot 2026-04-17T16:52:07-05:00 logger.go:66:       + name                  = (known after apply)
TestReboot 2026-04-17T16:52:07-05:00 logger.go:66:       + name_regex            = "^suse-sle-micro-5-5-byos-v[0-9]+-hvm-ssd-x86_64$"
TestReboot 2026-04-17T16:52:07-05:00 logger.go:66:       + owner_id              = (known after apply)
TestReboot 2026-04-17T16:52:07-05:00 logger.go:66:       + owners                = [
TestReboot 2026-04-17T16:52:07-05:00 logger.go:66:           + "013907871322",
TestReboot 2026-04-17T16:52:07-05:00 logger.go:66:         ]
TestReboot 2026-04-17T16:52:07-05:00 logger.go:66:       + platform              = (known after apply)
TestReboot 2026-04-17T16:52:07-05:00 logger.go:66:       + platform_details      = (known after apply)
TestReboot 2026-04-17T16:52:07-05:00 logger.go:66:       + product_codes         = (known after apply)
TestReboot 2026-04-17T16:52:07-05:00 logger.go:66:       + public                = (known after apply)
TestReboot 2026-04-17T16:52:07-05:00 logger.go:66:       + ramdisk_id            = (known after apply)
TestReboot 2026-04-17T16:52:07-05:00 logger.go:66:       + region                = (known after apply)
TestReboot 2026-04-17T16:52:07-05:00 logger.go:66:       + root_device_name      = (known after apply)
TestReboot 2026-04-17T16:52:07-05:00 logger.go:66:       + root_device_type      = (known after apply)
TestReboot 2026-04-17T16:52:07-05:00 logger.go:66:       + root_snapshot_id      = (known after apply)
TestReboot 2026-04-17T16:52:07-05:00 logger.go:66:       + sriov_net_support     = (known after apply)
TestReboot 2026-04-17T16:52:07-05:00 logger.go:66:       + state                 = (known after apply)
TestReboot 2026-04-17T16:52:07-05:00 logger.go:66:       + state_reason          = (known after apply)
TestReboot 2026-04-17T16:52:07-05:00 logger.go:66:       + tags                  = (known after apply)
TestReboot 2026-04-17T16:52:07-05:00 logger.go:66:       + tpm_support           = (known after apply)
TestReboot 2026-04-17T16:52:07-05:00 logger.go:66:       + usage_operation       = (known after apply)
TestReboot 2026-04-17T16:52:07-05:00 logger.go:66:       + virtualization_type   = (known after apply)
TestReboot 2026-04-17T16:52:07-05:00 logger.go:66: 
TestReboot 2026-04-17T16:52:07-05:00 logger.go:66:       + filter {
TestReboot 2026-04-17T16:52:07-05:00 logger.go:66:           + name   = "architecture"
TestReboot 2026-04-17T16:52:07-05:00 logger.go:66:           + values = [
TestReboot 2026-04-17T16:52:07-05:00 logger.go:66:               + "x86_64",
TestReboot 2026-04-17T16:52:07-05:00 logger.go:66:             ]
TestReboot 2026-04-17T16:52:07-05:00 logger.go:66:         }
TestReboot 2026-04-17T16:52:07-05:00 logger.go:66:       + filter {
TestReboot 2026-04-17T16:52:07-05:00 logger.go:66:           + name   = "name"
TestReboot 2026-04-17T16:52:07-05:00 logger.go:66:           + values = [
TestReboot 2026-04-17T16:52:07-05:00 logger.go:66:               + "suse-sle-micro-5-5-byos-v*-hvm-ssd-x86_64",
TestReboot 2026-04-17T16:52:07-05:00 logger.go:66:             ]
TestReboot 2026-04-17T16:52:07-05:00 logger.go:66:         }
TestReboot 2026-04-17T16:52:07-05:00 logger.go:66:     }
TestReboot 2026-04-17T16:52:07-05:00 logger.go:66: 
TestReboot 2026-04-17T16:52:07-05:00 logger.go:66:   # module.server.module.server[0].data.aws_availability_zone.general_info_create[0] will be read during apply
TestReboot 2026-04-17T16:52:07-05:00 logger.go:66:   # (config refers to values not yet known)
TestReboot 2026-04-17T16:52:07-05:00 logger.go:66:  <= data "aws_availability_zone" "general_info_create" {
TestReboot 2026-04-17T16:52:07-05:00 logger.go:66:       + group_long_name      = (known after apply)
TestReboot 2026-04-17T16:52:07-05:00 logger.go:66:       + group_name           = (known after apply)
TestReboot 2026-04-17T16:52:07-05:00 logger.go:66:       + id                   = (known after apply)
TestReboot 2026-04-17T16:52:07-05:00 logger.go:66:       + name                 = (known after apply)
TestReboot 2026-04-17T16:52:07-05:00 logger.go:66:       + name_suffix          = (known after apply)
TestReboot 2026-04-17T16:52:07-05:00 logger.go:66:       + network_border_group = (known after apply)
TestReboot 2026-04-17T16:52:07-05:00 logger.go:66:       + opt_in_status        = (known after apply)
TestReboot 2026-04-17T16:52:07-05:00 logger.go:66:       + parent_zone_id       = (known after apply)
TestReboot 2026-04-17T16:52:07-05:00 logger.go:66:       + parent_zone_name     = (known after apply)
TestReboot 2026-04-17T16:52:07-05:00 logger.go:66:       + region               = (known after apply)
TestReboot 2026-04-17T16:52:07-05:00 logger.go:66:       + state                = (known after apply)
TestReboot 2026-04-17T16:52:07-05:00 logger.go:66:       + zone_id              = (known after apply)
TestReboot 2026-04-17T16:52:07-05:00 logger.go:66:       + zone_type            = (known after apply)
TestReboot 2026-04-17T16:52:07-05:00 logger.go:66:     }
TestReboot 2026-04-17T16:52:07-05:00 logger.go:66: 
TestReboot 2026-04-17T16:52:07-05:00 logger.go:66:   # module.server.module.server[0].data.aws_ec2_instance_type.general_info_create[0] will be read during apply
TestReboot 2026-04-17T16:52:07-05:00 logger.go:66:   # (depends on a resource or a module with changes pending)
TestReboot 2026-04-17T16:52:07-05:00 logger.go:66:  <= data "aws_ec2_instance_type" "general_info_create" {
TestReboot 2026-04-17T16:52:07-05:00 logger.go:66:       + auto_recovery_supported              = (known after apply)
TestReboot 2026-04-17T16:52:07-05:00 logger.go:66:       + bandwidth_weightings                 = (known after apply)
TestReboot 2026-04-17T16:52:07-05:00 logger.go:66:       + bare_metal                           = (known after apply)
TestReboot 2026-04-17T16:52:07-05:00 logger.go:66:       + boot_modes                           = (known after apply)
TestReboot 2026-04-17T16:52:07-05:00 logger.go:66:       + burstable_performance_supported      = (known after apply)
TestReboot 2026-04-17T16:52:07-05:00 logger.go:66:       + current_generation                   = (known after apply)
TestReboot 2026-04-17T16:52:07-05:00 logger.go:66:       + dedicated_hosts_supported            = (known after apply)
TestReboot 2026-04-17T16:52:07-05:00 logger.go:66:       + default_cores                        = (known after apply)
TestReboot 2026-04-17T16:52:07-05:00 logger.go:66:       + default_network_card_index           = (known after apply)
TestReboot 2026-04-17T16:52:07-05:00 logger.go:66:       + default_threads_per_core             = (known after apply)
TestReboot 2026-04-17T16:52:07-05:00 logger.go:66:       + default_vcpus                        = (known after apply)
TestReboot 2026-04-17T16:52:07-05:00 logger.go:66:       + ebs_encryption_support               = (known after apply)
TestReboot 2026-04-17T16:52:07-05:00 logger.go:66:       + ebs_nvme_support                     = (known after apply)
TestReboot 2026-04-17T16:52:07-05:00 logger.go:66:       + ebs_optimized_support                = (known after apply)
TestReboot 2026-04-17T16:52:07-05:00 logger.go:66:       + ebs_performance_baseline_bandwidth   = (known after apply)
TestReboot 2026-04-17T16:52:07-05:00 logger.go:66:       + ebs_performance_baseline_iops        = (known after apply)
TestReboot 2026-04-17T16:52:07-05:00 logger.go:66:       + ebs_performance_baseline_throughput  = (known after apply)
TestReboot 2026-04-17T16:52:07-05:00 logger.go:66:       + ebs_performance_maximum_bandwidth    = (known after apply)
TestReboot 2026-04-17T16:52:07-05:00 logger.go:66:       + ebs_performance_maximum_iops         = (known after apply)
TestReboot 2026-04-17T16:52:07-05:00 logger.go:66:       + ebs_performance_maximum_throughput   = (known after apply)
TestReboot 2026-04-17T16:52:07-05:00 logger.go:66:       + efa_maximum_interfaces               = (known after apply)
TestReboot 2026-04-17T16:52:07-05:00 logger.go:66:       + efa_supported                        = (known after apply)
TestReboot 2026-04-17T16:52:07-05:00 logger.go:66:       + ena_srd_supported                    = (known after apply)
TestReboot 2026-04-17T16:52:07-05:00 logger.go:66:       + ena_support                          = (known after apply)
TestReboot 2026-04-17T16:52:07-05:00 logger.go:66:       + encryption_in_transit_supported      = (known after apply)
TestReboot 2026-04-17T16:52:07-05:00 logger.go:66:       + fpgas                                = (known after apply)
TestReboot 2026-04-17T16:52:07-05:00 logger.go:66:       + free_tier_eligible                   = (known after apply)
TestReboot 2026-04-17T16:52:07-05:00 logger.go:66:       + gpus                                 = (known after apply)
TestReboot 2026-04-17T16:52:07-05:00 logger.go:66:       + hibernation_supported                = (known after apply)
TestReboot 2026-04-17T16:52:07-05:00 logger.go:66:       + hypervisor                           = (known after apply)
TestReboot 2026-04-17T16:52:07-05:00 logger.go:66:       + id                                   = (known after apply)
TestReboot 2026-04-17T16:52:07-05:00 logger.go:66:       + inference_accelerators               = (known after apply)
TestReboot 2026-04-17T16:52:07-05:00 logger.go:66:       + instance_disks                       = (known after apply)
TestReboot 2026-04-17T16:52:07-05:00 logger.go:66:       + instance_storage_supported           = (known after apply)
TestReboot 2026-04-17T16:52:07-05:00 logger.go:66:       + instance_type                        = "c8i.large"
TestReboot 2026-04-17T16:52:07-05:00 logger.go:66:       + ipv6_supported                       = (known after apply)
TestReboot 2026-04-17T16:52:07-05:00 logger.go:66:       + maximum_ipv4_addresses_per_interface = (known after apply)
TestReboot 2026-04-17T16:52:07-05:00 logger.go:66:       + maximum_ipv6_addresses_per_interface = (known after apply)
TestReboot 2026-04-17T16:52:07-05:00 logger.go:66:       + maximum_network_cards                = (known after apply)
TestReboot 2026-04-17T16:52:07-05:00 logger.go:66:       + maximum_network_interfaces           = (known after apply)
TestReboot 2026-04-17T16:52:07-05:00 logger.go:66:       + media_accelerators                   = (known after apply)
TestReboot 2026-04-17T16:52:07-05:00 logger.go:66:       + memory_size                          = (known after apply)
TestReboot 2026-04-17T16:52:07-05:00 logger.go:66:       + network_cards                        = (known after apply)
TestReboot 2026-04-17T16:52:07-05:00 logger.go:66:       + network_performance                  = (known after apply)
TestReboot 2026-04-17T16:52:07-05:00 logger.go:66:       + neuron_devices                       = (known after apply)
TestReboot 2026-04-17T16:52:07-05:00 logger.go:66:       + nitro_enclaves_support               = (known after apply)
TestReboot 2026-04-17T16:52:07-05:00 logger.go:66:       + nitro_tpm_support                    = (known after apply)
TestReboot 2026-04-17T16:52:07-05:00 logger.go:66:       + nitro_tpm_supported_versions         = (known after apply)
TestReboot 2026-04-17T16:52:07-05:00 logger.go:66:       + phc_support                          = (known after apply)
TestReboot 2026-04-17T16:52:07-05:00 logger.go:66:       + region                               = (known after apply)
TestReboot 2026-04-17T16:52:07-05:00 logger.go:66:       + supported_architectures              = (known after apply)
TestReboot 2026-04-17T16:52:07-05:00 logger.go:66:       + supported_cpu_features               = (known after apply)
TestReboot 2026-04-17T16:52:07-05:00 logger.go:66:       + supported_placement_strategies       = (known after apply)
TestReboot 2026-04-17T16:52:07-05:00 logger.go:66:       + supported_root_device_types          = (known after apply)
TestReboot 2026-04-17T16:52:07-05:00 logger.go:66:       + supported_usages_classes             = (known after apply)
TestReboot 2026-04-17T16:52:07-05:00 logger.go:66:       + supported_virtualization_types       = (known after apply)
TestReboot 2026-04-17T16:52:07-05:00 logger.go:66:       + sustained_clock_speed                = (known after apply)
TestReboot 2026-04-17T16:52:07-05:00 logger.go:66:       + total_fpga_memory                    = (known after apply)
TestReboot 2026-04-17T16:52:07-05:00 logger.go:66:       + total_gpu_memory                     = (known after apply)
TestReboot 2026-04-17T16:52:07-05:00 logger.go:66:       + total_inference_memory               = (known after apply)
TestReboot 2026-04-17T16:52:07-05:00 logger.go:66:       + total_instance_storage               = (known after apply)
TestReboot 2026-04-17T16:52:07-05:00 logger.go:66:       + total_media_memory                   = (known after apply)
TestReboot 2026-04-17T16:52:07-05:00 logger.go:66:       + total_neuron_device_memory           = (known after apply)
TestReboot 2026-04-17T16:52:07-05:00 logger.go:66:       + valid_cores                          = (known after apply)
TestReboot 2026-04-17T16:52:07-05:00 logger.go:66:       + valid_threads_per_core               = (known after apply)
TestReboot 2026-04-17T16:52:07-05:00 logger.go:66:     }
TestReboot 2026-04-17T16:52:07-05:00 logger.go:66: 
TestReboot 2026-04-17T16:52:07-05:00 logger.go:66:   # module.server.module.server[0].data.aws_key_pair.ssh_key_selected[0] will be read during apply
TestReboot 2026-04-17T16:52:07-05:00 logger.go:66:   # (depends on a resource or a module with changes pending)
TestReboot 2026-04-17T16:52:07-05:00 logger.go:66:  <= data "aws_key_pair" "ssh_key_selected" {
TestReboot 2026-04-17T16:52:07-05:00 logger.go:66:       + arn         = (known after apply)
TestReboot 2026-04-17T16:52:07-05:00 logger.go:66:       + create_time = (known after apply)
TestReboot 2026-04-17T16:52:07-05:00 logger.go:66:       + fingerprint = (known after apply)
TestReboot 2026-04-17T16:52:07-05:00 logger.go:66:       + id          = (known after apply)
TestReboot 2026-04-17T16:52:07-05:00 logger.go:66:       + key_name    = "terraform-ci-YS0zMTE0Mi1kCg-reboot"
TestReboot 2026-04-17T16:52:07-05:00 logger.go:66:       + key_type    = (known after apply)
TestReboot 2026-04-17T16:52:07-05:00 logger.go:66:       + public_key  = (known after apply)
TestReboot 2026-04-17T16:52:07-05:00 logger.go:66:       + region      = (known after apply)
TestReboot 2026-04-17T16:52:07-05:00 logger.go:66:       + tags        = (known after apply)
TestReboot 2026-04-17T16:52:07-05:00 logger.go:66:     }
TestReboot 2026-04-17T16:52:07-05:00 logger.go:66: 
TestReboot 2026-04-17T16:52:07-05:00 logger.go:66:   # module.server.module.server[0].data.aws_security_group.general_info_create[0] will be read during apply
TestReboot 2026-04-17T16:52:07-05:00 logger.go:66:   # (depends on a resource or a module with changes pending)
TestReboot 2026-04-17T16:52:07-05:00 logger.go:66:  <= data "aws_security_group" "general_info_create" {
TestReboot 2026-04-17T16:52:07-05:00 logger.go:66:       + arn         = (known after apply)
TestReboot 2026-04-17T16:52:07-05:00 logger.go:66:       + description = (known after apply)
TestReboot 2026-04-17T16:52:07-05:00 logger.go:66:       + id          = (known after apply)
TestReboot 2026-04-17T16:52:07-05:00 logger.go:66:       + name        = (known after apply)
TestReboot 2026-04-17T16:52:07-05:00 logger.go:66:       + region      = (known after apply)
TestReboot 2026-04-17T16:52:07-05:00 logger.go:66:       + tags        = (known after apply)
TestReboot 2026-04-17T16:52:07-05:00 logger.go:66:       + vpc_id      = (known after apply)
TestReboot 2026-04-17T16:52:07-05:00 logger.go:66: 
TestReboot 2026-04-17T16:52:07-05:00 logger.go:66:       + filter {
TestReboot 2026-04-17T16:52:07-05:00 logger.go:66:           + name   = "tag:Name"
TestReboot 2026-04-17T16:52:07-05:00 logger.go:66:           + values = [
TestReboot 2026-04-17T16:52:07-05:00 logger.go:66:               + "tf-d0ef3-YS0zMTE0Mi1kCg-reboot-sg",
TestReboot 2026-04-17T16:52:07-05:00 logger.go:66:             ]
TestReboot 2026-04-17T16:52:07-05:00 logger.go:66:         }
TestReboot 2026-04-17T16:52:07-05:00 logger.go:66:     }
TestReboot 2026-04-17T16:52:07-05:00 logger.go:66: 
TestReboot 2026-04-17T16:52:07-05:00 logger.go:66:   # module.server.module.server[0].data.aws_subnet.general_info_create[0] will be read during apply
TestReboot 2026-04-17T16:52:07-05:00 logger.go:66:   # (depends on a resource or a module with changes pending)
TestReboot 2026-04-17T16:52:07-05:00 logger.go:66:  <= data "aws_subnet" "general_info_create" {
TestReboot 2026-04-17T16:52:07-05:00 logger.go:66:       + arn                                            = (known after apply)
TestReboot 2026-04-17T16:52:07-05:00 logger.go:66:       + assign_ipv6_address_on_creation                = (known after apply)
TestReboot 2026-04-17T16:52:07-05:00 logger.go:66:       + availability_zone                              = (known after apply)
TestReboot 2026-04-17T16:52:07-05:00 logger.go:66:       + availability_zone_id                           = (known after apply)
TestReboot 2026-04-17T16:52:07-05:00 logger.go:66:       + available_ip_address_count                     = (known after apply)
TestReboot 2026-04-17T16:52:07-05:00 logger.go:66:       + cidr_block                                     = (known after apply)
TestReboot 2026-04-17T16:52:07-05:00 logger.go:66:       + customer_owned_ipv4_pool                       = (known after apply)
TestReboot 2026-04-17T16:52:07-05:00 logger.go:66:       + default_for_az                                 = (known after apply)
TestReboot 2026-04-17T16:52:07-05:00 logger.go:66:       + enable_dns64                                   = (known after apply)
TestReboot 2026-04-17T16:52:07-05:00 logger.go:66:       + enable_lni_at_device_index                     = (known after apply)
TestReboot 2026-04-17T16:52:07-05:00 logger.go:66:       + enable_resource_name_dns_a_record_on_launch    = (known after apply)
TestReboot 2026-04-17T16:52:07-05:00 logger.go:66:       + enable_resource_name_dns_aaaa_record_on_launch = (known after apply)
TestReboot 2026-04-17T16:52:07-05:00 logger.go:66:       + id                                             = (known after apply)
TestReboot 2026-04-17T16:52:07-05:00 logger.go:66:       + ipv6_cidr_block                                = (known after apply)
TestReboot 2026-04-17T16:52:07-05:00 logger.go:66:       + ipv6_cidr_block_association_id                 = (known after apply)
TestReboot 2026-04-17T16:52:07-05:00 logger.go:66:       + ipv6_native                                    = (known after apply)
TestReboot 2026-04-17T16:52:07-05:00 logger.go:66:       + map_customer_owned_ip_on_launch                = (known after apply)
TestReboot 2026-04-17T16:52:07-05:00 logger.go:66:       + map_public_ip_on_launch                        = (known after apply)
TestReboot 2026-04-17T16:52:07-05:00 logger.go:66:       + outpost_arn                                    = (known after apply)
TestReboot 2026-04-17T16:52:07-05:00 logger.go:66:       + owner_id                                       = (known after apply)
TestReboot 2026-04-17T16:52:07-05:00 logger.go:66:       + private_dns_hostname_type_on_launch            = (known after apply)
TestReboot 2026-04-17T16:52:07-05:00 logger.go:66:       + region                                         = (known after apply)
TestReboot 2026-04-17T16:52:07-05:00 logger.go:66:       + state                                          = (known after apply)
TestReboot 2026-04-17T16:52:07-05:00 logger.go:66:       + tags                                           = (known after apply)
TestReboot 2026-04-17T16:52:07-05:00 logger.go:66:       + vpc_id                                         = (known after apply)
TestReboot 2026-04-17T16:52:07-05:00 logger.go:66: 
TestReboot 2026-04-17T16:52:07-05:00 logger.go:66:       + filter {
TestReboot 2026-04-17T16:52:07-05:00 logger.go:66:           + name   = "tag:Name"
TestReboot 2026-04-17T16:52:07-05:00 logger.go:66:           + values = [
TestReboot 2026-04-17T16:52:07-05:00 logger.go:66:               + "tf-d0ef3-YS0zMTE0Mi1kCg-reboot-vpc-us-west-2a",
TestReboot 2026-04-17T16:52:07-05:00 logger.go:66:             ]
TestReboot 2026-04-17T16:52:07-05:00 logger.go:66:         }
TestReboot 2026-04-17T16:52:07-05:00 logger.go:66:     }
TestReboot 2026-04-17T16:52:07-05:00 logger.go:66: 
TestReboot 2026-04-17T16:52:07-05:00 logger.go:66:   # module.server.module.server[0].data.aws_vpc.general_info_create[0] will be read during apply
TestReboot 2026-04-17T16:52:07-05:00 logger.go:66:   # (config refers to values not yet known)
TestReboot 2026-04-17T16:52:07-05:00 logger.go:66:  <= data "aws_vpc" "general_info_create" {
TestReboot 2026-04-17T16:52:07-05:00 logger.go:66:       + arn                                  = (known after apply)
TestReboot 2026-04-17T16:52:07-05:00 logger.go:66:       + cidr_block                           = (known after apply)
TestReboot 2026-04-17T16:52:07-05:00 logger.go:66:       + cidr_block_associations              = (known after apply)
TestReboot 2026-04-17T16:52:07-05:00 logger.go:66:       + default                              = (known after apply)
TestReboot 2026-04-17T16:52:07-05:00 logger.go:66:       + dhcp_options_id                      = (known after apply)
TestReboot 2026-04-17T16:52:07-05:00 logger.go:66:       + enable_dns_hostnames                 = (known after apply)
TestReboot 2026-04-17T16:52:07-05:00 logger.go:66:       + enable_dns_support                   = (known after apply)
TestReboot 2026-04-17T16:52:07-05:00 logger.go:66:       + enable_network_address_usage_metrics = (known after apply)
TestReboot 2026-04-17T16:52:07-05:00 logger.go:66:       + id                                   = (known after apply)
TestReboot 2026-04-17T16:52:07-05:00 logger.go:66:       + instance_tenancy                     = (known after apply)
TestReboot 2026-04-17T16:52:07-05:00 logger.go:66:       + ipv6_association_id                  = (known after apply)
TestReboot 2026-04-17T16:52:07-05:00 logger.go:66:       + ipv6_cidr_block                      = (known after apply)
TestReboot 2026-04-17T16:52:07-05:00 logger.go:66:       + main_route_table_id                  = (known after apply)
TestReboot 2026-04-17T16:52:07-05:00 logger.go:66:       + owner_id                             = (known after apply)
TestReboot 2026-04-17T16:52:07-05:00 logger.go:66:       + region                               = (known after apply)
TestReboot 2026-04-17T16:52:07-05:00 logger.go:66:       + state                                = (known after apply)
TestReboot 2026-04-17T16:52:07-05:00 logger.go:66:       + tags                                 = (known after apply)
TestReboot 2026-04-17T16:52:07-05:00 logger.go:66:     }
TestReboot 2026-04-17T16:52:07-05:00 logger.go:66: 
TestReboot 2026-04-17T16:52:07-05:00 logger.go:66:   # module.server.module.server[0].aws_instance.created[0] will be created
TestReboot 2026-04-17T16:52:07-05:00 logger.go:66:   + resource "aws_instance" "created" {
TestReboot 2026-04-17T16:52:07-05:00 logger.go:66:       + ami                                  = (known after apply)
TestReboot 2026-04-17T16:52:07-05:00 logger.go:66:       + arn                                  = (known after apply)
TestReboot 2026-04-17T16:52:07-05:00 logger.go:66:       + associate_public_ip_address          = (known after apply)
TestReboot 2026-04-17T16:52:07-05:00 logger.go:66:       + availability_zone                    = (known after apply)
TestReboot 2026-04-17T16:52:07-05:00 logger.go:66:       + disable_api_stop                     = (known after apply)
TestReboot 2026-04-17T16:52:07-05:00 logger.go:66:       + disable_api_termination              = (known after apply)
TestReboot 2026-04-17T16:52:07-05:00 logger.go:66:       + ebs_optimized                        = (known after apply)
TestReboot 2026-04-17T16:52:07-05:00 logger.go:66:       + enable_primary_ipv6                  = (known after apply)
TestReboot 2026-04-17T16:52:07-05:00 logger.go:66:       + force_destroy                        = false
TestReboot 2026-04-17T16:52:07-05:00 logger.go:66:       + get_password_data                    = false
TestReboot 2026-04-17T16:52:07-05:00 logger.go:66:       + host_id                              = (known after apply)
TestReboot 2026-04-17T16:52:07-05:00 logger.go:66:       + host_resource_group_arn              = (known after apply)
TestReboot 2026-04-17T16:52:07-05:00 logger.go:66:       + iam_instance_profile                 = (known after apply)
TestReboot 2026-04-17T16:52:07-05:00 logger.go:66:       + id                                   = (known after apply)
TestReboot 2026-04-17T16:52:07-05:00 logger.go:66:       + instance_initiated_shutdown_behavior = "stop"
TestReboot 2026-04-17T16:52:07-05:00 logger.go:66:       + instance_lifecycle                   = (known after apply)
TestReboot 2026-04-17T16:52:07-05:00 logger.go:66:       + instance_state                       = (known after apply)
TestReboot 2026-04-17T16:52:07-05:00 logger.go:66:       + instance_type                        = (known after apply)
TestReboot 2026-04-17T16:52:07-05:00 logger.go:66:       + ipv6_address_count                   = (known after apply)
TestReboot 2026-04-17T16:52:07-05:00 logger.go:66:       + ipv6_addresses                       = (known after apply)
TestReboot 2026-04-17T16:52:07-05:00 logger.go:66:       + key_name                             = "terraform-ci-YS0zMTE0Mi1kCg-reboot"
TestReboot 2026-04-17T16:52:07-05:00 logger.go:66:       + monitoring                           = (known after apply)
TestReboot 2026-04-17T16:52:07-05:00 logger.go:66:       + outpost_arn                          = (known after apply)
TestReboot 2026-04-17T16:52:07-05:00 logger.go:66:       + password_data                        = (known after apply)
TestReboot 2026-04-17T16:52:07-05:00 logger.go:66:       + placement_group                      = (known after apply)
TestReboot 2026-04-17T16:52:07-05:00 logger.go:66:       + placement_group_id                   = (known after apply)
TestReboot 2026-04-17T16:52:07-05:00 logger.go:66:       + placement_partition_number           = (known after apply)
TestReboot 2026-04-17T16:52:07-05:00 logger.go:66:       + primary_network_interface_id         = (known after apply)
TestReboot 2026-04-17T16:52:07-05:00 logger.go:66:       + private_dns                          = (known after apply)
TestReboot 2026-04-17T16:52:07-05:00 logger.go:66:       + private_ip                           = (known after apply)
TestReboot 2026-04-17T16:52:07-05:00 logger.go:66:       + public_dns                           = (known after apply)
TestReboot 2026-04-17T16:52:07-05:00 logger.go:66:       + public_ip                            = (known after apply)
TestReboot 2026-04-17T16:52:07-05:00 logger.go:66:       + region                               = "us-west-2"
TestReboot 2026-04-17T16:52:07-05:00 logger.go:66:       + secondary_private_ips                = (known after apply)
TestReboot 2026-04-17T16:52:07-05:00 logger.go:66:       + security_groups                      = (known after apply)
TestReboot 2026-04-17T16:52:07-05:00 logger.go:66:       + source_dest_check                    = true
TestReboot 2026-04-17T16:52:07-05:00 logger.go:66:       + spot_instance_request_id             = (known after apply)
TestReboot 2026-04-17T16:52:07-05:00 logger.go:66:       + subnet_id                            = (known after apply)
TestReboot 2026-04-17T16:52:07-05:00 logger.go:66:       + tags                                 = (known after apply)
TestReboot 2026-04-17T16:52:07-05:00 logger.go:66:       + tags_all                             = (known after apply)
TestReboot 2026-04-17T16:52:07-05:00 logger.go:66:       + tenancy                              = (known after apply)
TestReboot 2026-04-17T16:52:07-05:00 logger.go:66:       + user_data_base64                     = (known after apply)
TestReboot 2026-04-17T16:52:07-05:00 logger.go:66:       + user_data_replace_on_change          = true
TestReboot 2026-04-17T16:52:07-05:00 logger.go:66:       + vpc_security_group_ids               = (known after apply)
TestReboot 2026-04-17T16:52:07-05:00 logger.go:66: 
TestReboot 2026-04-17T16:52:07-05:00 logger.go:66:       + root_block_device {
TestReboot 2026-04-17T16:52:07-05:00 logger.go:66:           + delete_on_termination = true
TestReboot 2026-04-17T16:52:07-05:00 logger.go:66:           + device_name           = (known after apply)
TestReboot 2026-04-17T16:52:07-05:00 logger.go:66:           + encrypted             = (known after apply)
TestReboot 2026-04-17T16:52:07-05:00 logger.go:66:           + iops                  = (known after apply)
TestReboot 2026-04-17T16:52:07-05:00 logger.go:66:           + kms_key_id            = (known after apply)
TestReboot 2026-04-17T16:52:07-05:00 logger.go:66:           + tags                  = (known after apply)
TestReboot 2026-04-17T16:52:07-05:00 logger.go:66:           + tags_all              = (known after apply)
TestReboot 2026-04-17T16:52:07-05:00 logger.go:66:           + throughput            = (known after apply)
TestReboot 2026-04-17T16:52:07-05:00 logger.go:66:           + volume_id             = (known after apply)
TestReboot 2026-04-17T16:52:07-05:00 logger.go:66:           + volume_size           = 20
TestReboot 2026-04-17T16:52:07-05:00 logger.go:66:           + volume_type           = (known after apply)
TestReboot 2026-04-17T16:52:07-05:00 logger.go:66:         }
TestReboot 2026-04-17T16:52:07-05:00 logger.go:66:     }
TestReboot 2026-04-17T16:52:07-05:00 logger.go:66: 
TestReboot 2026-04-17T16:52:07-05:00 logger.go:66: Plan: 28 to add, 0 to change, 0 to destroy.
TestReboot 2026-04-17T16:52:07-05:00 logger.go:66: 
TestReboot 2026-04-17T16:52:07-05:00 logger.go:66: Changes to Outputs:
TestReboot 2026-04-17T16:52:07-05:00 logger.go:66:   + access = (sensitive value)
TestReboot 2026-04-17T16:52:07-05:00 logger.go:66:   + server = {
TestReboot 2026-04-17T16:52:07-05:00 logger.go:66:       + availability_zone                 = (known after apply)
TestReboot 2026-04-17T16:52:07-05:00 logger.go:66:       + id                                = (known after apply)
TestReboot 2026-04-17T16:52:07-05:00 logger.go:66:       + instance_state                    = (known after apply)
TestReboot 2026-04-17T16:52:07-05:00 logger.go:66:       + ipv6_addresses                    = (known after apply)
TestReboot 2026-04-17T16:52:07-05:00 logger.go:66:       + key_name                          = "terraform-ci-YS0zMTE0Mi1kCg-reboot"
TestReboot 2026-04-17T16:52:07-05:00 logger.go:66:       + primary_network_interface_id      = ""
TestReboot 2026-04-17T16:52:07-05:00 logger.go:66:       + private_ip                        = (known after apply)
TestReboot 2026-04-17T16:52:07-05:00 logger.go:66:       + public_dns                        = (known after apply)
TestReboot 2026-04-17T16:52:07-05:00 logger.go:66:       + public_ip                         = (known after apply)
TestReboot 2026-04-17T16:52:07-05:00 logger.go:66:       + root_volume_delete_on_termination = (known after apply)
TestReboot 2026-04-17T16:52:07-05:00 logger.go:66:       + root_volume_encrypted             = (known after apply)
TestReboot 2026-04-17T16:52:07-05:00 logger.go:66:       + root_volume_id                    = (known after apply)
TestReboot 2026-04-17T16:52:07-05:00 logger.go:66:       + root_volume_size                  = (known after apply)
TestReboot 2026-04-17T16:52:07-05:00 logger.go:66:       + root_volume_tags                  = (known after apply)
TestReboot 2026-04-17T16:52:07-05:00 logger.go:66:       + security_group_ids                = (known after apply)
TestReboot 2026-04-17T16:52:07-05:00 logger.go:66:       + shutdown_behavior                 = "stop"
TestReboot 2026-04-17T16:52:07-05:00 logger.go:66:       + subnet_id                         = (known after apply)
TestReboot 2026-04-17T16:52:07-05:00 logger.go:66:       + tags_all                          = (known after apply)
TestReboot 2026-04-17T16:52:07-05:00 logger.go:66:       + type_id                           = (known after apply)
TestReboot 2026-04-17T16:52:07-05:00 logger.go:66:       + user_data_base64                  = (known after apply)
TestReboot 2026-04-17T16:52:07-05:00 logger.go:66:       + user_data_replace_on_change       = true
TestReboot 2026-04-17T16:52:07-05:00 logger.go:66:       + volume_tags                       = null
TestReboot 2026-04-17T16:52:07-05:00 logger.go:66:       + vpc_id                            = (known after apply)
TestReboot 2026-04-17T16:52:07-05:00 logger.go:66:     }
TestReboot 2026-04-17T16:52:07-05:00 logger.go:66: module.config.null_resource.write_config["50-initial-generated-config.yaml"]: Creating...
TestReboot 2026-04-17T16:52:07-05:00 logger.go:66: random_pet.server: Creating...
TestReboot 2026-04-17T16:52:07-05:00 logger.go:66: module.config.null_resource.write_config["50-initial-generated-config.yaml"]: Provisioning with 'local-exec'...
TestReboot 2026-04-17T16:52:07-05:00 logger.go:66: random_pet.server: Creation complete after 0s [id=gazelle]
TestReboot 2026-04-17T16:52:07-05:00 logger.go:66: module.config.null_resource.write_config["50-initial-generated-config.yaml"] (local-exec): Executing: ["/bin/sh" "-c" "set -e\nset -x\ninstall -d './data/YS0zMTE0Mi1kCg-reboot'\ncat << EOF > './data/YS0zMTE0Mi1kCg-reboot/50-initial-generated-config.yaml'\n\nEOF\nchmod 0600 './data/YS0zMTE0Mi1kCg-reboot/50-initial-generated-config.yaml'\n"]
TestReboot 2026-04-17T16:52:07-05:00 logger.go:66: module.config.null_resource.write_config["50-initial-generated-config.yaml"] (local-exec): + install -d ./data/YS0zMTE0Mi1kCg-reboot
TestReboot 2026-04-17T16:52:07-05:00 logger.go:66: module.config.null_resource.write_config["50-initial-generated-config.yaml"] (local-exec): + cat
TestReboot 2026-04-17T16:52:07-05:00 logger.go:66: module.config.null_resource.write_config["50-initial-generated-config.yaml"] (local-exec): + chmod 0600 ./data/YS0zMTE0Mi1kCg-reboot/50-initial-generated-config.yaml
TestReboot 2026-04-17T16:52:07-05:00 logger.go:66: module.config.null_resource.write_config["50-initial-generated-config.yaml"]: Creation complete after 0s [id=8224297989399399876]
TestReboot 2026-04-17T16:52:08-05:00 logger.go:66: module.access.module.vpc[0].aws_vpc.new[0]: Creating...
TestReboot 2026-04-17T16:52:18-05:00 logger.go:66: module.access.module.vpc[0].aws_vpc.new[0]: Still creating... [10s elapsed]
TestReboot 2026-04-17T16:52:21-05:00 logger.go:66: module.access.module.vpc[0].aws_vpc.new[0]: Creation complete after 12s [id=vpc-0194a17e0af8c23a5]
TestReboot 2026-04-17T16:52:21-05:00 logger.go:66: module.access.module.vpc[0].aws_internet_gateway.new[0]: Creating...
TestReboot 2026-04-17T16:52:21-05:00 logger.go:66: module.access.module.vpc[0].aws_internet_gateway.new[0]: Creation complete after 1s [id=igw-0896b910ec9276beb]
TestReboot 2026-04-17T16:52:21-05:00 logger.go:66: module.access.module.vpc[0].aws_route.public_ipv4[0]: Creating...
TestReboot 2026-04-17T16:52:22-05:00 logger.go:66: module.access.module.vpc[0].aws_route.public_ipv4[0]: Creation complete after 1s [id=r-rtb-0b42dcaed086f3cbf1080289494]
TestReboot 2026-04-17T16:52:22-05:00 logger.go:66: module.access.module.subnet["0"].aws_subnet.created[0]: Creating...
TestReboot 2026-04-17T16:52:23-05:00 logger.go:66: module.access.module.subnet["0"].aws_subnet.created[0]: Creation complete after 1s [id=subnet-06fd050084d3b716c]
TestReboot 2026-04-17T16:52:23-05:00 logger.go:66: module.access.module.project_security_group[0].aws_security_group.new[0]: Creating...
TestReboot 2026-04-17T16:52:25-05:00 logger.go:66: module.access.module.project_security_group[0].aws_security_group.new[0]: Creation complete after 2s [id=sg-0d2e2bb2a01351791]
TestReboot 2026-04-17T16:52:25-05:00 logger.go:66: module.access.module.project_security_group[0].aws_vpc_security_group_egress_rule.external_egress_ipv4[0]: Creating...
TestReboot 2026-04-17T16:52:25-05:00 logger.go:66: module.access.module.project_security_group[0].aws_vpc_security_group_egress_rule.project_egress_ipv4[0]: Creating...
TestReboot 2026-04-17T16:52:25-05:00 logger.go:66: module.access.module.project_security_group[0].aws_vpc_security_group_ingress_rule.project_ingress_ipv4[0]: Creating...
TestReboot 2026-04-17T16:52:26-05:00 logger.go:66: module.access.module.project_security_group[0].aws_vpc_security_group_egress_rule.external_egress_ipv4[0]: Creation complete after 0s [id=sgr-05da5342f0b2f6658]
TestReboot 2026-04-17T16:52:28-05:00 logger.go:66: module.access.module.project_security_group[0].aws_vpc_security_group_egress_rule.project_egress_ipv4[0]: Creation complete after 2s [id=sgr-041d0f54ec50ceac2]
TestReboot 2026-04-17T16:52:28-05:00 logger.go:66: module.access.module.project_security_group[0].aws_vpc_security_group_ingress_rule.project_ingress_ipv4[0]: Creation complete after 2s [id=sgr-0882e84974f4db6ec]
TestReboot 2026-04-17T16:52:28-05:00 logger.go:66: module.server.module.image[0].data.aws_ami.search[0]: Reading...
TestReboot 2026-04-17T16:52:28-05:00 logger.go:66: module.server.module.image[0].data.aws_ami.search[0]: Read complete after 1s [id=ami-06f36f10a4fc52ea4]
TestReboot 2026-04-17T16:52:28-05:00 logger.go:66: module.server.module.server[0].data.aws_key_pair.ssh_key_selected[0]: Reading...
TestReboot 2026-04-17T16:52:28-05:00 logger.go:66: module.server.module.server[0].data.aws_security_group.general_info_create[0]: Reading...
TestReboot 2026-04-17T16:52:28-05:00 logger.go:66: module.server.module.server[0].data.aws_subnet.general_info_create[0]: Reading...
TestReboot 2026-04-17T16:52:28-05:00 logger.go:66: module.server.module.server[0].data.aws_ec2_instance_type.general_info_create[0]: Reading...
TestReboot 2026-04-17T16:52:28-05:00 logger.go:66: module.server.module.server[0].data.aws_key_pair.ssh_key_selected[0]: Read complete after 0s [id=key-00015523955150416]
TestReboot 2026-04-17T16:52:28-05:00 logger.go:66: module.server.module.server[0].data.aws_subnet.general_info_create[0]: Read complete after 0s [id=subnet-06fd050084d3b716c]
TestReboot 2026-04-17T16:52:29-05:00 logger.go:66: module.server.module.server[0].data.aws_availability_zone.general_info_create[0]: Reading...
TestReboot 2026-04-17T16:52:29-05:00 logger.go:66: module.server.module.server[0].data.aws_security_group.general_info_create[0]: Read complete after 0s [id=sg-0d2e2bb2a01351791]
TestReboot 2026-04-17T16:52:29-05:00 logger.go:66: module.server.module.server[0].data.aws_vpc.general_info_create[0]: Reading...
TestReboot 2026-04-17T16:52:29-05:00 logger.go:66: module.server.module.server[0].data.aws_ec2_instance_type.general_info_create[0]: Read complete after 0s [id=c8i.large]
TestReboot 2026-04-17T16:52:29-05:00 logger.go:66: module.server.module.server[0].aws_instance.created[0]: Creating...
TestReboot 2026-04-17T16:52:29-05:00 logger.go:66: module.server.module.server[0].data.aws_availability_zone.general_info_create[0]: Read complete after 0s [id=us-west-2a]
TestReboot 2026-04-17T16:52:29-05:00 logger.go:66: module.server.module.server[0].data.aws_vpc.general_info_create[0]: Read complete after 1s [id=vpc-0194a17e0af8c23a5]
TestReboot 2026-04-17T16:52:39-05:00 logger.go:66: module.server.module.server[0].aws_instance.created[0]: Still creating... [10s elapsed]
TestReboot 2026-04-17T16:52:43-05:00 logger.go:66: module.server.module.server[0].aws_instance.created[0]: Creation complete after 14s [id=i-0ebbeeeab0aca64ff]
TestReboot 2026-04-17T16:52:43-05:00 logger.go:66: module.server.module.direct_access[0].data.aws_security_group.server_security_group: Reading...
TestReboot 2026-04-17T16:52:43-05:00 logger.go:66: module.server.module.direct_access[0].aws_eip.created[0]: Creating...
TestReboot 2026-04-17T16:52:43-05:00 logger.go:66: module.server.module.direct_access[0].aws_security_group.direct_access: Creating...
TestReboot 2026-04-17T16:52:43-05:00 logger.go:66: module.server.module.direct_access[0].data.aws_security_group.server_security_group: Read complete after 0s [id=sg-0d2e2bb2a01351791]
TestReboot 2026-04-17T16:52:44-05:00 logger.go:66: module.server.module.direct_access[0].aws_eip.created[0]: Creation complete after 1s [id=eipalloc-0c1616de58fd3c475]
TestReboot 2026-04-17T16:52:44-05:00 logger.go:66: module.server.module.direct_access[0].aws_eip_association.created[0]: Creating...
TestReboot 2026-04-17T16:52:45-05:00 logger.go:66: module.server.module.direct_access[0].aws_security_group.direct_access: Creation complete after 2s [id=sg-0159c66512429d4c7]
TestReboot 2026-04-17T16:52:45-05:00 logger.go:66: module.server.module.direct_access[0].aws_network_interface_sg_attachment.server_security_group_attachment: Creating...
TestReboot 2026-04-17T16:52:45-05:00 logger.go:66: module.server.module.direct_access[0].aws_vpc_security_group_ingress_rule.server_direct_link: Creating...
TestReboot 2026-04-17T16:52:45-05:00 logger.go:66: module.server.module.direct_access[0].aws_vpc_security_group_ingress_rule.server_ingress["runnerKube-0"]: Creating...
TestReboot 2026-04-17T16:52:45-05:00 logger.go:66: module.server.module.direct_access[0].aws_vpc_security_group_ingress_rule.server_ingress["runnerSsh-0"]: Creating...
TestReboot 2026-04-17T16:52:45-05:00 logger.go:66: module.server.module.direct_access[0].aws_vpc_security_group_ingress_rule.server_ingress["runnerKube-0"]: Creation complete after 1s [id=sgr-032be4cfedf71d5aa]
TestReboot 2026-04-17T16:52:45-05:00 logger.go:66: module.server.module.direct_access[0].aws_vpc_security_group_ingress_rule.server_ingress["runnerSsh-0"]: Creation complete after 1s [id=sgr-00a958ebcbb6f4e9d]
TestReboot 2026-04-17T16:52:45-05:00 logger.go:66: module.server.module.direct_access[0].aws_vpc_security_group_ingress_rule.server_direct_link: Creation complete after 1s [id=sgr-0a9dde9accee98a37]
TestReboot 2026-04-17T16:52:46-05:00 logger.go:66: module.server.module.direct_access[0].aws_eip_association.created[0]: Creation complete after 2s [id=eipassoc-06d2273a5c630590b]
TestReboot 2026-04-17T16:52:46-05:00 logger.go:66: module.server.module.direct_access[0].aws_network_interface_sg_attachment.server_security_group_attachment: Creation complete after 1s [id=sg-0159c66512429d4c7_eni-0475ca5eaa0fdafeb]
TestReboot 2026-04-17T16:52:46-05:00 logger.go:66: module.server.module.direct_access[0].terraform_data.setup[0]: Creating...
TestReboot 2026-04-17T16:52:46-05:00 logger.go:66: module.server.module.direct_access[0].terraform_data.setup[0]: Provisioning with 'remote-exec'...
TestReboot 2026-04-17T16:52:46-05:00 logger.go:66: module.server.module.direct_access[0].terraform_data.setup[0] (remote-exec): Connecting to remote host via SSH...
TestReboot 2026-04-17T16:52:46-05:00 logger.go:66: module.server.module.direct_access[0].terraform_data.setup[0] (remote-exec):   Host: 52.37.171.161
TestReboot 2026-04-17T16:52:46-05:00 logger.go:66: module.server.module.direct_access[0].terraform_data.setup[0] (remote-exec):   User: ec2-user
TestReboot 2026-04-17T16:52:46-05:00 logger.go:66: module.server.module.direct_access[0].terraform_data.setup[0] (remote-exec):   Password: false
TestReboot 2026-04-17T16:52:46-05:00 logger.go:66: module.server.module.direct_access[0].terraform_data.setup[0] (remote-exec):   Private key: false
TestReboot 2026-04-17T16:52:46-05:00 logger.go:66: module.server.module.direct_access[0].terraform_data.setup[0] (remote-exec):   Certificate: false
TestReboot 2026-04-17T16:52:46-05:00 logger.go:66: module.server.module.direct_access[0].terraform_data.setup[0] (remote-exec):   SSH Agent: true
TestReboot 2026-04-17T16:52:46-05:00 logger.go:66: module.server.module.direct_access[0].terraform_data.setup[0] (remote-exec):   Checking Host Key: false
TestReboot 2026-04-17T16:52:46-05:00 logger.go:66: module.server.module.direct_access[0].terraform_data.setup[0] (remote-exec):   Target Platform: unix
TestReboot 2026-04-17T16:52:56-05:00 logger.go:66: module.server.module.direct_access[0].terraform_data.setup[0]: Still creating... [10s elapsed]
TestReboot 2026-04-17T16:53:02-05:00 logger.go:66: module.server.module.direct_access[0].terraform_data.setup[0] (remote-exec): Connecting to remote host via SSH...
TestReboot 2026-04-17T16:53:02-05:00 logger.go:66: module.server.module.direct_access[0].terraform_data.setup[0] (remote-exec):   Host: 52.37.171.161
TestReboot 2026-04-17T16:53:02-05:00 logger.go:66: module.server.module.direct_access[0].terraform_data.setup[0] (remote-exec):   User: ec2-user
TestReboot 2026-04-17T16:53:02-05:00 logger.go:66: module.server.module.direct_access[0].terraform_data.setup[0] (remote-exec):   Password: false
TestReboot 2026-04-17T16:53:02-05:00 logger.go:66: module.server.module.direct_access[0].terraform_data.setup[0] (remote-exec):   Private key: false
TestReboot 2026-04-17T16:53:02-05:00 logger.go:66: module.server.module.direct_access[0].terraform_data.setup[0] (remote-exec):   Certificate: false
TestReboot 2026-04-17T16:53:02-05:00 logger.go:66: module.server.module.direct_access[0].terraform_data.setup[0] (remote-exec):   SSH Agent: true
TestReboot 2026-04-17T16:53:02-05:00 logger.go:66: module.server.module.direct_access[0].terraform_data.setup[0] (remote-exec):   Checking Host Key: false
TestReboot 2026-04-17T16:53:02-05:00 logger.go:66: module.server.module.direct_access[0].terraform_data.setup[0] (remote-exec):   Target Platform: unix
TestReboot 2026-04-17T16:53:06-05:00 logger.go:66: module.server.module.direct_access[0].terraform_data.setup[0]: Still creating... [20s elapsed]
TestReboot 2026-04-17T16:53:08-05:00 logger.go:66: module.server.module.direct_access[0].terraform_data.setup[0] (remote-exec): Connecting to remote host via SSH...
TestReboot 2026-04-17T16:53:08-05:00 logger.go:66: module.server.module.direct_access[0].terraform_data.setup[0] (remote-exec):   Host: 52.37.171.161
TestReboot 2026-04-17T16:53:08-05:00 logger.go:66: module.server.module.direct_access[0].terraform_data.setup[0] (remote-exec):   User: ec2-user
TestReboot 2026-04-17T16:53:08-05:00 logger.go:66: module.server.module.direct_access[0].terraform_data.setup[0] (remote-exec):   Password: false
TestReboot 2026-04-17T16:53:08-05:00 logger.go:66: module.server.module.direct_access[0].terraform_data.setup[0] (remote-exec):   Private key: false
TestReboot 2026-04-17T16:53:08-05:00 logger.go:66: module.server.module.direct_access[0].terraform_data.setup[0] (remote-exec):   Certificate: false
TestReboot 2026-04-17T16:53:08-05:00 logger.go:66: module.server.module.direct_access[0].terraform_data.setup[0] (remote-exec):   SSH Agent: true
TestReboot 2026-04-17T16:53:08-05:00 logger.go:66: module.server.module.direct_access[0].terraform_data.setup[0] (remote-exec):   Checking Host Key: false
TestReboot 2026-04-17T16:53:08-05:00 logger.go:66: module.server.module.direct_access[0].terraform_data.setup[0] (remote-exec):   Target Platform: unix
TestReboot 2026-04-17T16:53:12-05:00 logger.go:66: module.server.module.direct_access[0].terraform_data.setup[0] (remote-exec): Connecting to remote host via SSH...
TestReboot 2026-04-17T16:53:12-05:00 logger.go:66: module.server.module.direct_access[0].terraform_data.setup[0] (remote-exec):   Host: 52.37.171.161
TestReboot 2026-04-17T16:53:12-05:00 logger.go:66: module.server.module.direct_access[0].terraform_data.setup[0] (remote-exec):   User: ec2-user
TestReboot 2026-04-17T16:53:12-05:00 logger.go:66: module.server.module.direct_access[0].terraform_data.setup[0] (remote-exec):   Password: false
TestReboot 2026-04-17T16:53:12-05:00 logger.go:66: module.server.module.direct_access[0].terraform_data.setup[0] (remote-exec):   Private key: false
TestReboot 2026-04-17T16:53:12-05:00 logger.go:66: module.server.module.direct_access[0].terraform_data.setup[0] (remote-exec):   Certificate: false
TestReboot 2026-04-17T16:53:12-05:00 logger.go:66: module.server.module.direct_access[0].terraform_data.setup[0] (remote-exec):   SSH Agent: true
TestReboot 2026-04-17T16:53:12-05:00 logger.go:66: module.server.module.direct_access[0].terraform_data.setup[0] (remote-exec):   Checking Host Key: false
TestReboot 2026-04-17T16:53:12-05:00 logger.go:66: module.server.module.direct_access[0].terraform_data.setup[0] (remote-exec):   Target Platform: unix
TestReboot 2026-04-17T16:53:16-05:00 logger.go:66: module.server.module.direct_access[0].terraform_data.setup[0]: Still creating... [30s elapsed]
TestReboot 2026-04-17T16:53:20-05:00 logger.go:66: module.server.module.direct_access[0].terraform_data.setup[0] (remote-exec): Connecting to remote host via SSH...
TestReboot 2026-04-17T16:53:20-05:00 logger.go:66: module.server.module.direct_access[0].terraform_data.setup[0] (remote-exec):   Host: 52.37.171.161
TestReboot 2026-04-17T16:53:20-05:00 logger.go:66: module.server.module.direct_access[0].terraform_data.setup[0] (remote-exec):   User: ec2-user
TestReboot 2026-04-17T16:53:20-05:00 logger.go:66: module.server.module.direct_access[0].terraform_data.setup[0] (remote-exec):   Password: false
TestReboot 2026-04-17T16:53:20-05:00 logger.go:66: module.server.module.direct_access[0].terraform_data.setup[0] (remote-exec):   Private key: false
TestReboot 2026-04-17T16:53:20-05:00 logger.go:66: module.server.module.direct_access[0].terraform_data.setup[0] (remote-exec):   Certificate: false
TestReboot 2026-04-17T16:53:20-05:00 logger.go:66: module.server.module.direct_access[0].terraform_data.setup[0] (remote-exec):   SSH Agent: true
TestReboot 2026-04-17T16:53:20-05:00 logger.go:66: module.server.module.direct_access[0].terraform_data.setup[0] (remote-exec):   Checking Host Key: false
TestReboot 2026-04-17T16:53:20-05:00 logger.go:66: module.server.module.direct_access[0].terraform_data.setup[0] (remote-exec):   Target Platform: unix
TestReboot 2026-04-17T16:53:21-05:00 logger.go:66: module.server.module.direct_access[0].terraform_data.setup[0] (remote-exec): Connected!
TestReboot 2026-04-17T16:53:22-05:00 logger.go:66: module.server.module.direct_access[0].terraform_data.setup[0] (remote-exec): connection successful
TestReboot 2026-04-17T16:53:22-05:00 logger.go:66: module.server.module.direct_access[0].terraform_data.setup[0]: Provisioning with 'file'...
TestReboot 2026-04-17T16:53:23-05:00 logger.go:66: module.server.module.direct_access[0].terraform_data.setup[0]: Provisioning with 'remote-exec'...
TestReboot 2026-04-17T16:53:23-05:00 logger.go:66: module.server.module.direct_access[0].terraform_data.setup[0] (remote-exec): Connecting to remote host via SSH...
TestReboot 2026-04-17T16:53:23-05:00 logger.go:66: module.server.module.direct_access[0].terraform_data.setup[0] (remote-exec):   Host: 52.37.171.161
TestReboot 2026-04-17T16:53:23-05:00 logger.go:66: module.server.module.direct_access[0].terraform_data.setup[0] (remote-exec):   User: ec2-user
TestReboot 2026-04-17T16:53:23-05:00 logger.go:66: module.server.module.direct_access[0].terraform_data.setup[0] (remote-exec):   Password: false
TestReboot 2026-04-17T16:53:23-05:00 logger.go:66: module.server.module.direct_access[0].terraform_data.setup[0] (remote-exec):   Private key: false
TestReboot 2026-04-17T16:53:23-05:00 logger.go:66: module.server.module.direct_access[0].terraform_data.setup[0] (remote-exec):   Certificate: false
TestReboot 2026-04-17T16:53:23-05:00 logger.go:66: module.server.module.direct_access[0].terraform_data.setup[0] (remote-exec):   SSH Agent: true
TestReboot 2026-04-17T16:53:23-05:00 logger.go:66: module.server.module.direct_access[0].terraform_data.setup[0] (remote-exec):   Checking Host Key: false
TestReboot 2026-04-17T16:53:23-05:00 logger.go:66: module.server.module.direct_access[0].terraform_data.setup[0] (remote-exec):   Target Platform: unix
TestReboot 2026-04-17T16:53:24-05:00 logger.go:66: module.server.module.direct_access[0].terraform_data.setup[0] (remote-exec): Connected!
TestReboot 2026-04-17T16:53:25-05:00 logger.go:66: module.server.module.direct_access[0].terraform_data.setup[0] (remote-exec): + set -e
TestReboot 2026-04-17T16:53:25-05:00 logger.go:66: module.server.module.direct_access[0].terraform_data.setup[0] (remote-exec): + sudo chmod +x /home/ec2-user/initial.sh
TestReboot 2026-04-17T16:53:25-05:00 logger.go:66: module.server.module.direct_access[0].terraform_data.setup[0] (remote-exec): + sudo /home/ec2-user/initial.sh ec2-user tf-ys0zmte0mi1kcg-reboot tf-d0ef3-YS0zMTE0Mi1kCg-reboot-gazelle wheel 5 true /home/tf-ys0zmte0mi1kcg-reboot
TestReboot 2026-04-17T16:53:25-05:00 logger.go:66: module.server.module.direct_access[0].terraform_data.setup[0] (remote-exec): + set -e
TestReboot 2026-04-17T16:53:25-05:00 logger.go:66: module.server.module.direct_access[0].terraform_data.setup[0] (remote-exec): + INITIAL_USER=ec2-user
TestReboot 2026-04-17T16:53:25-05:00 logger.go:66: module.server.module.direct_access[0].terraform_data.setup[0] (remote-exec): + USER=tf-ys0zmte0mi1kcg-reboot
TestReboot 2026-04-17T16:53:25-05:00 logger.go:66: module.server.module.direct_access[0].terraform_data.setup[0] (remote-exec): + NAME=tf-d0ef3-YS0zMTE0Mi1kCg-reboot-gazelle
TestReboot 2026-04-17T16:53:25-05:00 logger.go:66: module.server.module.direct_access[0].terraform_data.setup[0] (remote-exec): + ADMIN_GROUP=wheel
TestReboot 2026-04-17T16:53:25-05:00 logger.go:66: module.server.module.direct_access[0].terraform_data.setup[0] (remote-exec): + TIMEOUT=5
TestReboot 2026-04-17T16:53:25-05:00 logger.go:66: module.server.module.direct_access[0].terraform_data.setup[0] (remote-exec): + IGNORE_CLOUDINIT=true
TestReboot 2026-04-17T16:53:25-05:00 logger.go:66: module.server.module.direct_access[0].terraform_data.setup[0] (remote-exec): + USER_WORKFOLDER=/home/tf-ys0zmte0mi1kcg-reboot
TestReboot 2026-04-17T16:53:25-05:00 logger.go:66: module.server.module.direct_access[0].terraform_data.setup[0] (remote-exec): + '[' -z ec2-user ']'
TestReboot 2026-04-17T16:53:25-05:00 logger.go:66: module.server.module.direct_access[0].terraform_data.setup[0] (remote-exec): + '[' -z tf-ys0zmte0mi1kcg-reboot ']'
TestReboot 2026-04-17T16:53:25-05:00 logger.go:66: module.server.module.direct_access[0].terraform_data.setup[0] (remote-exec): + '[' -z tf-d0ef3-YS0zMTE0Mi1kCg-reboot-gazelle ']'
TestReboot 2026-04-17T16:53:25-05:00 logger.go:66: module.server.module.direct_access[0].terraform_data.setup[0] (remote-exec): + '[' -z wheel ']'
TestReboot 2026-04-17T16:53:25-05:00 logger.go:66: module.server.module.direct_access[0].terraform_data.setup[0] (remote-exec): + '[' -z 5 ']'
TestReboot 2026-04-17T16:53:25-05:00 logger.go:66: module.server.module.direct_access[0].terraform_data.setup[0] (remote-exec): + '[' -z true ']'
TestReboot 2026-04-17T16:53:25-05:00 logger.go:66: module.server.module.direct_access[0].terraform_data.setup[0] (remote-exec): ++ command -v cloud-init
TestReboot 2026-04-17T16:53:25-05:00 logger.go:66: module.server.module.direct_access[0].terraform_data.setup[0] (remote-exec): + '[' -z /usr/bin/cloud-init ']'
TestReboot 2026-04-17T16:53:25-05:00 logger.go:66: module.server.module.direct_access[0].terraform_data.setup[0] (remote-exec): + '[' true = false ']'
TestReboot 2026-04-17T16:53:25-05:00 logger.go:66: module.server.module.direct_access[0].terraform_data.setup[0] (remote-exec): + '[' true = true ']'
TestReboot 2026-04-17T16:53:25-05:00 logger.go:66: module.server.module.direct_access[0].terraform_data.setup[0] (remote-exec): + IGNORE_CLOUDINIT=1
TestReboot 2026-04-17T16:53:25-05:00 logger.go:66: module.server.module.direct_access[0].terraform_data.setup[0] (remote-exec): + '[' -z /home/tf-ys0zmte0mi1kcg-reboot ']'
TestReboot 2026-04-17T16:53:25-05:00 logger.go:66: module.server.module.direct_access[0].terraform_data.setup[0] (remote-exec): + EXIT=0
TestReboot 2026-04-17T16:53:25-05:00 logger.go:66: module.server.module.direct_access[0].terraform_data.setup[0] (remote-exec): + max_attempts=30
TestReboot 2026-04-17T16:53:25-05:00 logger.go:66: module.server.module.direct_access[0].terraform_data.setup[0] (remote-exec): + attempts=0
TestReboot 2026-04-17T16:53:25-05:00 logger.go:66: module.server.module.direct_access[0].terraform_data.setup[0] (remote-exec): + interval=10
TestReboot 2026-04-17T16:53:25-05:00 logger.go:66: module.server.module.direct_access[0].terraform_data.setup[0] (remote-exec): + '[' 1 -eq 1 ']'
TestReboot 2026-04-17T16:53:25-05:00 logger.go:66: module.server.module.direct_access[0].terraform_data.setup[0] (remote-exec): + echo 'cloud-init not found or ignored, attempting other tools...'
TestReboot 2026-04-17T16:53:25-05:00 logger.go:66: module.server.module.direct_access[0].terraform_data.setup[0] (remote-exec): cloud-init not found or ignored, attempting other tools...
TestReboot 2026-04-17T16:53:25-05:00 logger.go:66: module.server.module.direct_access[0].terraform_data.setup[0] (remote-exec): ++ awk -F: '{ print $1 }' /etc/passwd
TestReboot 2026-04-17T16:53:25-05:00 logger.go:66: module.server.module.direct_access[0].terraform_data.setup[0] (remote-exec): ++ grep tf-ys0zmte0mi1kcg-reboot
TestReboot 2026-04-17T16:53:25-05:00 logger.go:66: module.server.module.direct_access[0].terraform_data.setup[0] (remote-exec): + '[' '' = '' ']'
TestReboot 2026-04-17T16:53:25-05:00 logger.go:66: module.server.module.direct_access[0].terraform_data.setup[0] (remote-exec): ++ command -v addgroup
TestReboot 2026-04-17T16:53:25-05:00 logger.go:66: module.server.module.direct_access[0].terraform_data.setup[0] (remote-exec): + '[' '' '!=' '' ']'
TestReboot 2026-04-17T16:53:25-05:00 logger.go:66: module.server.module.direct_access[0].terraform_data.setup[0] (remote-exec): ++ command -v useradd
TestReboot 2026-04-17T16:53:25-05:00 logger.go:66: module.server.module.direct_access[0].terraform_data.setup[0] (remote-exec): + '[' /usr/sbin/useradd '!=' '' ']'
TestReboot 2026-04-17T16:53:25-05:00 logger.go:66: module.server.module.direct_access[0].terraform_data.setup[0] (remote-exec): + useradd -U -s /bin/sh -m -G wheel tf-ys0zmte0mi1kcg-reboot
TestReboot 2026-04-17T16:53:25-05:00 logger.go:66: module.server.module.direct_access[0].terraform_data.setup[0] (remote-exec): Group 'mail' not found. Creating the user mailbox file with 0600 mode.
TestReboot 2026-04-17T16:53:25-05:00 logger.go:66: module.server.module.direct_access[0].terraform_data.setup[0] (remote-exec): + echo 'tf-ys0zmte0mi1kcg-reboot ALL=(ALL) NOPASSWD:ALL'
TestReboot 2026-04-17T16:53:25-05:00 logger.go:66: module.server.module.direct_access[0].terraform_data.setup[0] (remote-exec): + install -d -m 0700 /home/tf-ys0zmte0mi1kcg-reboot/.ssh
TestReboot 2026-04-17T16:53:25-05:00 logger.go:66: module.server.module.direct_access[0].terraform_data.setup[0] (remote-exec): + cp .ssh/authorized_keys /home/tf-ys0zmte0mi1kcg-reboot/.ssh
TestReboot 2026-04-17T16:53:25-05:00 logger.go:66: module.server.module.direct_access[0].terraform_data.setup[0] (remote-exec): + chown -R tf-ys0zmte0mi1kcg-reboot:tf-ys0zmte0mi1kcg-reboot /home/tf-ys0zmte0mi1kcg-reboot
TestReboot 2026-04-17T16:53:25-05:00 logger.go:66: module.server.module.direct_access[0].terraform_data.setup[0] (remote-exec): + passwd -d tf-ys0zmte0mi1kcg-reboot
TestReboot 2026-04-17T16:53:25-05:00 logger.go:66: module.server.module.direct_access[0].terraform_data.setup[0] (remote-exec): passwd: password expiry information changed.
TestReboot 2026-04-17T16:53:25-05:00 logger.go:66: module.server.module.direct_access[0].terraform_data.setup[0] (remote-exec): ++ command -v hostnamectl
TestReboot 2026-04-17T16:53:25-05:00 logger.go:66: module.server.module.direct_access[0].terraform_data.setup[0] (remote-exec): + '[' /usr/bin/hostnamectl = '' ']'
TestReboot 2026-04-17T16:53:25-05:00 logger.go:66: module.server.module.direct_access[0].terraform_data.setup[0] (remote-exec): + hostnamectl set-hostname tf-d0ef3-YS0zMTE0Mi1kCg-reboot-gazelle
TestReboot 2026-04-17T16:53:25-05:00 logger.go:66: module.server.module.direct_access[0].terraform_data.setup[0] (remote-exec): + '[' ec2-user '!=' tf-ys0zmte0mi1kcg-reboot ']'
TestReboot 2026-04-17T16:53:25-05:00 logger.go:66: module.server.module.direct_access[0].terraform_data.setup[0] (remote-exec): + '[' -d /etc/ssh/sshd_config.d ']'
TestReboot 2026-04-17T16:53:25-05:00 logger.go:66: module.server.module.direct_access[0].terraform_data.setup[0] (remote-exec): + '[' -f /etc/ssh/sshd_config ']'
TestReboot 2026-04-17T16:53:25-05:00 logger.go:66: module.server.module.direct_access[0].terraform_data.setup[0] (remote-exec): + sed -i 's/^AllowUsers.*/& tf-ys0zmte0mi1kcg-reboot/' /etc/ssh/sshd_config
TestReboot 2026-04-17T16:53:25-05:00 logger.go:66: module.server.module.direct_access[0].terraform_data.setup[0] (remote-exec): + systemctl restart sshd
TestReboot 2026-04-17T16:53:25-05:00 logger.go:66: module.server.module.direct_access[0].terraform_data.setup[0] (remote-exec): + systemctl restart ssh
TestReboot 2026-04-17T16:53:25-05:00 logger.go:66: module.server.module.direct_access[0].terraform_data.setup[0] (remote-exec): Failed to restart ssh.service: Unit ssh.service not found.
TestReboot 2026-04-17T16:53:25-05:00 logger.go:66: module.server.module.direct_access[0].terraform_data.setup[0] (remote-exec): + true
TestReboot 2026-04-17T16:53:25-05:00 logger.go:66: module.server.module.direct_access[0].terraform_data.setup[0] (remote-exec): + install -d /home/tf-ys0zmte0mi1kcg-reboot
TestReboot 2026-04-17T16:53:25-05:00 logger.go:66: module.server.module.direct_access[0].terraform_data.setup[0] (remote-exec): + chown tf-ys0zmte0mi1kcg-reboot: /home/tf-ys0zmte0mi1kcg-reboot
TestReboot 2026-04-17T16:53:25-05:00 logger.go:66: module.server.module.direct_access[0].terraform_data.setup[0] (remote-exec): + chmod 755 /home/tf-ys0zmte0mi1kcg-reboot
TestReboot 2026-04-17T16:53:25-05:00 logger.go:66: module.server.module.direct_access[0].terraform_data.setup[0] (remote-exec): + exit 0
TestReboot 2026-04-17T16:53:25-05:00 logger.go:66: module.server.module.direct_access[0].terraform_data.setup[0]: Creation complete after 40s [id=bfc6a795-9ce6-4b20-abde-1ae133761014]
TestReboot 2026-04-17T16:53:25-05:00 logger.go:66: module.server.module.direct_access[0].terraform_data.remove_initial_user[0]: Creating...
TestReboot 2026-04-17T16:53:25-05:00 logger.go:66: module.server.module.direct_access[0].terraform_data.remove_initial_user[0]: Provisioning with 'remote-exec'...
TestReboot 2026-04-17T16:53:25-05:00 logger.go:66: module.server.module.direct_access[0].terraform_data.remove_initial_user[0] (remote-exec): Connecting to remote host via SSH...
TestReboot 2026-04-17T16:53:25-05:00 logger.go:66: module.server.module.direct_access[0].terraform_data.remove_initial_user[0] (remote-exec):   Host: 52.37.171.161
TestReboot 2026-04-17T16:53:25-05:00 logger.go:66: module.server.module.direct_access[0].terraform_data.remove_initial_user[0] (remote-exec):   User: tf-ys0zmte0mi1kcg-reboot
TestReboot 2026-04-17T16:53:25-05:00 logger.go:66: module.server.module.direct_access[0].terraform_data.remove_initial_user[0] (remote-exec):   Password: false
TestReboot 2026-04-17T16:53:25-05:00 logger.go:66: module.server.module.direct_access[0].terraform_data.remove_initial_user[0] (remote-exec):   Private key: false
TestReboot 2026-04-17T16:53:25-05:00 logger.go:66: module.server.module.direct_access[0].terraform_data.remove_initial_user[0] (remote-exec):   Certificate: false
TestReboot 2026-04-17T16:53:25-05:00 logger.go:66: module.server.module.direct_access[0].terraform_data.remove_initial_user[0] (remote-exec):   SSH Agent: true
TestReboot 2026-04-17T16:53:25-05:00 logger.go:66: module.server.module.direct_access[0].terraform_data.remove_initial_user[0] (remote-exec):   Checking Host Key: false
TestReboot 2026-04-17T16:53:25-05:00 logger.go:66: module.server.module.direct_access[0].terraform_data.remove_initial_user[0] (remote-exec):   Target Platform: unix
TestReboot 2026-04-17T16:53:26-05:00 logger.go:66: module.server.module.direct_access[0].terraform_data.remove_initial_user[0] (remote-exec): Connected!
TestReboot 2026-04-17T16:53:27-05:00 logger.go:66: module.server.module.direct_access[0].terraform_data.remove_initial_user[0] (remote-exec): connection successful
TestReboot 2026-04-17T16:53:27-05:00 logger.go:66: module.server.module.direct_access[0].terraform_data.remove_initial_user[0]: Provisioning with 'file'...
TestReboot 2026-04-17T16:53:28-05:00 logger.go:66: module.server.module.direct_access[0].terraform_data.remove_initial_user[0]: Provisioning with 'remote-exec'...
TestReboot 2026-04-17T16:53:28-05:00 logger.go:66: module.server.module.direct_access[0].terraform_data.remove_initial_user[0] (remote-exec): Connecting to remote host via SSH...
TestReboot 2026-04-17T16:53:28-05:00 logger.go:66: module.server.module.direct_access[0].terraform_data.remove_initial_user[0] (remote-exec):   Host: 52.37.171.161
TestReboot 2026-04-17T16:53:28-05:00 logger.go:66: module.server.module.direct_access[0].terraform_data.remove_initial_user[0] (remote-exec):   User: tf-ys0zmte0mi1kcg-reboot
TestReboot 2026-04-17T16:53:28-05:00 logger.go:66: module.server.module.direct_access[0].terraform_data.remove_initial_user[0] (remote-exec):   Password: false
TestReboot 2026-04-17T16:53:28-05:00 logger.go:66: module.server.module.direct_access[0].terraform_data.remove_initial_user[0] (remote-exec):   Private key: false
TestReboot 2026-04-17T16:53:28-05:00 logger.go:66: module.server.module.direct_access[0].terraform_data.remove_initial_user[0] (remote-exec):   Certificate: false
TestReboot 2026-04-17T16:53:28-05:00 logger.go:66: module.server.module.direct_access[0].terraform_data.remove_initial_user[0] (remote-exec):   SSH Agent: true
TestReboot 2026-04-17T16:53:28-05:00 logger.go:66: module.server.module.direct_access[0].terraform_data.remove_initial_user[0] (remote-exec):   Checking Host Key: false
TestReboot 2026-04-17T16:53:28-05:00 logger.go:66: module.server.module.direct_access[0].terraform_data.remove_initial_user[0] (remote-exec):   Target Platform: unix
TestReboot 2026-04-17T16:53:29-05:00 logger.go:66: module.server.module.direct_access[0].terraform_data.remove_initial_user[0] (remote-exec): Connected!
TestReboot 2026-04-17T16:53:29-05:00 logger.go:66: module.server.module.direct_access[0].terraform_data.remove_initial_user[0] (remote-exec): + set -e
TestReboot 2026-04-17T16:53:29-05:00 logger.go:66: module.server.module.direct_access[0].terraform_data.remove_initial_user[0] (remote-exec): + sudo chmod +x /home/tf-ys0zmte0mi1kcg-reboot/remove_initial_user.sh
TestReboot 2026-04-17T16:53:29-05:00 logger.go:66: module.server.module.direct_access[0].terraform_data.remove_initial_user[0] (remote-exec): + sudo /home/tf-ys0zmte0mi1kcg-reboot/remove_initial_user.sh ec2-user
TestReboot 2026-04-17T16:53:29-05:00 logger.go:66: module.server.module.direct_access[0].terraform_data.remove_initial_user[0] (remote-exec): + set -e
TestReboot 2026-04-17T16:53:29-05:00 logger.go:66: module.server.module.direct_access[0].terraform_data.remove_initial_user[0] (remote-exec): + INITIAL_USER=ec2-user
TestReboot 2026-04-17T16:53:29-05:00 logger.go:66: module.server.module.direct_access[0].terraform_data.remove_initial_user[0] (remote-exec): + '[' -z ec2-user ']'
TestReboot 2026-04-17T16:53:29-05:00 logger.go:66: module.server.module.direct_access[0].terraform_data.remove_initial_user[0] (remote-exec): + sleep 2
TestReboot 2026-04-17T16:53:31-05:00 logger.go:66: module.server.module.direct_access[0].terraform_data.remove_initial_user[0] (remote-exec): ++ command -v killall
TestReboot 2026-04-17T16:53:31-05:00 logger.go:66: module.server.module.direct_access[0].terraform_data.remove_initial_user[0] (remote-exec): + '[' -n /usr/bin/killall ']'
TestReboot 2026-04-17T16:53:31-05:00 logger.go:66: module.server.module.direct_access[0].terraform_data.remove_initial_user[0] (remote-exec): + kill_all
TestReboot 2026-04-17T16:53:31-05:00 logger.go:66: module.server.module.direct_access[0].terraform_data.remove_initial_user[0] (remote-exec): + killall -TERM -u ec2-user
TestReboot 2026-04-17T16:53:32-05:00 logger.go:66: module.server.module.direct_access[0].terraform_data.remove_initial_user[0] (remote-exec): ++ cat error.log
TestReboot 2026-04-17T16:53:32-05:00 logger.go:66: module.server.module.direct_access[0].terraform_data.remove_initial_user[0] (remote-exec): + ERR=
TestReboot 2026-04-17T16:53:32-05:00 logger.go:66: module.server.module.direct_access[0].terraform_data.remove_initial_user[0] (remote-exec): + case $ERR in
TestReboot 2026-04-17T16:53:32-05:00 logger.go:66: module.server.module.direct_access[0].terraform_data.remove_initial_user[0] (remote-exec): + echo 'No error found'
TestReboot 2026-04-17T16:53:32-05:00 logger.go:66: module.server.module.direct_access[0].terraform_data.remove_initial_user[0] (remote-exec): No error found
TestReboot 2026-04-17T16:53:32-05:00 logger.go:66: module.server.module.direct_access[0].terraform_data.remove_initial_user[0] (remote-exec): + sleep 2
TestReboot 2026-04-17T16:53:34-05:00 logger.go:66: module.server.module.direct_access[0].terraform_data.remove_initial_user[0] (remote-exec): + userdel -f -r ec2-user
TestReboot 2026-04-17T16:53:34-05:00 logger.go:66: module.server.module.direct_access[0].terraform_data.remove_initial_user[0] (remote-exec): ++ cat error.log
TestReboot 2026-04-17T16:53:34-05:00 logger.go:66: module.server.module.direct_access[0].terraform_data.remove_initial_user[0] (remote-exec): + ERR=
TestReboot 2026-04-17T16:53:34-05:00 logger.go:66: module.server.module.direct_access[0].terraform_data.remove_initial_user[0] (remote-exec): + case $ERR in
TestReboot 2026-04-17T16:53:34-05:00 logger.go:66: module.server.module.direct_access[0].terraform_data.remove_initial_user[0] (remote-exec): + echo 'No error found'
TestReboot 2026-04-17T16:53:34-05:00 logger.go:66: module.server.module.direct_access[0].terraform_data.remove_initial_user[0] (remote-exec): No error found
TestReboot 2026-04-17T16:53:34-05:00 logger.go:66: module.server.module.direct_access[0].terraform_data.remove_initial_user[0]: Creation complete after 8s [id=c946da0e-e02c-ea12-6a01-cdd07efe045c]
TestReboot 2026-04-17T16:53:34-05:00 logger.go:66: module.this.terraform_data.copy_to_remote: Creating...
TestReboot 2026-04-17T16:53:34-05:00 logger.go:66: module.this.terraform_data.copy_to_remote: Provisioning with 'remote-exec'...
TestReboot 2026-04-17T16:53:34-05:00 logger.go:66: module.this.terraform_data.copy_to_remote (remote-exec): Connecting to remote host via SSH...
TestReboot 2026-04-17T16:53:34-05:00 logger.go:66: module.this.terraform_data.copy_to_remote (remote-exec):   Host: 52.37.171.161
TestReboot 2026-04-17T16:53:34-05:00 logger.go:66: module.this.terraform_data.copy_to_remote (remote-exec):   User: tf-ys0zmte0mi1kcg-reboot
TestReboot 2026-04-17T16:53:34-05:00 logger.go:66: module.this.terraform_data.copy_to_remote (remote-exec):   Password: false
TestReboot 2026-04-17T16:53:34-05:00 logger.go:66: module.this.terraform_data.copy_to_remote (remote-exec):   Private key: false
TestReboot 2026-04-17T16:53:34-05:00 logger.go:66: module.this.terraform_data.copy_to_remote (remote-exec):   Certificate: false
TestReboot 2026-04-17T16:53:34-05:00 logger.go:66: module.this.terraform_data.copy_to_remote (remote-exec):   SSH Agent: true
TestReboot 2026-04-17T16:53:34-05:00 logger.go:66: module.this.terraform_data.copy_to_remote (remote-exec):   Checking Host Key: false
TestReboot 2026-04-17T16:53:34-05:00 logger.go:66: module.this.terraform_data.copy_to_remote (remote-exec):   Target Platform: unix
TestReboot 2026-04-17T16:53:35-05:00 logger.go:66: module.this.terraform_data.copy_to_remote (remote-exec): Connected!
TestReboot 2026-04-17T16:53:35-05:00 logger.go:66: module.this.terraform_data.copy_to_remote (remote-exec): Connected!
TestReboot 2026-04-17T16:53:36-05:00 logger.go:66: module.this.terraform_data.copy_to_remote: Provisioning with 'file'...
TestReboot 2026-04-17T16:53:37-05:00 logger.go:66: module.this.terraform_data.copy_to_remote: Provisioning with 'remote-exec'...
TestReboot 2026-04-17T16:53:37-05:00 logger.go:66: module.this.terraform_data.copy_to_remote (remote-exec): Connecting to remote host via SSH...
TestReboot 2026-04-17T16:53:37-05:00 logger.go:66: module.this.terraform_data.copy_to_remote (remote-exec):   Host: 52.37.171.161
TestReboot 2026-04-17T16:53:37-05:00 logger.go:66: module.this.terraform_data.copy_to_remote (remote-exec):   User: tf-ys0zmte0mi1kcg-reboot
TestReboot 2026-04-17T16:53:37-05:00 logger.go:66: module.this.terraform_data.copy_to_remote (remote-exec):   Password: false
TestReboot 2026-04-17T16:53:37-05:00 logger.go:66: module.this.terraform_data.copy_to_remote (remote-exec):   Private key: false
TestReboot 2026-04-17T16:53:37-05:00 logger.go:66: module.this.terraform_data.copy_to_remote (remote-exec):   Certificate: false
TestReboot 2026-04-17T16:53:37-05:00 logger.go:66: module.this.terraform_data.copy_to_remote (remote-exec):   SSH Agent: true
TestReboot 2026-04-17T16:53:37-05:00 logger.go:66: module.this.terraform_data.copy_to_remote (remote-exec):   Checking Host Key: false
TestReboot 2026-04-17T16:53:37-05:00 logger.go:66: module.this.terraform_data.copy_to_remote (remote-exec):   Target Platform: unix
TestReboot 2026-04-17T16:53:37-05:00 logger.go:66: module.this.terraform_data.copy_to_remote (remote-exec): Connected!
TestReboot 2026-04-17T16:53:38-05:00 logger.go:66: module.this.terraform_data.copy_to_remote (remote-exec): + set -e
TestReboot 2026-04-17T16:53:38-05:00 logger.go:66: module.this.terraform_data.copy_to_remote (remote-exec): + ls -lah /home/tf-ys0zmte0mi1kcg-reboot/rke2_artifacts
TestReboot 2026-04-17T16:53:38-05:00 logger.go:66: module.this.terraform_data.copy_to_remote (remote-exec): total 4.0K
TestReboot 2026-04-17T16:53:38-05:00 logger.go:66: module.this.terraform_data.copy_to_remote (remote-exec): drwxr-xr-x. 1 tf-ys0zmte0mi1kcg-reboot tf-ys0zmte0mi1kcg-reboot  64 Apr 17 21:53 .
TestReboot 2026-04-17T16:53:38-05:00 logger.go:66: module.this.terraform_data.copy_to_remote (remote-exec): drwxr-xr-x. 1 tf-ys0zmte0mi1kcg-reboot tf-ys0zmte0mi1kcg-reboot 300 Apr 17 21:53 ..
TestReboot 2026-04-17T16:53:38-05:00 logger.go:66: module.this.terraform_data.copy_to_remote (remote-exec): -rw-r--r--. 1 tf-ys0zmte0mi1kcg-reboot tf-ys0zmte0mi1kcg-reboot   1 Apr 17 21:53 50-initial-generated-config.yaml
TestReboot 2026-04-17T16:53:38-05:00 logger.go:66: module.this.terraform_data.copy_to_remote: Creation complete after 5s [id=983dd0b0-7c70-1b98-f661-89ed924a90f1]
TestReboot 2026-04-17T16:53:38-05:00 logger.go:66: module.this.terraform_data.configure: Creating...
TestReboot 2026-04-17T16:53:38-05:00 logger.go:66: module.this.terraform_data.configure: Provisioning with 'remote-exec'...
TestReboot 2026-04-17T16:53:38-05:00 logger.go:66: module.this.terraform_data.configure (remote-exec): Connecting to remote host via SSH...
TestReboot 2026-04-17T16:53:38-05:00 logger.go:66: module.this.terraform_data.configure (remote-exec):   Host: 52.37.171.161
TestReboot 2026-04-17T16:53:38-05:00 logger.go:66: module.this.terraform_data.configure (remote-exec):   User: tf-ys0zmte0mi1kcg-reboot
TestReboot 2026-04-17T16:53:38-05:00 logger.go:66: module.this.terraform_data.configure (remote-exec):   Password: false
TestReboot 2026-04-17T16:53:38-05:00 logger.go:66: module.this.terraform_data.configure (remote-exec):   Private key: false
TestReboot 2026-04-17T16:53:38-05:00 logger.go:66: module.this.terraform_data.configure (remote-exec):   Certificate: false
TestReboot 2026-04-17T16:53:38-05:00 logger.go:66: module.this.terraform_data.configure (remote-exec):   SSH Agent: true
TestReboot 2026-04-17T16:53:38-05:00 logger.go:66: module.this.terraform_data.configure (remote-exec):   Checking Host Key: false
TestReboot 2026-04-17T16:53:38-05:00 logger.go:66: module.this.terraform_data.configure (remote-exec):   Target Platform: unix
TestReboot 2026-04-17T16:53:39-05:00 logger.go:66: module.this.terraform_data.configure (remote-exec): Connected!
TestReboot 2026-04-17T16:53:40-05:00 logger.go:66: module.this.terraform_data.configure (remote-exec): Connected!
TestReboot 2026-04-17T16:53:40-05:00 logger.go:66: module.this.terraform_data.configure: Provisioning with 'file'...
TestReboot 2026-04-17T16:53:41-05:00 logger.go:66: module.this.terraform_data.configure: Provisioning with 'remote-exec'...
TestReboot 2026-04-17T16:53:41-05:00 logger.go:66: module.this.terraform_data.configure (remote-exec): Connecting to remote host via SSH...
TestReboot 2026-04-17T16:53:41-05:00 logger.go:66: module.this.terraform_data.configure (remote-exec):   Host: 52.37.171.161
TestReboot 2026-04-17T16:53:41-05:00 logger.go:66: module.this.terraform_data.configure (remote-exec):   User: tf-ys0zmte0mi1kcg-reboot
TestReboot 2026-04-17T16:53:41-05:00 logger.go:66: module.this.terraform_data.configure (remote-exec):   Password: false
TestReboot 2026-04-17T16:53:41-05:00 logger.go:66: module.this.terraform_data.configure (remote-exec):   Private key: false
TestReboot 2026-04-17T16:53:41-05:00 logger.go:66: module.this.terraform_data.configure (remote-exec):   Certificate: false
TestReboot 2026-04-17T16:53:41-05:00 logger.go:66: module.this.terraform_data.configure (remote-exec):   SSH Agent: true
TestReboot 2026-04-17T16:53:41-05:00 logger.go:66: module.this.terraform_data.configure (remote-exec):   Checking Host Key: false
TestReboot 2026-04-17T16:53:41-05:00 logger.go:66: module.this.terraform_data.configure (remote-exec):   Target Platform: unix
TestReboot 2026-04-17T16:53:42-05:00 logger.go:66: module.this.terraform_data.configure (remote-exec): Connected!
TestReboot 2026-04-17T16:53:43-05:00 logger.go:66: module.this.terraform_data.configure (remote-exec): + set -e
TestReboot 2026-04-17T16:53:43-05:00 logger.go:66: module.this.terraform_data.configure (remote-exec): + sudo chmod +x /home/tf-ys0zmte0mi1kcg-reboot/configure.sh
TestReboot 2026-04-17T16:53:43-05:00 logger.go:66: module.this.terraform_data.configure (remote-exec): + sudo /home/tf-ys0zmte0mi1kcg-reboot/configure.sh /home/tf-ys0zmte0mi1kcg-reboot/rke2_artifacts
TestReboot 2026-04-17T16:53:43-05:00 logger.go:66: module.this.terraform_data.configure (remote-exec): + set -e
TestReboot 2026-04-17T16:53:43-05:00 logger.go:66: module.this.terraform_data.configure (remote-exec): + REMOTE_PATH=/home/tf-ys0zmte0mi1kcg-reboot/rke2_artifacts
TestReboot 2026-04-17T16:53:43-05:00 logger.go:66: module.this.terraform_data.configure (remote-exec): + install -d /home/tf-ys0zmte0mi1kcg-reboot/rke2_artifacts
TestReboot 2026-04-17T16:53:43-05:00 logger.go:66: module.this.terraform_data.configure (remote-exec): + cd /home/tf-ys0zmte0mi1kcg-reboot/rke2_artifacts
TestReboot 2026-04-17T16:53:43-05:00 logger.go:66: module.this.terraform_data.configure (remote-exec): + install -d /etc/rancher/rke2/config.yaml.d
TestReboot 2026-04-17T16:53:43-05:00 logger.go:66: module.this.terraform_data.configure (remote-exec): + find ./ -name '*.yaml' -exec cp -prv '{}' /etc/rancher/rke2/config.yaml.d/ ';'
TestReboot 2026-04-17T16:53:43-05:00 logger.go:66: module.this.terraform_data.configure (remote-exec): './50-initial-generated-config.yaml' -> '/etc/rancher/rke2/config.yaml.d/50-initial-generated-config.yaml'
TestReboot 2026-04-17T16:53:43-05:00 logger.go:66: module.this.terraform_data.configure (remote-exec): + chown -R root:root /etc/rancher/rke2/config.yaml.d
TestReboot 2026-04-17T16:53:43-05:00 logger.go:66: module.this.terraform_data.configure (remote-exec): + chmod -R 0644 /etc/rancher/rke2/config.yaml.d
TestReboot 2026-04-17T16:53:43-05:00 logger.go:66: module.this.terraform_data.configure (remote-exec): + ls -lah /etc/rancher/rke2/config.yaml.d
TestReboot 2026-04-17T16:53:43-05:00 logger.go:66: module.this.terraform_data.configure (remote-exec): total 4.0K
TestReboot 2026-04-17T16:53:43-05:00 logger.go:66: module.this.terraform_data.configure (remote-exec): drw-r--r--. 1 root root 64 Apr 17 21:53 .
TestReboot 2026-04-17T16:53:43-05:00 logger.go:66: module.this.terraform_data.configure (remote-exec): drwxr-xr-x. 1 root root 26 Apr 17 21:53 ..
TestReboot 2026-04-17T16:53:43-05:00 logger.go:66: module.this.terraform_data.configure (remote-exec): -rw-r--r--. 1 root root  1 Apr 17 21:53 50-initial-generated-config.yaml
TestReboot 2026-04-17T16:53:43-05:00 logger.go:66: module.this.terraform_data.configure: Creation complete after 5s [id=7508c822-63c2-d457-ab50-87a69079b52a]
TestReboot 2026-04-17T16:53:43-05:00 logger.go:66: module.this.time_sleep.ten_s_before_install: Creating...
TestReboot 2026-04-17T16:53:53-05:00 logger.go:66: module.this.time_sleep.ten_s_before_install: Still creating... [10s elapsed]
TestReboot 2026-04-17T16:53:53-05:00 logger.go:66: module.this.time_sleep.ten_s_before_install: Creation complete after 10s [id=2026-04-17T21:53:53Z]
TestReboot 2026-04-17T16:53:53-05:00 logger.go:66: module.this.terraform_data.install: Creating...
TestReboot 2026-04-17T16:53:53-05:00 logger.go:66: module.this.terraform_data.install: Provisioning with 'remote-exec'...
TestReboot 2026-04-17T16:53:53-05:00 logger.go:66: module.this.terraform_data.install (remote-exec): Connecting to remote host via SSH...
TestReboot 2026-04-17T16:53:53-05:00 logger.go:66: module.this.terraform_data.install (remote-exec):   Host: 52.37.171.161
TestReboot 2026-04-17T16:53:53-05:00 logger.go:66: module.this.terraform_data.install (remote-exec):   User: tf-ys0zmte0mi1kcg-reboot
TestReboot 2026-04-17T16:53:53-05:00 logger.go:66: module.this.terraform_data.install (remote-exec):   Password: false
TestReboot 2026-04-17T16:53:53-05:00 logger.go:66: module.this.terraform_data.install (remote-exec):   Private key: false
TestReboot 2026-04-17T16:53:53-05:00 logger.go:66: module.this.terraform_data.install (remote-exec):   Certificate: false
TestReboot 2026-04-17T16:53:53-05:00 logger.go:66: module.this.terraform_data.install (remote-exec):   SSH Agent: true
TestReboot 2026-04-17T16:53:53-05:00 logger.go:66: module.this.terraform_data.install (remote-exec):   Checking Host Key: false
TestReboot 2026-04-17T16:53:53-05:00 logger.go:66: module.this.terraform_data.install (remote-exec):   Target Platform: unix
TestReboot 2026-04-17T16:53:54-05:00 logger.go:66: module.this.terraform_data.install (remote-exec): Connected!
TestReboot 2026-04-17T16:53:55-05:00 logger.go:66: module.this.terraform_data.install (remote-exec): Connected!
TestReboot 2026-04-17T16:53:55-05:00 logger.go:66: module.this.terraform_data.install: Provisioning with 'file'...
TestReboot 2026-04-17T16:53:56-05:00 logger.go:66: module.this.terraform_data.install: Provisioning with 'remote-exec'...
TestReboot 2026-04-17T16:53:56-05:00 logger.go:66: module.this.terraform_data.install (remote-exec): Connecting to remote host via SSH...
TestReboot 2026-04-17T16:53:56-05:00 logger.go:66: module.this.terraform_data.install (remote-exec):   Host: 52.37.171.161
TestReboot 2026-04-17T16:53:56-05:00 logger.go:66: module.this.terraform_data.install (remote-exec):   User: tf-ys0zmte0mi1kcg-reboot
TestReboot 2026-04-17T16:53:56-05:00 logger.go:66: module.this.terraform_data.install (remote-exec):   Password: false
TestReboot 2026-04-17T16:53:56-05:00 logger.go:66: module.this.terraform_data.install (remote-exec):   Private key: false
TestReboot 2026-04-17T16:53:56-05:00 logger.go:66: module.this.terraform_data.install (remote-exec):   Certificate: false
TestReboot 2026-04-17T16:53:56-05:00 logger.go:66: module.this.terraform_data.install (remote-exec):   SSH Agent: true
TestReboot 2026-04-17T16:53:56-05:00 logger.go:66: module.this.terraform_data.install (remote-exec):   Checking Host Key: false
TestReboot 2026-04-17T16:53:56-05:00 logger.go:66: module.this.terraform_data.install (remote-exec):   Target Platform: unix
TestReboot 2026-04-17T16:53:57-05:00 logger.go:66: module.this.terraform_data.install (remote-exec): Connected!
TestReboot 2026-04-17T16:53:57-05:00 logger.go:66: module.this.terraform_data.install (remote-exec): + set -e
TestReboot 2026-04-17T16:53:57-05:00 logger.go:66: module.this.terraform_data.install (remote-exec): + uptime
TestReboot 2026-04-17T16:53:57-05:00 logger.go:66: module.this.terraform_data.install (remote-exec):  21:53:57  up   0:01,  1 user,  load average: 0.17, 0.08, 0.03
TestReboot 2026-04-17T16:53:57-05:00 logger.go:66: module.this.terraform_data.install (remote-exec): ++ cat /proc/uptime
TestReboot 2026-04-17T16:53:57-05:00 logger.go:66: module.this.terraform_data.install (remote-exec): ++ awk -F. '{print $1}'
TestReboot 2026-04-17T16:53:57-05:00 logger.go:66: module.this.terraform_data.install (remote-exec): ++ awk '{print $1}'
TestReboot 2026-04-17T16:53:57-05:00 logger.go:66: module.this.terraform_data.install (remote-exec): + seconds_up=81
TestReboot 2026-04-17T16:53:57-05:00 logger.go:66: module.this.terraform_data.install (remote-exec): ++ sudo uptime
TestReboot 2026-04-17T16:53:57-05:00 logger.go:66: module.this.terraform_data.install (remote-exec): ++ awk -F, '{print $1}'
TestReboot 2026-04-17T16:53:57-05:00 logger.go:66: module.this.terraform_data.install (remote-exec): ++ awk -F: '{print $2}'
TestReboot 2026-04-17T16:53:57-05:00 logger.go:66: module.this.terraform_data.install (remote-exec): ++ awk '{print $3}'
TestReboot 2026-04-17T16:53:57-05:00 logger.go:66: module.this.terraform_data.install (remote-exec): + minutes_up=01
TestReboot 2026-04-17T16:53:57-05:00 logger.go:66: module.this.terraform_data.install (remote-exec): + echo 'Uptime is 81 seconds, it should be low.'
TestReboot 2026-04-17T16:53:57-05:00 logger.go:66: module.this.terraform_data.install (remote-exec): Uptime is 81 seconds, it should be low.
TestReboot 2026-04-17T16:53:57-05:00 logger.go:66: module.this.terraform_data.install (remote-exec): + echo 'Uptime is 01 minutes, it should be low.'
TestReboot 2026-04-17T16:53:57-05:00 logger.go:66: module.this.terraform_data.install (remote-exec): Uptime is 01 minutes, it should be low.
TestReboot 2026-04-17T16:53:57-05:00 logger.go:66: module.this.terraform_data.install (remote-exec): + sudo chmod +x /home/tf-ys0zmte0mi1kcg-reboot/install.sh
TestReboot 2026-04-17T16:53:57-05:00 logger.go:66: module.this.terraform_data.install (remote-exec): + export DEBUG=1
TestReboot 2026-04-17T16:53:57-05:00 logger.go:66: module.this.terraform_data.install (remote-exec): + DEBUG=1
TestReboot 2026-04-17T16:53:57-05:00 logger.go:66: module.this.terraform_data.install (remote-exec): + sudo /home/tf-ys0zmte0mi1kcg-reboot/install.sh server /home/tf-ys0zmte0mi1kcg-reboot/rke2_artifacts stable rpm stable
TestReboot 2026-04-17T16:53:57-05:00 logger.go:66: module.this.terraform_data.install (remote-exec): + set -e
TestReboot 2026-04-17T16:53:57-05:00 logger.go:66: module.this.terraform_data.install (remote-exec): + ROLE=server
TestReboot 2026-04-17T16:53:57-05:00 logger.go:66: module.this.terraform_data.install (remote-exec): + REMOTE_PATH=/home/tf-ys0zmte0mi1kcg-reboot/rke2_artifacts
TestReboot 2026-04-17T16:53:57-05:00 logger.go:66: module.this.terraform_data.install (remote-exec): + RELEASE=stable
TestReboot 2026-04-17T16:53:57-05:00 logger.go:66: module.this.terraform_data.install (remote-exec): + INSTALL_METHOD=rpm
TestReboot 2026-04-17T16:53:57-05:00 logger.go:66: module.this.terraform_data.install (remote-exec): + CHANNEL=stable
TestReboot 2026-04-17T16:53:57-05:00 logger.go:66: module.this.terraform_data.install (remote-exec): ++ systemctl is-active rke2-server.service
TestReboot 2026-04-17T16:53:57-05:00 logger.go:66: module.this.terraform_data.install (remote-exec): + '[' inactive = active ']'
TestReboot 2026-04-17T16:53:57-05:00 logger.go:66: module.this.terraform_data.install (remote-exec): + unset INSTALL_RKE2_CHANNEL
TestReboot 2026-04-17T16:53:57-05:00 logger.go:66: module.this.terraform_data.install (remote-exec): + unset INSTALL_RKE2_VERSION
TestReboot 2026-04-17T16:53:57-05:00 logger.go:66: module.this.terraform_data.install (remote-exec): + '[' stable = latest ']'
TestReboot 2026-04-17T16:53:57-05:00 logger.go:66: module.this.terraform_data.install (remote-exec): + '[' stable = stable ']'
TestReboot 2026-04-17T16:53:57-05:00 logger.go:66: module.this.terraform_data.install (remote-exec): + export INSTALL_RKE2_CHANNEL=stable
TestReboot 2026-04-17T16:53:57-05:00 logger.go:66: module.this.terraform_data.install (remote-exec): + INSTALL_RKE2_CHANNEL=stable
TestReboot 2026-04-17T16:53:57-05:00 logger.go:66: module.this.terraform_data.install (remote-exec): + '[' '' '!=' stable ']'
TestReboot 2026-04-17T16:53:57-05:00 logger.go:66: module.this.terraform_data.install (remote-exec): + '[' '' = stable ']'
TestReboot 2026-04-17T16:53:57-05:00 logger.go:66: module.this.terraform_data.install (remote-exec): + export INSTALL_RKE2_METHOD=rpm
TestReboot 2026-04-17T16:53:57-05:00 logger.go:66: module.this.terraform_data.install (remote-exec): + INSTALL_RKE2_METHOD=rpm
TestReboot 2026-04-17T16:53:57-05:00 logger.go:66: module.this.terraform_data.install (remote-exec): + export INSTALL_RKE2_TYPE=server
TestReboot 2026-04-17T16:53:57-05:00 logger.go:66: module.this.terraform_data.install (remote-exec): + INSTALL_RKE2_TYPE=server
TestReboot 2026-04-17T16:53:57-05:00 logger.go:66: module.this.terraform_data.install (remote-exec): + '[' rpm = rpm ']'
TestReboot 2026-04-17T16:53:57-05:00 logger.go:66: module.this.terraform_data.install (remote-exec): + unset INSTALL_RKE2_ARTIFACT_PATH
TestReboot 2026-04-17T16:53:57-05:00 logger.go:66: module.this.terraform_data.install (remote-exec): + '[' '!' -f /home/tf-ys0zmte0mi1kcg-reboot/rke2_artifacts/install.sh ']'
TestReboot 2026-04-17T16:53:57-05:00 logger.go:66: module.this.terraform_data.install (remote-exec): + curl -vfL https://get.rke2.io -o /home/tf-ys0zmte0mi1kcg-reboot/rke2_artifacts/install.sh
TestReboot 2026-04-17T16:53:57-05:00 logger.go:66: module.this.terraform_data.install (remote-exec):   % Total    % Received % Xferd  Average Speed   Time    Time     Time  Current
TestReboot 2026-04-17T16:53:57-05:00 logger.go:66: module.this.terraform_data.install (remote-exec):                                  Dload  Upload   Total   Spent    Left  Speed
TestReboot 2026-04-17T16:53:57-05:00 logger.go:66: module.this.terraform_data.install (remote-exec):   0     0    0     0    0     0      0      0 --:--:-- --:--:-- --:--:--     0* Host get.rke2.io:443 was resolved.
TestReboot 2026-04-17T16:53:57-05:00 logger.go:66: module.this.terraform_data.install (remote-exec): * IPv6: 2606:4700:3030::6815:2a65, 2606:4700:3035::ac43:ccf6
TestReboot 2026-04-17T16:53:57-05:00 logger.go:66: module.this.terraform_data.install (remote-exec): * IPv4: 172.67.204.246, 104.21.42.101
TestReboot 2026-04-17T16:53:57-05:00 logger.go:66: module.this.terraform_data.install (remote-exec): *   Trying [2606:4700:3030::6815:2a65]:443...
TestReboot 2026-04-17T16:53:57-05:00 logger.go:66: module.this.terraform_data.install (remote-exec): * Immediate connect fail for 2606:4700:3030::6815:2a65: Network is unreachable
TestReboot 2026-04-17T16:53:57-05:00 logger.go:66: module.this.terraform_data.install (remote-exec): *   Trying [2606:4700:3035::ac43:ccf6]:443...
TestReboot 2026-04-17T16:53:57-05:00 logger.go:66: module.this.terraform_data.install (remote-exec): * Immediate connect fail for 2606:4700:3035::ac43:ccf6: Network is unreachable
TestReboot 2026-04-17T16:53:57-05:00 logger.go:66: module.this.terraform_data.install (remote-exec): *   Trying 172.67.204.246:443...
TestReboot 2026-04-17T16:53:57-05:00 logger.go:66: module.this.terraform_data.install (remote-exec): * ALPN: curl offers h2,http/1.1
TestReboot 2026-04-17T16:53:57-05:00 logger.go:66: module.this.terraform_data.install (remote-exec): } [5 bytes data]
TestReboot 2026-04-17T16:53:57-05:00 logger.go:66: module.this.terraform_data.install (remote-exec): * TLSv1.3 (OUT), TLS handshake, Client hello (1):
TestReboot 2026-04-17T16:53:57-05:00 logger.go:66: module.this.terraform_data.install (remote-exec): } [512 bytes data]
TestReboot 2026-04-17T16:53:57-05:00 logger.go:66: module.this.terraform_data.install (remote-exec): * TLSv1.3 (IN), TLS handshake, Server hello (2):
TestReboot 2026-04-17T16:53:57-05:00 logger.go:66: module.this.terraform_data.install (remote-exec): { [122 bytes data]
TestReboot 2026-04-17T16:53:57-05:00 logger.go:66: module.this.terraform_data.install (remote-exec): * TLSv1.3 (IN), TLS handshake, Encrypted Extensions (8):
TestReboot 2026-04-17T16:53:57-05:00 logger.go:66: module.this.terraform_data.install (remote-exec): { [19 bytes data]
TestReboot 2026-04-17T16:53:57-05:00 logger.go:66: module.this.terraform_data.install (remote-exec): * TLSv1.3 (IN), TLS handshake, Certificate (11):
TestReboot 2026-04-17T16:53:57-05:00 logger.go:66: module.this.terraform_data.install (remote-exec): { [2518 bytes data]
TestReboot 2026-04-17T16:53:57-05:00 logger.go:66: module.this.terraform_data.install (remote-exec): * TLSv1.3 (IN), TLS handshake, CERT verify (15):
TestReboot 2026-04-17T16:53:57-05:00 logger.go:66: module.this.terraform_data.install (remote-exec): { [78 bytes data]
TestReboot 2026-04-17T16:53:57-05:00 logger.go:66: module.this.terraform_data.install (remote-exec): * TLSv1.3 (IN), TLS handshake, Finished (20):
TestReboot 2026-04-17T16:53:57-05:00 logger.go:66: module.this.terraform_data.install (remote-exec): { [52 bytes data]
TestReboot 2026-04-17T16:53:57-05:00 logger.go:66: module.this.terraform_data.install (remote-exec): * TLSv1.3 (OUT), TLS change cipher, Change cipher spec (1):
TestReboot 2026-04-17T16:53:57-05:00 logger.go:66: module.this.terraform_data.install (remote-exec): } [1 bytes data]
TestReboot 2026-04-17T16:53:57-05:00 logger.go:66: module.this.terraform_data.install (remote-exec): * TLSv1.3 (OUT), TLS handshake, Finished (20):
TestReboot 2026-04-17T16:53:57-05:00 logger.go:66: module.this.terraform_data.install (remote-exec): } [52 bytes data]
TestReboot 2026-04-17T16:53:57-05:00 logger.go:66: module.this.terraform_data.install (remote-exec): * SSL connection using TLSv1.3 / TLS_AES_256_GCM_SHA384 / [blank] / UNDEF
TestReboot 2026-04-17T16:53:57-05:00 logger.go:66: module.this.terraform_data.install (remote-exec): * ALPN: server accepted h2
TestReboot 2026-04-17T16:53:57-05:00 logger.go:66: module.this.terraform_data.install (remote-exec): * Server certificate:
TestReboot 2026-04-17T16:53:57-05:00 logger.go:66: module.this.terraform_data.install (remote-exec): *  subject: CN=rke2.io
TestReboot 2026-04-17T16:53:57-05:00 logger.go:66: module.this.terraform_data.install (remote-exec): *  start date: Feb 27 10:47:47 2026 GMT
TestReboot 2026-04-17T16:53:57-05:00 logger.go:66: module.this.terraform_data.install (remote-exec): *  expire date: May 28 11:45:05 2026 GMT
TestReboot 2026-04-17T16:53:57-05:00 logger.go:66: module.this.terraform_data.install (remote-exec): *  subjectAltName: host "get.rke2.io" matched cert's "*.rke2.io"
TestReboot 2026-04-17T16:53:57-05:00 logger.go:66: module.this.terraform_data.install (remote-exec): *  issuer: C=US; O=Google Trust Services; CN=WE1
TestReboot 2026-04-17T16:53:57-05:00 logger.go:66: module.this.terraform_data.install (remote-exec): *  SSL certificate verify ok.
TestReboot 2026-04-17T16:53:57-05:00 logger.go:66: module.this.terraform_data.install (remote-exec): *   Certificate level 0: Public key type ? (256/128 Bits/secBits), signed using ecdsa-with-SHA256
TestReboot 2026-04-17T16:53:57-05:00 logger.go:66: module.this.terraform_data.install (remote-exec): *   Certificate level 1: Public key type ? (256/128 Bits/secBits), signed using ecdsa-with-SHA384
TestReboot 2026-04-17T16:53:57-05:00 logger.go:66: module.this.terraform_data.install (remote-exec): *   Certificate level 2: Public key type ? (384/192 Bits/secBits), signed using ecdsa-with-SHA384
TestReboot 2026-04-17T16:53:57-05:00 logger.go:66: module.this.terraform_data.install (remote-exec): * Connected to get.rke2.io (172.67.204.246) port 443
TestReboot 2026-04-17T16:53:57-05:00 logger.go:66: module.this.terraform_data.install (remote-exec): * using HTTP/2
TestReboot 2026-04-17T16:53:57-05:00 logger.go:66: module.this.terraform_data.install (remote-exec): * [HTTP/2] [1] OPENED stream for https://get.rke2.io/
TestReboot 2026-04-17T16:53:57-05:00 logger.go:66: module.this.terraform_data.install (remote-exec): * [HTTP/2] [1] [:method: GET]
TestReboot 2026-04-17T16:53:57-05:00 logger.go:66: module.this.terraform_data.install (remote-exec): * [HTTP/2] [1] [:scheme: https]
TestReboot 2026-04-17T16:53:57-05:00 logger.go:66: module.this.terraform_data.install (remote-exec): * [HTTP/2] [1] [:authority: get.rke2.io]
TestReboot 2026-04-17T16:53:57-05:00 logger.go:66: module.this.terraform_data.install (remote-exec): * [HTTP/2] [1] [:path: /]
TestReboot 2026-04-17T16:53:57-05:00 logger.go:66: module.this.terraform_data.install (remote-exec): * [HTTP/2] [1] [user-agent: curl/8.14.1]
TestReboot 2026-04-17T16:53:57-05:00 logger.go:66: module.this.terraform_data.install (remote-exec): * [HTTP/2] [1] [accept: */*]
TestReboot 2026-04-17T16:53:57-05:00 logger.go:66: module.this.terraform_data.install (remote-exec): } [5 bytes data]
TestReboot 2026-04-17T16:53:57-05:00 logger.go:66: module.this.terraform_data.install (remote-exec): > GET / HTTP/2
TestReboot 2026-04-17T16:53:57-05:00 logger.go:66: module.this.terraform_data.install (remote-exec): > Host: get.rke2.io
TestReboot 2026-04-17T16:53:57-05:00 logger.go:66: module.this.terraform_data.install (remote-exec): > User-Agent: curl/8.14.1
TestReboot 2026-04-17T16:53:57-05:00 logger.go:66: module.this.terraform_data.install (remote-exec): > Accept: */*
TestReboot 2026-04-17T16:53:57-05:00 logger.go:66: module.this.terraform_data.install (remote-exec): >
TestReboot 2026-04-17T16:53:57-05:00 logger.go:66: module.this.terraform_data.install (remote-exec): * Request completely sent off
TestReboot 2026-04-17T16:53:57-05:00 logger.go:66: module.this.terraform_data.install (remote-exec): { [5 bytes data]
TestReboot 2026-04-17T16:53:57-05:00 logger.go:66: module.this.terraform_data.install (remote-exec): * TLSv1.3 (IN), TLS handshake, Newsession Ticket (4):
TestReboot 2026-04-17T16:53:57-05:00 logger.go:66: module.this.terraform_data.install (remote-exec): { [230 bytes data]
TestReboot 2026-04-17T16:53:57-05:00 logger.go:66: module.this.terraform_data.install (remote-exec): * TLSv1.3 (IN), TLS handshake, Newsession Ticket (4):
TestReboot 2026-04-17T16:53:57-05:00 logger.go:66: module.this.terraform_data.install (remote-exec): { [230 bytes data]
TestReboot 2026-04-17T16:53:58-05:00 logger.go:66: module.this.terraform_data.install (remote-exec): < HTTP/2 200
TestReboot 2026-04-17T16:53:58-05:00 logger.go:66: module.this.terraform_data.install (remote-exec): < date: Fri, 17 Apr 2026 21:53:58 GMT
TestReboot 2026-04-17T16:53:58-05:00 logger.go:66: module.this.terraform_data.install (remote-exec): < content-type: text/plain;charset=UTF-8
TestReboot 2026-04-17T16:53:58-05:00 logger.go:66: module.this.terraform_data.install (remote-exec): < content-length: 26731
TestReboot 2026-04-17T16:53:58-05:00 logger.go:66: module.this.terraform_data.install (remote-exec): < x-cached: 2026-04-17T21:50:17.327Z
TestReboot 2026-04-17T16:53:58-05:00 logger.go:66: module.this.terraform_data.install (remote-exec): < x-sha256: 42983c86d1da64a92061d83afb57630cedd69241989f1b0673f3db6c3d92ee6b
TestReboot 2026-04-17T16:53:58-05:00 logger.go:66: module.this.terraform_data.install (remote-exec): < report-to: {"group":"cf-nel","max_age":604800,"endpoints":[{"url":"https://a.nel.cloudflare.com/report/v4?s=yp6tveyF7m9%2BjnSQHjS2OGbRukUTG5b6eppHtkdUBpVMel9lgJ5tA6qQnOcO9IJpfGO3Xyv%2Fdqn9xHmSXQzNknBNAOKBYiiUKzVLdTq6Mgu4wOaDik2nntE4mWOsFA%3D%3D"}]}
TestReboot 2026-04-17T16:53:58-05:00 logger.go:66: module.this.terraform_data.install (remote-exec): < nel: {"report_to":"cf-nel","success_fraction":0.0,"max_age":604800}
TestReboot 2026-04-17T16:53:58-05:00 logger.go:66: module.this.terraform_data.install (remote-exec): < server: cloudflare
TestReboot 2026-04-17T16:53:58-05:00 logger.go:66: module.this.terraform_data.install (remote-exec): < cf-ray: 9edeaa60b93cff0e-PDX
TestReboot 2026-04-17T16:53:58-05:00 logger.go:66: module.this.terraform_data.install (remote-exec): < alt-svc: h3=":443"; ma=86400
TestReboot 2026-04-17T16:53:58-05:00 logger.go:66: module.this.terraform_data.install (remote-exec): <
TestReboot 2026-04-17T16:53:58-05:00 logger.go:66: module.this.terraform_data.install (remote-exec): { [5 bytes data]
TestReboot 2026-04-17T16:53:58-05:00 logger.go:66: module.this.terraform_data.install (remote-exec): 100 26731  100 26731    0     0   106k      0 --:--:-- --:--:-- --:--:--  106k
TestReboot 2026-04-17T16:53:58-05:00 logger.go:66: module.this.terraform_data.install (remote-exec): * Connection #0 to host get.rke2.io left intact
TestReboot 2026-04-17T16:53:58-05:00 logger.go:66: module.this.terraform_data.install (remote-exec): + chmod +x /home/tf-ys0zmte0mi1kcg-reboot/rke2_artifacts/install.sh
TestReboot 2026-04-17T16:53:58-05:00 logger.go:66: module.this.terraform_data.install (remote-exec): + echo 'running install script...'
TestReboot 2026-04-17T16:53:58-05:00 logger.go:66: module.this.terraform_data.install (remote-exec): running install script...
TestReboot 2026-04-17T16:53:58-05:00 logger.go:66: module.this.terraform_data.install (remote-exec): + /home/tf-ys0zmte0mi1kcg-reboot/rke2_artifacts/install.sh
TestReboot 2026-04-17T16:53:58-05:00 logger.go:66: module.this.terraform_data.install (remote-exec): [WARN]  /usr/local is read-only or a mount point; installing to /opt/rke2
TestReboot 2026-04-17T16:53:58-05:00 logger.go:66: module.this.terraform_data.install (remote-exec): transactional-update 4.1.9 started
TestReboot 2026-04-17T16:53:58-05:00 logger.go:66: module.this.terraform_data.install (remote-exec): Options: --no-selfupdate -d run mkdir -p /var/lib/rpm-state
TestReboot 2026-04-17T16:53:58-05:00 logger.go:66: module.this.terraform_data.install (remote-exec): Separate /var detected.
TestReboot 2026-04-17T16:53:58-05:00 logger.go:66: module.this.terraform_data.install (remote-exec): 2026-04-17 21:53:58 tukit 4.1.9 started
TestReboot 2026-04-17T16:53:58-05:00 logger.go:66: module.this.terraform_data.install (remote-exec): 2026-04-17 21:53:58 Options: --discard -c1 open
TestReboot 2026-04-17T16:53:58-05:00 logger.go:66: module.this.terraform_data.install (remote-exec): 2026-04-17 21:53:58 Using snapshot 1 as base for new snapshot 2.
TestReboot 2026-04-17T16:53:58-05:00 logger.go:66: module.this.terraform_data.install (remote-exec): 2026-04-17 21:53:58 /var/lib/overlay/1/etc
TestReboot 2026-04-17T16:53:58-05:00 logger.go:66: module.this.terraform_data.install (remote-exec): 2026-04-17 21:53:58 No previous snapshot to sync with - skipping
TestReboot 2026-04-17T16:53:58-05:00 logger.go:66: module.this.terraform_data.install (remote-exec): Relabeled /var from system_u:object_r:unlabeled_t:s0 to system_u:object_r:var_t:s0
TestReboot 2026-04-17T16:53:58-05:00 logger.go:66: module.this.terraform_data.install (remote-exec): Relabeled /var/lib from unconfined_u:object_r:unlabeled_t:s0 to unconfined_u:object_r:var_lib_t:s0
TestReboot 2026-04-17T16:53:58-05:00 logger.go:66: module.this.terraform_data.install (remote-exec): ID: 2
TestReboot 2026-04-17T16:53:58-05:00 logger.go:66: module.this.terraform_data.install (remote-exec): 2026-04-17 21:53:58 Transaction completed.
TestReboot 2026-04-17T16:53:58-05:00 logger.go:66: module.this.terraform_data.install (remote-exec): 2026-04-17 21:53:58 tukit 4.1.9 started
TestReboot 2026-04-17T16:53:58-05:00 logger.go:66: module.this.terraform_data.install (remote-exec): 2026-04-17 21:53:58 Options: --discard call 2 mkdir -p /var/lib/rpm-state
TestReboot 2026-04-17T16:53:59-05:00 logger.go:66: module.this.terraform_data.install (remote-exec): Relabeled /var/lib/ca-certificates from unconfined_u:object_r:var_lib_t:s0 to unconfined_u:object_r:cert_t:s0
TestReboot 2026-04-17T16:53:59-05:00 logger.go:66: module.this.terraform_data.install (remote-exec): Relabeled /var/lib/alternatives from unconfined_u:object_r:var_lib_t:s0 to unconfined_u:object_r:rpm_var_lib_t:s0
TestReboot 2026-04-17T16:53:59-05:00 logger.go:66: module.this.terraform_data.install (remote-exec): Relabeled /var/log from unconfined_u:object_r:var_t:s0 to unconfined_u:object_r:var_log_t:s0
TestReboot 2026-04-17T16:53:59-05:00 logger.go:66: module.this.terraform_data.install (remote-exec): 2026-04-17 21:53:59 Executing `mkdir -p /var/lib/rpm-state`:
TestReboot 2026-04-17T16:53:59-05:00 logger.go:66: module.this.terraform_data.install (remote-exec): 2026-04-17 21:53:59 Application returned with exit status 0.
TestReboot 2026-04-17T16:53:59-05:00 logger.go:66: module.this.terraform_data.install (remote-exec): 2026-04-17 21:53:59 Transaction completed.
TestReboot 2026-04-17T16:54:00-05:00 logger.go:66: module.this.terraform_data.install (remote-exec): 2026-04-17 21:53:59 tukit 4.1.9 started
TestReboot 2026-04-17T16:54:00-05:00 logger.go:66: module.this.terraform_data.install (remote-exec): 2026-04-17 21:53:59 Options: --discard close 2
TestReboot 2026-04-17T16:54:00-05:00 logger.go:66: module.this.terraform_data.install (remote-exec): 2026-04-17 21:54:00 No changes to the root file system - discarding snapshot.
TestReboot 2026-04-17T16:54:00-05:00 logger.go:66: module.this.terraform_data.install (remote-exec): 2026-04-17 21:54:00 Merging changes in /etc into the running system.
TestReboot 2026-04-17T16:54:00-05:00 logger.go:66: module.this.terraform_data.install (remote-exec): 2026-04-17 21:54:00 Discarding snapshot 2.
TestReboot 2026-04-17T16:54:00-05:00 logger.go:66: module.this.terraform_data.install (remote-exec): 2026-04-17 21:54:00 Transaction completed.
TestReboot 2026-04-17T16:54:00-05:00 logger.go:66: module.this.terraform_data.install (remote-exec): transactional-update finished
TestReboot 2026-04-17T16:54:00-05:00 logger.go:66: module.this.terraform_data.install (remote-exec): [INFO]  finding release for channel stable
TestReboot 2026-04-17T16:54:01-05:00 logger.go:66: module.this.terraform_data.install (remote-exec): [INFO]  using 1.34 series from channel stable
TestReboot 2026-04-17T16:54:01-05:00 logger.go:66: module.this.terraform_data.install (remote-exec): transactional-update 4.1.9 started
TestReboot 2026-04-17T16:54:01-05:00 logger.go:66: module.this.terraform_data.install (remote-exec): Options: --no-selfupdate -d run zypper --gpg-auto-import-keys install -y rke2-server-1.34.6~rke2r3
TestReboot 2026-04-17T16:54:01-05:00 logger.go:66: module.this.terraform_data.install (remote-exec): Separate /var detected.
TestReboot 2026-04-17T16:54:01-05:00 logger.go:66: module.this.terraform_data.install (remote-exec): 2026-04-17 21:54:01 tukit 4.1.9 started
TestReboot 2026-04-17T16:54:01-05:00 logger.go:66: module.this.terraform_data.install (remote-exec): 2026-04-17 21:54:01 Options: --discard -c1 open
TestReboot 2026-04-17T16:54:01-05:00 logger.go:66: module.this.terraform_data.install (remote-exec): 2026-04-17 21:54:01 Using snapshot 1 as base for new snapshot 2.
TestReboot 2026-04-17T16:54:01-05:00 logger.go:66: module.this.terraform_data.install (remote-exec): 2026-04-17 21:54:01 /var/lib/overlay/1/etc
TestReboot 2026-04-17T16:54:01-05:00 logger.go:66: module.this.terraform_data.install (remote-exec): 2026-04-17 21:54:01 No previous snapshot to sync with - skipping
TestReboot 2026-04-17T16:54:01-05:00 logger.go:66: module.this.terraform_data.install (remote-exec): Relabeled /var from system_u:object_r:unlabeled_t:s0 to system_u:object_r:var_t:s0
TestReboot 2026-04-17T16:54:01-05:00 logger.go:66: module.this.terraform_data.install (remote-exec): Relabeled /var/lib from unconfined_u:object_r:unlabeled_t:s0 to unconfined_u:object_r:var_lib_t:s0
TestReboot 2026-04-17T16:54:01-05:00 logger.go:66: module.this.terraform_data.install (remote-exec): ID: 2
TestReboot 2026-04-17T16:54:01-05:00 logger.go:66: module.this.terraform_data.install (remote-exec): 2026-04-17 21:54:01 Transaction completed.
TestReboot 2026-04-17T16:54:01-05:00 logger.go:66: module.this.terraform_data.install (remote-exec): 2026-04-17 21:54:01 tukit 4.1.9 started
TestReboot 2026-04-17T16:54:01-05:00 logger.go:66: module.this.terraform_data.install (remote-exec): 2026-04-17 21:54:01 Options: --discard call 2 zypper --gpg-auto-import-keys install -y rke2-server-1.34.6~rke2r3
TestReboot 2026-04-17T16:54:02-05:00 logger.go:66: module.this.terraform_data.install (remote-exec): Relabeled /var/lib/ca-certificates from unconfined_u:object_r:var_lib_t:s0 to unconfined_u:object_r:cert_t:s0
TestReboot 2026-04-17T16:54:02-05:00 logger.go:66: module.this.terraform_data.install (remote-exec): Relabeled /var/lib/alternatives from unconfined_u:object_r:var_lib_t:s0 to unconfined_u:object_r:rpm_var_lib_t:s0
TestReboot 2026-04-17T16:54:02-05:00 logger.go:66: module.this.terraform_data.install (remote-exec): Relabeled /var/log from unconfined_u:object_r:var_t:s0 to unconfined_u:object_r:var_log_t:s0
TestReboot 2026-04-17T16:54:02-05:00 logger.go:66: module.this.terraform_data.install (remote-exec): 2026-04-17 21:54:02 Executing `zypper --gpg-auto-import-keys install -y rke2-server-1.34.6~rke2r3`:
TestReboot 2026-04-17T16:54:02-05:00 logger.go:66: module.this.terraform_data.install (remote-exec): Looking for gpg keys in repository Rancher RKE2 1.34 (stable).
TestReboot 2026-04-17T16:54:02-05:00 logger.go:66: module.this.terraform_data.install (remote-exec):   gpgkey=https://rpm.rancher.io/public.key
TestReboot 2026-04-17T16:54:03-05:00 logger.go:66: 
TestReboot 2026-04-17T16:54:03-05:00 logger.go:66: module.this.terraform_data.install (remote-exec): Automatically importing the following key:
TestReboot 2026-04-17T16:54:03-05:00 logger.go:66: 
TestReboot 2026-04-17T16:54:03-05:00 logger.go:66: module.this.terraform_data.install (remote-exec):   Repository:       Rancher RKE2 1.34 (stable)
TestReboot 2026-04-17T16:54:03-05:00 logger.go:66: module.this.terraform_data.install (remote-exec):   Key Fingerprint:  C8CF F216 4551 26E9 B9C9 18BE 925E A29A E257 814A
TestReboot 2026-04-17T16:54:03-05:00 logger.go:66: module.this.terraform_data.install (remote-exec):   Key Name:         Rancher (CI) <ci@rancher.com>
TestReboot 2026-04-17T16:54:03-05:00 logger.go:66: module.this.terraform_data.install (remote-exec):   Key Algorithm:    RSA 3072
TestReboot 2026-04-17T16:54:03-05:00 logger.go:66: module.this.terraform_data.install (remote-exec):   Key Created:      Tue Mar 10 22:43:06 2020
TestReboot 2026-04-17T16:54:03-05:00 logger.go:66: module.this.terraform_data.install (remote-exec):   Key Expires:      (does not expire)
TestReboot 2026-04-17T16:54:03-05:00 logger.go:66: module.this.terraform_data.install (remote-exec):   Subkey:           AA7E9EC8FE21FDCF 2020-03-10 [does not expire]
TestReboot 2026-04-17T16:54:03-05:00 logger.go:66: module.this.terraform_data.install (remote-exec):   Rpm Name:         gpg-pubkey-e257814a-5e6817fa
TestReboot 2026-04-17T16:54:03-05:00 logger.go:66: 
TestReboot 2026-04-17T16:54:03-05:00 logger.go:66: 
TestReboot 2026-04-17T16:54:03-05:00 logger.go:66: 
TestReboot 2026-04-17T16:54:03-05:00 logger.go:66: module.this.terraform_data.install (remote-exec):     Note: A GPG pubkey is clearly identified by its fingerprint. Do not rely on the key's name. If
TestReboot 2026-04-17T16:54:03-05:00 logger.go:66: module.this.terraform_data.install (remote-exec):     you are not sure whether the presented key is authentic, ask the repository provider or check
TestReboot 2026-04-17T16:54:03-05:00 logger.go:66: module.this.terraform_data.install (remote-exec):     their web site. Many providers maintain a web page showing the fingerprints of the GPG keys they
TestReboot 2026-04-17T16:54:03-05:00 logger.go:66: module.this.terraform_data.install (remote-exec):     are using.
TestReboot 2026-04-17T16:54:03-05:00 logger.go:66: module.this.terraform_data.install (remote-exec): Building repository 'Rancher RKE2 1.34 (stable)' cache [....done]
TestReboot 2026-04-17T16:54:03-05:00 logger.go:66: module.this.terraform_data.install: Still creating... [10s elapsed]
TestReboot 2026-04-17T16:54:03-05:00 logger.go:66: module.this.terraform_data.install (remote-exec): Looking for gpg keys in repository Rancher RKE2 Common (stable).
TestReboot 2026-04-17T16:54:03-05:00 logger.go:66: module.this.terraform_data.install (remote-exec):   gpgkey=https://rpm.rancher.io/public.key
TestReboot 2026-04-17T16:54:03-05:00 logger.go:66: module.this.terraform_data.install (remote-exec): Building repository 'Rancher RKE2 Common (stable)' cache [....done]
TestReboot 2026-04-17T16:54:03-05:00 logger.go:66: module.this.terraform_data.install (remote-exec): Loading repository data...
TestReboot 2026-04-17T16:54:03-05:00 logger.go:66: module.this.terraform_data.install (remote-exec): Reading installed packages...
TestReboot 2026-04-17T16:54:03-05:00 logger.go:66: module.this.terraform_data.install (remote-exec): Resolving package dependencies...
TestReboot 2026-04-17T16:54:03-05:00 logger.go:66: 
TestReboot 2026-04-17T16:54:03-05:00 logger.go:66: module.this.terraform_data.install (remote-exec): The following 3 NEW packages are going to be installed:
TestReboot 2026-04-17T16:54:03-05:00 logger.go:66: module.this.terraform_data.install (remote-exec):   rke2-common rke2-selinux rke2-server
TestReboot 2026-04-17T16:54:03-05:00 logger.go:66: 
TestReboot 2026-04-17T16:54:03-05:00 logger.go:66: module.this.terraform_data.install (remote-exec): The following 3 packages have no support information from their vendor:
TestReboot 2026-04-17T16:54:03-05:00 logger.go:66: module.this.terraform_data.install (remote-exec):   rke2-common rke2-selinux rke2-server
TestReboot 2026-04-17T16:54:03-05:00 logger.go:66: 
TestReboot 2026-04-17T16:54:03-05:00 logger.go:66: module.this.terraform_data.install (remote-exec): 3 new packages to install.
TestReboot 2026-04-17T16:54:03-05:00 logger.go:66: 
TestReboot 2026-04-17T16:54:03-05:00 logger.go:66: module.this.terraform_data.install (remote-exec): Package download size:    25.3 MiB
TestReboot 2026-04-17T16:54:03-05:00 logger.go:66: 
TestReboot 2026-04-17T16:54:03-05:00 logger.go:66: module.this.terraform_data.install (remote-exec): Package install size change:
TestReboot 2026-04-17T16:54:03-05:00 logger.go:66: module.this.terraform_data.install (remote-exec):               |     119.9 MiB  required by packages that will be installed
TestReboot 2026-04-17T16:54:03-05:00 logger.go:66: module.this.terraform_data.install (remote-exec):    119.9 MiB  |  -      0 B    released by packages that will be removed
TestReboot 2026-04-17T16:54:03-05:00 logger.go:66: 
TestReboot 2026-04-17T16:54:03-05:00 logger.go:66: module.this.terraform_data.install (remote-exec): Backend:  classic_rpmtrans
TestReboot 2026-04-17T16:54:03-05:00 logger.go:66: module.this.terraform_data.install (remote-exec): Continue? [y/n/v/...? shows all options] (y): y
TestReboot 2026-04-17T16:54:04-05:00 logger.go:66: module.this.terraform_data.install (remote-exec): Retrieving: rke2-selinux-0.22-1.slemicro.noarch (Rancher RKE2 Common (stable)) (1/3),  18.9 KiB
TestReboot 2026-04-17T16:54:04-05:00 logger.go:66: module.this.terraform_data.install (remote-exec): Retrieving: rke2-selinux-0.22-1.slemicro.noarch.rpm [.done]
TestReboot 2026-04-17T16:54:04-05:00 logger.go:66: module.this.terraform_data.install (remote-exec): Retrieving: rke2-common-1.34.6~rke2r3-0.slemicro.x86_64 (Rancher RKE2 1.34 (stable)) (2/3),  25.3 MiB
TestReboot 2026-04-17T16:54:04-05:00 logger.go:66: module.this.terraform_data.install (remote-exec): Retrieving: rke2-common-1.34.6~rke2r3-0.slemicro.x86_64.rpm [.
TestReboot 2026-04-17T16:54:04-05:00 logger.go:66: module.this.terraform_data.install (remote-exec): .done (711.9 KiB/s)]
TestReboot 2026-04-17T16:54:04-05:00 logger.go:66: module.this.terraform_data.install (remote-exec): Retrieving: rke2-server-1.34.6~rke2r3-0.slemicro.x86_64 (Rancher RKE2 1.34 (stable)) (3/3),   9.9 KiB
TestReboot 2026-04-17T16:54:04-05:00 logger.go:66: module.this.terraform_data.install (remote-exec): Retrieving: rke2-server-1.34.6~rke2r3-0.slemicro.x86_64.rpm [.done]
TestReboot 2026-04-17T16:54:04-05:00 logger.go:66: 
TestReboot 2026-04-17T16:54:04-05:00 logger.go:66: module.this.terraform_data.install (remote-exec): Checking for file conflicts: [..done]
TestReboot 2026-04-17T16:54:04-05:00 logger.go:66: module.this.terraform_data.install (remote-exec): (1/3) Installing: rke2-selinux-0.22-1.slemicro.noarch [..
TestReboot 2026-04-17T16:54:10-05:00 logger.go:66: module.this.terraform_data.install (remote-exec): done]
TestReboot 2026-04-17T16:54:10-05:00 logger.go:66: module.this.terraform_data.install (remote-exec): (2/3) Installing: rke2-common-1.34.6~rke2r3-0.slemicro.x86_64 [..
TestReboot 2026-04-17T16:54:10-05:00 logger.go:66: module.this.terraform_data.install (remote-exec): .
TestReboot 2026-04-17T16:54:10-05:00 logger.go:66: module.this.terraform_data.install (remote-exec): ..
TestReboot 2026-04-17T16:54:11-05:00 logger.go:66: module.this.terraform_data.install (remote-exec): ......
TestReboot 2026-04-17T16:54:11-05:00 logger.go:66: module.this.terraform_data.install (remote-exec): ...
TestReboot 2026-04-17T16:54:11-05:00 logger.go:66: module.this.terraform_data.install (remote-exec): ..
TestReboot 2026-04-17T16:54:12-05:00 logger.go:66: module.this.terraform_data.install (remote-exec): ...done]
TestReboot 2026-04-17T16:54:12-05:00 logger.go:66: module.this.terraform_data.install (remote-exec): (3/3) Installing: rke2-server-1.34.6~rke2r3-0.slemicro.x86_64 [..
TestReboot 2026-04-17T16:54:12-05:00 logger.go:66: module.this.terraform_data.install (remote-exec): Running in chroot, ignoring command 'daemon-reload'
TestReboot 2026-04-17T16:54:12-05:00 logger.go:66: module.this.terraform_data.install (remote-exec): done]
TestReboot 2026-04-17T16:54:12-05:00 logger.go:66: module.this.terraform_data.install (remote-exec): Running post-transaction scripts [..
TestReboot 2026-04-17T16:54:12-05:00 logger.go:66: module.this.terraform_data.install (remote-exec): ..done]
TestReboot 2026-04-17T16:54:12-05:00 logger.go:66: module.this.terraform_data.install (remote-exec): 2026-04-17 21:54:12 Application returned with exit status 0.
TestReboot 2026-04-17T16:54:12-05:00 logger.go:66: module.this.terraform_data.install (remote-exec): 2026-04-17 21:54:12 Transaction completed.
TestReboot 2026-04-17T16:54:12-05:00 logger.go:66: module.this.terraform_data.install (remote-exec): 2026-04-17 21:54:12 tukit 4.1.9 started
TestReboot 2026-04-17T16:54:12-05:00 logger.go:66: module.this.terraform_data.install (remote-exec): 2026-04-17 21:54:12 Options: --discard close 2
TestReboot 2026-04-17T16:54:13-05:00 logger.go:66: module.this.terraform_data.install (remote-exec): Relabeled /var/lib/YaST2 from unconfined_u:object_r:var_lib_t:s0 to unconfined_u:object_r:rpm_var_lib_t:s0
TestReboot 2026-04-17T16:54:13-05:00 logger.go:66: module.this.terraform_data.install (remote-exec): Relabeled /var/lib/YaST2/cookies from unconfined_u:object_r:var_lib_t:s0 to unconfined_u:object_r:rpm_var_lib_t:s0
TestReboot 2026-04-17T16:54:13-05:00 logger.go:66: module.this.terraform_data.install (remote-exec): Relabeled /var/lib/rancher/rke2 from system_u:object_r:container_var_lib_t:s0 to system_u:object_r:var_lib_t:s0
TestReboot 2026-04-17T16:54:13-05:00 logger.go:66: module.this.terraform_data.install (remote-exec): Relabeled /var/lib/rancher/rke2/data from system_u:object_r:container_runtime_exec_t:s0 to system_u:object_r:var_lib_t:s0
TestReboot 2026-04-17T16:54:13-05:00 logger.go:66: module.this.terraform_data.install (remote-exec): Relabeled /var/lib/rancher/rke2/agent from system_u:object_r:container_var_lib_t:s0 to system_u:object_r:var_lib_t:s0
TestReboot 2026-04-17T16:54:13-05:00 logger.go:66: module.this.terraform_data.install (remote-exec): Relabeled /var/lib/rancher/rke2/agent/logs from system_u:object_r:container_log_t:s0 to system_u:object_r:var_lib_t:s0
TestReboot 2026-04-17T16:54:13-05:00 logger.go:66: module.this.terraform_data.install (remote-exec): Relabeled /var/lib/rancher/rke2/agent/containerd from system_u:object_r:container_var_lib_t:s0 to system_u:object_r:var_lib_t:s0
TestReboot 2026-04-17T16:54:13-05:00 logger.go:66: module.this.terraform_data.install (remote-exec): Relabeled /var/lib/rancher/rke2/agent/containerd/io.containerd.snapshotter.v1.overlayfs from system_u:object_r:container_var_lib_t:s0 to system_u:object_r:var_lib_t:s0
TestReboot 2026-04-17T16:54:13-05:00 logger.go:66: module.this.terraform_data.install (remote-exec): Relabeled /var/lib/rancher/rke2/agent/containerd/io.containerd.snapshotter.v1.overlayfs/snapshots from system_u:object_r:container_ro_file_t:s0 to system_u:object_r:var_lib_t:s0
TestReboot 2026-04-17T16:54:13-05:00 logger.go:66: module.this.terraform_data.install (remote-exec): Relabeled /var/lib/rancher/rke2/server from system_u:object_r:container_var_lib_t:s0 to system_u:object_r:var_lib_t:s0
TestReboot 2026-04-17T16:54:13-05:00 logger.go:66: module.this.terraform_data.install (remote-exec): Relabeled /var/lib/systemd from unconfined_u:object_r:var_lib_t:s0 to unconfined_u:object_r:init_var_lib_t:s0
TestReboot 2026-04-17T16:54:13-05:00 logger.go:66: module.this.terraform_data.install (remote-exec): Relabeled /var/lib/systemd/migrated from unconfined_u:object_r:var_lib_t:s0 to unconfined_u:object_r:init_var_lib_t:s0
TestReboot 2026-04-17T16:54:13-05:00 logger.go:66: module.this.terraform_data.install (remote-exec): 2026-04-17 21:54:13 New default snapshot is #2 (/.snapshots/2/snapshot).
TestReboot 2026-04-17T16:54:13-05:00 logger.go:66: module.this.terraform_data.install (remote-exec): 2026-04-17 21:54:13 Transaction completed.
TestReboot 2026-04-17T16:54:13-05:00 logger.go:66: 
TestReboot 2026-04-17T16:54:13-05:00 logger.go:66: module.this.terraform_data.install (remote-exec): Please reboot your machine to activate the changes and avoid data loss.
TestReboot 2026-04-17T16:54:13-05:00 logger.go:66: module.this.terraform_data.install (remote-exec): New default snapshot is #2 (/.snapshots/2/snapshot).
TestReboot 2026-04-17T16:54:13-05:00 logger.go:66: module.this.terraform_data.install (remote-exec): transactional-update finished
TestReboot 2026-04-17T16:54:13-05:00 logger.go:66: module.this.terraform_data.install: Still creating... [20s elapsed]
TestReboot 2026-04-17T16:54:13-05:00 logger.go:66: module.this.terraform_data.install: Provisioning with 'remote-exec'...
TestReboot 2026-04-17T16:54:13-05:00 logger.go:66: module.this.terraform_data.install (remote-exec): Connecting to remote host via SSH...
TestReboot 2026-04-17T16:54:13-05:00 logger.go:66: module.this.terraform_data.install (remote-exec):   Host: 52.37.171.161
TestReboot 2026-04-17T16:54:13-05:00 logger.go:66: module.this.terraform_data.install (remote-exec):   User: tf-ys0zmte0mi1kcg-reboot
TestReboot 2026-04-17T16:54:13-05:00 logger.go:66: module.this.terraform_data.install (remote-exec):   Password: false
TestReboot 2026-04-17T16:54:13-05:00 logger.go:66: module.this.terraform_data.install (remote-exec):   Private key: false
TestReboot 2026-04-17T16:54:13-05:00 logger.go:66: module.this.terraform_data.install (remote-exec):   Certificate: false
TestReboot 2026-04-17T16:54:13-05:00 logger.go:66: module.this.terraform_data.install (remote-exec):   SSH Agent: true
TestReboot 2026-04-17T16:54:13-05:00 logger.go:66: module.this.terraform_data.install (remote-exec):   Checking Host Key: false
TestReboot 2026-04-17T16:54:13-05:00 logger.go:66: module.this.terraform_data.install (remote-exec):   Target Platform: unix
TestReboot 2026-04-17T16:54:14-05:00 logger.go:66: module.this.terraform_data.install (remote-exec): Connected!
TestReboot 2026-04-17T16:54:15-05:00 logger.go:66: module.this.terraform_data.install: Creation complete after 21s [id=13637f7e-78c9-262d-2c18-e644e6dda5fc]
TestReboot 2026-04-17T16:54:15-05:00 logger.go:66: module.this.time_sleep.ten_s_after_install: Creating...
TestReboot 2026-04-17T16:54:25-05:00 logger.go:66: module.this.time_sleep.ten_s_after_install: Still creating... [10s elapsed]
TestReboot 2026-04-17T16:54:25-05:00 logger.go:66: module.this.time_sleep.ten_s_after_install: Creation complete after 10s [id=2026-04-17T21:54:25Z]
TestReboot 2026-04-17T16:54:25-05:00 logger.go:66: module.this.time_sleep.ten_s_before_start: Creating...
TestReboot 2026-04-17T16:54:35-05:00 logger.go:66: module.this.time_sleep.ten_s_before_start: Still creating... [10s elapsed]
TestReboot 2026-04-17T16:54:35-05:00 logger.go:66: module.this.time_sleep.ten_s_before_start: Creation complete after 10s [id=2026-04-17T21:54:35Z]
TestReboot 2026-04-17T16:54:35-05:00 logger.go:66: module.this.terraform_data.start[0]: Creating...
TestReboot 2026-04-17T16:54:35-05:00 logger.go:66: module.this.terraform_data.start[0]: Provisioning with 'remote-exec'...
TestReboot 2026-04-17T16:54:35-05:00 logger.go:66: module.this.terraform_data.start[0] (remote-exec): Connecting to remote host via SSH...
TestReboot 2026-04-17T16:54:35-05:00 logger.go:66: module.this.terraform_data.start[0] (remote-exec):   Host: 52.37.171.161
TestReboot 2026-04-17T16:54:35-05:00 logger.go:66: module.this.terraform_data.start[0] (remote-exec):   User: tf-ys0zmte0mi1kcg-reboot
TestReboot 2026-04-17T16:54:35-05:00 logger.go:66: module.this.terraform_data.start[0] (remote-exec):   Password: false
TestReboot 2026-04-17T16:54:35-05:00 logger.go:66: module.this.terraform_data.start[0] (remote-exec):   Private key: false
TestReboot 2026-04-17T16:54:35-05:00 logger.go:66: module.this.terraform_data.start[0] (remote-exec):   Certificate: false
TestReboot 2026-04-17T16:54:35-05:00 logger.go:66: module.this.terraform_data.start[0] (remote-exec):   SSH Agent: true
TestReboot 2026-04-17T16:54:35-05:00 logger.go:66: module.this.terraform_data.start[0] (remote-exec):   Checking Host Key: false
TestReboot 2026-04-17T16:54:35-05:00 logger.go:66: module.this.terraform_data.start[0] (remote-exec):   Target Platform: unix
TestReboot 2026-04-17T16:54:45-05:00 logger.go:66: module.this.terraform_data.start[0]: Still creating... [10s elapsed]
TestReboot 2026-04-17T16:54:46-05:00 logger.go:66: module.this.terraform_data.start[0] (remote-exec): Connecting to remote host via SSH...
TestReboot 2026-04-17T16:54:46-05:00 logger.go:66: module.this.terraform_data.start[0] (remote-exec):   Host: 52.37.171.161
TestReboot 2026-04-17T16:54:46-05:00 logger.go:66: module.this.terraform_data.start[0] (remote-exec):   User: tf-ys0zmte0mi1kcg-reboot
TestReboot 2026-04-17T16:54:46-05:00 logger.go:66: module.this.terraform_data.start[0] (remote-exec):   Password: false
TestReboot 2026-04-17T16:54:46-05:00 logger.go:66: module.this.terraform_data.start[0] (remote-exec):   Private key: false
TestReboot 2026-04-17T16:54:46-05:00 logger.go:66: module.this.terraform_data.start[0] (remote-exec):   Certificate: false
TestReboot 2026-04-17T16:54:46-05:00 logger.go:66: module.this.terraform_data.start[0] (remote-exec):   SSH Agent: true
TestReboot 2026-04-17T16:54:46-05:00 logger.go:66: module.this.terraform_data.start[0] (remote-exec):   Checking Host Key: false
TestReboot 2026-04-17T16:54:46-05:00 logger.go:66: module.this.terraform_data.start[0] (remote-exec):   Target Platform: unix
TestReboot 2026-04-17T16:54:48-05:00 logger.go:66: module.this.terraform_data.start[0] (remote-exec): Connecting to remote host via SSH...
TestReboot 2026-04-17T16:54:48-05:00 logger.go:66: module.this.terraform_data.start[0] (remote-exec):   Host: 52.37.171.161
TestReboot 2026-04-17T16:54:48-05:00 logger.go:66: module.this.terraform_data.start[0] (remote-exec):   User: tf-ys0zmte0mi1kcg-reboot
TestReboot 2026-04-17T16:54:48-05:00 logger.go:66: module.this.terraform_data.start[0] (remote-exec):   Password: false
TestReboot 2026-04-17T16:54:48-05:00 logger.go:66: module.this.terraform_data.start[0] (remote-exec):   Private key: false
TestReboot 2026-04-17T16:54:48-05:00 logger.go:66: module.this.terraform_data.start[0] (remote-exec):   Certificate: false
TestReboot 2026-04-17T16:54:48-05:00 logger.go:66: module.this.terraform_data.start[0] (remote-exec):   SSH Agent: true
TestReboot 2026-04-17T16:54:48-05:00 logger.go:66: module.this.terraform_data.start[0] (remote-exec):   Checking Host Key: false
TestReboot 2026-04-17T16:54:48-05:00 logger.go:66: module.this.terraform_data.start[0] (remote-exec):   Target Platform: unix
TestReboot 2026-04-17T16:54:52-05:00 logger.go:66: module.this.terraform_data.start[0] (remote-exec): Connecting to remote host via SSH...
TestReboot 2026-04-17T16:54:52-05:00 logger.go:66: module.this.terraform_data.start[0] (remote-exec):   Host: 52.37.171.161
TestReboot 2026-04-17T16:54:52-05:00 logger.go:66: module.this.terraform_data.start[0] (remote-exec):   User: tf-ys0zmte0mi1kcg-reboot
TestReboot 2026-04-17T16:54:52-05:00 logger.go:66: module.this.terraform_data.start[0] (remote-exec):   Password: false
TestReboot 2026-04-17T16:54:52-05:00 logger.go:66: module.this.terraform_data.start[0] (remote-exec):   Private key: false
TestReboot 2026-04-17T16:54:52-05:00 logger.go:66: module.this.terraform_data.start[0] (remote-exec):   Certificate: false
TestReboot 2026-04-17T16:54:52-05:00 logger.go:66: module.this.terraform_data.start[0] (remote-exec):   SSH Agent: true
TestReboot 2026-04-17T16:54:52-05:00 logger.go:66: module.this.terraform_data.start[0] (remote-exec):   Checking Host Key: false
TestReboot 2026-04-17T16:54:52-05:00 logger.go:66: module.this.terraform_data.start[0] (remote-exec):   Target Platform: unix
TestReboot 2026-04-17T16:54:55-05:00 logger.go:66: module.this.terraform_data.start[0]: Still creating... [20s elapsed]
TestReboot 2026-04-17T16:55:00-05:00 logger.go:66: module.this.terraform_data.start[0] (remote-exec): Connecting to remote host via SSH...
TestReboot 2026-04-17T16:55:00-05:00 logger.go:66: module.this.terraform_data.start[0] (remote-exec):   Host: 52.37.171.161
TestReboot 2026-04-17T16:55:00-05:00 logger.go:66: module.this.terraform_data.start[0] (remote-exec):   User: tf-ys0zmte0mi1kcg-reboot
TestReboot 2026-04-17T16:55:00-05:00 logger.go:66: module.this.terraform_data.start[0] (remote-exec):   Password: false
TestReboot 2026-04-17T16:55:00-05:00 logger.go:66: module.this.terraform_data.start[0] (remote-exec):   Private key: false
TestReboot 2026-04-17T16:55:00-05:00 logger.go:66: module.this.terraform_data.start[0] (remote-exec):   Certificate: false
TestReboot 2026-04-17T16:55:00-05:00 logger.go:66: module.this.terraform_data.start[0] (remote-exec):   SSH Agent: true
TestReboot 2026-04-17T16:55:00-05:00 logger.go:66: module.this.terraform_data.start[0] (remote-exec):   Checking Host Key: false
TestReboot 2026-04-17T16:55:00-05:00 logger.go:66: module.this.terraform_data.start[0] (remote-exec):   Target Platform: unix
TestReboot 2026-04-17T16:55:01-05:00 logger.go:66: module.this.terraform_data.start[0] (remote-exec): Connected!
TestReboot 2026-04-17T16:55:01-05:00 logger.go:66: module.this.terraform_data.start[0] (remote-exec): Connected!
TestReboot 2026-04-17T16:55:02-05:00 logger.go:66: module.this.terraform_data.start[0]: Provisioning with 'file'...
TestReboot 2026-04-17T16:55:03-05:00 logger.go:66: module.this.terraform_data.start[0]: Provisioning with 'remote-exec'...
TestReboot 2026-04-17T16:55:03-05:00 logger.go:66: module.this.terraform_data.start[0] (remote-exec): Connecting to remote host via SSH...
TestReboot 2026-04-17T16:55:03-05:00 logger.go:66: module.this.terraform_data.start[0] (remote-exec):   Host: 52.37.171.161
TestReboot 2026-04-17T16:55:03-05:00 logger.go:66: module.this.terraform_data.start[0] (remote-exec):   User: tf-ys0zmte0mi1kcg-reboot
TestReboot 2026-04-17T16:55:03-05:00 logger.go:66: module.this.terraform_data.start[0] (remote-exec):   Password: false
TestReboot 2026-04-17T16:55:03-05:00 logger.go:66: module.this.terraform_data.start[0] (remote-exec):   Private key: false
TestReboot 2026-04-17T16:55:03-05:00 logger.go:66: module.this.terraform_data.start[0] (remote-exec):   Certificate: false
TestReboot 2026-04-17T16:55:03-05:00 logger.go:66: module.this.terraform_data.start[0] (remote-exec):   SSH Agent: true
TestReboot 2026-04-17T16:55:03-05:00 logger.go:66: module.this.terraform_data.start[0] (remote-exec):   Checking Host Key: false
TestReboot 2026-04-17T16:55:03-05:00 logger.go:66: module.this.terraform_data.start[0] (remote-exec):   Target Platform: unix
TestReboot 2026-04-17T16:55:03-05:00 logger.go:66: module.this.terraform_data.start[0] (remote-exec): Connected!
TestReboot 2026-04-17T16:55:04-05:00 logger.go:66: module.this.terraform_data.start[0] (remote-exec): + set -e
TestReboot 2026-04-17T16:55:04-05:00 logger.go:66: module.this.terraform_data.start[0] (remote-exec): ++ sudo uptime
TestReboot 2026-04-17T16:55:04-05:00 logger.go:66: module.this.terraform_data.start[0] (remote-exec): ++ awk -F, '{print $1}'
TestReboot 2026-04-17T16:55:04-05:00 logger.go:66: module.this.terraform_data.start[0] (remote-exec): ++ awk '{print $3}'
TestReboot 2026-04-17T16:55:04-05:00 logger.go:66: module.this.terraform_data.start[0] (remote-exec): ++ awk -F: '{print $2}'
TestReboot 2026-04-17T16:55:04-05:00 logger.go:66: module.this.terraform_data.start[0] (remote-exec): + echo 'Uptime is 00' 'min, it should be low.'
TestReboot 2026-04-17T16:55:04-05:00 logger.go:66: module.this.terraform_data.start[0] (remote-exec): Uptime is 00 min, it should be low.
TestReboot 2026-04-17T16:55:04-05:00 logger.go:66: module.this.terraform_data.start[0] (remote-exec): + sudo chmod +x /home/tf-ys0zmte0mi1kcg-reboot/start.sh
TestReboot 2026-04-17T16:55:04-05:00 logger.go:66: module.this.terraform_data.start[0] (remote-exec): + sudo /home/tf-ys0zmte0mi1kcg-reboot/start.sh server 10
TestReboot 2026-04-17T16:55:04-05:00 logger.go:66: module.this.terraform_data.start[0] (remote-exec): 2026-04-17 21:55:04 - Reloading systemd daemon and enabling rke2-server.service...
TestReboot 2026-04-17T16:55:04-05:00 logger.go:66: module.this.terraform_data.start[0] (remote-exec): Created symlink /etc/systemd/system/multi-user.target.wants/rke2-server.service → /usr/lib/systemd/system/rke2-server.service.
TestReboot 2026-04-17T16:55:05-05:00 logger.go:66: module.this.terraform_data.start[0] (remote-exec): 2026-04-17 21:55:05 - Starting rke2-server.service...
TestReboot 2026-04-17T16:55:05-05:00 logger.go:66: module.this.terraform_data.start[0] (remote-exec): 2026-04-17 21:55:05 - rke2-server.service status is "activating"
TestReboot 2026-04-17T16:55:05-05:00 logger.go:66: module.this.terraform_data.start[0]: Still creating... [30s elapsed]
TestReboot 2026-04-17T16:55:15-05:00 logger.go:66: module.this.terraform_data.start[0] (remote-exec): 2026-04-17 21:55:15 - rke2-server.service status is "activating"
TestReboot 2026-04-17T16:55:15-05:00 logger.go:66: module.this.terraform_data.start[0]: Still creating... [40s elapsed]
TestReboot 2026-04-17T16:55:25-05:00 logger.go:66: module.this.terraform_data.start[0] (remote-exec): 2026-04-17 21:55:25 - rke2-server.service status is "activating"
TestReboot 2026-04-17T16:55:25-05:00 logger.go:66: module.this.terraform_data.start[0]: Still creating... [50s elapsed]
TestReboot 2026-04-17T16:55:35-05:00 logger.go:66: module.this.terraform_data.start[0] (remote-exec): 2026-04-17 21:55:35 - rke2-server.service status is "activating"
TestReboot 2026-04-17T16:55:35-05:00 logger.go:66: module.this.terraform_data.start[0]: Still creating... [1m0s elapsed]
TestReboot 2026-04-17T16:55:45-05:00 logger.go:66: module.this.terraform_data.start[0] (remote-exec): 2026-04-17 21:55:45 - rke2-server.service status is "activating"
TestReboot 2026-04-17T16:55:45-05:00 logger.go:66: module.this.terraform_data.start[0]: Still creating... [1m10s elapsed]
TestReboot 2026-04-17T16:55:55-05:00 logger.go:66: module.this.terraform_data.start[0] (remote-exec): 2026-04-17 21:55:55 - rke2-server.service status is "activating"
TestReboot 2026-04-17T16:55:55-05:00 logger.go:66: module.this.terraform_data.start[0]: Still creating... [1m20s elapsed]
TestReboot 2026-04-17T16:56:05-05:00 logger.go:66: module.this.terraform_data.start[0] (remote-exec): 2026-04-17 21:56:05 - rke2-server.service status is "activating"
TestReboot 2026-04-17T16:56:05-05:00 logger.go:66: module.this.terraform_data.start[0]: Still creating... [1m30s elapsed]
TestReboot 2026-04-17T16:56:15-05:00 logger.go:66: module.this.terraform_data.start[0]: Still creating... [1m40s elapsed]
TestReboot 2026-04-17T16:56:15-05:00 logger.go:66: module.this.terraform_data.start[0] (remote-exec): 2026-04-17 21:56:15 - rke2-server.service status is "activating"
TestReboot 2026-04-17T16:56:25-05:00 logger.go:66: module.this.terraform_data.start[0]: Still creating... [1m50s elapsed]
TestReboot 2026-04-17T16:56:25-05:00 logger.go:66: module.this.terraform_data.start[0] (remote-exec): 2026-04-17 21:56:25 - rke2-server.service status is "activating"
TestReboot 2026-04-17T16:56:35-05:00 logger.go:66: module.this.terraform_data.start[0]: Still creating... [2m0s elapsed]
TestReboot 2026-04-17T16:56:35-05:00 logger.go:66: module.this.terraform_data.start[0] (remote-exec): 2026-04-17 21:56:35 - rke2-server.service status is "activating"
TestReboot 2026-04-17T16:56:45-05:00 logger.go:66: module.this.terraform_data.start[0]: Still creating... [2m10s elapsed]
TestReboot 2026-04-17T16:56:45-05:00 logger.go:66: module.this.terraform_data.start[0] (remote-exec): 2026-04-17 21:56:45 - rke2-server.service status is "activating"
TestReboot 2026-04-17T16:56:55-05:00 logger.go:66: module.this.terraform_data.start[0]: Still creating... [2m20s elapsed]
TestReboot 2026-04-17T16:56:55-05:00 logger.go:66: module.this.terraform_data.start[0] (remote-exec): 2026-04-17 21:56:55 - rke2-server.service status is "activating"
TestReboot 2026-04-17T16:57:05-05:00 logger.go:66: module.this.terraform_data.start[0]: Still creating... [2m30s elapsed]
TestReboot 2026-04-17T16:57:05-05:00 logger.go:66: module.this.terraform_data.start[0] (remote-exec): 2026-04-17 21:57:05 - rke2-server.service status is "activating"
TestReboot 2026-04-17T16:57:15-05:00 logger.go:66: module.this.terraform_data.start[0]: Still creating... [2m40s elapsed]
TestReboot 2026-04-17T16:57:15-05:00 logger.go:66: module.this.terraform_data.start[0] (remote-exec): 2026-04-17 21:57:15 - rke2-server.service status is "activating"
TestReboot 2026-04-17T16:57:25-05:00 logger.go:66: module.this.terraform_data.start[0]: Still creating... [2m50s elapsed]
TestReboot 2026-04-17T16:57:25-05:00 logger.go:66: module.this.terraform_data.start[0] (remote-exec): 2026-04-17 21:57:25 - rke2-server.service status is "activating"
TestReboot 2026-04-17T16:57:35-05:00 logger.go:66: module.this.terraform_data.start[0]: Still creating... [3m0s elapsed]
TestReboot 2026-04-17T16:57:35-05:00 logger.go:66: module.this.terraform_data.start[0] (remote-exec): 2026-04-17 21:57:35 - rke2-server.service status is "activating"
TestReboot 2026-04-17T16:57:45-05:00 logger.go:66: module.this.terraform_data.start[0]: Still creating... [3m10s elapsed]
TestReboot 2026-04-17T16:57:45-05:00 logger.go:66: module.this.terraform_data.start[0] (remote-exec): 2026-04-17 21:57:45 - rke2-server.service status is "activating"
TestReboot 2026-04-17T16:57:55-05:00 logger.go:66: module.this.terraform_data.start[0]: Still creating... [3m20s elapsed]
TestReboot 2026-04-17T16:57:55-05:00 logger.go:66: module.this.terraform_data.start[0] (remote-exec): 2026-04-17 21:57:55 - rke2-server.service status is "activating"
TestReboot 2026-04-17T16:58:05-05:00 logger.go:66: module.this.terraform_data.start[0]: Still creating... [3m30s elapsed]
TestReboot 2026-04-17T16:58:05-05:00 logger.go:66: module.this.terraform_data.start[0] (remote-exec): 2026-04-17 21:58:05 - rke2-server.service status is "activating"
TestReboot 2026-04-17T16:58:15-05:00 logger.go:66: module.this.terraform_data.start[0]: Still creating... [3m40s elapsed]
TestReboot 2026-04-17T16:58:15-05:00 logger.go:66: module.this.terraform_data.start[0] (remote-exec): 2026-04-17 21:58:15 - rke2-server.service status is "activating"
TestReboot 2026-04-17T16:58:25-05:00 logger.go:66: module.this.terraform_data.start[0]: Still creating... [3m50s elapsed]
TestReboot 2026-04-17T16:58:25-05:00 logger.go:66: module.this.terraform_data.start[0] (remote-exec): 2026-04-17 21:58:25 - rke2-server.service status is "activating"
TestReboot 2026-04-17T16:58:35-05:00 logger.go:66: module.this.terraform_data.start[0]: Still creating... [4m0s elapsed]
TestReboot 2026-04-17T16:58:35-05:00 logger.go:66: module.this.terraform_data.start[0] (remote-exec): 2026-04-17 21:58:35 - rke2-server.service status is "activating"
TestReboot 2026-04-17T16:58:45-05:00 logger.go:66: module.this.terraform_data.start[0]: Still creating... [4m10s elapsed]
TestReboot 2026-04-17T16:58:45-05:00 logger.go:66: module.this.terraform_data.start[0] (remote-exec): 2026-04-17 21:58:45 - rke2-server.service status is "activating"
TestReboot 2026-04-17T16:58:55-05:00 logger.go:66: module.this.terraform_data.start[0]: Still creating... [4m20s elapsed]
TestReboot 2026-04-17T16:58:55-05:00 logger.go:66: module.this.terraform_data.start[0] (remote-exec): 2026-04-17 21:58:55 - rke2-server.service status is "activating"
TestReboot 2026-04-17T16:59:05-05:00 logger.go:66: module.this.terraform_data.start[0]: Still creating... [4m30s elapsed]
TestReboot 2026-04-17T16:59:05-05:00 logger.go:66: module.this.terraform_data.start[0] (remote-exec): 2026-04-17 21:59:05 - rke2-server.service status is "activating"
TestReboot 2026-04-17T16:59:15-05:00 logger.go:66: module.this.terraform_data.start[0]: Still creating... [4m40s elapsed]
TestReboot 2026-04-17T16:59:15-05:00 logger.go:66: module.this.terraform_data.start[0] (remote-exec): 2026-04-17 21:59:15 - rke2-server.service status is "activating"
TestReboot 2026-04-17T16:59:25-05:00 logger.go:66: module.this.terraform_data.start[0]: Still creating... [4m50s elapsed]
TestReboot 2026-04-17T16:59:25-05:00 logger.go:66: module.this.terraform_data.start[0] (remote-exec): 2026-04-17 21:59:25 - rke2-server.service status is "activating"
TestReboot 2026-04-17T16:59:35-05:00 logger.go:66: module.this.terraform_data.start[0]: Still creating... [5m0s elapsed]
TestReboot 2026-04-17T16:59:35-05:00 logger.go:66: module.this.terraform_data.start[0] (remote-exec): 2026-04-17 21:59:35 - rke2-server.service status is "activating"
TestReboot 2026-04-17T16:59:45-05:00 logger.go:66: module.this.terraform_data.start[0]: Still creating... [5m10s elapsed]
TestReboot 2026-04-17T16:59:45-05:00 logger.go:66: module.this.terraform_data.start[0] (remote-exec): 2026-04-17 21:59:45 - rke2-server.service status is "activating"
TestReboot 2026-04-17T16:59:55-05:00 logger.go:66: module.this.terraform_data.start[0]: Still creating... [5m20s elapsed]
TestReboot 2026-04-17T16:59:55-05:00 logger.go:66: module.this.terraform_data.start[0] (remote-exec): 2026-04-17 21:59:55 - rke2-server.service status is "activating"
TestReboot 2026-04-17T17:00:05-05:00 logger.go:66: module.this.terraform_data.start[0]: Still creating... [5m30s elapsed]
TestReboot 2026-04-17T17:00:05-05:00 logger.go:66: module.this.terraform_data.start[0] (remote-exec): 2026-04-17 22:00:05 - rke2-server.service status is "activating"
TestReboot 2026-04-17T17:00:15-05:00 logger.go:66: module.this.terraform_data.start[0]: Still creating... [5m40s elapsed]
TestReboot 2026-04-17T17:00:15-05:00 logger.go:66: module.this.terraform_data.start[0] (remote-exec): 2026-04-17 22:00:15 - rke2-server.service status is "activating"
TestReboot 2026-04-17T17:00:25-05:00 logger.go:66: module.this.terraform_data.start[0]: Still creating... [5m50s elapsed]
TestReboot 2026-04-17T17:00:25-05:00 logger.go:66: module.this.terraform_data.start[0] (remote-exec): 2026-04-17 22:00:25 - rke2-server.service status is "activating"
TestReboot 2026-04-17T17:00:35-05:00 logger.go:66: module.this.terraform_data.start[0]: Still creating... [6m0s elapsed]
TestReboot 2026-04-17T17:00:35-05:00 logger.go:66: module.this.terraform_data.start[0] (remote-exec): 2026-04-17 22:00:35 - rke2-server.service status is "activating"
TestReboot 2026-04-17T17:00:45-05:00 logger.go:66: module.this.terraform_data.start[0]: Still creating... [6m10s elapsed]
TestReboot 2026-04-17T17:00:45-05:00 logger.go:66: module.this.terraform_data.start[0] (remote-exec): 2026-04-17 22:00:45 - rke2-server.service status is "activating"
TestReboot 2026-04-17T17:00:55-05:00 logger.go:66: module.this.terraform_data.start[0]: Still creating... [6m20s elapsed]
TestReboot 2026-04-17T17:00:55-05:00 logger.go:66: module.this.terraform_data.start[0] (remote-exec): 2026-04-17 22:00:55 - rke2-server.service status is "activating"
TestReboot 2026-04-17T17:01:05-05:00 logger.go:66: module.this.terraform_data.start[0]: Still creating... [6m30s elapsed]
TestReboot 2026-04-17T17:01:05-05:00 logger.go:66: module.this.terraform_data.start[0] (remote-exec): 2026-04-17 22:01:05 - rke2-server.service status is "activating"
TestReboot 2026-04-17T17:01:15-05:00 logger.go:66: module.this.terraform_data.start[0]: Still creating... [6m40s elapsed]
TestReboot 2026-04-17T17:01:15-05:00 logger.go:66: module.this.terraform_data.start[0] (remote-exec): 2026-04-17 22:01:15 - rke2-server.service status is "activating"
TestReboot 2026-04-17T17:01:25-05:00 logger.go:66: module.this.terraform_data.start[0]: Still creating... [6m50s elapsed]
TestReboot 2026-04-17T17:01:25-05:00 logger.go:66: module.this.terraform_data.start[0] (remote-exec): 2026-04-17 22:01:25 - rke2-server.service status is "activating"
TestReboot 2026-04-17T17:01:35-05:00 logger.go:66: module.this.terraform_data.start[0]: Still creating... [7m0s elapsed]
TestReboot 2026-04-17T17:01:35-05:00 logger.go:66: module.this.terraform_data.start[0] (remote-exec): 2026-04-17 22:01:35 - rke2-server.service status is "activating"
TestReboot 2026-04-17T17:01:45-05:00 logger.go:66: module.this.terraform_data.start[0]: Still creating... [7m10s elapsed]
TestReboot 2026-04-17T17:01:45-05:00 logger.go:66: module.this.terraform_data.start[0] (remote-exec): 2026-04-17 22:01:45 - rke2-server.service status is "activating"
TestReboot 2026-04-17T17:01:55-05:00 logger.go:66: module.this.terraform_data.start[0]: Still creating... [7m20s elapsed]
TestReboot 2026-04-17T17:01:55-05:00 logger.go:66: module.this.terraform_data.start[0] (remote-exec): 2026-04-17 22:01:55 - rke2-server.service status is "activating"
TestReboot 2026-04-17T17:02:05-05:00 logger.go:66: module.this.terraform_data.start[0]: Still creating... [7m30s elapsed]
TestReboot 2026-04-17T17:02:05-05:00 logger.go:66: module.this.terraform_data.start[0] (remote-exec): 2026-04-17 22:02:05 - rke2-server.service status is "activating"
TestReboot 2026-04-17T17:02:15-05:00 logger.go:66: module.this.terraform_data.start[0]: Still creating... [7m40s elapsed]
TestReboot 2026-04-17T17:02:15-05:00 logger.go:66: module.this.terraform_data.start[0] (remote-exec): 2026-04-17 22:02:15 - rke2-server.service status is "activating"
TestReboot 2026-04-17T17:02:25-05:00 logger.go:66: module.this.terraform_data.start[0]: Still creating... [7m50s elapsed]
TestReboot 2026-04-17T17:02:25-05:00 logger.go:66: module.this.terraform_data.start[0] (remote-exec): 2026-04-17 22:02:25 - rke2-server.service status is "activating"
TestReboot 2026-04-17T17:02:35-05:00 logger.go:66: module.this.terraform_data.start[0]: Still creating... [8m0s elapsed]
TestReboot 2026-04-17T17:02:35-05:00 logger.go:66: module.this.terraform_data.start[0] (remote-exec): 2026-04-17 22:02:35 - rke2-server.service status is "activating"
TestReboot 2026-04-17T17:02:45-05:00 logger.go:66: module.this.terraform_data.start[0]: Still creating... [8m10s elapsed]
TestReboot 2026-04-17T17:02:45-05:00 logger.go:66: module.this.terraform_data.start[0] (remote-exec): 2026-04-17 22:02:45 - rke2-server.service status is "activating"
TestReboot 2026-04-17T17:02:55-05:00 logger.go:66: module.this.terraform_data.start[0]: Still creating... [8m20s elapsed]
TestReboot 2026-04-17T17:02:55-05:00 logger.go:66: module.this.terraform_data.start[0] (remote-exec): 2026-04-17 22:02:55 - rke2-server.service status is "activating"
TestReboot 2026-04-17T17:03:05-05:00 logger.go:66: module.this.terraform_data.start[0]: Still creating... [8m30s elapsed]
TestReboot 2026-04-17T17:03:05-05:00 logger.go:66: module.this.terraform_data.start[0] (remote-exec): 2026-04-17 22:03:05 - rke2-server.service status is "activating"
TestReboot 2026-04-17T17:03:15-05:00 logger.go:66: module.this.terraform_data.start[0]: Still creating... [8m40s elapsed]
TestReboot 2026-04-17T17:03:15-05:00 logger.go:66: module.this.terraform_data.start[0] (remote-exec): 2026-04-17 22:03:15 - rke2-server.service status is "activating"
TestReboot 2026-04-17T17:03:25-05:00 logger.go:66: module.this.terraform_data.start[0]: Still creating... [8m50s elapsed]
TestReboot 2026-04-17T17:03:25-05:00 logger.go:66: module.this.terraform_data.start[0] (remote-exec): 2026-04-17 22:03:25 - rke2-server.service status is "activating"
TestReboot 2026-04-17T17:03:35-05:00 logger.go:66: module.this.terraform_data.start[0]: Still creating... [9m0s elapsed]
TestReboot 2026-04-17T17:03:35-05:00 logger.go:66: module.this.terraform_data.start[0] (remote-exec): 2026-04-17 22:03:35 - rke2-server.service status is "activating"
TestReboot 2026-04-17T17:03:45-05:00 logger.go:66: module.this.terraform_data.start[0]: Still creating... [9m10s elapsed]
TestReboot 2026-04-17T17:03:45-05:00 logger.go:66: module.this.terraform_data.start[0] (remote-exec): 2026-04-17 22:03:45 - rke2-server.service status is "activating"
TestReboot 2026-04-17T17:03:55-05:00 logger.go:66: module.this.terraform_data.start[0]: Still creating... [9m20s elapsed]
TestReboot 2026-04-17T17:03:55-05:00 logger.go:66: module.this.terraform_data.start[0] (remote-exec): 2026-04-17 22:03:55 - rke2-server.service status is "activating"
TestReboot 2026-04-17T17:04:05-05:00 logger.go:66: module.this.terraform_data.start[0]: Still creating... [9m30s elapsed]
TestReboot 2026-04-17T17:04:05-05:00 logger.go:66: module.this.terraform_data.start[0] (remote-exec): 2026-04-17 22:04:05 - rke2-server.service status is "activating"
TestReboot 2026-04-17T17:04:15-05:00 logger.go:66: module.this.terraform_data.start[0]: Still creating... [9m40s elapsed]
TestReboot 2026-04-17T17:04:16-05:00 logger.go:66: module.this.terraform_data.start[0] (remote-exec): 2026-04-17 22:04:15 - rke2-server.service status is "activating"
TestReboot 2026-04-17T17:04:25-05:00 logger.go:66: module.this.terraform_data.start[0]: Still creating... [9m50s elapsed]
TestReboot 2026-04-17T17:04:25-05:00 logger.go:66: module.this.terraform_data.start[0] (remote-exec): 2026-04-17 22:04:25 - rke2-server.service status is "activating"
TestReboot 2026-04-17T17:04:35-05:00 logger.go:66: module.this.terraform_data.start[0]: Still creating... [10m0s elapsed]
TestReboot 2026-04-17T17:04:35-05:00 logger.go:66: module.this.terraform_data.start[0] (remote-exec): 2026-04-17 22:04:35 - rke2-server.service status is "activating"
TestReboot 2026-04-17T17:04:45-05:00 logger.go:66: module.this.terraform_data.start[0]: Still creating... [10m10s elapsed]
TestReboot 2026-04-17T17:04:45-05:00 logger.go:66: module.this.terraform_data.start[0] (remote-exec): 2026-04-17 22:04:45 - rke2-server.service status is "activating"
TestReboot 2026-04-17T17:04:55-05:00 logger.go:66: module.this.terraform_data.start[0]: Still creating... [10m20s elapsed]
TestReboot 2026-04-17T17:04:55-05:00 logger.go:66: module.this.terraform_data.start[0] (remote-exec): 2026-04-17 22:04:55 - rke2-server.service status is "activating"
TestReboot 2026-04-17T17:04:55-05:00 logger.go:66: module.this.terraform_data.start[0] (remote-exec): 2026-04-17 22:04:55 - rke2-server.service status is "activating"
TestReboot 2026-04-17T17:04:55-05:00 logger.go:66: module.this.terraform_data.start[0] (remote-exec): 2026-04-17 22:04:55 - Timed out attempting to start service:
TestReboot 2026-04-17T17:04:55-05:00 logger.go:66: module.this.terraform_data.start[0] (remote-exec): 2026-04-17 22:04:55 - status:
TestReboot 2026-04-17T17:04:55-05:00 logger.go:66: module.this.terraform_data.start[0] (remote-exec): ● rke2-server.service - Rancher Kubernetes Engine v2 (server)
TestReboot 2026-04-17T17:04:55-05:00 logger.go:66: module.this.terraform_data.start[0] (remote-exec):      Loaded: loaded (/usr/lib/systemd/system/rke2-server.service; enabled; vendor preset: disabled)
TestReboot 2026-04-17T17:04:55-05:00 logger.go:66: module.this.terraform_data.start[0] (remote-exec):      Active: activating (start) since Fri 2026-04-17 21:55:05 UTC; 9min ago
TestReboot 2026-04-17T17:04:55-05:00 logger.go:66: module.this.terraform_data.start[0] (remote-exec):        Docs: https://github.com/rancher/rke2#readme
TestReboot 2026-04-17T17:04:55-05:00 logger.go:66: module.this.terraform_data.start[0] (remote-exec):     Process: 2266 ExecCondition=/bin/sh -c if systemctl is-active --quiet rke2-agent.service; then echo "Error: rke2-agent is running!"; exit 1; fi (code=exited, status=0/SUCCESS)
TestReboot 2026-04-17T17:04:55-05:00 logger.go:66: module.this.terraform_data.start[0] (remote-exec):     Process: 2270 ExecStartPre=/sbin/modprobe br_netfilter (code=exited, status=0/SUCCESS)
TestReboot 2026-04-17T17:04:55-05:00 logger.go:66: module.this.terraform_data.start[0] (remote-exec):     Process: 2271 ExecStartPre=/sbin/modprobe overlay (code=exited, status=0/SUCCESS)
TestReboot 2026-04-17T17:04:55-05:00 logger.go:66: module.this.terraform_data.start[0] (remote-exec):    Main PID: 2272 (rke2)
TestReboot 2026-04-17T17:04:55-05:00 logger.go:66: module.this.terraform_data.start[0] (remote-exec):       Tasks: 56
TestReboot 2026-04-17T17:04:55-05:00 logger.go:66: module.this.terraform_data.start[0] (remote-exec):         CPU: 15.488s
TestReboot 2026-04-17T17:04:55-05:00 logger.go:66: module.this.terraform_data.start[0] (remote-exec):      CGroup: /system.slice/rke2-server.service
TestReboot 2026-04-17T17:04:55-05:00 logger.go:66: module.this.terraform_data.start[0] (remote-exec):              ├─ 2272 "/usr/bin/rke2 server"
TestReboot 2026-04-17T17:04:55-05:00 logger.go:66: module.this.terraform_data.start[0] (remote-exec):              ├─ 2285 containerd -c /var/lib/rancher/rke2/agent/etc/containerd/config.toml
TestReboot 2026-04-17T17:04:55-05:00 logger.go:66: module.this.terraform_data.start[0] (remote-exec):              ├─ 2342 kubelet --volume-plugin-dir=/var/lib/kubelet/volumeplugins --file-check-frequency=5s --sync-frequency=30s --cloud-provider=external --config-dir=/var/lib/rancher/rke2/agent/etc/kubelet.conf.d --containerd=/run/k3s/containerd/containerd.sock --hostname-override=ip-10-0-219-99 --kubeconfig=/var/lib/rancher/rke2/agent/kubelet.kubeconfig --node-ip=10.0.219.99 --node-labels= --read-only-port=0
TestReboot 2026-04-17T17:04:55-05:00 logger.go:66: module.this.terraform_data.start[0] (remote-exec):              ├─ 2400 /var/lib/rancher/rke2/data/v1.34.6-rke2r3-f656530a93b0/bin/containerd-shim-runc-v2 -namespace k8s.io -id a5f4e30ddd65de07134f1c201a11236b790bedaf0904e4224388515dc815193c -address /run/k3s/containerd/containerd.sock
TestReboot 2026-04-17T17:04:55-05:00 logger.go:66: module.this.terraform_data.start[0] (remote-exec):              └─ 2402 /var/lib/rancher/rke2/data/v1.34.6-rke2r3-f656530a93b0/bin/containerd-shim-runc-v2 -namespace k8s.io -id f1eb2bb357ddbd7d3907aa41655165eb0589ed02ff0db9b37bdfea52d23f50ec -address /run/k3s/containerd/containerd.sock
TestReboot 2026-04-17T17:04:55-05:00 logger.go:66: 
TestReboot 2026-04-17T17:04:55-05:00 logger.go:66: module.this.terraform_data.start[0] (remote-exec): Apr 17 22:04:21 ip-10-0-219-99 rke2[2272]: time="2026-04-17T22:04:21Z" level=error msg="Failed to check local etcd status for learner management: rpc error: code = Unavailable desc = connection error: desc = \"transport: authentication handshake failed: EOF\""
TestReboot 2026-04-17T17:04:55-05:00 logger.go:66: module.this.terraform_data.start[0] (remote-exec): Apr 17 22:04:22 ip-10-0-219-99 rke2[2272]: time="2026-04-17T22:04:22Z" level=info msg="Failed to test etcd connection: failed to get etcd status: rpc error: code = Unavailable desc = connection error: desc = \"transport: authentication handshake failed: EOF\""
TestReboot 2026-04-17T17:04:55-05:00 logger.go:66: module.this.terraform_data.start[0] (remote-exec): Apr 17 22:04:27 ip-10-0-219-99 rke2[2272]: time="2026-04-17T22:04:27Z" level=info msg="Failed to test etcd connection: failed to get etcd status: rpc error: code = Unavailable desc = connection error: desc = \"transport: authentication handshake failed: EOF\""
TestReboot 2026-04-17T17:04:55-05:00 logger.go:66: module.this.terraform_data.start[0] (remote-exec): Apr 17 22:04:32 ip-10-0-219-99 rke2[2272]: time="2026-04-17T22:04:32Z" level=info msg="Failed to test etcd connection: failed to get etcd status: rpc error: code = Unavailable desc = connection error: desc = \"transport: authentication handshake failed: EOF\""
TestReboot 2026-04-17T17:04:55-05:00 logger.go:66: module.this.terraform_data.start[0] (remote-exec): Apr 17 22:04:36 ip-10-0-219-99 rke2[2272]: time="2026-04-17T22:04:36Z" level=error msg="Failed to check local etcd status for learner management: rpc error: code = Unavailable desc = connection error: desc = \"transport: authentication handshake failed: EOF\""
TestReboot 2026-04-17T17:04:55-05:00 logger.go:66: module.this.terraform_data.start[0] (remote-exec): Apr 17 22:04:37 ip-10-0-219-99 rke2[2272]: time="2026-04-17T22:04:37Z" level=info msg="Failed to test etcd connection: failed to get etcd status: rpc error: code = Unavailable desc = connection error: desc = \"transport: authentication handshake failed: EOF\""
TestReboot 2026-04-17T17:04:55-05:00 logger.go:66: module.this.terraform_data.start[0] (remote-exec): Apr 17 22:04:42 ip-10-0-219-99 rke2[2272]: time="2026-04-17T22:04:42Z" level=info msg="Failed to test etcd connection: failed to get etcd status: rpc error: code = Unavailable desc = connection error: desc = \"transport: authentication handshake failed: EOF\""
TestReboot 2026-04-17T17:04:55-05:00 logger.go:66: module.this.terraform_data.start[0] (remote-exec): Apr 17 22:04:47 ip-10-0-219-99 rke2[2272]: time="2026-04-17T22:04:47Z" level=info msg="Failed to test etcd connection: failed to get etcd status: rpc error: code = Unavailable desc = connection error: desc = \"transport: authentication handshake failed: EOF\""
TestReboot 2026-04-17T17:04:55-05:00 logger.go:66: module.this.terraform_data.start[0] (remote-exec): Apr 17 22:04:51 ip-10-0-219-99 rke2[2272]: time="2026-04-17T22:04:51Z" level=error msg="Failed to check local etcd status for learner management: rpc error: code = Unavailable desc = connection error: desc = \"transport: authentication handshake failed: EOF\""
TestReboot 2026-04-17T17:04:55-05:00 logger.go:66: module.this.terraform_data.start[0] (remote-exec): Apr 17 22:04:52 ip-10-0-219-99 rke2[2272]: time="2026-04-17T22:04:52Z" level=info msg="Failed to test etcd connection: failed to get etcd status: rpc error: code = Unavailable desc = connection error: desc = \"transport: authentication handshake failed: EOF\""
TestReboot 2026-04-17T17:04:55-05:00 logger.go:66: module.this.terraform_data.start[0] (remote-exec): 2026-04-17 22:04:55 - last 20 lines of journal:
TestReboot 2026-04-17T17:04:55-05:00 logger.go:66: module.this.terraform_data.start[0] (remote-exec): Apr 17 22:03:42 ip-10-0-219-99 rke2[2272]: time="2026-04-17T22:03:42Z" level=info msg="Failed to test etcd connection: failed to get etcd status: rpc error: code = Unavailable desc = connection error: desc = \"transport: authentication handshake failed: EOF\""
TestReboot 2026-04-17T17:04:55-05:00 logger.go:66: module.this.terraform_data.start[0] (remote-exec): Apr 17 22:03:47 ip-10-0-219-99 rke2[2272]: time="2026-04-17T22:03:47Z" level=info msg="Failed to test etcd connection: failed to get etcd status: rpc error: code = Unavailable desc = connection error: desc = \"transport: authentication handshake failed: EOF\""
TestReboot 2026-04-17T17:04:55-05:00 logger.go:66: module.this.terraform_data.start[0] (remote-exec): Apr 17 22:03:51 ip-10-0-219-99 rke2[2272]: time="2026-04-17T22:03:51Z" level=error msg="Failed to check local etcd status for learner management: rpc error: code = Unavailable desc = connection error: desc = \"transport: authentication handshake failed: EOF\""
TestReboot 2026-04-17T17:04:55-05:00 logger.go:66: module.this.terraform_data.start[0] (remote-exec): Apr 17 22:03:52 ip-10-0-219-99 rke2[2272]: time="2026-04-17T22:03:52Z" level=info msg="Failed to test etcd connection: failed to get etcd status: rpc error: code = Unavailable desc = connection error: desc = \"transport: authentication handshake failed: EOF\""
TestReboot 2026-04-17T17:04:55-05:00 logger.go:66: module.this.terraform_data.start[0] (remote-exec): Apr 17 22:03:57 ip-10-0-219-99 rke2[2272]: time="2026-04-17T22:03:57Z" level=info msg="Failed to test etcd connection: failed to get etcd status: rpc error: code = Unavailable desc = connection error: desc = \"transport: authentication handshake failed: EOF\""
TestReboot 2026-04-17T17:04:55-05:00 logger.go:66: module.this.terraform_data.start[0] (remote-exec): Apr 17 22:04:02 ip-10-0-219-99 rke2[2272]: time="2026-04-17T22:04:02Z" level=info msg="Failed to test etcd connection: failed to get etcd status: rpc error: code = Unavailable desc = connection error: desc = \"transport: authentication handshake failed: EOF\""
TestReboot 2026-04-17T17:04:55-05:00 logger.go:66: module.this.terraform_data.start[0] (remote-exec): Apr 17 22:04:06 ip-10-0-219-99 rke2[2272]: time="2026-04-17T22:04:06Z" level=error msg="Failed to check local etcd status for learner management: rpc error: code = Unavailable desc = connection error: desc = \"transport: authentication handshake failed: EOF\""
TestReboot 2026-04-17T17:04:55-05:00 logger.go:66: module.this.terraform_data.start[0] (remote-exec): Apr 17 22:04:07 ip-10-0-219-99 rke2[2272]: time="2026-04-17T22:04:07Z" level=info msg="Failed to test etcd connection: failed to get etcd status: rpc error: code = Unavailable desc = connection error: desc = \"transport: authentication handshake failed: EOF\""
TestReboot 2026-04-17T17:04:55-05:00 logger.go:66: module.this.terraform_data.start[0] (remote-exec): Apr 17 22:04:12 ip-10-0-219-99 rke2[2272]: time="2026-04-17T22:04:12Z" level=info msg="Failed to test etcd connection: failed to get etcd status: rpc error: code = Unavailable desc = connection error: desc = \"transport: authentication handshake failed: EOF\""
TestReboot 2026-04-17T17:04:55-05:00 logger.go:66: module.this.terraform_data.start[0] (remote-exec): Apr 17 22:04:17 ip-10-0-219-99 rke2[2272]: time="2026-04-17T22:04:17Z" level=info msg="Failed to test etcd connection: failed to get etcd status: rpc error: code = Unavailable desc = connection error: desc = \"transport: authentication handshake failed: EOF\""
TestReboot 2026-04-17T17:04:55-05:00 logger.go:66: module.this.terraform_data.start[0] (remote-exec): Apr 17 22:04:21 ip-10-0-219-99 rke2[2272]: time="2026-04-17T22:04:21Z" level=error msg="Failed to check local etcd status for learner management: rpc error: code = Unavailable desc = connection error: desc = \"transport: authentication handshake failed: EOF\""
TestReboot 2026-04-17T17:04:55-05:00 logger.go:66: module.this.terraform_data.start[0] (remote-exec): Apr 17 22:04:22 ip-10-0-219-99 rke2[2272]: time="2026-04-17T22:04:22Z" level=info msg="Failed to test etcd connection: failed to get etcd status: rpc error: code = Unavailable desc = connection error: desc = \"transport: authentication handshake failed: EOF\""
TestReboot 2026-04-17T17:04:55-05:00 logger.go:66: module.this.terraform_data.start[0] (remote-exec): Apr 17 22:04:27 ip-10-0-219-99 rke2[2272]: time="2026-04-17T22:04:27Z" level=info msg="Failed to test etcd connection: failed to get etcd status: rpc error: code = Unavailable desc = connection error: desc = \"transport: authentication handshake failed: EOF\""
TestReboot 2026-04-17T17:04:55-05:00 logger.go:66: module.this.terraform_data.start[0] (remote-exec): Apr 17 22:04:32 ip-10-0-219-99 rke2[2272]: time="2026-04-17T22:04:32Z" level=info msg="Failed to test etcd connection: failed to get etcd status: rpc error: code = Unavailable desc = connection error: desc = \"transport: authentication handshake failed: EOF\""
TestReboot 2026-04-17T17:04:55-05:00 logger.go:66: module.this.terraform_data.start[0] (remote-exec): Apr 17 22:04:36 ip-10-0-219-99 rke2[2272]: time="2026-04-17T22:04:36Z" level=error msg="Failed to check local etcd status for learner management: rpc error: code = Unavailable desc = connection error: desc = \"transport: authentication handshake failed: EOF\""
TestReboot 2026-04-17T17:04:55-05:00 logger.go:66: module.this.terraform_data.start[0] (remote-exec): Apr 17 22:04:37 ip-10-0-219-99 rke2[2272]: time="2026-04-17T22:04:37Z" level=info msg="Failed to test etcd connection: failed to get etcd status: rpc error: code = Unavailable desc = connection error: desc = \"transport: authentication handshake failed: EOF\""
TestReboot 2026-04-17T17:04:55-05:00 logger.go:66: module.this.terraform_data.start[0] (remote-exec): Apr 17 22:04:42 ip-10-0-219-99 rke2[2272]: time="2026-04-17T22:04:42Z" level=info msg="Failed to test etcd connection: failed to get etcd status: rpc error: code = Unavailable desc = connection error: desc = \"transport: authentication handshake failed: EOF\""
TestReboot 2026-04-17T17:04:55-05:00 logger.go:66: module.this.terraform_data.start[0] (remote-exec): Apr 17 22:04:47 ip-10-0-219-99 rke2[2272]: time="2026-04-17T22:04:47Z" level=info msg="Failed to test etcd connection: failed to get etcd status: rpc error: code = Unavailable desc = connection error: desc = \"transport: authentication handshake failed: EOF\""
TestReboot 2026-04-17T17:04:55-05:00 logger.go:66: module.this.terraform_data.start[0] (remote-exec): Apr 17 22:04:51 ip-10-0-219-99 rke2[2272]: time="2026-04-17T22:04:51Z" level=error msg="Failed to check local etcd status for learner management: rpc error: code = Unavailable desc = connection error: desc = \"transport: authentication handshake failed: EOF\""
TestReboot 2026-04-17T17:04:55-05:00 logger.go:66: module.this.terraform_data.start[0] (remote-exec): Apr 17 22:04:52 ip-10-0-219-99 rke2[2272]: time="2026-04-17T22:04:52Z" level=info msg="Failed to test etcd connection: failed to get etcd status: rpc error: code = Unavailable desc = connection error: desc = \"transport: authentication handshake failed: EOF\""
TestReboot 2026-04-17T17:04:55-05:00 logger.go:66: module.this.terraform_data.start[0] (remote-exec): 2026-04-17 22:04:55 - first 20 lines of journal:
TestReboot 2026-04-17T17:04:55-05:00 logger.go:66: module.this.terraform_data.start[0] (remote-exec): Apr 17 22:04:52 ip-10-0-219-99 rke2[2272]: time="2026-04-17T22:04:52Z" level=info msg="Failed to test etcd connection: failed to get etcd status: rpc error: code = Unavailable desc = connection error: desc = \"transport: authentication handshake failed: EOF\""
TestReboot 2026-04-17T17:04:55-05:00 logger.go:66: module.this.terraform_data.start[0] (remote-exec): Apr 17 22:04:51 ip-10-0-219-99 rke2[2272]: time="2026-04-17T22:04:51Z" level=error msg="Failed to check local etcd status for learner management: rpc error: code = Unavailable desc = connection error: desc = \"transport: authentication handshake failed: EOF\""
TestReboot 2026-04-17T17:04:55-05:00 logger.go:66: module.this.terraform_data.start[0] (remote-exec): Apr 17 22:04:47 ip-10-0-219-99 rke2[2272]: time="2026-04-17T22:04:47Z" level=info msg="Failed to test etcd connection: failed to get etcd status: rpc error: code = Unavailable desc = connection error: desc = \"transport: authentication handshake failed: EOF\""
TestReboot 2026-04-17T17:04:55-05:00 logger.go:66: module.this.terraform_data.start[0] (remote-exec): Apr 17 22:04:42 ip-10-0-219-99 rke2[2272]: time="2026-04-17T22:04:42Z" level=info msg="Failed to test etcd connection: failed to get etcd status: rpc error: code = Unavailable desc = connection error: desc = \"transport: authentication handshake failed: EOF\""
TestReboot 2026-04-17T17:04:55-05:00 logger.go:66: module.this.terraform_data.start[0] (remote-exec): Apr 17 22:04:37 ip-10-0-219-99 rke2[2272]: time="2026-04-17T22:04:37Z" level=info msg="Failed to test etcd connection: failed to get etcd status: rpc error: code = Unavailable desc = connection error: desc = \"transport: authentication handshake failed: EOF\""
TestReboot 2026-04-17T17:04:55-05:00 logger.go:66: module.this.terraform_data.start[0] (remote-exec): Apr 17 22:04:36 ip-10-0-219-99 rke2[2272]: time="2026-04-17T22:04:36Z" level=error msg="Failed to check local etcd status for learner management: rpc error: code = Unavailable desc = connection error: desc = \"transport: authentication handshake failed: EOF\""
TestReboot 2026-04-17T17:04:55-05:00 logger.go:66: module.this.terraform_data.start[0] (remote-exec): Apr 17 22:04:32 ip-10-0-219-99 rke2[2272]: time="2026-04-17T22:04:32Z" level=info msg="Failed to test etcd connection: failed to get etcd status: rpc error: code = Unavailable desc = connection error: desc = \"transport: authentication handshake failed: EOF\""
TestReboot 2026-04-17T17:04:55-05:00 logger.go:66: module.this.terraform_data.start[0] (remote-exec): Apr 17 22:04:27 ip-10-0-219-99 rke2[2272]: time="2026-04-17T22:04:27Z" level=info msg="Failed to test etcd connection: failed to get etcd status: rpc error: code = Unavailable desc = connection error: desc = \"transport: authentication handshake failed: EOF\""
TestReboot 2026-04-17T17:04:55-05:00 logger.go:66: module.this.terraform_data.start[0] (remote-exec): Apr 17 22:04:22 ip-10-0-219-99 rke2[2272]: time="2026-04-17T22:04:22Z" level=info msg="Failed to test etcd connection: failed to get etcd status: rpc error: code = Unavailable desc = connection error: desc = \"transport: authentication handshake failed: EOF\""
TestReboot 2026-04-17T17:04:55-05:00 logger.go:66: module.this.terraform_data.start[0] (remote-exec): Apr 17 22:04:21 ip-10-0-219-99 rke2[2272]: time="2026-04-17T22:04:21Z" level=error msg="Failed to check local etcd status for learner management: rpc error: code = Unavailable desc = connection error: desc = \"transport: authentication handshake failed: EOF\""
TestReboot 2026-04-17T17:04:55-05:00 logger.go:66: module.this.terraform_data.start[0] (remote-exec): Apr 17 22:04:17 ip-10-0-219-99 rke2[2272]: time="2026-04-17T22:04:17Z" level=info msg="Failed to test etcd connection: failed to get etcd status: rpc error: code = Unavailable desc = connection error: desc = \"transport: authentication handshake failed: EOF\""
TestReboot 2026-04-17T17:04:55-05:00 logger.go:66: module.this.terraform_data.start[0] (remote-exec): Apr 17 22:04:12 ip-10-0-219-99 rke2[2272]: time="2026-04-17T22:04:12Z" level=info msg="Failed to test etcd connection: failed to get etcd status: rpc error: code = Unavailable desc = connection error: desc = \"transport: authentication handshake failed: EOF\""
TestReboot 2026-04-17T17:04:55-05:00 logger.go:66: module.this.terraform_data.start[0] (remote-exec): Apr 17 22:04:07 ip-10-0-219-99 rke2[2272]: time="2026-04-17T22:04:07Z" level=info msg="Failed to test etcd connection: failed to get etcd status: rpc error: code = Unavailable desc = connection error: desc = \"transport: authentication handshake failed: EOF\""
TestReboot 2026-04-17T17:04:55-05:00 logger.go:66: module.this.terraform_data.start[0] (remote-exec): Apr 17 22:04:06 ip-10-0-219-99 rke2[2272]: time="2026-04-17T22:04:06Z" level=error msg="Failed to check local etcd status for learner management: rpc error: code = Unavailable desc = connection error: desc = \"transport: authentication handshake failed: EOF\""
TestReboot 2026-04-17T17:04:55-05:00 logger.go:66: module.this.terraform_data.start[0] (remote-exec): Apr 17 22:04:02 ip-10-0-219-99 rke2[2272]: time="2026-04-17T22:04:02Z" level=info msg="Failed to test etcd connection: failed to get etcd status: rpc error: code = Unavailable desc = connection error: desc = \"transport: authentication handshake failed: EOF\""
TestReboot 2026-04-17T17:04:55-05:00 logger.go:66: module.this.terraform_data.start[0] (remote-exec): Apr 17 22:03:57 ip-10-0-219-99 rke2[2272]: time="2026-04-17T22:03:57Z" level=info msg="Failed to test etcd connection: failed to get etcd status: rpc error: code = Unavailable desc = connection error: desc = \"transport: authentication handshake failed: EOF\""
TestReboot 2026-04-17T17:04:55-05:00 logger.go:66: module.this.terraform_data.start[0] (remote-exec): Apr 17 22:03:52 ip-10-0-219-99 rke2[2272]: time="2026-04-17T22:03:52Z" level=info msg="Failed to test etcd connection: failed to get etcd status: rpc error: code = Unavailable desc = connection error: desc = \"transport: authentication handshake failed: EOF\""
TestReboot 2026-04-17T17:04:55-05:00 logger.go:66: module.this.terraform_data.start[0] (remote-exec): Apr 17 22:03:51 ip-10-0-219-99 rke2[2272]: time="2026-04-17T22:03:51Z" level=error msg="Failed to check local etcd status for learner management: rpc error: code = Unavailable desc = connection error: desc = \"transport: authentication handshake failed: EOF\""
TestReboot 2026-04-17T17:04:55-05:00 logger.go:66: module.this.terraform_data.start[0] (remote-exec): Apr 17 22:03:47 ip-10-0-219-99 rke2[2272]: time="2026-04-17T22:03:47Z" level=info msg="Failed to test etcd connection: failed to get etcd status: rpc error: code = Unavailable desc = connection error: desc = \"transport: authentication handshake failed: EOF\""
TestReboot 2026-04-17T17:04:55-05:00 logger.go:66: module.this.terraform_data.start[0] (remote-exec): Apr 17 22:03:42 ip-10-0-219-99 rke2[2272]: time="2026-04-17T22:03:42Z" level=info msg="Failed to test etcd connection: failed to get etcd status: rpc error: code = Unavailable desc = connection error: desc = \"transport: authentication handshake failed: EOF\""
TestReboot 2026-04-17T17:04:55-05:00 logger.go:66: module.this.terraform_data.start[0] (remote-exec): 2026-04-17 22:04:55 - rke2 config files:
TestReboot 2026-04-17T17:04:55-05:00 logger.go:66: module.this.terraform_data.start[0] (remote-exec): 2026-04-17 22:04:55 - File: /etc/rancher/rke2/config.yaml.d/50-initial-generated-config.yaml
TestReboot 2026-04-17T17:04:55-05:00 logger.go:66: 
TestReboot 2026-04-17T17:04:55-05:00 logger.go:66: module.this.terraform_data.start[0] (remote-exec): 2026-04-17 22:04:55 - ------------------------
TestReboot 2026-04-17T17:04:55-05:00 logger.go:66: module.this.terraform_data.start[0] (remote-exec): 2026-04-17 22:04:55 - Last 20 lines of kubelet log:
TestReboot 2026-04-17T17:04:55-05:00 logger.go:66: module.this.terraform_data.start[0] (remote-exec): E0417 22:04:40.538691    2342 kubelet_node_status.go:107] "Unable to register node with API server" err="Post \"https://127.0.0.1:6443/api/v1/nodes\": dial tcp 127.0.0.1:6443: connect: connection refused" node="ip-10-0-219-99"
TestReboot 2026-04-17T17:04:55-05:00 logger.go:66: module.this.terraform_data.start[0] (remote-exec): E0417 22:04:41.744726    2342 eviction_manager.go:292] "Eviction manager: failed to get summary stats" err="failed to get node info: node \"ip-10-0-219-99\" not found"
TestReboot 2026-04-17T17:04:55-05:00 logger.go:66: module.this.terraform_data.start[0] (remote-exec): E0417 22:04:42.233128    2342 event.go:368] "Unable to write event (may retry after sleeping)" err="Patch \"https://127.0.0.1:6443/api/v1/namespaces/default/events/ip-10-0-219-99.18a7439d7b0389c5\": dial tcp 127.0.0.1:6443: connect: connection refused" event="&Event{ObjectMeta:{ip-10-0-219-99.18a7439d7b0389c5  default    0 0001-01-01 00:00:00 +0000 UTC <nil> <nil> map[] map[] [] [] []},InvolvedObject:ObjectReference{Kind:Node,Namespace:,Name:ip-10-0-219-99,UID:ip-10-0-219-99,APIVersion:,ResourceVersion:,FieldPath:,},Reason:NodeHasSufficientMemory,Message:Node ip-10-0-219-99 status is now: NodeHasSufficientMemory,Source:EventSource{Component:kubelet,Host:ip-10-0-219-99,},FirstTimestamp:2026-04-17 21:55:21.673705925 +0000 UTC m=+0.076654519,LastTimestamp:2026-04-17 21:55:21.674477865 +0000 UTC m=+0.077426450,Count:2,Type:Normal,EventTime:0001-01-01 00:00:00 +0000 UTC,Series:nil,Action:,Related:nil,ReportingController:kubelet,ReportingInstance:ip-10-0-219-99,}"
TestReboot 2026-04-17T17:04:55-05:00 logger.go:66: module.this.terraform_data.start[0] (remote-exec): E0417 22:04:42.969606    2342 reflector.go:205] "Failed to watch" err="failed to list *v1.CSIDriver: Get \"https://127.0.0.1:6443/apis/storage.k8s.io/v1/csidrivers?limit=500&resourceVersion=0\": dial tcp 127.0.0.1:6443: connect: connection refused" logger="UnhandledError" reflector="k8s.io/client-go/informers/factory.go:160" type="*v1.CSIDriver"
TestReboot 2026-04-17T17:04:55-05:00 logger.go:66: module.this.terraform_data.start[0] (remote-exec): E0417 22:04:44.428477    2342 kubelet.go:3216] "No need to create a mirror pod, since failed to get node info from the cluster" err="node \"ip-10-0-219-99\" not found" node="ip-10-0-219-99"
TestReboot 2026-04-17T17:04:55-05:00 logger.go:66: module.this.terraform_data.start[0] (remote-exec): E0417 22:04:44.476575    2342 pod_workers.go:1324] "Error syncing pod, skipping" err="failed to \"StartContainer\" for \"kube-proxy\" with CrashLoopBackOff: \"back-off 2m40s restarting failed container=kube-proxy pod=kube-proxy-ip-10-0-219-99_kube-system(3e7570697415a8c3783601b47ab2e90a)\"" pod="kube-system/kube-proxy-ip-10-0-219-99" podUID="3e7570697415a8c3783601b47ab2e90a"
TestReboot 2026-04-17T17:04:55-05:00 logger.go:66: module.this.terraform_data.start[0] (remote-exec): I0417 22:04:45.451013    2342 scope.go:117] "RemoveContainer" containerID="75e1e7a11f812c2ad122d253b4d83ce9f86e6d1b728b5288754d0c609f756114"
TestReboot 2026-04-17T17:04:55-05:00 logger.go:66: module.this.terraform_data.start[0] (remote-exec): E0417 22:04:45.451693    2342 kubelet.go:3216] "No need to create a mirror pod, since failed to get node info from the cluster" err="node \"ip-10-0-219-99\" not found" node="ip-10-0-219-99"
TestReboot 2026-04-17T17:04:55-05:00 logger.go:66: module.this.terraform_data.start[0] (remote-exec): I0417 22:04:45.451750    2342 scope.go:117] "RemoveContainer" containerID="967d2f76bb96cacb691217604acf4270da321b9f8f85a8f7caad110660cadec7"
TestReboot 2026-04-17T17:04:55-05:00 logger.go:66: module.this.terraform_data.start[0] (remote-exec): E0417 22:04:45.451870    2342 pod_workers.go:1324] "Error syncing pod, skipping" err="failed to \"StartContainer\" for \"kube-proxy\" with CrashLoopBackOff: \"back-off 2m40s restarting failed container=kube-proxy pod=kube-proxy-ip-10-0-219-99_kube-system(3e7570697415a8c3783601b47ab2e90a)\"" pod="kube-system/kube-proxy-ip-10-0-219-99" podUID="3e7570697415a8c3783601b47ab2e90a"
TestReboot 2026-04-17T17:04:55-05:00 logger.go:66: module.this.terraform_data.start[0] (remote-exec): E0417 22:04:47.321002    2342 controller.go:145] "Failed to ensure lease exists, will retry" err="Get \"https://127.0.0.1:6443/apis/coordination.k8s.io/v1/namespaces/kube-node-lease/leases/ip-10-0-219-99?timeout=10s\": dial tcp 127.0.0.1:6443: connect: connection refused" interval="7s"
TestReboot 2026-04-17T17:04:55-05:00 logger.go:66: module.this.terraform_data.start[0] (remote-exec): I0417 22:04:47.540107    2342 kubelet_node_status.go:75] "Attempting to register node" node="ip-10-0-219-99"
TestReboot 2026-04-17T17:04:55-05:00 logger.go:66: module.this.terraform_data.start[0] (remote-exec): E0417 22:04:47.540399    2342 kubelet_node_status.go:107] "Unable to register node with API server" err="Post \"https://127.0.0.1:6443/api/v1/nodes\": dial tcp 127.0.0.1:6443: connect: connection refused" node="ip-10-0-219-99"
TestReboot 2026-04-17T17:04:55-05:00 logger.go:66: module.this.terraform_data.start[0] (remote-exec): E0417 22:04:49.668385    2342 kubelet.go:3216] "No need to create a mirror pod, since failed to get node info from the cluster" err="node \"ip-10-0-219-99\" not found" node="ip-10-0-219-99"
TestReboot 2026-04-17T17:04:55-05:00 logger.go:66: module.this.terraform_data.start[0] (remote-exec): E0417 22:04:51.745189    2342 eviction_manager.go:292] "Eviction manager: failed to get summary stats" err="failed to get node info: node \"ip-10-0-219-99\" not found"
TestReboot 2026-04-17T17:04:55-05:00 logger.go:66: module.this.terraform_data.start[0] (remote-exec): E0417 22:04:52.234172    2342 event.go:368] "Unable to write event (may retry after sleeping)" err="Patch \"https://127.0.0.1:6443/api/v1/namespaces/default/events/ip-10-0-219-99.18a7439d7b0389c5\": dial tcp 127.0.0.1:6443: connect: connection refused" event="&Event{ObjectMeta:{ip-10-0-219-99.18a7439d7b0389c5  default    0 0001-01-01 00:00:00 +0000 UTC <nil> <nil> map[] map[] [] [] []},InvolvedObject:ObjectReference{Kind:Node,Namespace:,Name:ip-10-0-219-99,UID:ip-10-0-219-99,APIVersion:,ResourceVersion:,FieldPath:,},Reason:NodeHasSufficientMemory,Message:Node ip-10-0-219-99 status is now: NodeHasSufficientMemory,Source:EventSource{Component:kubelet,Host:ip-10-0-219-99,},FirstTimestamp:2026-04-17 21:55:21.673705925 +0000 UTC m=+0.076654519,LastTimestamp:2026-04-17 21:55:21.674477865 +0000 UTC m=+0.077426450,Count:2,Type:Normal,EventTime:0001-01-01 00:00:00 +0000 UTC,Series:nil,Action:,Related:nil,ReportingController:kubelet,ReportingInstance:ip-10-0-219-99,}"
TestReboot 2026-04-17T17:04:55-05:00 logger.go:66: module.this.terraform_data.start[0] (remote-exec): E0417 22:04:52.528204    2342 reflector.go:205] "Failed to watch" err="failed to list *v1.Service: Get \"https://127.0.0.1:6443/api/v1/services?fieldSelector=spec.clusterIP%21%3DNone&limit=500&resourceVersion=0\": dial tcp 127.0.0.1:6443: connect: connection refused" logger="UnhandledError" reflector="k8s.io/client-go/informers/factory.go:160" type="*v1.Service"
TestReboot 2026-04-17T17:04:55-05:00 logger.go:66: module.this.terraform_data.start[0] (remote-exec): E0417 22:04:54.321480    2342 controller.go:145] "Failed to ensure lease exists, will retry" err="Get \"https://127.0.0.1:6443/apis/coordination.k8s.io/v1/namespaces/kube-node-lease/leases/ip-10-0-219-99?timeout=10s\": dial tcp 127.0.0.1:6443: connect: connection refused" interval="7s"
TestReboot 2026-04-17T17:04:55-05:00 logger.go:66: module.this.terraform_data.start[0] (remote-exec): I0417 22:04:54.541680    2342 kubelet_node_status.go:75] "Attempting to register node" node="ip-10-0-219-99"
TestReboot 2026-04-17T17:04:55-05:00 logger.go:66: module.this.terraform_data.start[0] (remote-exec): E0417 22:04:54.541971    2342 kubelet_node_status.go:107] "Unable to register node with API server" err="Post \"https://127.0.0.1:6443/api/v1/nodes\": dial tcp 127.0.0.1:6443: connect: connection refused" node="ip-10-0-219-99"
TestReboot 2026-04-17T17:04:55-05:00 logger.go:66: module.this.terraform_data.start[0] (remote-exec): 2026-04-17 22:04:55 - ------------------------
TestReboot 2026-04-17T17:04:55-05:00 logger.go:66: module.this.terraform_data.start[0] (remote-exec): 2026-04-17 22:04:55 - Last 20 lines of containerd log:
TestReboot 2026-04-17T17:04:55-05:00 logger.go:66: module.this.terraform_data.start[0] (remote-exec): time="2026-04-17T22:04:17.102922331Z" level=info msg="CreateContainer within sandbox \"a5f4e30ddd65de07134f1c201a11236b790bedaf0904e4224388515dc815193c\" for name:\"etcd\" attempt:6 returns container id \"7dc870279ec59d85fa012c4644e9778cd8bf43b7a89b54bff44e4136cb492f3d\""
TestReboot 2026-04-17T17:04:55-05:00 logger.go:66: module.this.terraform_data.start[0] (remote-exec): time="2026-04-17T22:04:17.103347908Z" level=info msg="StartContainer for \"7dc870279ec59d85fa012c4644e9778cd8bf43b7a89b54bff44e4136cb492f3d\""
TestReboot 2026-04-17T17:04:55-05:00 logger.go:66: module.this.terraform_data.start[0] (remote-exec): time="2026-04-17T22:04:17.103805045Z" level=info msg="connecting to shim 7dc870279ec59d85fa012c4644e9778cd8bf43b7a89b54bff44e4136cb492f3d" address="unix:///run/containerd/s/5014c0dfd90d75d3f65e4fd87f475a9ae93fef332d7c1c381deac9376ee9ab3b" protocol=ttrpc version=3
TestReboot 2026-04-17T17:04:55-05:00 logger.go:66: module.this.terraform_data.start[0] (remote-exec): time="2026-04-17T22:04:17.136060910Z" level=info msg="StartContainer for \"7dc870279ec59d85fa012c4644e9778cd8bf43b7a89b54bff44e4136cb492f3d\" returns successfully"
TestReboot 2026-04-17T17:04:55-05:00 logger.go:66: module.this.terraform_data.start[0] (remote-exec): time="2026-04-17T22:04:17.410973049Z" level=info msg="RemoveContainer for \"54518820eb6f995c50df84d0e7228479b439461e02e5a34f5e14948d3670508a\""
TestReboot 2026-04-17T17:04:55-05:00 logger.go:66: module.this.terraform_data.start[0] (remote-exec): time="2026-04-17T22:04:17.424519020Z" level=info msg="RemoveContainer for \"54518820eb6f995c50df84d0e7228479b439461e02e5a34f5e14948d3670508a\" returns successfully"
TestReboot 2026-04-17T17:04:55-05:00 logger.go:66: module.this.terraform_data.start[0] (remote-exec): time="2026-04-17T22:04:24.486031821Z" level=info msg="container event discarded" container=7a722b4d34c55d05734acc4e32681186423e70ddb58ac69638acf35b051b8add type=CONTAINER_STOPPED_EVENT
TestReboot 2026-04-17T17:04:55-05:00 logger.go:66: module.this.terraform_data.start[0] (remote-exec): time="2026-04-17T22:04:24.533247978Z" level=info msg="container event discarded" container=d636bbbb5e2e70f18eb36a36ffd25a0024513e92ca2d07cbe3487fc10107f3ed type=CONTAINER_CREATED_EVENT
TestReboot 2026-04-17T17:04:55-05:00 logger.go:66: module.this.terraform_data.start[0] (remote-exec): time="2026-04-17T22:04:24.572417460Z" level=info msg="container event discarded" container=d636bbbb5e2e70f18eb36a36ffd25a0024513e92ca2d07cbe3487fc10107f3ed type=CONTAINER_STARTED_EVENT
TestReboot 2026-04-17T17:04:55-05:00 logger.go:66: module.this.terraform_data.start[0] (remote-exec): time="2026-04-17T22:04:25.027419917Z" level=info msg="container event discarded" container=947bd92c20acd3af40cf2df18af86f10702476563b99b2ca8f5cdc543ce780d7 type=CONTAINER_DELETED_EVENT
TestReboot 2026-04-17T17:04:55-05:00 logger.go:66: module.this.terraform_data.start[0] (remote-exec): time="2026-04-17T22:04:44.428719550Z" level=info msg="StopContainer for \"967d2f76bb96cacb691217604acf4270da321b9f8f85a8f7caad110660cadec7\" with timeout 30 (s)"
TestReboot 2026-04-17T17:04:55-05:00 logger.go:66: module.this.terraform_data.start[0] (remote-exec): time="2026-04-17T22:04:44.429090434Z" level=info msg="Stop container \"967d2f76bb96cacb691217604acf4270da321b9f8f85a8f7caad110660cadec7\" with signal terminated"
TestReboot 2026-04-17T17:04:55-05:00 logger.go:66: module.this.terraform_data.start[0] (remote-exec): time="2026-04-17T22:04:44.436931059Z" level=info msg="received container exit event container_id:\"967d2f76bb96cacb691217604acf4270da321b9f8f85a8f7caad110660cadec7\" id:\"967d2f76bb96cacb691217604acf4270da321b9f8f85a8f7caad110660cadec7\" pid:3854 exit_status:2 exited_at:{seconds:1776463484 nanos:436732787}"
TestReboot 2026-04-17T17:04:55-05:00 logger.go:66: module.this.terraform_data.start[0] (remote-exec): time="2026-04-17T22:04:44.476113160Z" level=info msg="StopContainer for \"967d2f76bb96cacb691217604acf4270da321b9f8f85a8f7caad110660cadec7\" returns successfully"
TestReboot 2026-04-17T17:04:55-05:00 logger.go:66: module.this.terraform_data.start[0] (remote-exec): time="2026-04-17T22:04:45.452689624Z" level=info msg="RemoveContainer for \"75e1e7a11f812c2ad122d253b4d83ce9f86e6d1b728b5288754d0c609f756114\""
TestReboot 2026-04-17T17:04:55-05:00 logger.go:66: module.this.terraform_data.start[0] (remote-exec): time="2026-04-17T22:04:45.464105311Z" level=info msg="RemoveContainer for \"75e1e7a11f812c2ad122d253b4d83ce9f86e6d1b728b5288754d0c609f756114\" returns successfully"
TestReboot 2026-04-17T17:04:55-05:00 logger.go:66: module.this.terraform_data.start[0] (remote-exec): time="2026-04-17T22:04:47.089083307Z" level=info msg="container event discarded" container=c4951490e8c2f7460e9115f197ef76c4c15694e0f234e04770c18a66d8e91dc2 type=CONTAINER_STOPPED_EVENT
TestReboot 2026-04-17T17:04:55-05:00 logger.go:66: module.this.terraform_data.start[0] (remote-exec): time="2026-04-17T22:04:47.137370657Z" level=info msg="container event discarded" container=e6d4eb16a2f9658d1bb8724f33cd575fe8d9f109038c1e21536b24be43ff4ed5 type=CONTAINER_CREATED_EVENT
TestReboot 2026-04-17T17:04:55-05:00 logger.go:66: module.this.terraform_data.start[0] (remote-exec): time="2026-04-17T22:04:47.173557017Z" level=info msg="container event discarded" container=e6d4eb16a2f9658d1bb8724f33cd575fe8d9f109038c1e21536b24be43ff4ed5 type=CONTAINER_STARTED_EVENT
TestReboot 2026-04-17T17:04:55-05:00 logger.go:66: module.this.terraform_data.start[0] (remote-exec): time="2026-04-17T22:04:48.058088878Z" level=info msg="container event discarded" container=de913349cf58fd696dfd788ea8642903636afea10d6089d0d699cba547060643 type=CONTAINER_DELETED_EVENT
TestReboot 2026-04-17T17:04:55-05:00 logger.go:66: module.this.terraform_data.start[0] (remote-exec): 2026-04-17 22:04:55 - ------------------------
TestReboot 2026-04-17T17:04:55-05:00 logger.go:66: module.this.terraform_data.start[0] (remote-exec): 2026-04-17 22:04:55 - kube-apiserver log file not found
TestReboot 2026-04-17T17:04:55-05:00 logger.go:66: module.this.terraform_data.start[0] (remote-exec): 2026-04-17 22:04:55 - ------------------------
TestReboot 2026-04-17T17:04:55-05:00 logger.go:66: module.this.terraform_data.start[0] (remote-exec): 2026-04-17 22:04:55 - etcd log file not found
TestReboot 2026-04-17T17:04:55-05:00 logger.go:66: module.this.terraform_data.start[0] (remote-exec): 2026-04-17 22:04:55 - ------------------------
TestReboot 2026-04-17T17:04:55-05:00 logger.go:66: 
TestReboot 2026-04-17T17:04:55-05:00 logger.go:66: Error: remote-exec provisioner error
TestReboot 2026-04-17T17:04:55-05:00 logger.go:66: 
TestReboot 2026-04-17T17:04:55-05:00 logger.go:66:   with module.this.terraform_data.start[0],
TestReboot 2026-04-17T17:04:55-05:00 logger.go:66:   on ../../main.tf line 350, in resource "terraform_data" "start":
TestReboot 2026-04-17T17:04:55-05:00 logger.go:66:  350:   provisioner "remote-exec" {
TestReboot 2026-04-17T17:04:55-05:00 logger.go:66: 
TestReboot 2026-04-17T17:04:55-05:00 logger.go:66: error executing "/home/tf-ys0zmte0mi1kcg-reboot/rke2_start_terraform":
TestReboot 2026-04-17T17:04:55-05:00 logger.go:66: Process exited with status 1
TestReboot 2026-04-17T17:04:55-05:00 agent.go:69: could not serve ssh agent EOF
TestReboot 2026-04-17T17:04:55-05:00 agent.go:69: could not serve ssh agent EOF
TestReboot 2026-04-17T17:04:55-05:00 agent.go:69: could not serve ssh agent EOF
TestReboot 2026-04-17T17:04:55-05:00 agent.go:69: could not serve ssh agent EOF
TestReboot 2026-04-17T17:04:55-05:00 agent.go:69: could not serve ssh agent EOF
TestReboot 2026-04-17T17:04:55-05:00 agent.go:69: could not serve ssh agent EOF
TestReboot 2026-04-17T17:04:55-05:00 agent.go:69: could not serve ssh agent EOF
TestReboot 2026-04-17T17:04:55-05:00 agent.go:69: could not serve ssh agent EOF
TestReboot 2026-04-17T17:04:55-05:00 agent.go:69: could not serve ssh agent EOF
TestReboot 2026-04-17T17:04:55-05:00 agent.go:69: could not serve ssh agent EOF
TestReboot 2026-04-17T17:04:55-05:00 agent.go:69: could not serve ssh agent EOF
TestReboot 2026-04-17T17:04:55-05:00 agent.go:69: could not serve ssh agent EOF
TestReboot 2026-04-17T17:04:55-05:00 agent.go:69: could not serve ssh agent EOF
TestReboot 2026-04-17T17:04:55-05:00 agent.go:69: could not serve ssh agent EOF
TestReboot 2026-04-17T17:04:55-05:00 agent.go:69: could not serve ssh agent EOF
TestReboot 2026-04-17T17:04:55-05:00 agent.go:69: could not serve ssh agent EOF
TestReboot 2026-04-17T17:04:55-05:00 agent.go:69: could not serve ssh agent EOF
TestReboot 2026-04-17T17:04:55-05:00 agent.go:69: could not serve ssh agent EOF
TestReboot 2026-04-17T17:04:55-05:00 agent.go:69: could not serve ssh agent EOF
TestReboot 2026-04-17T17:04:55-05:00 retry.go:99: Returning due to fatal error: FatalError{Underlying: error while running command: exit status 1; 
Error: remote-exec provisioner error

  with module.this.terraform_data.start[0],
  on ../../main.tf line 350, in resource "terraform_data" "start":
 350:   provisioner "remote-exec" {

error executing "/home/tf-ys0zmte0mi1kcg-reboot/rke2_start_terraform":
Process exited with status 1}
    apply.go:15: 
        	Error Trace:	/Users/mtrachier/terraform/github.com/rancher/terraform-null-rke2-install/test/tests/reboot/apply.go:15
        	            				/Users/mtrachier/terraform/github.com/rancher/terraform-null-rke2-install/test/tests/reboot/reboot_test.go:37
        	Error:      	Received unexpected error:
        	            	FatalError{Underlying: error while running command: exit status 1; 
        	            	Error: remote-exec provisioner error
        	            	
        	            	  with module.this.terraform_data.start[0],
        	            	  on ../../main.tf line 350, in resource "terraform_data" "start":
        	            	 350:   provisioner "remote-exec" {
        	            	
        	            	error executing "/home/tf-ys0zmte0mi1kcg-reboot/rke2_start_terraform":
        	            	Process exited with status 1}
        	Test:       	TestReboot
TestReboot 2026-04-17T17:04:55-05:00 retry.go:91: terraform [destroy -auto-approve -input=false -var rke2_version=stable -var key_name=terraform-ci-YS0zMTE0Mi1kCg-reboot -var key=ssh-rsa AAAAB3NzaC1yc2EAAAADAQABAAABAQDIFwvyVC6SzPuJyPO7uBDcStdWB5LpUx5BumP3zCpISXSN/+HSON/svklRpKQ0XulnztPHxbL4vE9dpKDEpDNP0ZLSSwhZP5oB0xMUAWID4fd/wE8xKFG/+r5Gq4M+2FST0yxNqXkbdRkqUguDwY2TOTnaesc8D+/h0hwqZ8TLKSRPfyFel24vPs/a8iVXAOJt2CXY5cd7gjNdCXnSRXhW4/eeLLcvB9OOKNdcyPoDBZrcZPHYgiqD6BIilvR59Y/xuVrtAtoOQ9QEj0gE4BC4UC+QUEmG17opvEgkxchTX2lmxMgNXtFXeshr4Qt9puAEbCn72Uv3MFvH06e9lEaT
 -var identifier=YS0zMTE0Mi1kCg-reboot -no-color -lock=false]
TestReboot 2026-04-17T17:04:55-05:00 logger.go:66: Running command terraform with args [destroy -auto-approve -input=false -var rke2_version=stable -var key_name=terraform-ci-YS0zMTE0Mi1kCg-reboot -var key=ssh-rsa AAAAB3NzaC1yc2EAAAADAQABAAABAQDIFwvyVC6SzPuJyPO7uBDcStdWB5LpUx5BumP3zCpISXSN/+HSON/svklRpKQ0XulnztPHxbL4vE9dpKDEpDNP0ZLSSwhZP5oB0xMUAWID4fd/wE8xKFG/+r5Gq4M+2FST0yxNqXkbdRkqUguDwY2TOTnaesc8D+/h0hwqZ8TLKSRPfyFel24vPs/a8iVXAOJt2CXY5cd7gjNdCXnSRXhW4/eeLLcvB9OOKNdcyPoDBZrcZPHYgiqD6BIilvR59Y/xuVrtAtoOQ9QEj0gE4BC4UC+QUEmG17opvEgkxchTX2lmxMgNXtFXeshr4Qt9puAEbCn72Uv3MFvH06e9lEaT
 -var identifier=YS0zMTE0Mi1kCg-reboot -no-color -lock=false]
TestReboot 2026-04-17T17:05:02-05:00 logger.go:66: random_pet.server: Refreshing state... [id=gazelle]
TestReboot 2026-04-17T17:05:02-05:00 logger.go:66: module.config.null_resource.write_config["50-initial-generated-config.yaml"]: Refreshing state... [id=8224297989399399876]
TestReboot 2026-04-17T17:05:02-05:00 logger.go:66: data.http.myip: Reading...
TestReboot 2026-04-17T17:05:02-05:00 logger.go:66: data.http.myip: Read complete after 0s [id=https://ipinfo.io/ip]
TestReboot 2026-04-17T17:05:03-05:00 logger.go:66: module.access.data.aws_availability_zones.available: Reading...
TestReboot 2026-04-17T17:05:03-05:00 logger.go:66: module.access.module.vpc[0].aws_vpc.new[0]: Refreshing state... [id=vpc-0194a17e0af8c23a5]
TestReboot 2026-04-17T17:05:03-05:00 logger.go:66: module.access.data.aws_availability_zones.available: Read complete after 0s [id=us-west-2]
TestReboot 2026-04-17T17:05:05-05:00 logger.go:66: module.access.module.vpc[0].aws_internet_gateway.new[0]: Refreshing state... [id=igw-0896b910ec9276beb]
TestReboot 2026-04-17T17:05:05-05:00 logger.go:66: module.access.module.vpc[0].aws_route.public_ipv4[0]: Refreshing state... [id=r-rtb-0b42dcaed086f3cbf1080289494]
TestReboot 2026-04-17T17:05:05-05:00 logger.go:66: module.access.module.subnet["0"].aws_subnet.created[0]: Refreshing state... [id=subnet-06fd050084d3b716c]
TestReboot 2026-04-17T17:05:05-05:00 logger.go:66: module.access.module.project_security_group[0].aws_security_group.new[0]: Refreshing state... [id=sg-0d2e2bb2a01351791]
TestReboot 2026-04-17T17:05:05-05:00 logger.go:66: module.access.module.project_security_group[0].aws_vpc_security_group_egress_rule.project_egress_ipv4[0]: Refreshing state... [id=sgr-041d0f54ec50ceac2]
TestReboot 2026-04-17T17:05:05-05:00 logger.go:66: module.access.module.project_security_group[0].aws_vpc_security_group_ingress_rule.project_ingress_ipv4[0]: Refreshing state... [id=sgr-0882e84974f4db6ec]
TestReboot 2026-04-17T17:05:05-05:00 logger.go:66: module.access.module.project_security_group[0].aws_vpc_security_group_egress_rule.external_egress_ipv4[0]: Refreshing state... [id=sgr-05da5342f0b2f6658]
TestReboot 2026-04-17T17:05:05-05:00 logger.go:66: module.server.module.image[0].data.aws_ami.search[0]: Reading...
TestReboot 2026-04-17T17:05:06-05:00 logger.go:66: module.server.module.image[0].data.aws_ami.search[0]: Read complete after 0s [id=ami-06f36f10a4fc52ea4]
TestReboot 2026-04-17T17:05:06-05:00 logger.go:66: module.server.module.server[0].data.aws_security_group.general_info_create[0]: Reading...
TestReboot 2026-04-17T17:05:06-05:00 logger.go:66: module.server.module.server[0].data.aws_key_pair.ssh_key_selected[0]: Reading...
TestReboot 2026-04-17T17:05:06-05:00 logger.go:66: module.server.module.server[0].data.aws_subnet.general_info_create[0]: Reading...
TestReboot 2026-04-17T17:05:06-05:00 logger.go:66: module.server.module.server[0].data.aws_ec2_instance_type.general_info_create[0]: Reading...
TestReboot 2026-04-17T17:05:06-05:00 logger.go:66: module.server.module.server[0].data.aws_key_pair.ssh_key_selected[0]: Read complete after 0s [id=key-00015523955150416]
TestReboot 2026-04-17T17:05:06-05:00 logger.go:66: module.server.module.server[0].data.aws_security_group.general_info_create[0]: Read complete after 1s [id=sg-0d2e2bb2a01351791]
TestReboot 2026-04-17T17:05:06-05:00 logger.go:66: module.server.module.server[0].data.aws_vpc.general_info_create[0]: Reading...
TestReboot 2026-04-17T17:05:06-05:00 logger.go:66: module.server.module.server[0].data.aws_subnet.general_info_create[0]: Read complete after 1s [id=subnet-06fd050084d3b716c]
TestReboot 2026-04-17T17:05:06-05:00 logger.go:66: module.server.module.server[0].data.aws_ec2_instance_type.general_info_create[0]: Read complete after 1s [id=c8i.large]
TestReboot 2026-04-17T17:05:06-05:00 logger.go:66: module.server.module.server[0].data.aws_availability_zone.general_info_create[0]: Reading...
TestReboot 2026-04-17T17:05:06-05:00 logger.go:66: module.server.module.server[0].aws_instance.created[0]: Refreshing state... [id=i-0ebbeeeab0aca64ff]
TestReboot 2026-04-17T17:05:06-05:00 logger.go:66: module.server.module.server[0].data.aws_availability_zone.general_info_create[0]: Read complete after 0s [id=us-west-2a]
TestReboot 2026-04-17T17:05:07-05:00 logger.go:66: module.server.module.server[0].data.aws_vpc.general_info_create[0]: Read complete after 0s [id=vpc-0194a17e0af8c23a5]
TestReboot 2026-04-17T17:05:08-05:00 logger.go:66: module.server.module.direct_access[0].data.aws_security_group.server_security_group: Reading...
TestReboot 2026-04-17T17:05:08-05:00 logger.go:66: module.server.module.direct_access[0].aws_eip.created[0]: Refreshing state... [id=eipalloc-0c1616de58fd3c475]
TestReboot 2026-04-17T17:05:08-05:00 logger.go:66: module.server.module.direct_access[0].aws_security_group.direct_access: Refreshing state... [id=sg-0159c66512429d4c7]
TestReboot 2026-04-17T17:05:08-05:00 logger.go:66: module.server.module.direct_access[0].data.aws_security_group.server_security_group: Read complete after 0s [id=sg-0d2e2bb2a01351791]
TestReboot 2026-04-17T17:05:08-05:00 logger.go:66: module.server.module.direct_access[0].aws_network_interface_sg_attachment.server_security_group_attachment: Refreshing state... [id=sg-0159c66512429d4c7_eni-0475ca5eaa0fdafeb]
TestReboot 2026-04-17T17:05:08-05:00 logger.go:66: module.server.module.direct_access[0].aws_vpc_security_group_ingress_rule.server_direct_link: Refreshing state... [id=sgr-0a9dde9accee98a37]
TestReboot 2026-04-17T17:05:08-05:00 logger.go:66: module.server.module.direct_access[0].aws_vpc_security_group_ingress_rule.server_ingress["runnerKube-0"]: Refreshing state... [id=sgr-032be4cfedf71d5aa]
TestReboot 2026-04-17T17:05:08-05:00 logger.go:66: module.server.module.direct_access[0].aws_vpc_security_group_ingress_rule.server_ingress["runnerSsh-0"]: Refreshing state... [id=sgr-00a958ebcbb6f4e9d]
TestReboot 2026-04-17T17:05:08-05:00 logger.go:66: module.server.module.direct_access[0].aws_eip_association.created[0]: Refreshing state... [id=eipassoc-06d2273a5c630590b]
TestReboot 2026-04-17T17:05:08-05:00 logger.go:66: module.server.module.direct_access[0].terraform_data.setup[0]: Refreshing state... [id=bfc6a795-9ce6-4b20-abde-1ae133761014]
TestReboot 2026-04-17T17:05:08-05:00 logger.go:66: module.server.module.direct_access[0].terraform_data.remove_initial_user[0]: Refreshing state... [id=c946da0e-e02c-ea12-6a01-cdd07efe045c]
TestReboot 2026-04-17T17:05:08-05:00 logger.go:66: module.this.terraform_data.copy_to_remote: Refreshing state... [id=983dd0b0-7c70-1b98-f661-89ed924a90f1]
TestReboot 2026-04-17T17:05:08-05:00 logger.go:66: module.this.terraform_data.configure: Refreshing state... [id=7508c822-63c2-d457-ab50-87a69079b52a]
TestReboot 2026-04-17T17:05:08-05:00 logger.go:66: module.this.time_sleep.ten_s_before_install: Refreshing state... [id=2026-04-17T21:53:53Z]
TestReboot 2026-04-17T17:05:08-05:00 logger.go:66: module.this.terraform_data.install: Refreshing state... [id=13637f7e-78c9-262d-2c18-e644e6dda5fc]
TestReboot 2026-04-17T17:05:08-05:00 logger.go:66: module.this.time_sleep.ten_s_after_install: Refreshing state... [id=2026-04-17T21:54:25Z]
TestReboot 2026-04-17T17:05:08-05:00 logger.go:66: module.this.time_sleep.ten_s_before_start: Refreshing state... [id=2026-04-17T21:54:35Z]
TestReboot 2026-04-17T17:05:08-05:00 logger.go:66: module.this.terraform_data.start[0]: Refreshing state... [id=0d379a53-6d6a-2376-c42a-e9caeefc546f]
TestReboot 2026-04-17T17:05:10-05:00 logger.go:66: 
TestReboot 2026-04-17T17:05:10-05:00 logger.go:66: Terraform used the selected providers to generate the following execution
TestReboot 2026-04-17T17:05:10-05:00 logger.go:66: plan. Resource actions are indicated with the following symbols:
TestReboot 2026-04-17T17:05:10-05:00 logger.go:66:   - destroy
TestReboot 2026-04-17T17:05:10-05:00 logger.go:66: 
TestReboot 2026-04-17T17:05:10-05:00 logger.go:66: Terraform will perform the following actions:
TestReboot 2026-04-17T17:05:10-05:00 logger.go:66: 
TestReboot 2026-04-17T17:05:10-05:00 logger.go:66:   # random_pet.server will be destroyed
TestReboot 2026-04-17T17:05:10-05:00 logger.go:66:   - resource "random_pet" "server" {
TestReboot 2026-04-17T17:05:10-05:00 logger.go:66:       - id        = "gazelle" -> null
TestReboot 2026-04-17T17:05:10-05:00 logger.go:66:       - keepers   = {
TestReboot 2026-04-17T17:05:10-05:00 logger.go:66:           - "identifier" = "YS0zMTE0Mi1kCg-reboot"
TestReboot 2026-04-17T17:05:10-05:00 logger.go:66:         } -> null
TestReboot 2026-04-17T17:05:10-05:00 logger.go:66:       - length    = 1 -> null
TestReboot 2026-04-17T17:05:10-05:00 logger.go:66:       - separator = "-" -> null
TestReboot 2026-04-17T17:05:10-05:00 logger.go:66:     }
TestReboot 2026-04-17T17:05:10-05:00 logger.go:66: 
TestReboot 2026-04-17T17:05:10-05:00 logger.go:66:   # module.config.null_resource.write_config["50-initial-generated-config.yaml"] will be destroyed
TestReboot 2026-04-17T17:05:10-05:00 logger.go:66:   - resource "null_resource" "write_config" {
TestReboot 2026-04-17T17:05:10-05:00 logger.go:66:       - id       = "8224297989399399876" -> null
TestReboot 2026-04-17T17:05:10-05:00 logger.go:66:       - triggers = {
TestReboot 2026-04-17T17:05:10-05:00 logger.go:66:           - "config_content" = ""
TestReboot 2026-04-17T17:05:10-05:00 logger.go:66:         } -> null
TestReboot 2026-04-17T17:05:10-05:00 logger.go:66:     }
TestReboot 2026-04-17T17:05:10-05:00 logger.go:66: 
TestReboot 2026-04-17T17:05:10-05:00 logger.go:66:   # module.this.terraform_data.configure will be destroyed
TestReboot 2026-04-17T17:05:10-05:00 logger.go:66:   - resource "terraform_data" "configure" {
TestReboot 2026-04-17T17:05:10-05:00 logger.go:66:       - id               = "7508c822-63c2-d457-ab50-87a69079b52a" -> null
TestReboot 2026-04-17T17:05:10-05:00 logger.go:66:       - triggers_replace = {
TestReboot 2026-04-17T17:05:10-05:00 logger.go:66:           - id = (sensitive value)
TestReboot 2026-04-17T17:05:10-05:00 logger.go:66:         } -> null
TestReboot 2026-04-17T17:05:10-05:00 logger.go:66:     }
TestReboot 2026-04-17T17:05:10-05:00 logger.go:66: 
TestReboot 2026-04-17T17:05:10-05:00 logger.go:66:   # module.this.terraform_data.copy_to_remote will be destroyed
TestReboot 2026-04-17T17:05:10-05:00 logger.go:66:   - resource "terraform_data" "copy_to_remote" {
TestReboot 2026-04-17T17:05:10-05:00 logger.go:66:       - id               = "983dd0b0-7c70-1b98-f661-89ed924a90f1" -> null
TestReboot 2026-04-17T17:05:10-05:00 logger.go:66:       - triggers_replace = {
TestReboot 2026-04-17T17:05:10-05:00 logger.go:66:           - id = (sensitive value)
TestReboot 2026-04-17T17:05:10-05:00 logger.go:66:         } -> null
TestReboot 2026-04-17T17:05:10-05:00 logger.go:66:     }
TestReboot 2026-04-17T17:05:10-05:00 logger.go:66: 
TestReboot 2026-04-17T17:05:10-05:00 logger.go:66:   # module.this.terraform_data.install will be destroyed
TestReboot 2026-04-17T17:05:10-05:00 logger.go:66:   - resource "terraform_data" "install" {
TestReboot 2026-04-17T17:05:10-05:00 logger.go:66:       - id               = "13637f7e-78c9-262d-2c18-e644e6dda5fc" -> null
TestReboot 2026-04-17T17:05:10-05:00 logger.go:66:       - triggers_replace = {
TestReboot 2026-04-17T17:05:10-05:00 logger.go:66:           - id = (sensitive value)
TestReboot 2026-04-17T17:05:10-05:00 logger.go:66:         } -> null
TestReboot 2026-04-17T17:05:10-05:00 logger.go:66:     }
TestReboot 2026-04-17T17:05:10-05:00 logger.go:66: 
TestReboot 2026-04-17T17:05:10-05:00 logger.go:66:   # module.this.terraform_data.start[0] will be destroyed
TestReboot 2026-04-17T17:05:10-05:00 logger.go:66:   - resource "terraform_data" "start" {
TestReboot 2026-04-17T17:05:10-05:00 logger.go:66:       - id               = "0d379a53-6d6a-2376-c42a-e9caeefc546f" -> null
TestReboot 2026-04-17T17:05:10-05:00 logger.go:66:       - triggers_replace = {
TestReboot 2026-04-17T17:05:10-05:00 logger.go:66:           - id = (sensitive value)
TestReboot 2026-04-17T17:05:10-05:00 logger.go:66:         } -> null
TestReboot 2026-04-17T17:05:10-05:00 logger.go:66:     }
TestReboot 2026-04-17T17:05:10-05:00 logger.go:66: 
TestReboot 2026-04-17T17:05:10-05:00 logger.go:66:   # module.this.time_sleep.ten_s_after_install will be destroyed
TestReboot 2026-04-17T17:05:10-05:00 logger.go:66:   - resource "time_sleep" "ten_s_after_install" {
TestReboot 2026-04-17T17:05:10-05:00 logger.go:66:       - create_duration = "10s" -> null
TestReboot 2026-04-17T17:05:10-05:00 logger.go:66:       - id              = "2026-04-17T21:54:25Z" -> null
TestReboot 2026-04-17T17:05:10-05:00 logger.go:66:     }
TestReboot 2026-04-17T17:05:10-05:00 logger.go:66: 
TestReboot 2026-04-17T17:05:10-05:00 logger.go:66:   # module.this.time_sleep.ten_s_before_install will be destroyed
TestReboot 2026-04-17T17:05:10-05:00 logger.go:66:   - resource "time_sleep" "ten_s_before_install" {
TestReboot 2026-04-17T17:05:10-05:00 logger.go:66:       - create_duration = "10s" -> null
TestReboot 2026-04-17T17:05:10-05:00 logger.go:66:       - id              = "2026-04-17T21:53:53Z" -> null
TestReboot 2026-04-17T17:05:10-05:00 logger.go:66:     }
TestReboot 2026-04-17T17:05:10-05:00 logger.go:66: 
TestReboot 2026-04-17T17:05:10-05:00 logger.go:66:   # module.this.time_sleep.ten_s_before_start will be destroyed
TestReboot 2026-04-17T17:05:10-05:00 logger.go:66:   - resource "time_sleep" "ten_s_before_start" {
TestReboot 2026-04-17T17:05:10-05:00 logger.go:66:       - create_duration = "10s" -> null
TestReboot 2026-04-17T17:05:10-05:00 logger.go:66:       - id              = "2026-04-17T21:54:35Z" -> null
TestReboot 2026-04-17T17:05:10-05:00 logger.go:66:     }
TestReboot 2026-04-17T17:05:10-05:00 logger.go:66: 
TestReboot 2026-04-17T17:05:10-05:00 logger.go:66:   # module.access.module.project_security_group[0].aws_security_group.new[0] will be destroyed
TestReboot 2026-04-17T17:05:10-05:00 logger.go:66:   - resource "aws_security_group" "new" {
TestReboot 2026-04-17T17:05:10-05:00 logger.go:66:       - arn                    = "arn:aws:ec2:us-west-2:270074865685:security-group/sg-0d2e2bb2a01351791" -> null
TestReboot 2026-04-17T17:05:10-05:00 logger.go:66:       - description            = "Access to egress generated by aws_access module" -> null
TestReboot 2026-04-17T17:05:10-05:00 logger.go:66:       - egress                 = [
TestReboot 2026-04-17T17:05:10-05:00 logger.go:66:           - {
TestReboot 2026-04-17T17:05:10-05:00 logger.go:66:               - cidr_blocks      = [
TestReboot 2026-04-17T17:05:10-05:00 logger.go:66:                   - "0.0.0.0/0",
TestReboot 2026-04-17T17:05:10-05:00 logger.go:66:                   - "10.0.0.0/16",
TestReboot 2026-04-17T17:05:10-05:00 logger.go:66:                 ]
TestReboot 2026-04-17T17:05:10-05:00 logger.go:66:               - description      = ""
TestReboot 2026-04-17T17:05:10-05:00 logger.go:66:               - from_port        = 0
TestReboot 2026-04-17T17:05:10-05:00 logger.go:66:               - ipv6_cidr_blocks = []
TestReboot 2026-04-17T17:05:10-05:00 logger.go:66:               - prefix_list_ids  = []
TestReboot 2026-04-17T17:05:10-05:00 logger.go:66:               - protocol         = "-1"
TestReboot 2026-04-17T17:05:10-05:00 logger.go:66:               - security_groups  = []
TestReboot 2026-04-17T17:05:10-05:00 logger.go:66:               - self             = false
TestReboot 2026-04-17T17:05:10-05:00 logger.go:66:               - to_port          = 0
TestReboot 2026-04-17T17:05:10-05:00 logger.go:66:             },
TestReboot 2026-04-17T17:05:10-05:00 logger.go:66:         ] -> null
TestReboot 2026-04-17T17:05:10-05:00 logger.go:66:       - id                     = "sg-0d2e2bb2a01351791" -> null
TestReboot 2026-04-17T17:05:10-05:00 logger.go:66:       - ingress                = [
TestReboot 2026-04-17T17:05:10-05:00 logger.go:66:           - {
TestReboot 2026-04-17T17:05:10-05:00 logger.go:66:               - cidr_blocks      = [
TestReboot 2026-04-17T17:05:10-05:00 logger.go:66:                   - "10.0.0.0/16",
TestReboot 2026-04-17T17:05:10-05:00 logger.go:66:                 ]
TestReboot 2026-04-17T17:05:10-05:00 logger.go:66:               - description      = ""
TestReboot 2026-04-17T17:05:10-05:00 logger.go:66:               - from_port        = 0
TestReboot 2026-04-17T17:05:10-05:00 logger.go:66:               - ipv6_cidr_blocks = []
TestReboot 2026-04-17T17:05:10-05:00 logger.go:66:               - prefix_list_ids  = []
TestReboot 2026-04-17T17:05:10-05:00 logger.go:66:               - protocol         = "-1"
TestReboot 2026-04-17T17:05:10-05:00 logger.go:66:               - security_groups  = []
TestReboot 2026-04-17T17:05:10-05:00 logger.go:66:               - self             = false
TestReboot 2026-04-17T17:05:10-05:00 logger.go:66:               - to_port          = 0
TestReboot 2026-04-17T17:05:10-05:00 logger.go:66:             },
TestReboot 2026-04-17T17:05:10-05:00 logger.go:66:         ] -> null
TestReboot 2026-04-17T17:05:10-05:00 logger.go:66:       - name                   = "tf-d0ef3-YS0zMTE0Mi1kCg-reboot-sg" -> null
TestReboot 2026-04-17T17:05:10-05:00 logger.go:66:       - owner_id               = "270074865685" -> null
TestReboot 2026-04-17T17:05:10-05:00 logger.go:66:       - region                 = "us-west-2" -> null
TestReboot 2026-04-17T17:05:10-05:00 logger.go:66:       - revoke_rules_on_delete = false -> null
TestReboot 2026-04-17T17:05:10-05:00 logger.go:66:       - tags                   = {
TestReboot 2026-04-17T17:05:10-05:00 logger.go:66:           - "Name" = "tf-d0ef3-YS0zMTE0Mi1kCg-reboot-sg"
TestReboot 2026-04-17T17:05:10-05:00 logger.go:66:         } -> null
TestReboot 2026-04-17T17:05:10-05:00 logger.go:66:       - tags_all               = {
TestReboot 2026-04-17T17:05:10-05:00 logger.go:66:           - "Id"    = "YS0zMTE0Mi1kCg-reboot"
TestReboot 2026-04-17T17:05:10-05:00 logger.go:66:           - "Name"  = "tf-d0ef3-YS0zMTE0Mi1kCg-reboot-sg"
TestReboot 2026-04-17T17:05:10-05:00 logger.go:66:           - "Owner" = "terraform-ci@suse.com"
TestReboot 2026-04-17T17:05:10-05:00 logger.go:66:         } -> null
TestReboot 2026-04-17T17:05:10-05:00 logger.go:66:       - vpc_id                 = "vpc-0194a17e0af8c23a5" -> null
TestReboot 2026-04-17T17:05:10-05:00 logger.go:66:     }
TestReboot 2026-04-17T17:05:10-05:00 logger.go:66: 
TestReboot 2026-04-17T17:05:10-05:00 logger.go:66:   # module.access.module.project_security_group[0].aws_vpc_security_group_egress_rule.external_egress_ipv4[0] will be destroyed
TestReboot 2026-04-17T17:05:10-05:00 logger.go:66:   - resource "aws_vpc_security_group_egress_rule" "external_egress_ipv4" {
TestReboot 2026-04-17T17:05:10-05:00 logger.go:66:       - arn                    = "arn:aws:ec2:us-west-2:270074865685:security-group-rule/sgr-05da5342f0b2f6658" -> null
TestReboot 2026-04-17T17:05:10-05:00 logger.go:66:       - cidr_ipv4              = "0.0.0.0/0" -> null
TestReboot 2026-04-17T17:05:10-05:00 logger.go:66:       - id                     = "sgr-05da5342f0b2f6658" -> null
TestReboot 2026-04-17T17:05:10-05:00 logger.go:66:       - ip_protocol            = "-1" -> null
TestReboot 2026-04-17T17:05:10-05:00 logger.go:66:       - region                 = "us-west-2" -> null
TestReboot 2026-04-17T17:05:10-05:00 logger.go:66:       - security_group_id      = "sg-0d2e2bb2a01351791" -> null
TestReboot 2026-04-17T17:05:10-05:00 logger.go:66:       - security_group_rule_id = "sgr-05da5342f0b2f6658" -> null
TestReboot 2026-04-17T17:05:10-05:00 logger.go:66:       - tags_all               = {
TestReboot 2026-04-17T17:05:10-05:00 logger.go:66:           - "Id"    = "YS0zMTE0Mi1kCg-reboot"
TestReboot 2026-04-17T17:05:10-05:00 logger.go:66:           - "Owner" = "terraform-ci@suse.com"
TestReboot 2026-04-17T17:05:10-05:00 logger.go:66:         } -> null
TestReboot 2026-04-17T17:05:10-05:00 logger.go:66:     }
TestReboot 2026-04-17T17:05:10-05:00 logger.go:66: 
TestReboot 2026-04-17T17:05:10-05:00 logger.go:66:   # module.access.module.project_security_group[0].aws_vpc_security_group_egress_rule.project_egress_ipv4[0] will be destroyed
TestReboot 2026-04-17T17:05:10-05:00 logger.go:66:   - resource "aws_vpc_security_group_egress_rule" "project_egress_ipv4" {
TestReboot 2026-04-17T17:05:10-05:00 logger.go:66:       - arn                    = "arn:aws:ec2:us-west-2:270074865685:security-group-rule/sgr-041d0f54ec50ceac2" -> null
TestReboot 2026-04-17T17:05:10-05:00 logger.go:66:       - cidr_ipv4              = "10.0.0.0/16" -> null
TestReboot 2026-04-17T17:05:10-05:00 logger.go:66:       - id                     = "sgr-041d0f54ec50ceac2" -> null
TestReboot 2026-04-17T17:05:10-05:00 logger.go:66:       - ip_protocol            = "-1" -> null
TestReboot 2026-04-17T17:05:10-05:00 logger.go:66:       - region                 = "us-west-2" -> null
TestReboot 2026-04-17T17:05:10-05:00 logger.go:66:       - security_group_id      = "sg-0d2e2bb2a01351791" -> null
TestReboot 2026-04-17T17:05:10-05:00 logger.go:66:       - security_group_rule_id = "sgr-041d0f54ec50ceac2" -> null
TestReboot 2026-04-17T17:05:10-05:00 logger.go:66:       - tags_all               = {
TestReboot 2026-04-17T17:05:10-05:00 logger.go:66:           - "Id"    = "YS0zMTE0Mi1kCg-reboot"
TestReboot 2026-04-17T17:05:10-05:00 logger.go:66:           - "Owner" = "terraform-ci@suse.com"
TestReboot 2026-04-17T17:05:10-05:00 logger.go:66:         } -> null
TestReboot 2026-04-17T17:05:10-05:00 logger.go:66:     }
TestReboot 2026-04-17T17:05:10-05:00 logger.go:66: 
TestReboot 2026-04-17T17:05:10-05:00 logger.go:66:   # module.access.module.project_security_group[0].aws_vpc_security_group_ingress_rule.project_ingress_ipv4[0] will be destroyed
TestReboot 2026-04-17T17:05:10-05:00 logger.go:66:   - resource "aws_vpc_security_group_ingress_rule" "project_ingress_ipv4" {
TestReboot 2026-04-17T17:05:10-05:00 logger.go:66:       - arn                    = "arn:aws:ec2:us-west-2:270074865685:security-group-rule/sgr-0882e84974f4db6ec" -> null
TestReboot 2026-04-17T17:05:10-05:00 logger.go:66:       - cidr_ipv4              = "10.0.0.0/16" -> null
TestReboot 2026-04-17T17:05:10-05:00 logger.go:66:       - id                     = "sgr-0882e84974f4db6ec" -> null
TestReboot 2026-04-17T17:05:10-05:00 logger.go:66:       - ip_protocol            = "-1" -> null
TestReboot 2026-04-17T17:05:10-05:00 logger.go:66:       - region                 = "us-west-2" -> null
TestReboot 2026-04-17T17:05:10-05:00 logger.go:66:       - security_group_id      = "sg-0d2e2bb2a01351791" -> null
TestReboot 2026-04-17T17:05:10-05:00 logger.go:66:       - security_group_rule_id = "sgr-0882e84974f4db6ec" -> null
TestReboot 2026-04-17T17:05:10-05:00 logger.go:66:       - tags_all               = {
TestReboot 2026-04-17T17:05:10-05:00 logger.go:66:           - "Id"    = "YS0zMTE0Mi1kCg-reboot"
TestReboot 2026-04-17T17:05:10-05:00 logger.go:66:           - "Owner" = "terraform-ci@suse.com"
TestReboot 2026-04-17T17:05:10-05:00 logger.go:66:         } -> null
TestReboot 2026-04-17T17:05:10-05:00 logger.go:66:     }
TestReboot 2026-04-17T17:05:10-05:00 logger.go:66: 
TestReboot 2026-04-17T17:05:10-05:00 logger.go:66:   # module.access.module.subnet["0"].aws_subnet.created[0] will be destroyed
TestReboot 2026-04-17T17:05:10-05:00 logger.go:66:   - resource "aws_subnet" "created" {
TestReboot 2026-04-17T17:05:10-05:00 logger.go:66:       - arn                                            = "arn:aws:ec2:us-west-2:270074865685:subnet/subnet-06fd050084d3b716c" -> null
TestReboot 2026-04-17T17:05:10-05:00 logger.go:66:       - assign_ipv6_address_on_creation                = false -> null
TestReboot 2026-04-17T17:05:10-05:00 logger.go:66:       - availability_zone                              = "us-west-2a" -> null
TestReboot 2026-04-17T17:05:10-05:00 logger.go:66:       - availability_zone_id                           = "usw2-az1" -> null
TestReboot 2026-04-17T17:05:10-05:00 logger.go:66:       - cidr_block                                     = "10.0.0.0/16" -> null
TestReboot 2026-04-17T17:05:10-05:00 logger.go:66:       - enable_dns64                                   = false -> null
TestReboot 2026-04-17T17:05:10-05:00 logger.go:66:       - enable_lni_at_device_index                     = 0 -> null
TestReboot 2026-04-17T17:05:10-05:00 logger.go:66:       - enable_resource_name_dns_a_record_on_launch    = false -> null
TestReboot 2026-04-17T17:05:10-05:00 logger.go:66:       - enable_resource_name_dns_aaaa_record_on_launch = false -> null
TestReboot 2026-04-17T17:05:10-05:00 logger.go:66:       - id                                             = "subnet-06fd050084d3b716c" -> null
TestReboot 2026-04-17T17:05:10-05:00 logger.go:66:       - ipv6_cidr_block                                = "2600:1f14:2750:2800::/64" -> null
TestReboot 2026-04-17T17:05:10-05:00 logger.go:66:       - ipv6_cidr_block_association_id                 = "subnet-cidr-assoc-027a8c94a592b102a" -> null
TestReboot 2026-04-17T17:05:10-05:00 logger.go:66:       - ipv6_native                                    = false -> null
TestReboot 2026-04-17T17:05:10-05:00 logger.go:66:       - map_customer_owned_ip_on_launch                = false -> null
TestReboot 2026-04-17T17:05:10-05:00 logger.go:66:       - map_public_ip_on_launch                        = false -> null
TestReboot 2026-04-17T17:05:10-05:00 logger.go:66:       - owner_id                                       = "270074865685" -> null
TestReboot 2026-04-17T17:05:10-05:00 logger.go:66:       - private_dns_hostname_type_on_launch            = "ip-name" -> null
TestReboot 2026-04-17T17:05:10-05:00 logger.go:66:       - region                                         = "us-west-2" -> null
TestReboot 2026-04-17T17:05:10-05:00 logger.go:66:       - tags                                           = {
TestReboot 2026-04-17T17:05:10-05:00 logger.go:66:           - "Name" = "tf-d0ef3-YS0zMTE0Mi1kCg-reboot-vpc-us-west-2a"
TestReboot 2026-04-17T17:05:10-05:00 logger.go:66:         } -> null
TestReboot 2026-04-17T17:05:10-05:00 logger.go:66:       - tags_all                                       = {
TestReboot 2026-04-17T17:05:10-05:00 logger.go:66:           - "Id"    = "YS0zMTE0Mi1kCg-reboot"
TestReboot 2026-04-17T17:05:10-05:00 logger.go:66:           - "Name"  = "tf-d0ef3-YS0zMTE0Mi1kCg-reboot-vpc-us-west-2a"
TestReboot 2026-04-17T17:05:10-05:00 logger.go:66:           - "Owner" = "terraform-ci@suse.com"
TestReboot 2026-04-17T17:05:10-05:00 logger.go:66:         } -> null
TestReboot 2026-04-17T17:05:10-05:00 logger.go:66:       - vpc_id                                         = "vpc-0194a17e0af8c23a5" -> null
TestReboot 2026-04-17T17:05:10-05:00 logger.go:66:     }
TestReboot 2026-04-17T17:05:10-05:00 logger.go:66: 
TestReboot 2026-04-17T17:05:10-05:00 logger.go:66:   # module.access.module.vpc[0].aws_internet_gateway.new[0] will be destroyed
TestReboot 2026-04-17T17:05:10-05:00 logger.go:66:   - resource "aws_internet_gateway" "new" {
TestReboot 2026-04-17T17:05:10-05:00 logger.go:66:       - arn      = "arn:aws:ec2:us-west-2:270074865685:internet-gateway/igw-0896b910ec9276beb" -> null
TestReboot 2026-04-17T17:05:10-05:00 logger.go:66:       - id       = "igw-0896b910ec9276beb" -> null
TestReboot 2026-04-17T17:05:10-05:00 logger.go:66:       - owner_id = "270074865685" -> null
TestReboot 2026-04-17T17:05:10-05:00 logger.go:66:       - region   = "us-west-2" -> null
TestReboot 2026-04-17T17:05:10-05:00 logger.go:66:       - tags     = {} -> null
TestReboot 2026-04-17T17:05:10-05:00 logger.go:66:       - tags_all = {
TestReboot 2026-04-17T17:05:10-05:00 logger.go:66:           - "Id"    = "YS0zMTE0Mi1kCg-reboot"
TestReboot 2026-04-17T17:05:10-05:00 logger.go:66:           - "Owner" = "terraform-ci@suse.com"
TestReboot 2026-04-17T17:05:10-05:00 logger.go:66:         } -> null
TestReboot 2026-04-17T17:05:10-05:00 logger.go:66:       - vpc_id   = "vpc-0194a17e0af8c23a5" -> null
TestReboot 2026-04-17T17:05:10-05:00 logger.go:66:     }
TestReboot 2026-04-17T17:05:10-05:00 logger.go:66: 
TestReboot 2026-04-17T17:05:10-05:00 logger.go:66:   # module.access.module.vpc[0].aws_route.public_ipv4[0] will be destroyed
TestReboot 2026-04-17T17:05:10-05:00 logger.go:66:   - resource "aws_route" "public_ipv4" {
TestReboot 2026-04-17T17:05:10-05:00 logger.go:66:       - destination_cidr_block = "0.0.0.0/0" -> null
TestReboot 2026-04-17T17:05:10-05:00 logger.go:66:       - gateway_id             = "igw-0896b910ec9276beb" -> null
TestReboot 2026-04-17T17:05:10-05:00 logger.go:66:       - id                     = "r-rtb-0b42dcaed086f3cbf1080289494" -> null
TestReboot 2026-04-17T17:05:10-05:00 logger.go:66:       - origin                 = "CreateRoute" -> null
TestReboot 2026-04-17T17:05:10-05:00 logger.go:66:       - region                 = "us-west-2" -> null
TestReboot 2026-04-17T17:05:10-05:00 logger.go:66:       - route_table_id         = "rtb-0b42dcaed086f3cbf" -> null
TestReboot 2026-04-17T17:05:10-05:00 logger.go:66:       - state                  = "active" -> null
TestReboot 2026-04-17T17:05:10-05:00 logger.go:66:     }
TestReboot 2026-04-17T17:05:10-05:00 logger.go:66: 
TestReboot 2026-04-17T17:05:10-05:00 logger.go:66:   # module.access.module.vpc[0].aws_vpc.new[0] will be destroyed
TestReboot 2026-04-17T17:05:10-05:00 logger.go:66:   - resource "aws_vpc" "new" {
TestReboot 2026-04-17T17:05:10-05:00 logger.go:66:       - arn                                  = "arn:aws:ec2:us-west-2:270074865685:vpc/vpc-0194a17e0af8c23a5" -> null
TestReboot 2026-04-17T17:05:10-05:00 logger.go:66:       - assign_generated_ipv6_cidr_block     = true -> null
TestReboot 2026-04-17T17:05:10-05:00 logger.go:66:       - cidr_block                           = "10.0.0.0/16" -> null
TestReboot 2026-04-17T17:05:10-05:00 logger.go:66:       - default_network_acl_id               = "acl-04c91b7ec82cabb52" -> null
TestReboot 2026-04-17T17:05:10-05:00 logger.go:66:       - default_route_table_id               = "rtb-0b42dcaed086f3cbf" -> null
TestReboot 2026-04-17T17:05:10-05:00 logger.go:66:       - default_security_group_id            = "sg-0b979b7d883c5cda3" -> null
TestReboot 2026-04-17T17:05:10-05:00 logger.go:66:       - dhcp_options_id                      = "dopt-1fdd1a67" -> null
TestReboot 2026-04-17T17:05:10-05:00 logger.go:66:       - enable_dns_hostnames                 = false -> null
TestReboot 2026-04-17T17:05:10-05:00 logger.go:66:       - enable_dns_support                   = true -> null
TestReboot 2026-04-17T17:05:10-05:00 logger.go:66:       - enable_network_address_usage_metrics = false -> null
TestReboot 2026-04-17T17:05:10-05:00 logger.go:66:       - id                                   = "vpc-0194a17e0af8c23a5" -> null
TestReboot 2026-04-17T17:05:10-05:00 logger.go:66:       - instance_tenancy                     = "default" -> null
TestReboot 2026-04-17T17:05:10-05:00 logger.go:66:       - ipv6_association_id                  = "vpc-cidr-assoc-0821661b7604f06fb" -> null
TestReboot 2026-04-17T17:05:10-05:00 logger.go:66:       - ipv6_cidr_block                      = "2600:1f14:2750:2800::/56" -> null
TestReboot 2026-04-17T17:05:10-05:00 logger.go:66:       - ipv6_cidr_block_network_border_group = "us-west-2" -> null
TestReboot 2026-04-17T17:05:10-05:00 logger.go:66:       - ipv6_netmask_length                  = 0 -> null
TestReboot 2026-04-17T17:05:10-05:00 logger.go:66:       - main_route_table_id                  = "rtb-0b42dcaed086f3cbf" -> null
TestReboot 2026-04-17T17:05:10-05:00 logger.go:66:       - owner_id                             = "270074865685" -> null
TestReboot 2026-04-17T17:05:10-05:00 logger.go:66:       - region                               = "us-west-2" -> null
TestReboot 2026-04-17T17:05:10-05:00 logger.go:66:       - tags                                 = {
TestReboot 2026-04-17T17:05:10-05:00 logger.go:66:           - "Name" = "tf-d0ef3-YS0zMTE0Mi1kCg-reboot-vpc"
TestReboot 2026-04-17T17:05:10-05:00 logger.go:66:         } -> null
TestReboot 2026-04-17T17:05:10-05:00 logger.go:66:       - tags_all                             = {
TestReboot 2026-04-17T17:05:10-05:00 logger.go:66:           - "Id"    = "YS0zMTE0Mi1kCg-reboot"
TestReboot 2026-04-17T17:05:10-05:00 logger.go:66:           - "Name"  = "tf-d0ef3-YS0zMTE0Mi1kCg-reboot-vpc"
TestReboot 2026-04-17T17:05:10-05:00 logger.go:66:           - "Owner" = "terraform-ci@suse.com"
TestReboot 2026-04-17T17:05:10-05:00 logger.go:66:         } -> null
TestReboot 2026-04-17T17:05:10-05:00 logger.go:66:     }
TestReboot 2026-04-17T17:05:10-05:00 logger.go:66: 
TestReboot 2026-04-17T17:05:10-05:00 logger.go:66:   # module.server.module.direct_access[0].aws_eip.created[0] will be destroyed
TestReboot 2026-04-17T17:05:10-05:00 logger.go:66:   - resource "aws_eip" "created" {
TestReboot 2026-04-17T17:05:10-05:00 logger.go:66:       - allocation_id        = "eipalloc-0c1616de58fd3c475" -> null
TestReboot 2026-04-17T17:05:10-05:00 logger.go:66:       - arn                  = "arn:aws:ec2:us-west-2:270074865685:elastic-ip/eipalloc-0c1616de58fd3c475" -> null
TestReboot 2026-04-17T17:05:10-05:00 logger.go:66:       - association_id       = "eipassoc-06d2273a5c630590b" -> null
TestReboot 2026-04-17T17:05:10-05:00 logger.go:66:       - domain               = "vpc" -> null
TestReboot 2026-04-17T17:05:10-05:00 logger.go:66:       - id                   = "eipalloc-0c1616de58fd3c475" -> null
TestReboot 2026-04-17T17:05:10-05:00 logger.go:66:       - instance             = "i-0ebbeeeab0aca64ff" -> null
TestReboot 2026-04-17T17:05:10-05:00 logger.go:66:       - network_border_group = "us-west-2" -> null
TestReboot 2026-04-17T17:05:10-05:00 logger.go:66:       - network_interface    = "eni-0475ca5eaa0fdafeb" -> null
TestReboot 2026-04-17T17:05:10-05:00 logger.go:66:       - private_dns          = "ip-10-0-219-99.us-west-2.compute.internal" -> null
TestReboot 2026-04-17T17:05:10-05:00 logger.go:66:       - private_ip           = "10.0.219.99" -> null
TestReboot 2026-04-17T17:05:10-05:00 logger.go:66:       - public_dns           = "ec2-52-37-171-161.us-west-2.compute.amazonaws.com" -> null
TestReboot 2026-04-17T17:05:10-05:00 logger.go:66:       - public_ip            = "52.37.171.161" -> null
TestReboot 2026-04-17T17:05:10-05:00 logger.go:66:       - public_ipv4_pool     = "amazon" -> null
TestReboot 2026-04-17T17:05:10-05:00 logger.go:66:       - region               = "us-west-2" -> null
TestReboot 2026-04-17T17:05:10-05:00 logger.go:66:       - tags                 = {} -> null
TestReboot 2026-04-17T17:05:10-05:00 logger.go:66:       - tags_all             = {
TestReboot 2026-04-17T17:05:10-05:00 logger.go:66:           - "Id"    = "YS0zMTE0Mi1kCg-reboot"
TestReboot 2026-04-17T17:05:10-05:00 logger.go:66:           - "Owner" = "terraform-ci@suse.com"
TestReboot 2026-04-17T17:05:10-05:00 logger.go:66:         } -> null
TestReboot 2026-04-17T17:05:10-05:00 logger.go:66:     }
TestReboot 2026-04-17T17:05:10-05:00 logger.go:66: 
TestReboot 2026-04-17T17:05:10-05:00 logger.go:66:   # module.server.module.direct_access[0].aws_eip_association.created[0] will be destroyed
TestReboot 2026-04-17T17:05:10-05:00 logger.go:66:   - resource "aws_eip_association" "created" {
TestReboot 2026-04-17T17:05:10-05:00 logger.go:66:       - allocation_id        = "eipalloc-0c1616de58fd3c475" -> null
TestReboot 2026-04-17T17:05:10-05:00 logger.go:66:       - allow_reassociation  = true -> null
TestReboot 2026-04-17T17:05:10-05:00 logger.go:66:       - id                   = "eipassoc-06d2273a5c630590b" -> null
TestReboot 2026-04-17T17:05:10-05:00 logger.go:66:       - instance_id          = "i-0ebbeeeab0aca64ff" -> null
TestReboot 2026-04-17T17:05:10-05:00 logger.go:66:       - network_interface_id = "eni-0475ca5eaa0fdafeb" -> null
TestReboot 2026-04-17T17:05:10-05:00 logger.go:66:       - private_ip_address   = "10.0.219.99" -> null
TestReboot 2026-04-17T17:05:10-05:00 logger.go:66:       - public_ip            = "52.37.171.161" -> null
TestReboot 2026-04-17T17:05:10-05:00 logger.go:66:       - region               = "us-west-2" -> null
TestReboot 2026-04-17T17:05:10-05:00 logger.go:66:     }
TestReboot 2026-04-17T17:05:10-05:00 logger.go:66: 
TestReboot 2026-04-17T17:05:10-05:00 logger.go:66:   # module.server.module.direct_access[0].aws_network_interface_sg_attachment.server_security_group_attachment will be destroyed
TestReboot 2026-04-17T17:05:10-05:00 logger.go:66:   - resource "aws_network_interface_sg_attachment" "server_security_group_attachment" {
TestReboot 2026-04-17T17:05:10-05:00 logger.go:66:       - id                   = "sg-0159c66512429d4c7_eni-0475ca5eaa0fdafeb" -> null
TestReboot 2026-04-17T17:05:10-05:00 logger.go:66:       - network_interface_id = "eni-0475ca5eaa0fdafeb" -> null
TestReboot 2026-04-17T17:05:10-05:00 logger.go:66:       - region               = "us-west-2" -> null
TestReboot 2026-04-17T17:05:10-05:00 logger.go:66:       - security_group_id    = "sg-0159c66512429d4c7" -> null
TestReboot 2026-04-17T17:05:10-05:00 logger.go:66:     }
TestReboot 2026-04-17T17:05:10-05:00 logger.go:66: 
TestReboot 2026-04-17T17:05:10-05:00 logger.go:66:   # module.server.module.direct_access[0].aws_security_group.direct_access will be destroyed
TestReboot 2026-04-17T17:05:10-05:00 logger.go:66:   - resource "aws_security_group" "direct_access" {
TestReboot 2026-04-17T17:05:10-05:00 logger.go:66:       - arn                    = "arn:aws:ec2:us-west-2:270074865685:security-group/sg-0159c66512429d4c7" -> null
TestReboot 2026-04-17T17:05:10-05:00 logger.go:66:       - description            = "Security group for server tf-d0ef3-YS0zMTE0Mi1kCg-reboot-gazelle" -> null
TestReboot 2026-04-17T17:05:10-05:00 logger.go:66:       - egress                 = [] -> null
TestReboot 2026-04-17T17:05:10-05:00 logger.go:66:       - id                     = "sg-0159c66512429d4c7" -> null
TestReboot 2026-04-17T17:05:10-05:00 logger.go:66:       - ingress                = [
TestReboot 2026-04-17T17:05:10-05:00 logger.go:66:           - {
TestReboot 2026-04-17T17:05:10-05:00 logger.go:66:               - cidr_blocks      = [
TestReboot 2026-04-17T17:05:10-05:00 logger.go:66:                   - "47.161.206.84/32",
TestReboot 2026-04-17T17:05:10-05:00 logger.go:66:                 ]
TestReboot 2026-04-17T17:05:10-05:00 logger.go:66:               - description      = ""
TestReboot 2026-04-17T17:05:10-05:00 logger.go:66:               - from_port        = 22
TestReboot 2026-04-17T17:05:10-05:00 logger.go:66:               - ipv6_cidr_blocks = []
TestReboot 2026-04-17T17:05:10-05:00 logger.go:66:               - prefix_list_ids  = []
TestReboot 2026-04-17T17:05:10-05:00 logger.go:66:               - protocol         = "tcp"
TestReboot 2026-04-17T17:05:10-05:00 logger.go:66:               - security_groups  = []
TestReboot 2026-04-17T17:05:10-05:00 logger.go:66:               - self             = false
TestReboot 2026-04-17T17:05:10-05:00 logger.go:66:               - to_port          = 22
TestReboot 2026-04-17T17:05:10-05:00 logger.go:66:             },
TestReboot 2026-04-17T17:05:10-05:00 logger.go:66:           - {
TestReboot 2026-04-17T17:05:10-05:00 logger.go:66:               - cidr_blocks      = [
TestReboot 2026-04-17T17:05:10-05:00 logger.go:66:                   - "47.161.206.84/32",
TestReboot 2026-04-17T17:05:10-05:00 logger.go:66:                 ]
TestReboot 2026-04-17T17:05:10-05:00 logger.go:66:               - description      = ""
TestReboot 2026-04-17T17:05:10-05:00 logger.go:66:               - from_port        = 6443
TestReboot 2026-04-17T17:05:10-05:00 logger.go:66:               - ipv6_cidr_blocks = []
TestReboot 2026-04-17T17:05:10-05:00 logger.go:66:               - prefix_list_ids  = []
TestReboot 2026-04-17T17:05:10-05:00 logger.go:66:               - protocol         = "tcp"
TestReboot 2026-04-17T17:05:10-05:00 logger.go:66:               - security_groups  = []
TestReboot 2026-04-17T17:05:10-05:00 logger.go:66:               - self             = false
TestReboot 2026-04-17T17:05:10-05:00 logger.go:66:               - to_port          = 6443
TestReboot 2026-04-17T17:05:10-05:00 logger.go:66:             },
TestReboot 2026-04-17T17:05:10-05:00 logger.go:66:           - {
TestReboot 2026-04-17T17:05:10-05:00 logger.go:66:               - cidr_blocks      = []
TestReboot 2026-04-17T17:05:10-05:00 logger.go:66:               - description      = ""
TestReboot 2026-04-17T17:05:10-05:00 logger.go:66:               - from_port        = 0
TestReboot 2026-04-17T17:05:10-05:00 logger.go:66:               - ipv6_cidr_blocks = []
TestReboot 2026-04-17T17:05:10-05:00 logger.go:66:               - prefix_list_ids  = []
TestReboot 2026-04-17T17:05:10-05:00 logger.go:66:               - protocol         = "-1"
TestReboot 2026-04-17T17:05:10-05:00 logger.go:66:               - security_groups  = [
TestReboot 2026-04-17T17:05:10-05:00 logger.go:66:                   - "sg-0d2e2bb2a01351791",
TestReboot 2026-04-17T17:05:10-05:00 logger.go:66:                 ]
TestReboot 2026-04-17T17:05:10-05:00 logger.go:66:               - self             = false
TestReboot 2026-04-17T17:05:10-05:00 logger.go:66:               - to_port          = 0
TestReboot 2026-04-17T17:05:10-05:00 logger.go:66:             },
TestReboot 2026-04-17T17:05:10-05:00 logger.go:66:         ] -> null
TestReboot 2026-04-17T17:05:10-05:00 logger.go:66:       - name                   = "tf-d0ef3-YS0zMTE0Mi1kCg-reboot-gazelle-direct" -> null
TestReboot 2026-04-17T17:05:10-05:00 logger.go:66:       - owner_id               = "270074865685" -> null
TestReboot 2026-04-17T17:05:10-05:00 logger.go:66:       - region                 = "us-west-2" -> null
TestReboot 2026-04-17T17:05:10-05:00 logger.go:66:       - revoke_rules_on_delete = false -> null
TestReboot 2026-04-17T17:05:10-05:00 logger.go:66:       - tags                   = {
TestReboot 2026-04-17T17:05:10-05:00 logger.go:66:           - "Name" = "tf-d0ef3-YS0zMTE0Mi1kCg-reboot-gazelle-direct"
TestReboot 2026-04-17T17:05:10-05:00 logger.go:66:         } -> null
TestReboot 2026-04-17T17:05:10-05:00 logger.go:66:       - tags_all               = {
TestReboot 2026-04-17T17:05:10-05:00 logger.go:66:           - "Id"    = "YS0zMTE0Mi1kCg-reboot"
TestReboot 2026-04-17T17:05:10-05:00 logger.go:66:           - "Name"  = "tf-d0ef3-YS0zMTE0Mi1kCg-reboot-gazelle-direct"
TestReboot 2026-04-17T17:05:10-05:00 logger.go:66:           - "Owner" = "terraform-ci@suse.com"
TestReboot 2026-04-17T17:05:10-05:00 logger.go:66:         } -> null
TestReboot 2026-04-17T17:05:10-05:00 logger.go:66:       - vpc_id                 = "vpc-0194a17e0af8c23a5" -> null
TestReboot 2026-04-17T17:05:10-05:00 logger.go:66:     }
TestReboot 2026-04-17T17:05:10-05:00 logger.go:66: 
TestReboot 2026-04-17T17:05:10-05:00 logger.go:66:   # module.server.module.direct_access[0].aws_vpc_security_group_ingress_rule.server_direct_link will be destroyed
TestReboot 2026-04-17T17:05:10-05:00 logger.go:66:   - resource "aws_vpc_security_group_ingress_rule" "server_direct_link" {
TestReboot 2026-04-17T17:05:10-05:00 logger.go:66:       - arn                          = "arn:aws:ec2:us-west-2:270074865685:security-group-rule/sgr-0a9dde9accee98a37" -> null
TestReboot 2026-04-17T17:05:10-05:00 logger.go:66:       - id                           = "sgr-0a9dde9accee98a37" -> null
TestReboot 2026-04-17T17:05:10-05:00 logger.go:66:       - ip_protocol                  = "-1" -> null
TestReboot 2026-04-17T17:05:10-05:00 logger.go:66:       - referenced_security_group_id = "sg-0d2e2bb2a01351791" -> null
TestReboot 2026-04-17T17:05:10-05:00 logger.go:66:       - region                       = "us-west-2" -> null
TestReboot 2026-04-17T17:05:10-05:00 logger.go:66:       - security_group_id            = "sg-0159c66512429d4c7" -> null
TestReboot 2026-04-17T17:05:10-05:00 logger.go:66:       - security_group_rule_id       = "sgr-0a9dde9accee98a37" -> null
TestReboot 2026-04-17T17:05:10-05:00 logger.go:66:       - tags_all                     = {
TestReboot 2026-04-17T17:05:10-05:00 logger.go:66:           - "Id"    = "YS0zMTE0Mi1kCg-reboot"
TestReboot 2026-04-17T17:05:10-05:00 logger.go:66:           - "Owner" = "terraform-ci@suse.com"
TestReboot 2026-04-17T17:05:10-05:00 logger.go:66:         } -> null
TestReboot 2026-04-17T17:05:10-05:00 logger.go:66:     }
TestReboot 2026-04-17T17:05:10-05:00 logger.go:66: 
TestReboot 2026-04-17T17:05:10-05:00 logger.go:66:   # module.server.module.direct_access[0].aws_vpc_security_group_ingress_rule.server_ingress["runnerKube-0"] will be destroyed
TestReboot 2026-04-17T17:05:10-05:00 logger.go:66:   - resource "aws_vpc_security_group_ingress_rule" "server_ingress" {
TestReboot 2026-04-17T17:05:10-05:00 logger.go:66:       - arn                    = "arn:aws:ec2:us-west-2:270074865685:security-group-rule/sgr-032be4cfedf71d5aa" -> null
TestReboot 2026-04-17T17:05:10-05:00 logger.go:66:       - cidr_ipv4              = "47.161.206.84/32" -> null
TestReboot 2026-04-17T17:05:10-05:00 logger.go:66:       - from_port              = 6443 -> null
TestReboot 2026-04-17T17:05:10-05:00 logger.go:66:       - id                     = "sgr-032be4cfedf71d5aa" -> null
TestReboot 2026-04-17T17:05:10-05:00 logger.go:66:       - ip_protocol            = "tcp" -> null
TestReboot 2026-04-17T17:05:10-05:00 logger.go:66:       - region                 = "us-west-2" -> null
TestReboot 2026-04-17T17:05:10-05:00 logger.go:66:       - security_group_id      = "sg-0159c66512429d4c7" -> null
TestReboot 2026-04-17T17:05:10-05:00 logger.go:66:       - security_group_rule_id = "sgr-032be4cfedf71d5aa" -> null
TestReboot 2026-04-17T17:05:10-05:00 logger.go:66:       - tags_all               = {
TestReboot 2026-04-17T17:05:10-05:00 logger.go:66:           - "Id"    = "YS0zMTE0Mi1kCg-reboot"
TestReboot 2026-04-17T17:05:10-05:00 logger.go:66:           - "Owner" = "terraform-ci@suse.com"
TestReboot 2026-04-17T17:05:10-05:00 logger.go:66:         } -> null
TestReboot 2026-04-17T17:05:10-05:00 logger.go:66:       - to_port                = 6443 -> null
TestReboot 2026-04-17T17:05:10-05:00 logger.go:66:     }
TestReboot 2026-04-17T17:05:10-05:00 logger.go:66: 
TestReboot 2026-04-17T17:05:10-05:00 logger.go:66:   # module.server.module.direct_access[0].aws_vpc_security_group_ingress_rule.server_ingress["runnerSsh-0"] will be destroyed
TestReboot 2026-04-17T17:05:10-05:00 logger.go:66:   - resource "aws_vpc_security_group_ingress_rule" "server_ingress" {
TestReboot 2026-04-17T17:05:10-05:00 logger.go:66:       - arn                    = "arn:aws:ec2:us-west-2:270074865685:security-group-rule/sgr-00a958ebcbb6f4e9d" -> null
TestReboot 2026-04-17T17:05:10-05:00 logger.go:66:       - cidr_ipv4              = "47.161.206.84/32" -> null
TestReboot 2026-04-17T17:05:10-05:00 logger.go:66:       - from_port              = 22 -> null
TestReboot 2026-04-17T17:05:10-05:00 logger.go:66:       - id                     = "sgr-00a958ebcbb6f4e9d" -> null
TestReboot 2026-04-17T17:05:10-05:00 logger.go:66:       - ip_protocol            = "tcp" -> null
TestReboot 2026-04-17T17:05:10-05:00 logger.go:66:       - region                 = "us-west-2" -> null
TestReboot 2026-04-17T17:05:10-05:00 logger.go:66:       - security_group_id      = "sg-0159c66512429d4c7" -> null
TestReboot 2026-04-17T17:05:10-05:00 logger.go:66:       - security_group_rule_id = "sgr-00a958ebcbb6f4e9d" -> null
TestReboot 2026-04-17T17:05:10-05:00 logger.go:66:       - tags_all               = {
TestReboot 2026-04-17T17:05:10-05:00 logger.go:66:           - "Id"    = "YS0zMTE0Mi1kCg-reboot"
TestReboot 2026-04-17T17:05:10-05:00 logger.go:66:           - "Owner" = "terraform-ci@suse.com"
TestReboot 2026-04-17T17:05:10-05:00 logger.go:66:         } -> null
TestReboot 2026-04-17T17:05:10-05:00 logger.go:66:       - to_port                = 22 -> null
TestReboot 2026-04-17T17:05:10-05:00 logger.go:66:     }
TestReboot 2026-04-17T17:05:10-05:00 logger.go:66: 
TestReboot 2026-04-17T17:05:10-05:00 logger.go:66:   # module.server.module.direct_access[0].terraform_data.remove_initial_user[0] will be destroyed
TestReboot 2026-04-17T17:05:10-05:00 logger.go:66:   - resource "terraform_data" "remove_initial_user" {
TestReboot 2026-04-17T17:05:10-05:00 logger.go:66:       - id               = "c946da0e-e02c-ea12-6a01-cdd07efe045c" -> null
TestReboot 2026-04-17T17:05:10-05:00 logger.go:66:       - triggers_replace = [
TestReboot 2026-04-17T17:05:10-05:00 logger.go:66:           - "i-0ebbeeeab0aca64ff",
TestReboot 2026-04-17T17:05:10-05:00 logger.go:66:         ] -> null
TestReboot 2026-04-17T17:05:10-05:00 logger.go:66:     }
TestReboot 2026-04-17T17:05:10-05:00 logger.go:66: 
TestReboot 2026-04-17T17:05:10-05:00 logger.go:66:   # module.server.module.direct_access[0].terraform_data.setup[0] will be destroyed
TestReboot 2026-04-17T17:05:10-05:00 logger.go:66:   - resource "terraform_data" "setup" {
TestReboot 2026-04-17T17:05:10-05:00 logger.go:66:       - id               = "bfc6a795-9ce6-4b20-abde-1ae133761014" -> null
TestReboot 2026-04-17T17:05:10-05:00 logger.go:66:       - triggers_replace = [
TestReboot 2026-04-17T17:05:10-05:00 logger.go:66:           - "i-0ebbeeeab0aca64ff",
TestReboot 2026-04-17T17:05:10-05:00 logger.go:66:         ] -> null
TestReboot 2026-04-17T17:05:10-05:00 logger.go:66:     }
TestReboot 2026-04-17T17:05:10-05:00 logger.go:66: 
TestReboot 2026-04-17T17:05:10-05:00 logger.go:66:   # module.server.module.server[0].aws_instance.created[0] will be destroyed
TestReboot 2026-04-17T17:05:10-05:00 logger.go:66:   - resource "aws_instance" "created" {
TestReboot 2026-04-17T17:05:10-05:00 logger.go:66:       - ami                                  = "ami-06f36f10a4fc52ea4" -> null
TestReboot 2026-04-17T17:05:10-05:00 logger.go:66:       - arn                                  = "arn:aws:ec2:us-west-2:270074865685:instance/i-0ebbeeeab0aca64ff" -> null
TestReboot 2026-04-17T17:05:10-05:00 logger.go:66:       - associate_public_ip_address          = true -> null
TestReboot 2026-04-17T17:05:10-05:00 logger.go:66:       - availability_zone                    = "us-west-2a" -> null
TestReboot 2026-04-17T17:05:10-05:00 logger.go:66:       - disable_api_stop                     = false -> null
TestReboot 2026-04-17T17:05:10-05:00 logger.go:66:       - disable_api_termination              = false -> null
TestReboot 2026-04-17T17:05:10-05:00 logger.go:66:       - ebs_optimized                        = false -> null
TestReboot 2026-04-17T17:05:10-05:00 logger.go:66:       - force_destroy                        = false -> null
TestReboot 2026-04-17T17:05:10-05:00 logger.go:66:       - get_password_data                    = false -> null
TestReboot 2026-04-17T17:05:10-05:00 logger.go:66:       - hibernation                          = false -> null
TestReboot 2026-04-17T17:05:10-05:00 logger.go:66:       - id                                   = "i-0ebbeeeab0aca64ff" -> null
TestReboot 2026-04-17T17:05:10-05:00 logger.go:66:       - instance_initiated_shutdown_behavior = "stop" -> null
TestReboot 2026-04-17T17:05:10-05:00 logger.go:66:       - instance_state                       = "running" -> null
TestReboot 2026-04-17T17:05:10-05:00 logger.go:66:       - instance_type                        = "c8i.large" -> null
TestReboot 2026-04-17T17:05:10-05:00 logger.go:66:       - ipv6_address_count                   = 0 -> null
TestReboot 2026-04-17T17:05:10-05:00 logger.go:66:       - ipv6_addresses                       = [] -> null
TestReboot 2026-04-17T17:05:10-05:00 logger.go:66:       - key_name                             = "terraform-ci-YS0zMTE0Mi1kCg-reboot" -> null
TestReboot 2026-04-17T17:05:10-05:00 logger.go:66:       - monitoring                           = false -> null
TestReboot 2026-04-17T17:05:10-05:00 logger.go:66:       - placement_partition_number           = 0 -> null
TestReboot 2026-04-17T17:05:10-05:00 logger.go:66:       - primary_network_interface_id         = "eni-0475ca5eaa0fdafeb" -> null
TestReboot 2026-04-17T17:05:10-05:00 logger.go:66:       - private_dns                          = "ip-10-0-219-99.us-west-2.compute.internal" -> null
TestReboot 2026-04-17T17:05:10-05:00 logger.go:66:       - private_ip                           = "10.0.219.99" -> null
TestReboot 2026-04-17T17:05:10-05:00 logger.go:66:       - public_ip                            = "52.37.171.161" -> null
TestReboot 2026-04-17T17:05:10-05:00 logger.go:66:       - region                               = "us-west-2" -> null
TestReboot 2026-04-17T17:05:10-05:00 logger.go:66:       - secondary_private_ips                = [] -> null
TestReboot 2026-04-17T17:05:10-05:00 logger.go:66:       - security_groups                      = [] -> null
TestReboot 2026-04-17T17:05:10-05:00 logger.go:66:       - source_dest_check                    = true -> null
TestReboot 2026-04-17T17:05:10-05:00 logger.go:66:       - subnet_id                            = "subnet-06fd050084d3b716c" -> null
TestReboot 2026-04-17T17:05:10-05:00 logger.go:66:       - tags                                 = {
TestReboot 2026-04-17T17:05:10-05:00 logger.go:66:           - "Name" = "tf-d0ef3-YS0zMTE0Mi1kCg-reboot-gazelle"
TestReboot 2026-04-17T17:05:10-05:00 logger.go:66:         } -> null
TestReboot 2026-04-17T17:05:10-05:00 logger.go:66:       - tags_all                             = {
TestReboot 2026-04-17T17:05:10-05:00 logger.go:66:           - "Id"    = "YS0zMTE0Mi1kCg-reboot"
TestReboot 2026-04-17T17:05:10-05:00 logger.go:66:           - "Name"  = "tf-d0ef3-YS0zMTE0Mi1kCg-reboot-gazelle"
TestReboot 2026-04-17T17:05:10-05:00 logger.go:66:           - "Owner" = "terraform-ci@suse.com"
TestReboot 2026-04-17T17:05:10-05:00 logger.go:66:         } -> null
TestReboot 2026-04-17T17:05:10-05:00 logger.go:66:       - tenancy                              = "default" -> null
TestReboot 2026-04-17T17:05:10-05:00 logger.go:66:       - user_data_replace_on_change          = true -> null
TestReboot 2026-04-17T17:05:10-05:00 logger.go:66:       - vpc_security_group_ids               = [
TestReboot 2026-04-17T17:05:10-05:00 logger.go:66:           - "sg-0159c66512429d4c7",
TestReboot 2026-04-17T17:05:10-05:00 logger.go:66:           - "sg-0d2e2bb2a01351791",
TestReboot 2026-04-17T17:05:10-05:00 logger.go:66:         ] -> null
TestReboot 2026-04-17T17:05:10-05:00 logger.go:66: 
TestReboot 2026-04-17T17:05:10-05:00 logger.go:66:       - capacity_reservation_specification {
TestReboot 2026-04-17T17:05:10-05:00 logger.go:66:           - capacity_reservation_preference = "open" -> null
TestReboot 2026-04-17T17:05:10-05:00 logger.go:66:         }
TestReboot 2026-04-17T17:05:10-05:00 logger.go:66: 
TestReboot 2026-04-17T17:05:10-05:00 logger.go:66:       - cpu_options {
TestReboot 2026-04-17T17:05:10-05:00 logger.go:66:           - core_count       = 1 -> null
TestReboot 2026-04-17T17:05:10-05:00 logger.go:66:           - threads_per_core = 2 -> null
TestReboot 2026-04-17T17:05:10-05:00 logger.go:66:         }
TestReboot 2026-04-17T17:05:10-05:00 logger.go:66: 
TestReboot 2026-04-17T17:05:10-05:00 logger.go:66:       - enclave_options {
TestReboot 2026-04-17T17:05:10-05:00 logger.go:66:           - enabled = false -> null
TestReboot 2026-04-17T17:05:10-05:00 logger.go:66:         }
TestReboot 2026-04-17T17:05:10-05:00 logger.go:66: 
TestReboot 2026-04-17T17:05:10-05:00 logger.go:66:       - maintenance_options {
TestReboot 2026-04-17T17:05:10-05:00 logger.go:66:           - auto_recovery = "default" -> null
TestReboot 2026-04-17T17:05:10-05:00 logger.go:66:         }
TestReboot 2026-04-17T17:05:10-05:00 logger.go:66: 
TestReboot 2026-04-17T17:05:10-05:00 logger.go:66:       - metadata_options {
TestReboot 2026-04-17T17:05:10-05:00 logger.go:66:           - http_endpoint               = "enabled" -> null
TestReboot 2026-04-17T17:05:10-05:00 logger.go:66:           - http_protocol_ipv6          = "disabled" -> null
TestReboot 2026-04-17T17:05:10-05:00 logger.go:66:           - http_put_response_hop_limit = 1 -> null
TestReboot 2026-04-17T17:05:10-05:00 logger.go:66:           - http_tokens                 = "optional" -> null
TestReboot 2026-04-17T17:05:10-05:00 logger.go:66:           - instance_metadata_tags      = "disabled" -> null
TestReboot 2026-04-17T17:05:10-05:00 logger.go:66:         }
TestReboot 2026-04-17T17:05:10-05:00 logger.go:66: 
TestReboot 2026-04-17T17:05:10-05:00 logger.go:66:       - primary_network_interface {
TestReboot 2026-04-17T17:05:10-05:00 logger.go:66:           - delete_on_termination = true -> null
TestReboot 2026-04-17T17:05:10-05:00 logger.go:66:           - network_interface_id  = "eni-0475ca5eaa0fdafeb" -> null
TestReboot 2026-04-17T17:05:10-05:00 logger.go:66:         }
TestReboot 2026-04-17T17:05:10-05:00 logger.go:66: 
TestReboot 2026-04-17T17:05:10-05:00 logger.go:66:       - private_dns_name_options {
TestReboot 2026-04-17T17:05:10-05:00 logger.go:66:           - enable_resource_name_dns_a_record    = false -> null
TestReboot 2026-04-17T17:05:10-05:00 logger.go:66:           - enable_resource_name_dns_aaaa_record = false -> null
TestReboot 2026-04-17T17:05:10-05:00 logger.go:66:           - hostname_type                        = "ip-name" -> null
TestReboot 2026-04-17T17:05:10-05:00 logger.go:66:         }
TestReboot 2026-04-17T17:05:10-05:00 logger.go:66: 
TestReboot 2026-04-17T17:05:10-05:00 logger.go:66:       - root_block_device {
TestReboot 2026-04-17T17:05:10-05:00 logger.go:66:           - delete_on_termination = true -> null
TestReboot 2026-04-17T17:05:10-05:00 logger.go:66:           - device_name           = "/dev/sda1" -> null
TestReboot 2026-04-17T17:05:10-05:00 logger.go:66:           - encrypted             = false -> null
TestReboot 2026-04-17T17:05:10-05:00 logger.go:66:           - iops                  = 3000 -> null
TestReboot 2026-04-17T17:05:10-05:00 logger.go:66:           - tags                  = {
TestReboot 2026-04-17T17:05:10-05:00 logger.go:66:               - "Name" = "tf-d0ef3-YS0zMTE0Mi1kCg-reboot-gazelle"
TestReboot 2026-04-17T17:05:10-05:00 logger.go:66:             } -> null
TestReboot 2026-04-17T17:05:10-05:00 logger.go:66:           - tags_all              = {
TestReboot 2026-04-17T17:05:10-05:00 logger.go:66:               - "Id"    = "YS0zMTE0Mi1kCg-reboot"
TestReboot 2026-04-17T17:05:10-05:00 logger.go:66:               - "Name"  = "tf-d0ef3-YS0zMTE0Mi1kCg-reboot-gazelle"
TestReboot 2026-04-17T17:05:10-05:00 logger.go:66:               - "Owner" = "terraform-ci@suse.com"
TestReboot 2026-04-17T17:05:10-05:00 logger.go:66:             } -> null
TestReboot 2026-04-17T17:05:10-05:00 logger.go:66:           - throughput            = 125 -> null
TestReboot 2026-04-17T17:05:10-05:00 logger.go:66:           - volume_id             = "vol-0501f0eeb9f27e11f" -> null
TestReboot 2026-04-17T17:05:10-05:00 logger.go:66:           - volume_size           = 20 -> null
TestReboot 2026-04-17T17:05:10-05:00 logger.go:66:           - volume_type           = "gp3" -> null
TestReboot 2026-04-17T17:05:10-05:00 logger.go:66:         }
TestReboot 2026-04-17T17:05:10-05:00 logger.go:66:     }
TestReboot 2026-04-17T17:05:10-05:00 logger.go:66: 
TestReboot 2026-04-17T17:05:10-05:00 logger.go:66: Plan: 0 to add, 0 to change, 27 to destroy.
TestReboot 2026-04-17T17:05:10-05:00 logger.go:66: 
TestReboot 2026-04-17T17:05:10-05:00 logger.go:66: Changes to Outputs:
TestReboot 2026-04-17T17:05:10-05:00 logger.go:66:   - access = (sensitive value) -> null
TestReboot 2026-04-17T17:05:10-05:00 logger.go:66:   - server = {
TestReboot 2026-04-17T17:05:10-05:00 logger.go:66:       - availability_zone                 = "us-west-2a"
TestReboot 2026-04-17T17:05:10-05:00 logger.go:66:       - id                                = "i-0ebbeeeab0aca64ff"
TestReboot 2026-04-17T17:05:10-05:00 logger.go:66:       - instance_state                    = "running"
TestReboot 2026-04-17T17:05:10-05:00 logger.go:66:       - ipv6_addresses                    = []
TestReboot 2026-04-17T17:05:10-05:00 logger.go:66:       - key_name                          = "terraform-ci-YS0zMTE0Mi1kCg-reboot"
TestReboot 2026-04-17T17:05:10-05:00 logger.go:66:       - primary_network_interface_id      = ""
TestReboot 2026-04-17T17:05:10-05:00 logger.go:66:       - private_ip                        = "10.0.219.99"
TestReboot 2026-04-17T17:05:10-05:00 logger.go:66:       - public_dns                        = ""
TestReboot 2026-04-17T17:05:10-05:00 logger.go:66:       - public_ip                         = "52.37.171.161"
TestReboot 2026-04-17T17:05:10-05:00 logger.go:66:       - root_volume_delete_on_termination = true
TestReboot 2026-04-17T17:05:10-05:00 logger.go:66:       - root_volume_encrypted             = false
TestReboot 2026-04-17T17:05:10-05:00 logger.go:66:       - root_volume_id                    = "vol-0501f0eeb9f27e11f"
TestReboot 2026-04-17T17:05:10-05:00 logger.go:66:       - root_volume_size                  = 20
TestReboot 2026-04-17T17:05:10-05:00 logger.go:66:       - root_volume_tags                  = {
TestReboot 2026-04-17T17:05:10-05:00 logger.go:66:           - Id    = "YS0zMTE0Mi1kCg-reboot"
TestReboot 2026-04-17T17:05:10-05:00 logger.go:66:           - Name  = "tf-d0ef3-YS0zMTE0Mi1kCg-reboot-gazelle"
TestReboot 2026-04-17T17:05:10-05:00 logger.go:66:           - Owner = "terraform-ci@suse.com"
TestReboot 2026-04-17T17:05:10-05:00 logger.go:66:         }
TestReboot 2026-04-17T17:05:10-05:00 logger.go:66:       - security_group_ids                = []
TestReboot 2026-04-17T17:05:10-05:00 logger.go:66:       - shutdown_behavior                 = "stop"
TestReboot 2026-04-17T17:05:10-05:00 logger.go:66:       - subnet_id                         = "subnet-06fd050084d3b716c"
TestReboot 2026-04-17T17:05:10-05:00 logger.go:66:       - tags_all                          = {
TestReboot 2026-04-17T17:05:10-05:00 logger.go:66:           - Id    = "YS0zMTE0Mi1kCg-reboot"
TestReboot 2026-04-17T17:05:10-05:00 logger.go:66:           - Name  = "tf-d0ef3-YS0zMTE0Mi1kCg-reboot-gazelle"
TestReboot 2026-04-17T17:05:10-05:00 logger.go:66:           - Owner = "terraform-ci@suse.com"
TestReboot 2026-04-17T17:05:10-05:00 logger.go:66:         }
TestReboot 2026-04-17T17:05:10-05:00 logger.go:66:       - type_id                           = "c8i.large"
TestReboot 2026-04-17T17:05:10-05:00 logger.go:66:       - user_data_base64                  = null
TestReboot 2026-04-17T17:05:10-05:00 logger.go:66:       - user_data_replace_on_change       = true
TestReboot 2026-04-17T17:05:10-05:00 logger.go:66:       - volume_tags                       = null
TestReboot 2026-04-17T17:05:10-05:00 logger.go:66:       - vpc_id                            = "vpc-0194a17e0af8c23a5"
TestReboot 2026-04-17T17:05:10-05:00 logger.go:66:     } -> null
TestReboot 2026-04-17T17:05:10-05:00 logger.go:66: module.this.terraform_data.start[0]: Destroying... [id=0d379a53-6d6a-2376-c42a-e9caeefc546f]
TestReboot 2026-04-17T17:05:10-05:00 logger.go:66: module.this.terraform_data.start[0]: Destruction complete after 0s
TestReboot 2026-04-17T17:05:11-05:00 logger.go:66: module.this.time_sleep.ten_s_before_start: Destroying... [id=2026-04-17T21:54:35Z]
TestReboot 2026-04-17T17:05:11-05:00 logger.go:66: module.this.time_sleep.ten_s_before_start: Destruction complete after 0s
TestReboot 2026-04-17T17:05:11-05:00 logger.go:66: module.this.time_sleep.ten_s_after_install: Destroying... [id=2026-04-17T21:54:25Z]
TestReboot 2026-04-17T17:05:11-05:00 logger.go:66: module.this.time_sleep.ten_s_after_install: Destruction complete after 0s
TestReboot 2026-04-17T17:05:11-05:00 logger.go:66: module.this.terraform_data.install: Destroying... [id=13637f7e-78c9-262d-2c18-e644e6dda5fc]
TestReboot 2026-04-17T17:05:11-05:00 logger.go:66: module.this.terraform_data.install: Destruction complete after 0s
TestReboot 2026-04-17T17:05:11-05:00 logger.go:66: module.this.time_sleep.ten_s_before_install: Destroying... [id=2026-04-17T21:53:53Z]
TestReboot 2026-04-17T17:05:11-05:00 logger.go:66: module.this.time_sleep.ten_s_before_install: Destruction complete after 0s
TestReboot 2026-04-17T17:05:11-05:00 logger.go:66: module.this.terraform_data.configure: Destroying... [id=7508c822-63c2-d457-ab50-87a69079b52a]
TestReboot 2026-04-17T17:05:11-05:00 logger.go:66: module.this.terraform_data.configure: Destruction complete after 0s
TestReboot 2026-04-17T17:05:11-05:00 logger.go:66: module.this.terraform_data.copy_to_remote: Destroying... [id=983dd0b0-7c70-1b98-f661-89ed924a90f1]
TestReboot 2026-04-17T17:05:11-05:00 logger.go:66: module.this.terraform_data.copy_to_remote: Destruction complete after 0s
TestReboot 2026-04-17T17:05:11-05:00 logger.go:66: module.server.module.direct_access[0].terraform_data.remove_initial_user[0]: Destroying... [id=c946da0e-e02c-ea12-6a01-cdd07efe045c]
TestReboot 2026-04-17T17:05:11-05:00 logger.go:66: module.server.module.direct_access[0].terraform_data.remove_initial_user[0]: Destruction complete after 0s
TestReboot 2026-04-17T17:05:11-05:00 logger.go:66: module.config.null_resource.write_config["50-initial-generated-config.yaml"]: Destroying... [id=8224297989399399876]
TestReboot 2026-04-17T17:05:11-05:00 logger.go:66: module.config.null_resource.write_config["50-initial-generated-config.yaml"]: Destruction complete after 0s
TestReboot 2026-04-17T17:05:11-05:00 logger.go:66: module.server.module.direct_access[0].terraform_data.setup[0]: Destroying... [id=bfc6a795-9ce6-4b20-abde-1ae133761014]
TestReboot 2026-04-17T17:05:11-05:00 logger.go:66: module.server.module.direct_access[0].terraform_data.setup[0]: Destruction complete after 0s
TestReboot 2026-04-17T17:05:12-05:00 logger.go:66: module.server.module.direct_access[0].aws_network_interface_sg_attachment.server_security_group_attachment: Destroying... [id=sg-0159c66512429d4c7_eni-0475ca5eaa0fdafeb]
TestReboot 2026-04-17T17:05:12-05:00 logger.go:66: module.server.module.direct_access[0].aws_eip_association.created[0]: Destroying... [id=eipassoc-06d2273a5c630590b]
TestReboot 2026-04-17T17:05:12-05:00 logger.go:66: module.server.module.direct_access[0].aws_vpc_security_group_ingress_rule.server_ingress["runnerSsh-0"]: Destroying... [id=sgr-00a958ebcbb6f4e9d]
TestReboot 2026-04-17T17:05:12-05:00 logger.go:66: module.server.module.direct_access[0].aws_vpc_security_group_ingress_rule.server_direct_link: Destroying... [id=sgr-0a9dde9accee98a37]
TestReboot 2026-04-17T17:05:12-05:00 logger.go:66: module.server.module.direct_access[0].aws_vpc_security_group_ingress_rule.server_ingress["runnerKube-0"]: Destroying... [id=sgr-032be4cfedf71d5aa]
TestReboot 2026-04-17T17:05:12-05:00 logger.go:66: module.server.module.direct_access[0].aws_vpc_security_group_ingress_rule.server_direct_link: Destruction complete after 1s
TestReboot 2026-04-17T17:05:12-05:00 logger.go:66: module.server.module.direct_access[0].aws_vpc_security_group_ingress_rule.server_ingress["runnerKube-0"]: Destruction complete after 1s
TestReboot 2026-04-17T17:05:12-05:00 logger.go:66: module.server.module.direct_access[0].aws_vpc_security_group_ingress_rule.server_ingress["runnerSsh-0"]: Destruction complete after 1s
TestReboot 2026-04-17T17:05:13-05:00 logger.go:66: module.server.module.direct_access[0].aws_network_interface_sg_attachment.server_security_group_attachment: Destruction complete after 1s
TestReboot 2026-04-17T17:05:13-05:00 logger.go:66: module.server.module.direct_access[0].aws_security_group.direct_access: Destroying... [id=sg-0159c66512429d4c7]
TestReboot 2026-04-17T17:05:13-05:00 logger.go:66: module.server.module.direct_access[0].aws_eip_association.created[0]: Destruction complete after 2s
TestReboot 2026-04-17T17:05:13-05:00 logger.go:66: module.server.module.direct_access[0].aws_eip.created[0]: Destroying... [id=eipalloc-0c1616de58fd3c475]
TestReboot 2026-04-17T17:05:13-05:00 logger.go:66: module.server.module.direct_access[0].aws_security_group.direct_access: Destruction complete after 1s
TestReboot 2026-04-17T17:05:14-05:00 logger.go:66: module.server.module.direct_access[0].aws_eip.created[0]: Destruction complete after 1s
TestReboot 2026-04-17T17:05:14-05:00 logger.go:66: module.server.module.server[0].aws_instance.created[0]: Destroying... [id=i-0ebbeeeab0aca64ff]
TestReboot 2026-04-17T17:05:24-05:00 logger.go:66: module.server.module.server[0].aws_instance.created[0]: Still destroying... [id=i-0ebbeeeab0aca64ff, 10s elapsed]
TestReboot 2026-04-17T17:05:34-05:00 logger.go:66: module.server.module.server[0].aws_instance.created[0]: Still destroying... [id=i-0ebbeeeab0aca64ff, 20s elapsed]
TestReboot 2026-04-17T17:05:44-05:00 logger.go:66: module.server.module.server[0].aws_instance.created[0]: Still destroying... [id=i-0ebbeeeab0aca64ff, 30s elapsed]
TestReboot 2026-04-17T17:05:54-05:00 logger.go:66: module.server.module.server[0].aws_instance.created[0]: Still destroying... [id=i-0ebbeeeab0aca64ff, 40s elapsed]
TestReboot 2026-04-17T17:05:54-05:00 logger.go:66: module.server.module.server[0].aws_instance.created[0]: Destruction complete after 40s
TestReboot 2026-04-17T17:05:54-05:00 logger.go:66: module.access.module.project_security_group[0].aws_vpc_security_group_ingress_rule.project_ingress_ipv4[0]: Destroying... [id=sgr-0882e84974f4db6ec]
TestReboot 2026-04-17T17:05:54-05:00 logger.go:66: module.access.module.project_security_group[0].aws_vpc_security_group_egress_rule.external_egress_ipv4[0]: Destroying... [id=sgr-05da5342f0b2f6658]
TestReboot 2026-04-17T17:05:54-05:00 logger.go:66: module.access.module.project_security_group[0].aws_vpc_security_group_egress_rule.project_egress_ipv4[0]: Destroying... [id=sgr-041d0f54ec50ceac2]
TestReboot 2026-04-17T17:05:54-05:00 logger.go:66: random_pet.server: Destroying... [id=gazelle]
TestReboot 2026-04-17T17:05:54-05:00 logger.go:66: random_pet.server: Destruction complete after 0s
TestReboot 2026-04-17T17:05:55-05:00 logger.go:66: module.access.module.project_security_group[0].aws_vpc_security_group_ingress_rule.project_ingress_ipv4[0]: Destruction complete after 0s
TestReboot 2026-04-17T17:05:55-05:00 logger.go:66: module.access.module.project_security_group[0].aws_vpc_security_group_egress_rule.external_egress_ipv4[0]: Destruction complete after 0s
TestReboot 2026-04-17T17:05:55-05:00 logger.go:66: module.access.module.project_security_group[0].aws_vpc_security_group_egress_rule.project_egress_ipv4[0]: Destruction complete after 0s
TestReboot 2026-04-17T17:05:55-05:00 logger.go:66: module.access.module.project_security_group[0].aws_security_group.new[0]: Destroying... [id=sg-0d2e2bb2a01351791]
TestReboot 2026-04-17T17:05:56-05:00 logger.go:66: module.access.module.project_security_group[0].aws_security_group.new[0]: Destruction complete after 1s
TestReboot 2026-04-17T17:05:56-05:00 logger.go:66: module.access.module.subnet["0"].aws_subnet.created[0]: Destroying... [id=subnet-06fd050084d3b716c]
TestReboot 2026-04-17T17:05:56-05:00 logger.go:66: module.access.module.subnet["0"].aws_subnet.created[0]: Destruction complete after 1s
TestReboot 2026-04-17T17:05:56-05:00 logger.go:66: module.access.module.vpc[0].aws_route.public_ipv4[0]: Destroying... [id=r-rtb-0b42dcaed086f3cbf1080289494]
TestReboot 2026-04-17T17:05:57-05:00 logger.go:66: module.access.module.vpc[0].aws_route.public_ipv4[0]: Destruction complete after 0s
TestReboot 2026-04-17T17:05:57-05:00 logger.go:66: module.access.module.vpc[0].aws_internet_gateway.new[0]: Destroying... [id=igw-0896b910ec9276beb]
TestReboot 2026-04-17T17:05:58-05:00 logger.go:66: module.access.module.vpc[0].aws_internet_gateway.new[0]: Destruction complete after 1s
TestReboot 2026-04-17T17:05:58-05:00 logger.go:66: module.access.module.vpc[0].aws_vpc.new[0]: Destroying... [id=vpc-0194a17e0af8c23a5]
TestReboot 2026-04-17T17:05:58-05:00 logger.go:66: module.access.module.vpc[0].aws_vpc.new[0]: Destruction complete after 1s
TestReboot 2026-04-17T17:05:58-05:00 logger.go:66: 
TestReboot 2026-04-17T17:05:58-05:00 logger.go:66: Destroy complete! Resources: 27 destroyed.
TestReboot 2026-04-17T17:05:58-05:00 keypair.go:78: Deleting Key Pair in EC2 region us-west-2 named terraform-ci-YS0zMTE0Mi1kCg-reboot

DONE 1 tests, 1 failure in 875.959s
Passed: 

 
Failed: 
TestReboot
 
